[INFO] [launch]: All log files can be found below /root/.ros/log/2026-09-17-16-28-01-800929-adil-laptop-159
[INFO] [launch]: Default logging verbosity is set to INFO
[INFO] [launch.user]: [race] mode=dev  localizer=amcl  instruments=ON  bootstrap=truth
[WARNING] [launch_ros.actions.node]: Parameter file path is not a file: .
[WARNING] [launch_ros.actions.node]: Parameter file path is not a file: .
[INFO] [dead_reckoning-1]: process started with pid [185]
[INFO] [amcl-4]: process started with pid [191]
[INFO] [localization_bootstrap-6]: process started with pid [195]
[INFO] [localization_error-7]: process started with pid [197]
[INFO] [log_localization-8]: process started with pid [199]
[INFO] [static_transform_publisher-2]: process started with pid [187]
[INFO] [map_server-3]: process started with pid [189]
[INFO] [lifecycle_manager-5]: process started with pid [193]
[INFO] [static_transform_publisher-9]: process started with pid [201]
[static_transform_publisher-2] 1789662481.905958 [0] static_tra: selected interface "lo" is not multicast-capable: disabling multicast
[amcl-4] 1789662481.913039 [0]       amcl: selected interface "lo" is not multicast-capable: disabling multicast
[lifecycle_manager-5] 1789662481.913270 [0] lifecycle_: selected interface "lo" is not multicast-capable: disabling multicast
[static_transform_publisher-2] [INFO] [1789662481.914042696] [lidar_tf]: Spinning until stopped - publishing transform
[static_transform_publisher-2] translation: ('0.273300', '0.000000', '0.096000')
[static_transform_publisher-2] rotation: ('0.000000', '0.000000', '0.000000', '1.000000')
[static_transform_publisher-2] from 'roboracer_1' to 'lidar'
[static_transform_publisher-9] 1789662481.916950 [0] static_tra: selected interface "lo" is not multicast-capable: disabling multicast
[lifecycle_manager-5] [INFO] [1789662481.924436933] [lifecycle_manager_localization]: Creating
[static_transform_publisher-9] [INFO] [1789662481.926678329] [map_world_tf]: Spinning until stopped - publishing transform
[static_transform_publisher-9] translation: ('0.000000', '0.000000', '0.000000')
[static_transform_publisher-9] rotation: ('0.000000', '0.000000', '0.000000', '1.000000')
[static_transform_publisher-9] from 'map' to 'world'
[amcl-4] [0m[INFO] [1789662481.929159983] [amcl]: 
[amcl-4] 	amcl lifecycle node launched. 
[amcl-4] 	Waiting on external lifecycle transitions to activate
[amcl-4] 	See https://design.ros2.org/articles/node_lifecycle.html for more information.[0m
[lifecycle_manager-5] [INFO] [1789662481.931163907] [lifecycle_manager_localization]: [34m[1mCreating and initializing lifecycle service clients[0m[0m
[amcl-4] [0m[INFO] [1789662481.931183844] [amcl]: Creating[0m
[map_server-3] 1789662481.933632 [0] map_server: selected interface "lo" is not multicast-capable: disabling multicast
[map_server-3] [INFO] [1789662481.952600679] [map_server]: 
[map_server-3] 	map_server lifecycle node launched. 
[map_server-3] 	Waiting on external lifecycle transitions to activate
[map_server-3] 	See https://design.ros2.org/articles/node_lifecycle.html for more information.
[map_server-3] [INFO] [1789662481.953509683] [map_server]: Creating
[lifecycle_manager-5] [INFO] [1789662481.954617938] [lifecycle_manager_localization]: [34m[1mStarting managed nodes bringup...[0m[0m
[lifecycle_manager-5] [INFO] [1789662481.954722783] [lifecycle_manager_localization]: [34m[1mConfiguring map_server[0m[0m
[map_server-3] [INFO] [1789662481.955117929] [map_server]: Configuring
[map_server-3] [INFO] [1789662481.955204020] [map_io]: Loading yaml file: /root/Documents/roboracer/devkit_ws/src/racer_mapping/maps/iros2026/track_clean.yaml
[map_server-3] [INFO] [1789662481.955560945] [map_io]: resolution: 0.025
[map_server-3] [INFO] [1789662481.955576714] [map_io]: origin[0]: 0.00427
[map_server-3] [INFO] [1789662481.955584669] [map_io]: origin[1]: -16.8
[map_server-3] [INFO] [1789662481.955591852] [map_io]: origin[2]: 0
[map_server-3] [INFO] [1789662481.955598134] [map_io]: free_thresh: 0.25
[map_server-3] [INFO] [1789662481.955604055] [map_io]: occupied_thresh: 0.65
[map_server-3] [INFO] [1789662481.955611599] [map_io]: mode: trinary
[map_server-3] [INFO] [1789662481.955618743] [map_io]: negate: 0
[map_server-3] [INFO] [1789662481.956097695] [map_io]: Loading image_file: /root/Documents/roboracer/devkit_ws/src/racer_mapping/maps/iros2026/track_clean.pgm
[map_server-3] [INFO] [1789662481.990915149] [map_io]: Read map /root/Documents/roboracer/devkit_ws/src/racer_mapping/maps/iros2026/track_clean.pgm: 241 X 901 map @ 0.025 m/cell
[lifecycle_manager-5] [INFO] [1789662481.998539224] [lifecycle_manager_localization]: [34m[1mConfiguring amcl[0m[0m
[amcl-4] [0m[INFO] [1789662481.998831699] [amcl]: Configuring[0m
[amcl-4] [0m[INFO] [1789662481.998991447] [amcl]: initTransforms[0m
[amcl-4] [0m[INFO] [1789662482.012461505] [amcl]: initPubSub[0m
[amcl-4] [0m[INFO] [1789662482.020580833] [amcl]: Subscribed to map topic.[0m
[lifecycle_manager-5] [INFO] [1789662482.026423099] [lifecycle_manager_localization]: [34m[1mActivating map_server[0m[0m
[map_server-3] [INFO] [1789662482.026738055] [map_server]: Activating
[amcl-4] [0m[INFO] [1789662482.028469632] [amcl]: Received a 241 X 901 map @ 0.025 m/pix[0m
[map_server-3] [INFO] [1789662482.030024529] [map_server]: Creating bond (map_server) to lifecycle manager.
[lifecycle_manager-5] [INFO] [1789662482.145059458] [lifecycle_manager_localization]: Server map_server connected with bond.
[lifecycle_manager-5] [INFO] [1789662482.145115492] [lifecycle_manager_localization]: [34m[1mActivating amcl[0m[0m
[amcl-4] [0m[INFO] [1789662482.145375166] [amcl]: Activating[0m
[amcl-4] [0m[INFO] [1789662482.145486684] [amcl]: initialPoseReceived[0m
[amcl-4] [0m[INFO] [1789662482.145669374] [amcl]: Setting pose (1789662482.145669): 0.818 3.158 -1.571[0m
[amcl-4] [0m[INFO] [1789662482.146738897] [amcl]: Creating bond (amcl) to lifecycle manager.[0m
[lifecycle_manager-5] [INFO] [1789662482.250231580] [lifecycle_manager_localization]: Server amcl connected with bond.
[lifecycle_manager-5] [INFO] [1789662482.250296240] [lifecycle_manager_localization]: [34m[1mManaged nodes are active[0m[0m
[lifecycle_manager-5] [INFO] [1789662482.250317319] [lifecycle_manager_localization]: [34m[1mCreating bond timer...[0m[0m
[dead_reckoning-1] 1789662482.331547 [0] dead_recko: selected interface "lo" is not multicast-capable: disabling multicast
[localization_bootstrap-6] 1789662482.332265 [0] localizati: selected interface "lo" is not multicast-capable: disabling multicast
[localization_error-7] 1789662482.333051 [0] localizati: selected interface "lo" is not multicast-capable: disabling multicast
[log_localization-8] 1789662482.417993 [0] log_locali: selected interface "lo" is not multicast-capable: disabling multicast
[localization_error-7] [31m[ERROR] [1789662482.431449614] [localization_error]: RESTRICTED TOPIC: reading /autodrive/roboracer_1/odom (simulator ground-truth pose and twist) -- continuous comparison against TF map -> roboracer_1. This run is NOT race-legal; any lap time from it is a development number. See racer_common/restricted.py.[0m
[localization_error-7] [0m[INFO] [1789662482.433040178] [localization_error]: sampling starts 1.0 s after /localization_ready; bootstrap is excluded (require_ready:=false to include it)[0m
[localization_error-7] [0m[INFO] [1789662482.436556399] [localization_error]: waiting for TF map -> roboracer_1: "map" passed to lookupTransform argument target_frame does not exist. [0m
[dead_reckoning-1] [0m[INFO] [1789662482.444809537] [dead_reckoning]: dead reckoning: odom -> roboracer_1, wheel r=0.0581 m, scale=1.0, 200 Hz, tf +20 ms, extrapolate yaw=True pos=True[0m
[localization_bootstrap-6] [0m[INFO] [1789662482.454673275] [localization_bootstrap]: centreline runs against the lap; arc length reversed for checkpoint ordering[0m
[localization_bootstrap-6] [0m[INFO] [1789662482.468796951] [localization_bootstrap]: WARMUP SEED: reading /autodrive/roboracer_1/ips (simulator ground-truth position) ONCE -- initial pose seed. Legal: the first lap is warmup, this is read before the car moves, and it is released immediately after. Nothing reads ground truth afterwards.[0m
[localization_bootstrap-6] [0m[INFO] [1789662482.469577205] [localization_bootstrap]: mode=truth: seeding the initial pose from /ips + /imu before the car moves, then releasing /ips. Tracking is lidar + map + dead reckoning from there on.[0m
[localization_bootstrap-6] [0m[INFO] [1789662482.470513940] [localization_bootstrap]: waiting for amcl to reach the active state before sending anything[0m
[localization_bootstrap-6] [0m[INFO] [1789662482.523719937] [localization_bootstrap]: amcl is ACTIVE -- an initial pose will now be accepted[0m
[log_localization-8] [31m[ERROR] [1789662482.554802892] [log_localization]: RESTRICTED TOPIC: reading /autodrive/roboracer_1/ips (simulator ground-truth position) -- continuous logging against the estimate. This run is NOT race-legal; any lap time from it is a development number. See racer_common/restricted.py.[0m
[log_localization-8] [31m[ERROR] [1789662482.555767499] [log_localization]: RESTRICTED TOPIC: reading /autodrive/roboracer_1/odom (simulator ground-truth pose and twist) -- continuous logging against the estimate. This run is NOT race-legal; any lap time from it is a development number. See racer_common/restricted.py.[0m
[log_localization-8] [0m[INFO] [1789662482.557024932] [log_localization]: logging to /root/Documents/roboracer/experiments/iros2026/L2_h70b_latcomp009/run.csv at 20 Hz until Ctrl-C[0m
[amcl-4] [0m[INFO] [1789662482.571296754] [amcl]: initialPoseReceived[0m
[amcl-4] [0m[INFO] [1789662482.571480466] [amcl]: Setting pose (1789662482.571480): 0.800 3.158 -1.571[0m
[localization_bootstrap-6] [0m[INFO] [1789662482.571907572] [localization_bootstrap]: seed 1/5: x=+0.800 y=+3.158 yaw=-90.0 deg -- awaiting confirmation[0m
[localization_bootstrap-6] [0m[INFO] [1789662482.572515555] [localization_bootstrap]: MEASURED SPAWN x=+0.800 y=+3.158 yaw=-90.0 deg -- within 2 cm of racer_common.frames.SPAWN_*, so the fallback is sound too. Nothing to change.[0m
[log_localization-8] [0m[INFO] [1789662482.607389644] [log_localization]: waiting for TF map -> roboracer_1 ...[0m
[amcl-4] [0m[INFO] [1789662482.621508331] [amcl]: Requesting no-motion update[0m
[amcl-4] [0m[INFO] [1789662483.071261262] [amcl]: Requesting no-motion update[0m
[amcl-4] [0m[INFO] [1789662483.521023121] [amcl]: Requesting no-motion update[0m
[pure_pursuit] launch overrides: {'v_max': 8.5, 'warmup_v_max': 2.0, 'warmup_dist_m': 21.0, 'target_lead_s': 0.0, 'slip_circle': 0.12, 'accel_ff': 1.0, 'control_hz': 45.0, 'latency_comp_s': 0.09}
[amcl-4] [0m[INFO] [1789662483.921212924] [amcl]: Requesting no-motion update[0m
[INFO] [pure_pursuit-10]: process started with pid [348]
[pure_pursuit-10] 1789662484.235010 [0] pure_pursu: selected interface "lo" is not multicast-capable: disabling multicast
[amcl-4] [0m[INFO] [1789662484.321286591] [amcl]: Requesting no-motion update[0m
[pure_pursuit-10] [0m[INFO] [1789662484.341343001] [pure_pursuit]: path: 435 points, 43.41 m lap, from /root/Documents/roboracer/raceline/iros2026/raceline_tum_iqp_h7.0_a7.0b.csv[0m
[pure_pursuit-10] [0m[INFO] [1789662484.346836016] [pure_pursuit]: pose from TF map -> roboracer_1 (continuous); /amcl_pose kept as a fallback[0m
[pure_pursuit-10] [0m[INFO] [1789662484.348318237] [pure_pursuit]: steering on /amcl_pose[0m
[pure_pursuit-10] [0m[INFO] [1789662484.348942531] [pure_pursuit]: warmup cap: speed target held at 2.00 m/s for the first 21.0 m of driving, then released[0m
[pure_pursuit-10] [0m[INFO] [1789662484.353162744] [pure_pursuit]: speed_source=tire  throttle_mode=slip  slip band [-0.08, +0.08]  u_launch 0.4 m/s  lookahead 0.8-2.2 m (k 0.55)  latency_comp 0.09 s[0m
[pure_pursuit-10] [0m[INFO] [1789662484.353917350] [pure_pursuit]: slip band: circle 0.12 x sqrt(1 - (a_lat/7)^2), replacing the fixed band above  |  plan-acceleration feedforward ON[0m
[pure_pursuit-10] [33m[WARN] [1789662484.354730134] [pure_pursuit]: dev_lap_telemetry ON: subscribing to RESTRICTED lap topics[0m
[pure_pursuit-10] [0m[INFO] [1789662484.357518279] [pure_pursuit]: holding until /localization_ready[0m
[pure_pursuit-10] [0m[INFO] [1789662484.366096763] [pure_pursuit]: lap 0: inf s[0m
[localization_bootstrap-6] [0m[INFO] [1789662484.472625022] [localization_bootstrap]: seed 1/5 sent, awaiting a fresh /amcl_pose to confirm it[0m
[localization_bootstrap-6] [33m[WARN] [1789662484.621793660] [localization_bootstrap]: seed 1 not adopted -- no fresh /amcl_pose arrived after the seed; re-seeding[0m
[amcl-4] [0m[INFO] [1789662484.622448751] [amcl]: initialPoseReceived[0m
[amcl-4] [0m[INFO] [1789662484.622602888] [amcl]: Setting pose (1789662484.622602): 0.800 3.158 -1.571[0m
[localization_bootstrap-6] [0m[INFO] [1789662484.623174603] [localization_bootstrap]: seed 2/5: x=+0.800 y=+3.158 yaw=-90.0 deg -- awaiting confirmation[0m
[amcl-4] [0m[INFO] [1789662484.721462628] [amcl]: Requesting no-motion update[0m
[amcl-4] [0m[INFO] [1789662485.121762777] [amcl]: Requesting no-motion update[0m
[amcl-4] [0m[INFO] [1789662485.571218164] [amcl]: Requesting no-motion update[0m
[amcl-4] [0m[INFO] [1789662485.972311992] [amcl]: Requesting no-motion update[0m
[amcl-4] [0m[INFO] [1789662486.372171490] [amcl]: Requesting no-motion update[0m
[localization_bootstrap-6] [0m[INFO] [1789662486.471974307] [localization_bootstrap]: seed 2/5 sent, awaiting a fresh /amcl_pose to confirm it[0m
[localization_bootstrap-6] [33m[WARN] [1789662486.672048615] [localization_bootstrap]: seed 2 not adopted -- no fresh /amcl_pose arrived after the seed; re-seeding[0m
[amcl-4] [0m[INFO] [1789662486.673009636] [amcl]: initialPoseReceived[0m
[amcl-4] [0m[INFO] [1789662486.673213466] [amcl]: Setting pose (1789662486.673213): 0.800 3.158 -1.571[0m
[localization_bootstrap-6] [0m[INFO] [1789662486.673591641] [localization_bootstrap]: seed 3/5: x=+0.800 y=+3.158 yaw=-90.0 deg -- awaiting confirmation[0m
[amcl-4] [0m[INFO] [1789662486.821569670] [amcl]: Requesting no-motion update[0m
[amcl-4] [0m[INFO] [1789662487.271243986] [amcl]: Requesting no-motion update[0m
[localization_error-7] [0m[INFO] [1789662487.387745377] [localization_error]: waiting for TF map -> roboracer_1 ...[0m
[log_localization-8] [0m[INFO] [1789662487.657883231] [log_localization]: waiting for TF map -> roboracer_1 ...[0m
[amcl-4] [0m[INFO] [1789662487.671847289] [amcl]: Requesting no-motion update[0m
[amcl-4] [0m[INFO] [1789662488.121485056] [amcl]: Requesting no-motion update[0m
[localization_bootstrap-6] [0m[INFO] [1789662488.472020822] [localization_bootstrap]: seed 3/5 sent, awaiting a fresh /amcl_pose to confirm it[0m
[amcl-4] [0m[INFO] [1789662488.571452197] [amcl]: Requesting no-motion update[0m
[localization_bootstrap-6] [33m[WARN] [1789662488.722826766] [localization_bootstrap]: seed 3 not adopted -- no fresh /amcl_pose arrived after the seed; re-seeding[0m
[amcl-4] [0m[INFO] [1789662488.723612259] [amcl]: initialPoseReceived[0m
[amcl-4] [0m[INFO] [1789662488.723720331] [amcl]: Setting pose (1789662488.723720): 0.800 3.158 -1.571[0m
[localization_bootstrap-6] [0m[INFO] [1789662488.724892745] [localization_bootstrap]: seed 4/5: x=+0.800 y=+3.158 yaw=-90.0 deg -- awaiting confirmation[0m
[amcl-4] [0m[INFO] [1789662489.021619531] [amcl]: Requesting no-motion update[0m
[amcl-4] [0m[INFO] [1789662489.471191996] [amcl]: Requesting no-motion update[0m
[amcl-4] [0m[INFO] [1789662489.871426152] [amcl]: Requesting no-motion update[0m
[amcl-4] [0m[INFO] [1789662490.321209050] [amcl]: Requesting no-motion update[0m
[localization_bootstrap-6] [0m[INFO] [1789662490.472090930] [localization_bootstrap]: seed 4/5 sent, awaiting a fresh /amcl_pose to confirm it[0m
[amcl-4] [0m[INFO] [1789662490.721488119] [amcl]: Requesting no-motion update[0m
[localization_bootstrap-6] [33m[WARN] [1789662490.772793975] [localization_bootstrap]: seed 4 not adopted -- no fresh /amcl_pose arrived after the seed; re-seeding[0m
[amcl-4] [0m[INFO] [1789662490.773337578] [amcl]: initialPoseReceived[0m
[amcl-4] [0m[INFO] [1789662490.773487467] [amcl]: Setting pose (1789662490.773487): 0.800 3.158 -1.571[0m
[localization_bootstrap-6] [0m[INFO] [1789662490.774573030] [localization_bootstrap]: seed 5/5: x=+0.800 y=+3.158 yaw=-90.0 deg -- awaiting confirmation[0m
[amcl-4] [0m[INFO] [1789662491.171640535] [amcl]: Requesting no-motion update[0m
[amcl-4] [0m[INFO] [1789662491.621545089] [amcl]: Requesting no-motion update[0m
[amcl-4] [0m[INFO] [1789662492.021532906] [amcl]: Requesting no-motion update[0m
[localization_error-7] [0m[INFO] [1789662492.387518308] [localization_error]: waiting for TF map -> roboracer_1 ...[0m
[amcl-4] [0m[INFO] [1789662492.471639387] [amcl]: Requesting no-motion update[0m
[localization_bootstrap-6] [0m[INFO] [1789662492.472987829] [localization_bootstrap]: seed 5/5 sent, awaiting a fresh /amcl_pose to confirm it[0m
[log_localization-8] [0m[INFO] [1789662492.658840328] [log_localization]: waiting for TF map -> roboracer_1 ...[0m
[localization_bootstrap-6] [0m[INFO] [1789662492.823110214] [localization_bootstrap]: localization_bootstrap: released /autodrive/roboracer_1/ips -- no restricted topic is read from here on; the timed laps are clean.[0m
[localization_bootstrap-6] [31m[ERROR] [1789662492.824357468] [localization_bootstrap]: seed REJECTED after 5 attempts -- no fresh /amcl_pose arrived after the seed[0m
[localization_bootstrap-6] [31m[ERROR] [1789662492.825812529] [localization_bootstrap]: NOT latching /localization_ready -- the follower stays parked on purpose. Fix the cause, or pass require_convergence:=false to hand over anyway.[0m
[localization_error-7] [0m[INFO] [1789662497.389190108] [localization_error]: waiting for TF map -> roboracer_1 ...[0m
[log_localization-8] [0m[INFO] [1789662497.707624109] [log_localization]: waiting for TF map -> roboracer_1 ...[0m
[localization_error-7] [0m[INFO] [1789662502.387542282] [localization_error]: waiting for TF map -> roboracer_1 ...[0m
[log_localization-8] [0m[INFO] [1789662502.757235803] [log_localization]: waiting for TF map -> roboracer_1 ...[0m
[localization_error-7] [0m[INFO] [1789662507.387699700] [localization_error]: waiting for TF map -> roboracer_1 ...[0m
[log_localization-8] [0m[INFO] [1789662507.757885268] [log_localization]: waiting for TF map -> roboracer_1 ...[0m
[localization_error-7] [0m[INFO] [1789662512.387575633] [localization_error]: waiting for TF map -> roboracer_1 ...[0m
[log_localization-8] [0m[INFO] [1789662512.758064496] [log_localization]: waiting for TF map -> roboracer_1 ...[0m
[localization_error-7] [0m[INFO] [1789662517.387390453] [localization_error]: waiting for TF map -> roboracer_1 ...[0m
[log_localization-8] [0m[INFO] [1789662517.758490003] [log_localization]: waiting for TF map -> roboracer_1 ...[0m
[localization_error-7] [0m[INFO] [1789662522.388012416] [localization_error]: waiting for TF map -> roboracer_1 ...[0m
[log_localization-8] [0m[INFO] [1789662522.807345528] [log_localization]: waiting for TF map -> roboracer_1 ...[0m
[localization_error-7] [0m[INFO] [1789662527.387637342] [localization_error]: waiting for TF map -> roboracer_1 ...[0m
[log_localization-8] [0m[INFO] [1789662527.857386521] [log_localization]: waiting for TF map -> roboracer_1 ...[0m
[localization_error-7] [0m[INFO] [1789662532.387584949] [localization_error]: waiting for TF map -> roboracer_1 ...[0m
[log_localization-8] [0m[INFO] [1789662532.907503266] [log_localization]: waiting for TF map -> roboracer_1 ...[0m
[localization_error-7] [0m[INFO] [1789662537.389574330] [localization_error]: waiting for TF map -> roboracer_1 ...[0m
[log_localization-8] [0m[INFO] [1789662537.907629856] [log_localization]: waiting for TF map -> roboracer_1 ...[0m
[localization_error-7] [0m[INFO] [1789662542.388009160] [localization_error]: waiting for TF map -> roboracer_1 ...[0m
[log_localization-8] [0m[INFO] [1789662542.957834013] [log_localization]: waiting for TF map -> roboracer_1 ...[0m
[localization_error-7] [0m[INFO] [1789662547.388699559] [localization_error]: waiting for TF map -> roboracer_1 ...[0m
[log_localization-8] [0m[INFO] [1789662548.008508916] [log_localization]: waiting for TF map -> roboracer_1 ...[0m
