[INFO] [launch]: All log files can be found below /root/.ros/log/2026-09-16-21-59-09-631642-adil-laptop-159
[INFO] [launch]: Default logging verbosity is set to INFO
[INFO] [launch.user]: [race] mode=dev  localizer=amcl  instruments=ON  bootstrap=truth
[INFO] [dead_reckoning-1]: process started with pid [185]
[INFO] [amcl-4]: process started with pid [191]
[INFO] [localization_bootstrap-6]: process started with pid [195]
[INFO] [localization_error-7]: process started with pid [197]
[INFO] [log_localization-8]: process started with pid [199]
[INFO] [static_transform_publisher-2]: process started with pid [187]
[INFO] [map_server-3]: process started with pid [189]
[INFO] [lifecycle_manager-5]: process started with pid [193]
[INFO] [static_transform_publisher-9]: process started with pid [201]
[static_transform_publisher-2] 1789595949.730381 [0] static_tra: selected interface "lo" is not multicast-capable: disabling multicast
[static_transform_publisher-2] [INFO] [1789595949.739415428] [lidar_tf]: Spinning until stopped - publishing transform
[static_transform_publisher-2] translation: ('0.273300', '0.000000', '0.096000')
[static_transform_publisher-2] rotation: ('0.000000', '0.000000', '0.000000', '1.000000')
[static_transform_publisher-2] from 'roboracer_1' to 'lidar'
[amcl-4] 1789595949.738152 [0]       amcl: selected interface "lo" is not multicast-capable: disabling multicast
[lifecycle_manager-5] 1789595949.740921 [0] lifecycle_: selected interface "lo" is not multicast-capable: disabling multicast
[static_transform_publisher-9] 1789595949.743127 [0] static_tra: selected interface "lo" is not multicast-capable: disabling multicast
[lifecycle_manager-5] [INFO] [1789595949.750463487] [lifecycle_manager_localization]: Creating
[amcl-4] [0m[INFO] [1789595949.752409812] [amcl]: 
[amcl-4] 	amcl lifecycle node launched. 
[amcl-4] 	Waiting on external lifecycle transitions to activate
[amcl-4] 	See https://design.ros2.org/articles/node_lifecycle.html for more information.[0m
[amcl-4] [0m[INFO] [1789595949.754140679] [amcl]: Creating[0m
[map_server-3] 1789595949.753643 [0] map_server: selected interface "lo" is not multicast-capable: disabling multicast
[static_transform_publisher-9] [INFO] [1789595949.753935556] [map_world_tf]: Spinning until stopped - publishing transform
[static_transform_publisher-9] translation: ('0.000000', '0.000000', '0.000000')
[static_transform_publisher-9] rotation: ('0.000000', '0.000000', '0.000000', '1.000000')
[static_transform_publisher-9] from 'map' to 'world'
[lifecycle_manager-5] [INFO] [1789595949.759923085] [lifecycle_manager_localization]: [34m[1mCreating and initializing lifecycle service clients[0m[0m
[map_server-3] [INFO] [1789595949.773927019] [map_server]: 
[map_server-3] 	map_server lifecycle node launched. 
[map_server-3] 	Waiting on external lifecycle transitions to activate
[map_server-3] 	See https://design.ros2.org/articles/node_lifecycle.html for more information.
[map_server-3] [INFO] [1789595949.774097151] [map_server]: Creating
[lifecycle_manager-5] [INFO] [1789595949.777534091] [lifecycle_manager_localization]: [34m[1mStarting managed nodes bringup...[0m[0m
[lifecycle_manager-5] [INFO] [1789595949.779195396] [lifecycle_manager_localization]: [34m[1mConfiguring map_server[0m[0m
[map_server-3] [INFO] [1789595949.779609482] [map_server]: Configuring
[map_server-3] [INFO] [1789595949.779687355] [map_io]: Loading yaml file: /root/Documents/roboracer/devkit_ws/src/racer_mapping/maps/iros2026/track_clean.yaml
[map_server-3] [INFO] [1789595949.779970280] [map_io]: resolution: 0.025
[map_server-3] [INFO] [1789595949.779983131] [map_io]: origin[0]: 0.00427
[map_server-3] [INFO] [1789595949.779992141] [map_io]: origin[1]: -16.8
[map_server-3] [INFO] [1789595949.780000312] [map_io]: origin[2]: 0
[map_server-3] [INFO] [1789595949.780008483] [map_io]: free_thresh: 0.25
[map_server-3] [INFO] [1789595949.780016585] [map_io]: occupied_thresh: 0.65
[map_server-3] [INFO] [1789595949.780025036] [map_io]: mode: trinary
[map_server-3] [INFO] [1789595949.780034185] [map_io]: negate: 0
[map_server-3] [INFO] [1789595949.780340158] [map_io]: Loading image_file: /root/Documents/roboracer/devkit_ws/src/racer_mapping/maps/iros2026/track_clean.pgm
[map_server-3] [INFO] [1789595949.818382135] [map_io]: Read map /root/Documents/roboracer/devkit_ws/src/racer_mapping/maps/iros2026/track_clean.pgm: 241 X 901 map @ 0.025 m/cell
[lifecycle_manager-5] [INFO] [1789595949.826274713] [lifecycle_manager_localization]: [34m[1mConfiguring amcl[0m[0m
[amcl-4] [0m[INFO] [1789595949.826571397] [amcl]: Configuring[0m
[amcl-4] [0m[INFO] [1789595949.826813466] [amcl]: initTransforms[0m
[amcl-4] [0m[INFO] [1789595949.845052062] [amcl]: initPubSub[0m
[amcl-4] [0m[INFO] [1789595949.857061201] [amcl]: Subscribed to map topic.[0m
[lifecycle_manager-5] [INFO] [1789595949.866806239] [lifecycle_manager_localization]: [34m[1mActivating map_server[0m[0m
[map_server-3] [INFO] [1789595949.867160193] [map_server]: Activating
[map_server-3] [INFO] [1789595949.868051502] [map_server]: Creating bond (map_server) to lifecycle manager.
[amcl-4] [0m[INFO] [1789595949.869900050] [amcl]: Received a 241 X 901 map @ 0.025 m/pix[0m
[lifecycle_manager-5] [INFO] [1789595949.976440426] [lifecycle_manager_localization]: Server map_server connected with bond.
[lifecycle_manager-5] [INFO] [1789595949.976511105] [lifecycle_manager_localization]: [34m[1mActivating amcl[0m[0m
[amcl-4] [0m[INFO] [1789595949.976943140] [amcl]: Activating[0m
[amcl-4] [0m[INFO] [1789595949.977026600] [amcl]: initialPoseReceived[0m
[amcl-4] [0m[INFO] [1789595949.977187374] [amcl]: Setting pose (1789595949.977186): 0.818 3.158 -1.571[0m
[amcl-4] [0m[INFO] [1789595949.980108189] [amcl]: Creating bond (amcl) to lifecycle manager.[0m
[lifecycle_manager-5] [INFO] [1789595950.084490342] [lifecycle_manager_localization]: Server amcl connected with bond.
[lifecycle_manager-5] [INFO] [1789595950.084596779] [lifecycle_manager_localization]: [34m[1mManaged nodes are active[0m[0m
[lifecycle_manager-5] [INFO] [1789595950.084635331] [lifecycle_manager_localization]: [34m[1mCreating bond timer...[0m[0m
[dead_reckoning-1] 1789595950.158671 [0] dead_recko: selected interface "lo" is not multicast-capable: disabling multicast
[localization_bootstrap-6] 1789595950.160199 [0] localizati: selected interface "lo" is not multicast-capable: disabling multicast
[localization_error-7] 1789595950.161029 [0] localizati: selected interface "lo" is not multicast-capable: disabling multicast
[log_localization-8] 1789595950.242029 [0] log_locali: selected interface "lo" is not multicast-capable: disabling multicast
[amcl-4] [0m[INFO] [1789595950.256550680] [amcl]: Message Filter dropping message: frame 'lidar' at time 1789595949.858 for reason 'discarding message because the queue is full'[0m
[localization_error-7] [31m[ERROR] [1789595950.262165887] [localization_error]: RESTRICTED TOPIC: reading /autodrive/roboracer_1/odom (simulator ground-truth pose and twist) -- continuous comparison against TF map -> roboracer_1. This run is NOT race-legal; any lap time from it is a development number. See racer_common/restricted.py.[0m
[localization_error-7] [0m[INFO] [1789595950.263489162] [localization_error]: sampling starts 1.0 s after /localization_ready; bootstrap is excluded (require_ready:=false to include it)[0m
[dead_reckoning-1] [0m[INFO] [1789595950.264756844] [dead_reckoning]: dead reckoning: odom -> roboracer_1, wheel r=0.0581 m, scale=1.0, 200 Hz, tf +20 ms, extrapolate yaw=True pos=True[0m
[localization_error-7] [0m[INFO] [1789595950.268349738] [localization_error]: waiting for TF map -> roboracer_1: Could not find a connection between 'map' and 'roboracer_1' because they are not part of the same tree.Tf has two or more unconnected trees.[0m
[localization_bootstrap-6] [0m[INFO] [1789595950.279228363] [localization_bootstrap]: WARMUP SEED: reading /autodrive/roboracer_1/ips (simulator ground-truth position) ONCE -- initial pose seed. Legal: the first lap is warmup, this is read before the car moves, and it is released immediately after. Nothing reads ground truth afterwards.[0m
[localization_bootstrap-6] [0m[INFO] [1789595950.280488153] [localization_bootstrap]: mode=truth: seeding the initial pose from /ips + /imu before the car moves, then releasing /ips. Tracking is lidar + map + dead reckoning from there on.[0m
[localization_bootstrap-6] [0m[INFO] [1789595950.281408167] [localization_bootstrap]: waiting for amcl to reach the active state before sending anything[0m
[amcl-4] [0m[INFO] [1789595950.309449489] [amcl]: createLaserObject[0m
[localization_bootstrap-6] [0m[INFO] [1789595950.333386054] [localization_bootstrap]: amcl is ACTIVE -- an initial pose will now be accepted[0m
[log_localization-8] [31m[ERROR] [1789595950.380719592] [log_localization]: RESTRICTED TOPIC: reading /autodrive/roboracer_1/ips (simulator ground-truth position) -- continuous logging against the estimate. This run is NOT race-legal; any lap time from it is a development number. See racer_common/restricted.py.[0m
[log_localization-8] [31m[ERROR] [1789595950.381515149] [log_localization]: RESTRICTED TOPIC: reading /autodrive/roboracer_1/odom (simulator ground-truth pose and twist) -- continuous logging against the estimate. This run is NOT race-legal; any lap time from it is a development number. See racer_common/restricted.py.[0m
[log_localization-8] [0m[INFO] [1789595950.382801129] [log_localization]: logging to /root/Documents/roboracer/experiments/iros2026/E03_a70z_45hz_encwin010/run.csv at 20 Hz until Ctrl-C[0m
[localization_bootstrap-6] [0m[INFO] [1789595950.383827092] [localization_bootstrap]: seed 1/5: x=+0.800 y=+3.158 yaw=-90.0 deg -- awaiting confirmation[0m
[localization_bootstrap-6] [0m[INFO] [1789595950.385529044] [localization_bootstrap]: MEASURED SPAWN x=+0.800 y=+3.158 yaw=-90.0 deg -- within 2 cm of racer_common.frames.SPAWN_*, so the fallback is sound too. Nothing to change.[0m
[log_localization-8] [0m[INFO] [1789595950.433166879] [log_localization]: waiting for TF map -> roboracer_1 ...[0m
[amcl-4] [0m[INFO] [1789595950.486912160] [amcl]: initialPoseReceived[0m
[amcl-4] [0m[INFO] [1789595950.487173574] [amcl]: Setting pose (1789595950.487171): 0.800 3.158 -1.571[0m
[amcl-4] [0m[INFO] [1789595950.490678050] [amcl]: Requesting no-motion update[0m
[amcl-4] [0m[INFO] [1789595950.832159999] [amcl]: Requesting no-motion update[0m
[amcl-4] [0m[INFO] [1789595951.232265824] [amcl]: Requesting no-motion update[0m
[amcl-4] [0m[INFO] [1789595951.632304531] [amcl]: Requesting no-motion update[0m
[pure_pursuit] launch overrides: {'v_max': 8.0, 'target_lead_s': 0.0, 'enc_window_s': 0.1}
[INFO] [pure_pursuit-10]: process started with pid [348]
[pure_pursuit-10] 1789595952.064275 [0] pure_pursu: selected interface "lo" is not multicast-capable: disabling multicast
[amcl-4] [0m[INFO] [1789595952.082106122] [amcl]: Requesting no-motion update[0m
[pure_pursuit-10] [0m[INFO] [1789595952.165654601] [pure_pursuit]: path: 433 points, 43.23 m lap, from /root/Documents/roboracer/raceline/iros2026/raceline_tum_iqp_a7.0z.csv[0m
[pure_pursuit-10] [0m[INFO] [1789595952.171342163] [pure_pursuit]: pose from TF map -> roboracer_1 (continuous); /amcl_pose kept as a fallback[0m
[pure_pursuit-10] [0m[INFO] [1789595952.172937258] [pure_pursuit]: steering on /amcl_pose[0m
[pure_pursuit-10] [0m[INFO] [1789595952.176864551] [pure_pursuit]: speed_source=tire  throttle_mode=slip  slip band [-0.08, +0.08]  u_launch 0.4 m/s  lookahead 0.8-2.2 m (k 0.55)  latency_comp 0.05 s[0m
[pure_pursuit-10] [33m[WARN] [1789595952.177875218] [pure_pursuit]: dev_lap_telemetry ON: subscribing to RESTRICTED lap topics[0m
[pure_pursuit-10] [0m[INFO] [1789595952.180829976] [pure_pursuit]: holding until /localization_ready[0m
[pure_pursuit-10] [0m[INFO] [1789595952.190439173] [pure_pursuit]: lap 0: inf s[0m
[localization_bootstrap-6] [0m[INFO] [1789595952.282898300] [localization_bootstrap]: seed 1/5 sent, awaiting a fresh /amcl_pose to confirm it[0m
[localization_bootstrap-6] [0m[INFO] [1789595952.433634333] [localization_bootstrap]: localization_bootstrap: released /autodrive/roboracer_1/ips -- no restricted topic is read from here on; the timed laps are clean.[0m
[localization_bootstrap-6] [0m[INFO] [1789595952.434494703] [localization_bootstrap]: seed CONFIRMED on attempt 1: the estimate is 0.8 cm / 0.3 deg from truth (pos std 0.052 m). Tracking is now lidar + map + dead reckoning only.[0m
[pure_pursuit-10] [0m[INFO] [1789595952.434677197] [pure_pursuit]: localization converged, taking over[0m
[localization_error-7] [0m[INFO] [1789595952.434702130] [localization_error]: /localization_ready latched -- sampling opens in 1.0 s (33 bootstrap samples discarded)[0m
[localization_bootstrap-6] [0m[INFO] [1789595952.435140242] [localization_bootstrap]: /localization_ready = true, follower may take over[0m
[localization_bootstrap-6] [0m[INFO] [1789595952.435850175] [localization_bootstrap]: recovery armed: watching encoders + IMU for a reset; 2 checkpoint(s) known for this track[0m
[localization_error-7] [0m[INFO] [1789595955.221190335] [localization_error]: now[ 36] 0.720 m / 0.49 deg  |  session[n=36] mean 0.720 p95 0.935 max 0.957 m, heading mean 0.49 max 1.64 deg[0m
[log_localization-8] [0m[INFO] [1789595955.487390242] [log_localization]:    5.0 s    15.6 m  err 0.453 m (along +0.450 cross -0.043) yaw  +0.67 deg  m->o yaw  +0.58 deg | fit true 0.001 est 0.006 (x5.14)  enc/true 1.024  dr_err 0.45 m[0m
[pure_pursuit-10] [33m[WARN] [1789595958.287568376] [pure_pursuit]: heading jumped -37 deg in one tick: respawn. Speed estimate 3.21 -> 0, pose history cleared.[0m
[localization_bootstrap-6] [33m[WARN] [1789595958.287692344] [localization_bootstrap]: RESET detected: heading stepped -35 deg in one tick[0m
[localization_bootstrap-6] [33m[WARN] [1789595958.334009977] [localization_bootstrap]: recovery #1: follower held; prior (+5.05, -11.50, +71 deg) -- checkpoint 0.9 m behind the last pose along the track[0m
[pure_pursuit-10] [33m[WARN] [1789595958.334476723] [pure_pursuit]: localization lost after a reset: holding until it is re-confirmed[0m
[amcl-4] [0m[INFO] [1789595958.382560003] [amcl]: initialPoseReceived[0m
[amcl-4] [0m[INFO] [1789595958.382754231] [amcl]: Setting pose (1789595958.382752): 5.047 -11.498 1.253[0m
[localization_bootstrap-6] [0m[INFO] [1789595958.383400468] [localization_bootstrap]: seed 1/3: x=+5.047 y=-11.498 yaw=+71.8 deg -- awaiting confirmation[0m
[localization_bootstrap-6] [0m[INFO] [1789595958.384319295] [localization_bootstrap]: not reporting a spawn constant: the car is moving at 0.5 m/s, so this pose is not the spawn[0m
[amcl-4] [0m[INFO] [1789595958.432484848] [amcl]: Requesting no-motion update[0m
[amcl-4] [0m[INFO] [1789595958.882800118] [amcl]: Requesting no-motion update[0m
[amcl-4] [0m[INFO] [1789595959.332057160] [amcl]: Requesting no-motion update[0m
[localization_bootstrap-6] [0m[INFO] [1789595959.432791803] [localization_bootstrap]: recovery: seed CONFIRMED on attempt 1: the estimate is 9.6 cm / 2.6 deg from truth (pos std 0.164 m). Tracking is now lidar + map + dead reckoning only.[0m
[localization_bootstrap-6] [0m[INFO] [1789595959.433837740] [localization_bootstrap]: CHECKPOINT CANDIDATE (converged after reset): ('4.979', '-11.566', '1.212')[0m
[localization_error-7] [0m[INFO] [1789595960.221050465] [localization_error]: now[136] 1.422 m / 3.09 deg  |  session[n=136] mean 1.422 p95 3.142 max 3.703 m, heading mean 3.09 max 17.03 deg[0m
[localization_bootstrap-6] [0m[INFO] [1789595960.284268194] [localization_bootstrap]: recovery #1: creep, attempt 1[0m
[localization_bootstrap-6] [0m[INFO] [1789595960.433978543] [localization_bootstrap]: recovery #1 complete in 2.1 s; follower resumes[0m
[pure_pursuit-10] [0m[INFO] [1789595960.434999268] [pure_pursuit]: localization converged, taking over[0m
[log_localization-8] [0m[INFO] [1789595960.483829077] [log_localization]:   10.0 s    25.6 m  err 3.852 m (along +3.668 cross -1.177) yaw  -6.64 deg  m->o yaw  -6.62 deg | fit true 0.000 est 0.472 (x1458.02)  enc/true 1.009  dr_err 3.33 m[0m
[localization_bootstrap-6] [33m[WARN] [1789595960.888439149] [localization_bootstrap]: RESET detected: heading stepped -34 deg in one tick[0m
[pure_pursuit-10] [33m[WARN] [1789595960.889953370] [pure_pursuit]: heading jumped -39 deg in one tick: respawn. Speed estimate 1.80 -> 0, pose history cleared.[0m
[localization_bootstrap-6] [33m[WARN] [1789595960.933115033] [localization_bootstrap]: recovery #2: follower held; prior (+5.40, -10.87, +70 deg) -- no known checkpoint behind the last pose; 0.9 m back along it, wide[0m
[pure_pursuit-10] [33m[WARN] [1789595960.935632936] [pure_pursuit]: localization lost after a reset: holding until it is re-confirmed[0m
[amcl-4] [0m[INFO] [1789595960.982410471] [amcl]: initialPoseReceived[0m
[amcl-4] [0m[INFO] [1789595960.982508318] [amcl]: Setting pose (1789595960.982507): 5.402 -10.867 1.288[0m
[localization_bootstrap-6] [0m[INFO] [1789595960.983228378] [localization_bootstrap]: seed 1/3: x=+5.402 y=-10.867 yaw=+73.8 deg -- awaiting confirmation[0m
[localization_bootstrap-6] [0m[INFO] [1789595960.984143852] [localization_bootstrap]: not reporting a spawn constant: the car is moving at 0.7 m/s, so this pose is not the spawn[0m
[amcl-4] [0m[INFO] [1789595961.032240053] [amcl]: Requesting no-motion update[0m
[amcl-4] [0m[INFO] [1789595961.483354233] [amcl]: Requesting no-motion update[0m
[amcl-4] [0m[INFO] [1789595961.932333099] [amcl]: Requesting no-motion update[0m
[localization_bootstrap-6] [33m[WARN] [1789595962.032910879] [localization_bootstrap]: seed 1 not adopted -- the estimate is 1.05 m / 1.3 deg from TRUTH, tolerance 3.00 m / 15.0 deg (speed 0.0 m/s); re-seeding[0m
[localization_bootstrap-6] [0m[INFO] [1789595962.034174440] [localization_bootstrap]: seed 2/3: x=+5.402 y=-10.867 yaw=+74.8 deg -- awaiting confirmation[0m
[amcl-4] [0m[INFO] [1789595962.034291214] [amcl]: initialPoseReceived[0m
[amcl-4] [0m[INFO] [1789595962.034409035] [amcl]: Setting pose (1789595962.034408): 5.402 -10.867 1.306[0m
[localization_bootstrap-6] [0m[INFO] [1789595962.284103099] [localization_bootstrap]: recovery #2: seed, attempt 2[0m
[amcl-4] [0m[INFO] [1789595962.382756972] [amcl]: Requesting no-motion update[0m
[amcl-4] [0m[INFO] [1789595962.782256997] [amcl]: Requesting no-motion update[0m
[localization_bootstrap-6] [33m[WARN] [1789595963.082888597] [localization_bootstrap]: seed 2 not adopted -- the estimate is 1.12 m / 0.4 deg from TRUTH, tolerance 3.00 m / 15.0 deg (speed 0.0 m/s); re-seeding[0m
[amcl-4] [0m[INFO] [1789595963.083407096] [amcl]: initialPoseReceived[0m
[amcl-4] [0m[INFO] [1789595963.083527781] [amcl]: Setting pose (1789595963.083526): 5.402 -10.867 1.306[0m
[localization_bootstrap-6] [0m[INFO] [1789595963.083908414] [localization_bootstrap]: seed 3/3: x=+5.402 y=-10.867 yaw=+74.8 deg -- awaiting confirmation[0m
[amcl-4] [0m[INFO] [1789595963.183906444] [amcl]: Requesting no-motion update[0m
[amcl-4] [0m[INFO] [1789595963.632242634] [amcl]: Requesting no-motion update[0m
[amcl-4] [0m[INFO] [1789595964.032554978] [amcl]: Requesting no-motion update[0m
[localization_bootstrap-6] [33m[WARN] [1789595964.134060175] [localization_bootstrap]: recovery: prior not adopted (seed REJECTED after 3 attempts -- the estimate is 1.65 m / 1.1 deg from TRUTH, tolerance 3.00 m / 15.0 deg (speed 0.0 m/s)); searching the whole map[0m
[localization_bootstrap-6] [33m[WARN] [1789595964.135040252] [localization_bootstrap]: UNMATCHED RESET near (+5.07, -10.03): if the car is at a checkpoint not in frames.TRACKS, add it from this run's ground truth[0m
[amcl-4] [0m[INFO] [1789595964.185194175] [amcl]: Initializing with uniform distribution[0m
[localization_bootstrap-6] [0m[INFO] [1789595964.185402301] [localization_bootstrap]: scattered particles across the map -- no initial pose needed[0m
[amcl-4] [0m[INFO] [1789595964.236795410] [amcl]: Global initialisation done![0m
[localization_bootstrap-6] [0m[INFO] [1789595964.283243296] [localization_bootstrap]: recovery #2: global, attempt 3[0m
[localization_error-7] [0m[INFO] [1789595965.220804018] [localization_error]: now[200] 2.692 m / 5.28 deg  |  session[n=236] mean 2.392 p95 5.088 max 8.113 m, heading mean 4.55 max 96.65 deg[0m
[log_localization-8] [0m[INFO] [1789595965.483448955] [log_localization]:   14.9 s    27.4 m  err 8.821 m (along +8.563 cross +2.119) yaw -75.20 deg  m->o yaw -75.20 deg | fit true 0.002 est 0.328 (x177.35)  enc/true 1.004  dr_err 4.31 m[0m
[localization_bootstrap-6] [0m[INFO] [1789595966.283465049] [localization_bootstrap]: recovery #2: global, attempt 3[0m
[localization_bootstrap-6] [0m[INFO] [1789595968.283047340] [localization_bootstrap]: recovery #2: global, attempt 3[0m
