[INFO] [launch]: All log files can be found below /home/theflash/.ros/log/2026-09-04-20-01-30-868866-theflash-ASUS-TUF-Gaming-F15-FX507ZI4-FX507ZI-39115
[INFO] [launch]: Default logging verbosity is set to INFO
[INFO] [launch.user]: [race] mode=dev  localizer=amcl  instruments=ON  bootstrap=truth
[INFO] [autodrive_bridge-1]: process started with pid [39117]
[INFO] [dead_reckoning-2]: process started with pid [39119]
[INFO] [amcl-5]: process started with pid [39125]
[INFO] [localization_bootstrap-7]: process started with pid [39129]
[INFO] [localization_error-8]: process started with pid [39131]
[INFO] [log_localization-9]: process started with pid [39133]
[INFO] [static_transform_publisher-3]: process started with pid [39121]
[INFO] [map_server-4]: process started with pid [39123]
[INFO] [lifecycle_manager-6]: process started with pid [39127]
[INFO] [static_transform_publisher-10]: process started with pid [39135]
[static_transform_publisher-3] 1788534090.926089 [0] static_tra: selected interface "lo" is not multicast-capable: disabling multicast
[amcl-5] 1788534090.930270 [0]       amcl: selected interface "lo" is not multicast-capable: disabling multicast
[static_transform_publisher-3] [INFO] [1788534090.931194645] [lidar_tf]: Spinning until stopped - publishing transform
[static_transform_publisher-3] translation: ('0.273300', '0.000000', '0.096000')
[static_transform_publisher-3] rotation: ('0.000000', '0.000000', '0.000000', '1.000000')
[static_transform_publisher-3] from 'roboracer_1' to 'lidar'
[static_transform_publisher-10] 1788534090.932380 [0] static_tra: selected interface "lo" is not multicast-capable: disabling multicast
[lifecycle_manager-6] 1788534090.932418 [0] lifecycle_: selected interface "lo" is not multicast-capable: disabling multicast
[amcl-5] [0m[INFO] [1788534090.935412871] [amcl]: 
[amcl-5] 	amcl lifecycle node launched. 
[amcl-5] 	Waiting on external lifecycle transitions to activate
[amcl-5] 	See https://design.ros2.org/articles/node_lifecycle.html for more information.[0m
[map_server-4] 1788534090.935525 [0] map_server: selected interface "lo" is not multicast-capable: disabling multicast
[amcl-5] [0m[INFO] [1788534090.935799367] [amcl]: Creating[0m
[lifecycle_manager-6] [INFO] [1788534090.936111555] [lifecycle_manager_localization]: Creating
[static_transform_publisher-10] [INFO] [1788534090.936287595] [map_world_tf]: Spinning until stopped - publishing transform
[static_transform_publisher-10] translation: ('0.000000', '0.000000', '0.000000')
[static_transform_publisher-10] rotation: ('0.000000', '0.000000', '0.000000', '1.000000')
[static_transform_publisher-10] from 'map' to 'world'
[map_server-4] [INFO] [1788534090.938999764] [map_server]: 
[map_server-4] 	map_server lifecycle node launched. 
[map_server-4] 	Waiting on external lifecycle transitions to activate
[map_server-4] 	See https://design.ros2.org/articles/node_lifecycle.html for more information.
[map_server-4] [INFO] [1788534090.939068891] [map_server]: Creating
[lifecycle_manager-6] [INFO] [1788534090.940316327] [lifecycle_manager_localization]: [34m[1mCreating and initializing lifecycle service clients[0m[0m
[lifecycle_manager-6] [INFO] [1788534090.945869707] [lifecycle_manager_localization]: [34m[1mStarting managed nodes bringup...[0m[0m
[lifecycle_manager-6] [INFO] [1788534090.945920164] [lifecycle_manager_localization]: [34m[1mConfiguring map_server[0m[0m
[map_server-4] [INFO] [1788534090.957944514] [map_server]: Configuring
[map_server-4] [INFO] [1788534090.958006413] [map_io]: Loading yaml file: /home/theflash/Documents/roboracer/devkit_ws/src/racer_mapping/maps/track_clean.yaml
[map_server-4] [INFO] [1788534090.958304735] [map_io]: resolution: 0.05
[map_server-4] [INFO] [1788534090.958324248] [map_io]: origin[0]: -3.71
[map_server-4] [INFO] [1788534090.958332243] [map_io]: origin[1]: -8.61
[map_server-4] [INFO] [1788534090.958339144] [map_io]: origin[2]: 0
[map_server-4] [INFO] [1788534090.958346342] [map_io]: free_thresh: 0.25
[map_server-4] [INFO] [1788534090.958353503] [map_io]: occupied_thresh: 0.65
[map_server-4] [INFO] [1788534090.958360448] [map_io]: mode: trinary
[map_server-4] [INFO] [1788534090.958367396] [map_io]: negate: 0
[map_server-4] [INFO] [1788534090.958554736] [map_io]: Loading image_file: /home/theflash/Documents/roboracer/devkit_ws/src/racer_mapping/maps/track_clean.pgm
[map_server-4] [INFO] [1788534090.962466483] [map_io]: Read map /home/theflash/Documents/roboracer/devkit_ws/src/racer_mapping/maps/track_clean.pgm: 108 X 316 map @ 0.05 m/cell
[lifecycle_manager-6] [INFO] [1788534090.965905277] [lifecycle_manager_localization]: [34m[1mConfiguring amcl[0m[0m
[amcl-5] [0m[INFO] [1788534090.966050775] [amcl]: Configuring[0m
[amcl-5] [0m[INFO] [1788534090.966144942] [amcl]: initTransforms[0m
[amcl-5] [0m[INFO] [1788534090.972892240] [amcl]: initPubSub[0m
[amcl-5] [0m[INFO] [1788534090.974511624] [amcl]: Subscribed to map topic.[0m
[lifecycle_manager-6] [INFO] [1788534090.980824424] [lifecycle_manager_localization]: [34m[1mActivating map_server[0m[0m
[map_server-4] [INFO] [1788534090.980972257] [map_server]: Activating
[map_server-4] [INFO] [1788534090.981090128] [map_server]: Creating bond (map_server) to lifecycle manager.
[amcl-5] [0m[INFO] [1788534090.982016567] [amcl]: Received a 108 X 316 map @ 0.050 m/pix[0m
[lifecycle_manager-6] [INFO] [1788534091.085830195] [lifecycle_manager_localization]: Server map_server connected with bond.
[lifecycle_manager-6] [INFO] [1788534091.086308440] [lifecycle_manager_localization]: [34m[1mActivating amcl[0m[0m
[amcl-5] [0m[INFO] [1788534091.089299795] [amcl]: Activating[0m
[amcl-5] [0m[INFO] [1788534091.089364694] [amcl]: initialPoseReceived[0m
[amcl-5] [0m[INFO] [1788534091.089480728] [amcl]: Setting pose (1788534091.089481): 0.710 0.020 -1.599[0m
[amcl-5] [0m[INFO] [1788534091.093905174] [amcl]: Creating bond (amcl) to lifecycle manager.[0m
[lifecycle_manager-6] [INFO] [1788534091.197095668] [lifecycle_manager_localization]: Server amcl connected with bond.
[lifecycle_manager-6] [INFO] [1788534091.197175963] [lifecycle_manager_localization]: [34m[1mManaged nodes are active[0m[0m
[lifecycle_manager-6] [INFO] [1788534091.197211801] [lifecycle_manager_localization]: [34m[1mCreating bond timer...[0m[0m
[localization_bootstrap-7] 1788534091.268737 [0] localizati: selected interface "lo" is not multicast-capable: disabling multicast
[dead_reckoning-2] 1788534091.274959 [0] dead_recko: selected interface "lo" is not multicast-capable: disabling multicast
[log_localization-9] 1788534091.295438 [0] log_locali: selected interface "lo" is not multicast-capable: disabling multicast
[localization_error-8] 1788534091.318001 [0] localizati: selected interface "lo" is not multicast-capable: disabling multicast
[dead_reckoning-2] [0m[INFO] [1788534091.328058701] [dead_reckoning]: dead reckoning: odom -> roboracer_1, wheel r=0.0581 m, scale=1.0, 200 Hz, tf +20 ms, extrapolate yaw=True pos=True[0m
[localization_bootstrap-7] [0m[INFO] [1788534091.340021659] [localization_bootstrap]: WARMUP SEED: reading /autodrive/roboracer_1/ips (simulator ground-truth position) ONCE -- initial pose seed. Legal: the first lap is warmup, this is read before the car moves, and it is released immediately after. Nothing reads ground truth afterwards.[0m
[localization_bootstrap-7] [0m[INFO] [1788534091.340388820] [localization_bootstrap]: mode=truth: seeding the initial pose from /ips + /imu before the car moves, then releasing /ips. Tracking is lidar + map + dead reckoning from there on.[0m
[localization_bootstrap-7] [0m[INFO] [1788534091.340600213] [localization_bootstrap]: waiting for amcl to reach the active state before sending anything[0m
[log_localization-9] [31m[ERROR] [1788534091.353994818] [log_localization]: RESTRICTED TOPIC: reading /autodrive/roboracer_1/ips (simulator ground-truth position) -- continuous logging against the estimate. This run is NOT race-legal; any lap time from it is a development number. See racer_common/restricted.py.[0m
[log_localization-9] [31m[ERROR] [1788534091.354516762] [log_localization]: RESTRICTED TOPIC: reading /autodrive/roboracer_1/odom (simulator ground-truth pose and twist) -- continuous logging against the estimate. This run is NOT race-legal; any lap time from it is a development number. See racer_common/restricted.py.[0m
[log_localization-9] [0m[INFO] [1788534091.355210043] [log_localization]: logging to /home/theflash/Documents/roboracer/run34b_bridgeslow.csv at 50 Hz until Ctrl-C[0m
[localization_error-8] [31m[ERROR] [1788534091.369601791] [localization_error]: RESTRICTED TOPIC: reading /autodrive/roboracer_1/odom (simulator ground-truth pose and twist) -- continuous comparison against TF map -> roboracer_1. This run is NOT race-legal; any lap time from it is a development number. See racer_common/restricted.py.[0m
[localization_error-8] [0m[INFO] [1788534091.369944843] [localization_error]: sampling starts 1.0 s after /localization_ready; bootstrap is excluded (require_ready:=false to include it)[0m
[localization_bootstrap-7] [0m[INFO] [1788534091.391776989] [localization_bootstrap]: amcl is ACTIVE -- an initial pose will now be accepted[0m
[localization_error-8] [0m[INFO] [1788534091.406964169] [localization_error]: waiting for TF map -> roboracer_1: Could not find a connection between 'map' and 'roboracer_1' because they are not part of the same tree.Tf has two or more unconnected trees.[0m
[autodrive_bridge-1] 1788534091.526546 [0] autodrive_: selected interface "lo" is not multicast-capable: disabling multicast
[autodrive_bridge-1] Connected!
[log_localization-9] [0m[INFO] [1788534091.635664505] [log_localization]: waiting for TF map -> roboracer_1 ...[0m
[amcl-5] [0m[INFO] [1788534091.641091494] [amcl]: initialPoseReceived[0m
[amcl-5] [0m[INFO] [1788534091.641223056] [amcl]: Setting pose (1788534091.641223): -2.649 3.993 1.735[0m
[localization_bootstrap-7] [0m[INFO] [1788534091.641351271] [localization_bootstrap]: seed 1/5: x=-2.649 y=+3.993 yaw=+99.4 deg -- awaiting confirmation[0m
[localization_bootstrap-7] [33m[WARN] [1788534091.641614379] [localization_bootstrap]: MEASURED SPAWN is 5.203 m / 169.0 deg from racer_common.frames.SPAWN_* -- OUTSIDE slam_toolbox's +-0.5 m seed search, so any run that falls back to it CANNOT recover and the offset is frozen for the whole run. This run is seeded and therefore fine; the FALLBACK is what is wrong.
[localization_bootstrap-7]     Paste into racer_common/frames.py so bootstrap:=false and bootstrap_mode:=global start somewhere real:
[localization_bootstrap-7]         SPAWN_X = '-2.649'
[localization_bootstrap-7]         SPAWN_Y = '3.993'
[localization_bootstrap-7]         SPAWN_YAW = '1.7347'[0m
[amcl-5] [0m[INFO] [1788534091.665234276] [amcl]: createLaserObject[0m
[amcl-5] [0m[INFO] [1788534091.741040994] [amcl]: Requesting no-motion update[0m
[amcl-5] [0m[INFO] [1788534092.116910865] [amcl]: Message Filter dropping message: frame 'lidar' at time 1788534091.616 for reason 'the timestamp on the message is earlier than all the data in the transform cache'[0m
[amcl-5] [0m[INFO] [1788534092.141396117] [amcl]: Requesting no-motion update[0m
[amcl-5] [0m[INFO] [1788534092.590969376] [amcl]: Requesting no-motion update[0m
[pure_pursuit] launch overrides: {'control_hz': 40.0}
[INFO] [pure_pursuit-11]: process started with pid [39324]
[amcl-5] [0m[INFO] [1788534092.991156218] [amcl]: Requesting no-motion update[0m
[pure_pursuit-11] 1788534093.200681 [0] pure_pursu: selected interface "lo" is not multicast-capable: disabling multicast
[pure_pursuit-11] [0m[INFO] [1788534093.242631289] [pure_pursuit]: path: 400 points, 27.82 m lap, from /home/theflash/Documents/roboracer/raceline/raceline_a7.0.csv[0m
[pure_pursuit-11] [0m[INFO] [1788534093.244973191] [pure_pursuit]: pose from TF map -> roboracer_1 (continuous); /amcl_pose kept as a fallback[0m
[pure_pursuit-11] [0m[INFO] [1788534093.245638891] [pure_pursuit]: steering on /amcl_pose[0m
[pure_pursuit-11] [0m[INFO] [1788534093.247212484] [pure_pursuit]: speed_source=tire  throttle_mode=slip  slip band [-0.08, +0.08]  u_launch 0.4 m/s  lookahead 0.8-2.2 m (k 0.55)  latency_comp 0.05 s[0m
[pure_pursuit-11] [33m[WARN] [1788534093.247426651] [pure_pursuit]: dev_lap_telemetry ON: subscribing to RESTRICTED lap topics[0m
[pure_pursuit-11] [0m[INFO] [1788534093.248187827] [pure_pursuit]: holding until /localization_ready[0m
[pure_pursuit-11] [0m[INFO] [1788534093.258502098] [pure_pursuit]: lap 22: 6.63 s[0m
[localization_bootstrap-7] [0m[INFO] [1788534093.341253582] [localization_bootstrap]: seed 1/5 sent, awaiting a fresh /amcl_pose to confirm it[0m
[amcl-5] [0m[INFO] [1788534093.391271206] [amcl]: Requesting no-motion update[0m
[localization_bootstrap-7] [0m[INFO] [1788534093.691764918] [localization_bootstrap]: localization_bootstrap: released /autodrive/roboracer_1/ips -- no restricted topic is read from here on; the timed laps are clean.[0m
[localization_bootstrap-7] [0m[INFO] [1788534093.692240511] [localization_bootstrap]: seed CONFIRMED on attempt 1: the estimate is 12.6 cm / 3.3 deg from truth (pos std 0.179 m). Tracking is now lidar + map + dead reckoning only.[0m
[pure_pursuit-11] [0m[INFO] [1788534093.692290148] [pure_pursuit]: localization converged, taking over[0m
[localization_error-8] [0m[INFO] [1788534093.692531500] [localization_error]: /localization_ready latched -- sampling opens in 1.0 s (31 bootstrap samples discarded)[0m
[localization_bootstrap-7] [0m[INFO] [1788534093.692600523] [localization_bootstrap]: /localization_ready = true, follower may take over[0m
[log_localization-9] [0m[INFO] [1788534093.715370967] [log_localization]:    2.0 s     0.3 m  err 0.126 m (along -0.125 cross +0.014) yaw  +3.32 deg  m->o yaw  +3.32 deg | fit true 0.009 est 0.002 (x0.23)  enc/true nan  dr_err 0.55 m[0m
[log_localization-9] [0m[INFO] [1788534095.715797657] [log_localization]:    4.0 s     3.4 m  err 0.070 m (along +0.044 cross -0.054) yaw  -1.52 deg  m->o yaw  -1.63 deg | fit true 0.010 est 0.016 (x1.61)  enc/true 1.057  dr_err 0.57 m[0m
[pure_pursuit-11] [0m[INFO] [1788534096.024255871] [pure_pursuit]: lap 23: 17.33 s[0m
[localization_error-8] [0m[INFO] [1788534096.357899627] [localization_error]: now[ 34] 0.236 m / 3.13 deg  |  session[n=34] mean 0.236 p95 0.496 max 0.537 m, heading mean 3.13 max 6.36 deg[0m
[log_localization-9] [0m[INFO] [1788534097.715428601] [log_localization]:    6.0 s    13.9 m  err 0.085 m (along -0.084 cross -0.009) yaw  +2.04 deg  m->o yaw  +1.33 deg | fit true 0.037 est 0.018 (x0.47)  enc/true 1.030  dr_err 0.76 m[0m
[log_localization-9] [0m[INFO] [1788534099.716030342] [log_localization]:    8.0 s    20.8 m  err 0.085 m (along +0.083 cross -0.015) yaw  -0.32 deg  m->o yaw  +0.33 deg | fit true 0.039 est 0.034 (x0.86)  enc/true 1.030  dr_err 0.45 m[0m
[localization_error-8] [0m[INFO] [1788534101.357357830] [localization_error]: now[134] 0.294 m / 2.46 deg  |  session[n=134] mean 0.294 p95 0.625 max 0.701 m, heading mean 2.46 max 6.36 deg[0m
[log_localization-9] [0m[INFO] [1788534101.715464821] [log_localization]:   10.0 s    29.4 m  err 0.068 m (along -0.068 cross -0.010) yaw  +4.82 deg  m->o yaw  +4.90 deg | fit true 0.023 est 0.022 (x0.99)  enc/true 1.021  dr_err 0.46 m[0m
[pure_pursuit-11] [0m[INFO] [1788534102.669622494] [pure_pursuit]: lap 24: 6.62 s[0m
[log_localization-9] [0m[INFO] [1788534103.715676049] [log_localization]:   12.0 s    38.3 m  err 0.110 m (along +0.110 cross -0.002) yaw  -1.71 deg  m->o yaw  -0.94 deg | fit true 0.006 est 0.027 (x4.70)  enc/true 1.027  dr_err 0.91 m[0m
[log_localization-9] [0m[INFO] [1788534105.715352722] [log_localization]:   14.0 s    46.2 m  err 0.151 m (along +0.140 cross -0.058) yaw  -2.19 deg  m->o yaw  -2.08 deg | fit true 0.046 est 0.070 (x1.51)  enc/true 1.021  dr_err 0.51 m[0m
[localization_error-8] [0m[INFO] [1788534106.357399211] [localization_error]: now[200] 0.306 m / 2.30 deg  |  session[n=234] mean 0.296 p95 0.624 max 0.701 m, heading mean 2.42 max 6.43 deg[0m
[log_localization-9] [0m[INFO] [1788534107.715450861] [log_localization]:   16.0 s    55.1 m  err 0.009 m (along -0.006 cross +0.006) yaw  -0.02 deg  m->o yaw  -0.50 deg | fit true 0.007 est 0.008 (x1.18)  enc/true 1.020  dr_err 0.38 m[0m
[pure_pursuit-11] [0m[INFO] [1788534109.355123510] [pure_pursuit]: lap 25: 6.69 s[0m
[log_localization-9] [0m[INFO] [1788534109.715647632] [log_localization]:   18.0 s    62.2 m  err 0.209 m (along +0.205 cross -0.038) yaw  +0.47 deg  m->o yaw  +0.04 deg | fit true 0.009 est 0.027 (x2.99)  enc/true 1.022  dr_err 0.76 m[0m
[localization_error-8] [0m[INFO] [1788534111.357468176] [localization_error]: now[200] 0.343 m / 2.54 deg  |  session[n=334] mean 0.323 p95 0.674 max 0.882 m, heading mean 2.51 max 6.43 deg[0m
[log_localization-9] [0m[INFO] [1788534111.715704918] [log_localization]:   20.0 s    72.2 m  err 0.013 m (along -0.013 cross -0.003) yaw  +2.20 deg  m->o yaw  +2.17 deg | fit true 0.037 est 0.039 (x1.05)  enc/true 1.019  dr_err 0.68 m[0m
[log_localization-9] [0m[INFO] [1788534113.715440525] [log_localization]:   22.0 s    79.7 m  err 0.151 m (along +0.151 cross +0.010) yaw  +0.54 deg  m->o yaw  +0.75 deg | fit true 0.008 est 0.030 (x3.78)  enc/true 1.021  dr_err 0.46 m[0m
[log_localization-9] [0m[INFO] [1788534115.716062044] [log_localization]:   24.0 s    87.3 m  err 0.099 m (along +0.090 cross -0.043) yaw  -0.36 deg  m->o yaw  +0.58 deg | fit true 0.008 est 0.007 (x0.81)  enc/true 1.020  dr_err 0.75 m[0m
[pure_pursuit-11] [0m[INFO] [1788534115.945494148] [pure_pursuit]: lap 26: 6.61 s[0m
[localization_error-8] [0m[INFO] [1788534116.357606143] [localization_error]: now[200] 0.346 m / 3.01 deg  |  session[n=434] mean 0.319 p95 0.661 max 0.882 m, heading mean 2.69 max 8.32 deg[0m
[log_localization-9] [0m[INFO] [1788534117.715851217] [log_localization]:   26.0 s    97.7 m  err 0.110 m (along -0.109 cross -0.019) yaw  +2.42 deg  m->o yaw  +1.97 deg | fit true 0.031 est 0.018 (x0.59)  enc/true 1.020  dr_err 0.80 m[0m
[log_localization-9] [0m[INFO] [1788534119.715419393] [log_localization]:   28.0 s   104.8 m  err 0.140 m (along +0.140 cross -0.007) yaw  -0.01 deg  m->o yaw  +1.53 deg | fit true 0.034 est 0.033 (x0.99)  enc/true 1.020  dr_err 0.62 m[0m
[localization_error-8] [0m[INFO] [1788534121.357418641] [localization_error]: now[200] 0.336 m / 3.20 deg  |  session[n=534] mean 0.328 p95 0.668 max 0.882 m, heading mean 2.77 max 9.70 deg[0m
[log_localization-9] [0m[INFO] [1788534121.715947783] [log_localization]:   30.0 s   113.2 m  err 0.092 m (along -0.091 cross -0.012) yaw  +6.27 deg  m->o yaw  +5.77 deg | fit true 0.020 est 0.023 (x1.14)  enc/true 1.018  dr_err 0.62 m[0m
[pure_pursuit-11] [0m[INFO] [1788534122.599069117] [pure_pursuit]: lap 27: 6.65 s[0m
[log_localization-9] [0m[INFO] [1788534123.715358644] [log_localization]:   32.0 s   122.1 m  err 0.274 m (along +0.274 cross -0.004) yaw  -0.14 deg  m->o yaw  +0.73 deg | fit true 0.007 est 0.021 (x3.14)  enc/true 1.021  dr_err 1.02 m[0m
[log_localization-9] [0m[INFO] [1788534125.715411626] [log_localization]:   34.0 s   130.0 m  err 0.125 m (along +0.116 cross -0.047) yaw  -1.22 deg  m->o yaw  -1.48 deg | fit true 0.048 est 0.063 (x1.31)  enc/true 1.019  dr_err 0.68 m[0m
[localization_error-8] [0m[INFO] [1788534126.357505955] [localization_error]: now[200] 0.322 m / 2.60 deg  |  session[n=634] mean 0.320 p95 0.655 max 0.882 m, heading mean 2.67 max 9.70 deg[0m
[log_localization-9] [0m[INFO] [1788534127.715492119] [log_localization]:   36.0 s   139.1 m  err 0.012 m (along -0.012 cross -0.003) yaw  -1.51 deg  m->o yaw  +0.06 deg | fit true 0.025 est 0.028 (x1.15)  enc/true 1.019  dr_err 0.61 m[0m
[pure_pursuit-11] [0m[INFO] [1788534129.267940504] [pure_pursuit]: lap 28: 6.66 s[0m
[log_localization-9] [0m[INFO] [1788534129.715671382] [log_localization]:   38.0 s   146.2 m  err 0.085 m (along -0.083 cross -0.020) yaw  +1.38 deg  m->o yaw  +0.45 deg | fit true 0.023 est 0.025 (x1.10)  enc/true 1.020  dr_err 0.80 m[0m
[localization_error-8] [0m[INFO] [1788534131.357778112] [localization_error]: now[200] 0.319 m / 2.40 deg  |  session[n=734] mean 0.326 p95 0.661 max 0.882 m, heading mean 2.67 max 9.70 deg[0m
[log_localization-9] [0m[INFO] [1788534131.715790503] [log_localization]:   40.0 s   156.0 m  err 0.012 m (along -0.012 cross +0.002) yaw  +2.18 deg  m->o yaw  +2.02 deg | fit true 0.020 est 0.026 (x1.31)  enc/true 1.018  dr_err 0.84 m[0m
[log_localization-9] [0m[INFO] [1788534133.715631424] [log_localization]:   42.0 s   163.8 m  err 0.083 m (along +0.082 cross +0.014) yaw  -0.96 deg  m->o yaw  -0.96 deg | fit true 0.012 est 0.011 (x0.92)  enc/true 1.019  dr_err 0.66 m[0m
[log_localization-9] [0m[INFO] [1788534135.715459635] [log_localization]:   44.0 s   171.2 m  err 0.107 m (along +0.096 cross -0.047) yaw  -1.20 deg  m->o yaw  -0.35 deg | fit true 0.006 est 0.011 (x1.85)  enc/true 1.019  dr_err 0.94 m[0m
[pure_pursuit-11] [0m[INFO] [1788534135.918275215] [pure_pursuit]: lap 29: 6.62 s[0m
[localization_error-8] [0m[INFO] [1788534136.357590892] [localization_error]: now[200] 0.311 m / 2.76 deg  |  session[n=834] mean 0.318 p95 0.649 max 0.882 m, heading mean 2.69 max 9.70 deg[0m
[log_localization-9] [0m[INFO] [1788534137.715385935] [log_localization]:   46.0 s   181.7 m  err 0.086 m (along -0.079 cross -0.034) yaw  +1.23 deg  m->o yaw  +2.09 deg | fit true 0.028 est 0.040 (x1.42)  enc/true 1.019  dr_err 0.97 m[0m
[log_localization-9] [0m[INFO] [1788534139.715405738] [log_localization]:   48.0 s   188.8 m  err 0.123 m (along +0.123 cross -0.008) yaw  +1.13 deg  m->o yaw  +2.06 deg | fit true 0.029 est 0.024 (x0.81)  enc/true 1.019  dr_err 0.86 m[0m
[localization_error-8] [0m[INFO] [1788534141.357835215] [localization_error]: now[200] 0.292 m / 2.76 deg  |  session[n=934] mean 0.318 p95 0.652 max 0.882 m, heading mean 2.69 max 9.70 deg[0m
[log_localization-9] [0m[INFO] [1788534141.715910049] [log_localization]:   50.0 s   197.1 m  err 0.062 m (along -0.061 cross -0.013) yaw  +3.11 deg  m->o yaw  +3.16 deg | fit true 0.016 est 0.009 (x0.56)  enc/true 1.018  dr_err 0.84 m[0m
[pure_pursuit-11] [0m[INFO] [1788534142.515796505] [pure_pursuit]: lap 30: 6.64 s[0m
[log_localization-9] [0m[INFO] [1788534143.715363884] [log_localization]:   52.0 s   206.5 m  err 0.030 m (along +0.027 cross +0.013) yaw  +0.34 deg  m->o yaw  +1.24 deg | fit true 0.016 est 0.013 (x0.81)  enc/true 1.019  dr_err 1.09 m[0m
[log_localization-9] [0m[INFO] [1788534145.715350131] [log_localization]:   54.0 s   214.0 m  err 0.148 m (along +0.143 cross -0.038) yaw  -2.09 deg  m->o yaw  -1.32 deg | fit true 0.057 est 0.084 (x1.47)  enc/true 1.019  dr_err 0.85 m[0m
[localization_error-8] [0m[INFO] [1788534146.357397810] [localization_error]: now[200] 0.331 m / 2.70 deg  |  session[n=1034] mean 0.320 p95 0.666 max 0.920 m, heading mean 2.69 max 9.70 deg[0m
[log_localization-9] [0m[INFO] [1788534147.715377527] [log_localization]:   56.0 s   223.0 m  err 0.067 m (along -0.065 cross -0.018) yaw  +1.68 deg  m->o yaw  +2.45 deg | fit true 0.008 est 0.001 (x0.17)  enc/true 1.018  dr_err 0.84 m[0m
[pure_pursuit-11] [0m[INFO] [1788534149.194139430] [pure_pursuit]: lap 31: 6.64 s[0m
[log_localization-9] [0m[INFO] [1788534149.715919643] [log_localization]:   58.0 s   230.3 m  err 0.369 m (along +0.368 cross -0.009) yaw  +1.50 deg  m->o yaw  +2.28 deg | fit true 0.005 est 0.022 (x4.44)  enc/true 1.019  dr_err 1.14 m[0m
[localization_error-8] [0m[INFO] [1788534151.357473283] [localization_error]: now[200] 0.310 m / 2.27 deg  |  session[n=1134] mean 0.317 p95 0.660 max 0.920 m, heading mean 2.61 max 9.70 deg[0m
[log_localization-9] [0m[INFO] [1788534151.715389601] [log_localization]:   60.0 s   240.0 m  err 0.014 m (along -0.006 cross -0.013) yaw  +1.48 deg  m->o yaw  +1.11 deg | fit true 0.017 est 0.028 (x1.69)  enc/true 1.018  dr_err 0.99 m[0m
[log_localization-9] [0m[INFO] [1788534153.715846361] [log_localization]:   62.0 s   247.9 m  err 0.245 m (along +0.243 cross +0.032) yaw  +1.38 deg  m->o yaw  +0.55 deg | fit true 0.000 est 0.029 (x78.07)  enc/true 1.019  dr_err 0.88 m[0m
[log_localization-9] [0m[INFO] [1788534155.715790159] [log_localization]:   64.0 s   255.2 m  err 0.111 m (along +0.104 cross -0.040) yaw  -0.12 deg  m->o yaw  +0.06 deg | fit true 0.007 est 0.001 (x0.17)  enc/true 1.019  dr_err 1.18 m[0m
[pure_pursuit-11] [0m[INFO] [1788534155.863025710] [pure_pursuit]: lap 32: 6.66 s[0m
[localization_error-8] [0m[INFO] [1788534156.357734605] [localization_error]: now[200] 0.309 m / 2.55 deg  |  session[n=1234] mean 0.318 p95 0.652 max 0.920 m, heading mean 2.67 max 9.70 deg[0m
[log_localization-9] [0m[INFO] [1788534157.715344067] [log_localization]:   66.0 s   265.8 m  err 0.086 m (along -0.075 cross -0.041) yaw  +2.72 deg  m->o yaw  +2.05 deg | fit true 0.027 est 0.033 (x1.19)  enc/true 1.018  dr_err 1.14 m[0m
[log_localization-9] [0m[INFO] [1788534159.715834523] [log_localization]:   68.0 s   272.9 m  err 0.167 m (along +0.167 cross -0.006) yaw  +0.56 deg  m->o yaw  +1.24 deg | fit true 0.027 est 0.027 (x0.99)  enc/true 1.019  dr_err 1.10 m[0m
[localization_error-8] [0m[INFO] [1788534161.357492363] [localization_error]: now[200] 0.370 m / 3.34 deg  |  session[n=1334] mean 0.325 p95 0.664 max 0.964 m, heading mean 2.72 max 9.70 deg[0m
[log_localization-9] [0m[INFO] [1788534161.715924851] [log_localization]:   70.0 s   281.1 m  err 0.068 m (along -0.067 cross -0.007) yaw  +5.81 deg  m->o yaw  +5.74 deg | fit true 0.045 est 0.038 (x0.85)  enc/true 1.018  dr_err 1.14 m[0m
[pure_pursuit-11] [0m[INFO] [1788534162.468482139] [pure_pursuit]: lap 33: 6.63 s[0m
[log_localization-9] [0m[INFO] [1788534163.715408279] [log_localization]:   72.0 s   290.4 m  err 0.023 m (along -0.023 cross -0.004) yaw  +0.14 deg  m->o yaw  +0.88 deg | fit true 0.010 est 0.010 (x0.93)  enc/true 1.019  dr_err 1.30 m[0m
[log_localization-9] [0m[INFO] [1788534165.715357173] [log_localization]:   74.0 s   297.9 m  err 0.108 m (along +0.101 cross -0.039) yaw  -1.07 deg  m->o yaw  -0.35 deg | fit true 0.057 est 0.060 (x1.06)  enc/true 1.018  dr_err 1.13 m[0m
[localization_error-8] [0m[INFO] [1788534166.357418399] [localization_error]: now[200] 0.361 m / 2.71 deg  |  session[n=1434] mean 0.324 p95 0.668 max 0.964 m, heading mean 2.67 max 9.70 deg[0m
[log_localization-9] [0m[INFO] [1788534167.715861948] [log_localization]:   76.0 s   306.9 m  err 0.123 m (along -0.123 cross -0.001) yaw  +2.79 deg  m->o yaw  +2.67 deg | fit true 0.007 est 0.009 (x1.26)  enc/true 1.018  dr_err 1.13 m[0m
[pure_pursuit-11] [0m[INFO] [1788534169.124744751] [pure_pursuit]: lap 34: 6.64 s[0m
[log_localization-9] [0m[INFO] [1788534169.715398516] [log_localization]:   78.0 s   314.2 m  err 0.292 m (along +0.291 cross +0.002) yaw  +1.87 deg  m->o yaw  +1.49 deg | fit true 0.006 est 0.020 (x3.56)  enc/true 1.019  dr_err 1.36 m[0m
[localization_error-8] [0m[INFO] [1788534171.357956609] [localization_error]: now[200] 0.327 m / 2.05 deg  |  session[n=1534] mean 0.325 p95 0.671 max 0.964 m, heading mean 2.64 max 9.70 deg[0m
[log_localization-9] [0m[INFO] [1788534171.715375194] [log_localization]:   80.0 s   323.8 m  err 0.066 m (along +0.061 cross -0.025) yaw  -1.47 deg  m->o yaw  -0.61 deg | fit true 0.013 est 0.022 (x1.62)  enc/true 1.018  dr_err 1.19 m[0m
[log_localization-9] [0m[INFO] [1788534173.715401787] [log_localization]:   82.0 s   331.7 m  err 0.153 m (along +0.151 cross +0.027) yaw  -0.01 deg  m->o yaw  -0.61 deg | fit true 0.004 est 0.017 (x4.27)  enc/true 1.018  dr_err 1.16 m[0m
[log_localization-9] [0m[INFO] [1788534175.715328524] [log_localization]:   84.0 s   339.1 m  err 0.124 m (along +0.108 cross -0.061) yaw  -1.75 deg  m->o yaw  -1.64 deg | fit true 0.020 est 0.044 (x2.17)  enc/true 1.018  dr_err 1.40 m[0m
[pure_pursuit-11] [0m[INFO] [1788534175.759902082] [pure_pursuit]: lap 35: 6.64 s[0m
[localization_error-8] [0m[INFO] [1788534176.358031584] [localization_error]: now[200] 0.329 m / 2.70 deg  |  session[n=1634] mean 0.325 p95 0.666 max 0.964 m, heading mean 2.68 max 9.70 deg[0m
[log_localization-9] [0m[INFO] [1788534177.715394070] [log_localization]:   86.0 s   349.7 m  err 0.086 m (along -0.084 cross -0.019) yaw  +3.69 deg  m->o yaw  +3.88 deg | fit true 0.038 est 0.027 (x0.71)  enc/true 1.018  dr_err 1.32 m[0m
[log_localization-9] [0m[INFO] [1788534179.715310893] [log_localization]:   88.0 s   356.9 m  err 0.123 m (along +0.122 cross -0.011) yaw  +0.18 deg  m->o yaw  -0.03 deg | fit true 0.018 est 0.020 (x1.10)  enc/true 1.018  dr_err 1.32 m[0m
[localization_error-8] [0m[INFO] [1788534181.357482296] [localization_error]: now[200] 0.335 m / 3.10 deg  |  session[n=1734] mean 0.326 p95 0.672 max 0.964 m, heading mean 2.69 max 9.70 deg[0m
[log_localization-9] [0m[INFO] [1788534181.715335817] [log_localization]:   90.0 s   364.9 m  err 0.054 m (along -0.039 cross -0.037) yaw  +5.95 deg  m->o yaw  +5.71 deg | fit true 0.014 est 0.017 (x1.23)  enc/true 1.018  dr_err 1.41 m[0m
[pure_pursuit-11] [0m[INFO] [1788534182.362754954] [pure_pursuit]: lap 36: 6.63 s[0m
[log_localization-9] [0m[INFO] [1788534183.715565177] [log_localization]:   92.0 s   374.7 m  err 0.008 m (along +0.008 cross -0.002) yaw  +0.15 deg  m->o yaw  -0.40 deg | fit true 0.011 est 0.010 (x0.89)  enc/true 1.018  dr_err 1.51 m[0m
[log_localization-9] [0m[INFO] [1788534185.715880778] [log_localization]:   94.0 s   381.9 m  err 0.192 m (along +0.180 cross -0.065) yaw  -2.24 deg  m->o yaw  -1.82 deg | fit true 0.116 est 0.120 (x1.03)  enc/true 1.018  dr_err 1.39 m[0m
[localization_error-8] [0m[INFO] [1788534186.357423047] [localization_error]: now[200] 0.379 m / 3.29 deg  |  session[n=1834] mean 0.331 p95 0.684 max 0.964 m, heading mean 2.74 max 9.70 deg[0m
[log_localization-9] [0m[INFO] [1788534187.715850458] [log_localization]:   96.0 s   390.8 m  err 0.125 m (along -0.124 cross -0.012) yaw  +4.66 deg  m->o yaw  +3.22 deg | fit true 0.019 est 0.018 (x0.95)  enc/true 1.018  dr_err 1.38 m[0m
[pure_pursuit-11] [0m[INFO] [1788534189.060621791] [pure_pursuit]: lap 37: 6.67 s[0m
[log_localization-9] [0m[INFO] [1788534189.715343914] [log_localization]:   98.0 s   398.4 m  err 0.238 m (along +0.237 cross +0.004) yaw  +1.17 deg  m->o yaw  +0.49 deg | fit true 0.011 est 0.013 (x1.19)  enc/true 1.019  dr_err 1.58 m[0m
[localization_error-8] [0m[INFO] [1788534191.357441037] [localization_error]: now[200] 0.382 m / 3.34 deg  |  session[n=1934] mean 0.332 p95 0.684 max 0.964 m, heading mean 2.76 max 9.70 deg[0m
[log_localization-9] [0m[INFO] [1788534191.715847636] [log_localization]:  100.0 s   407.6 m  err 0.065 m (along +0.061 cross -0.022) yaw  -1.36 deg  m->o yaw  -1.06 deg | fit true 0.013 est 0.020 (x1.59)  enc/true 1.018  dr_err 1.43 m[0m
[log_localization-9] [0m[INFO] [1788534193.715602036] [log_localization]:  102.0 s   415.9 m  err 0.091 m (along +0.091 cross +0.008) yaw  -0.38 deg  m->o yaw  -1.77 deg | fit true 0.003 est 0.010 (x3.31)  enc/true 1.018  dr_err 1.40 m[0m
[pure_pursuit-11] [0m[INFO] [1788534195.707633107] [pure_pursuit]: lap 38: 6.68 s[0m
[log_localization-9] [0m[INFO] [1788534195.715903879] [log_localization]:  104.0 s   423.0 m  err 0.092 m (along +0.077 cross -0.050) yaw  +0.46 deg  m->o yaw  +0.89 deg | fit true 0.013 est 0.011 (x0.86)  enc/true 1.018  dr_err 1.64 m[0m
[localization_error-8] [0m[INFO] [1788534196.357518113] [localization_error]: now[200] 0.328 m / 3.26 deg  |  session[n=2034] mean 0.330 p95 0.677 max 0.964 m, heading mean 2.79 max 9.70 deg[0m
[log_localization-9] [0m[INFO] [1788534197.715838823] [log_localization]:  106.0 s   433.6 m  err 0.058 m (along -0.049 cross -0.030) yaw  +1.81 deg  m->o yaw  +2.15 deg | fit true 0.080 est 0.079 (x0.98)  enc/true 1.018  dr_err 1.55 m[0m
[log_localization-9] [0m[INFO] [1788534199.715295146] [log_localization]:  108.0 s   440.7 m  err 0.099 m (along +0.098 cross -0.015) yaw  -1.78 deg  m->o yaw  -1.29 deg | fit true 0.018 est 0.033 (x1.79)  enc/true 1.018  dr_err 1.60 m[0m
[localization_error-8] [0m[INFO] [1788534201.357428149] [localization_error]: now[200] 0.335 m / 3.52 deg  |  session[n=2134] mean 0.332 p95 0.677 max 0.964 m, heading mean 2.83 max 9.70 deg[0m
[log_localization-9] [0m[INFO] [1788534201.715734219] [log_localization]:  110.0 s   448.7 m  err 0.099 m (along -0.094 cross -0.033) yaw  +6.24 deg  m->o yaw  +5.17 deg | fit true 0.023 est 0.006 (x0.27)  enc/true 1.018  dr_err 1.64 m[0m
[pure_pursuit-11] [0m[INFO] [1788534202.355430363] [pure_pursuit]: lap 39: 6.65 s[0m
[log_localization-9] [0m[INFO] [1788534203.715820214] [log_localization]:  112.0 s   458.5 m  err 0.104 m (along -0.104 cross +0.001) yaw  +1.15 deg  m->o yaw  +0.67 deg | fit true 0.011 est 0.011 (x0.99)  enc/true 1.018  dr_err 1.74 m[0m
[log_localization-9] [0m[INFO] [1788534205.715681414] [log_localization]:  114.0 s   465.7 m  err 0.236 m (along +0.229 cross -0.054) yaw  -2.44 deg  m->o yaw  -1.41 deg | fit true 0.107 est 0.133 (x1.24)  enc/true 1.018  dr_err 1.68 m[0m
[localization_error-8] [0m[INFO] [1788534206.357525498] [localization_error]: now[200] 0.348 m / 3.36 deg  |  session[n=2234] mean 0.332 p95 0.684 max 0.964 m, heading mean 2.84 max 9.70 deg[0m
[log_localization-9] [0m[INFO] [1788534207.715412760] [log_localization]:  116.0 s   474.7 m  err 0.064 m (along -0.062 cross -0.017) yaw  +2.39 deg  m->o yaw  +3.07 deg | fit true 0.017 est 0.009 (x0.54)  enc/true 1.018  dr_err 1.67 m[0m
[pure_pursuit-11] [0m[INFO] [1788534208.998557546] [pure_pursuit]: lap 40: 6.61 s[0m
[log_localization-9] [0m[INFO] [1788534209.715382656] [log_localization]:  118.0 s   482.3 m  err 0.320 m (along +0.320 cross -0.006) yaw  -0.00 deg  m->o yaw  +0.10 deg | fit true 0.004 est 0.044 (x12.40)  enc/true 1.018  dr_err 1.82 m[0m
[localization_error-8] [0m[INFO] [1788534211.357991500] [localization_error]: now[200] 0.326 m / 2.65 deg  |  session[n=2334] mean 0.332 p95 0.677 max 0.964 m, heading mean 2.81 max 9.70 deg[0m
[log_localization-9] [0m[INFO] [1788534211.715387711] [log_localization]:  120.0 s   491.4 m  err 0.096 m (along +0.086 cross -0.043) yaw  -1.32 deg  m->o yaw  -0.78 deg | fit true 0.013 est 0.028 (x2.10)  enc/true 1.018  dr_err 1.69 m[0m
[log_localization-9] [0m[INFO] [1788534213.715450510] [log_localization]:  122.0 s   499.7 m  err 0.125 m (along +0.124 cross +0.017) yaw  -0.58 deg  m->o yaw  -0.05 deg | fit true 0.003 est 0.014 (x4.58)  enc/true 1.018  dr_err 1.69 m[0m
[pure_pursuit-11] [0m[INFO] [1788534215.637566659] [pure_pursuit]: lap 41: 6.63 s[0m
[log_localization-9] [0m[INFO] [1788534215.715916717] [log_localization]:  124.0 s   506.7 m  err 0.269 m (along +0.256 cross -0.082) yaw  -2.55 deg  m->o yaw  -1.84 deg | fit true 0.014 est 0.033 (x2.30)  enc/true 1.018  dr_err 1.93 m[0m
[localization_error-8] [0m[INFO] [1788534216.358064618] [localization_error]: now[200] 0.328 m / 2.30 deg  |  session[n=2434] mean 0.332 p95 0.676 max 0.964 m, heading mean 2.80 max 9.70 deg[0m
[static_transform_publisher-10] [INFO] [1788534216.757955819] [rclcpp]: signal_handler(signum=2)
[map_server-4] [INFO] [1788534216.757960190] [rclcpp]: signal_handler(signum=2)
[map_server-4] [INFO] [1788534216.758049013] [map_server]: Running Nav2 LifecycleNode rcl preshutdown (map_server)
[static_transform_publisher-3] [INFO] [1788534216.757963990] [rclcpp]: signal_handler(signum=2)
[amcl-5] [0m[INFO] [1788534216.757959414] [rclcpp]: signal_handler(signum=2)[0m
[amcl-5] [0m[INFO] [1788534216.758041169] [amcl]: Running Nav2 LifecycleNode rcl preshutdown (amcl)[0m
[amcl-5] [0m[INFO] [1788534216.758131172] [amcl]: Deactivating[0m
[amcl-5] [0m[INFO] [1788534216.758155278] [amcl]: Destroying bond (amcl) to lifecycle manager.[0m
[localization_error-8] 
[localization_error-8] ==============================================================
[localization_error-8]   localization error over 2442 updates (51 bootstrap samples excluded)
[localization_error-8]     source    TF map -> roboracer_1
[log_localization-9] 
[log_localization-9]   wrote 6252 rows to /home/theflash/Documents/roboracer/run34b_bridgeslow.csv
[log_localization-9]   peak position error 0.438 m, peak heading error 11.25 deg
[log_localization-9]   first column to read is m2o_yaw_deg: it must be ~0. If it is not,
[log_localization-9]   the scan matcher is rotating a heading that was already exact.
[map_server-4] [INFO] [1788534216.758132872] [map_server]: Deactivating
[map_server-4] [INFO] [1788534216.758155704] [map_server]: Destroying bond (map_server) to lifecycle manager.
[autodrive_bridge-1] Traceback (most recent call last):
[autodrive_bridge-1]   File "/home/theflash/.local/lib/python3.10/site-packages/socketio/client.py", line 25, in signal_handler
[autodrive_bridge-1]     return original_signal_handler(sig, frame)
[autodrive_bridge-1] TypeError: 'Handlers' object is not callable
[autodrive_bridge-1] 2026-09-04T15:03:36Z
[pure_pursuit-11] [33m[WARN] [1788534216.758510696] [pure_pursuit]: context already shut down; stop command not sent[0m
[pure_pursuit-11] Failed to publish log message to rosout: publisher's context is invalid, at ./src/rcl/publisher.c:389
[lifecycle_manager-6] [INFO] [1788534216.757956674] [rclcpp]: signal_handler(signum=2)
[lifecycle_manager-6] [INFO] [1788534216.758515995] [lifecycle_manager_localization]: Running Nav2 LifecycleManager rcl preshutdown (lifecycle_manager_localization)
[lifecycle_manager-6] [INFO] [1788534216.758560064] [lifecycle_manager_localization]: [34m[1mTerminating bond timer...[0m[0m
[localization_error-8]     position  mean 0.333  p95 0.682  max 0.964  m
[localization_error-8]     heading   mean 2.79  p95 6.07  max 9.70  deg
[localization_error-8] ==============================================================
[localization_error-8]   WARNING: p95 error exceeds the raceline wall margin (0.134 m).
[localization_error-8]            Expect contact at the tightest point of the lap.
[amcl-5] [0m[INFO] [1788534216.768354553] [amcl]: Cleaning up[0m
[map_server-4] [INFO] [1788534216.768381095] [map_server]: Cleaning up
[map_server-4] [INFO] [1788534216.768425331] [map_server]: Destroying bond (map_server) to lifecycle manager.
[amcl-5] [0m[INFO] [1788534216.774481531] [amcl]: Destroying bond (amcl) to lifecycle manager.[0m
[autodrive_bridge-1] Traceback (most recent call last):
[autodrive_bridge-1]   File "/home/theflash/Documents/roboracer/devkit_ws/install/autodrive_roboracer/lib/autodrive_roboracer/autodrive_bridge", line 33, in <module>
[autodrive_bridge-1]     sys.exit(load_entry_point('autodrive-roboracer==0.1.0', 'console_scripts', 'autodrive_bridge')())
[autodrive_bridge-1]   File "/home/theflash/Documents/roboracer/devkit_ws/install/autodrive_roboracer/lib/python3.10/site-packages/autodrive_roboracer/autodrive_bridge.py", line 442, in main
[autodrive_bridge-1]     pywsgi.WSGIServer(('', 4567), app, handler_class=WebSocketHandler).serve_forever() # Deploy as a gevent WSGI server
[autodrive_bridge-1]   File "/home/theflash/.local/lib/python3.10/site-packages/gevent/baseserver.py", line 400, in serve_forever
[autodrive_bridge-1]     self._stop_event.wait()
[autodrive_bridge-1]   File "src/gevent/event.py", line 163, in gevent._gevent_cevent.Event.wait
[autodrive_bridge-1]   File "src/gevent/_abstract_linkable.py", line 521, in gevent._gevent_c_abstract_linkable.AbstractLinkable._wait
[autodrive_bridge-1]   File "src/gevent/_abstract_linkable.py", line 487, in gevent._gevent_c_abstract_linkable.AbstractLinkable._wait_core
[autodrive_bridge-1]   File "src/gevent/_abstract_linkable.py", line 490, in gevent._gevent_c_abstract_linkable.AbstractLinkable._wait_core
[autodrive_bridge-1]   File "src/gevent/_abstract_linkable.py", line 442, in gevent._gevent_c_abstract_linkable.AbstractLinkable._AbstractLinkable__wait_to_be_notified
[autodrive_bridge-1]   File "src/gevent/_abstract_linkable.py", line 451, in gevent._gevent_c_abstract_linkable.AbstractLinkable._switch_to_hub
[autodrive_bridge-1]   File "src/gevent/_greenlet_primitives.py", line 61, in gevent._gevent_c_greenlet_primitives.SwitchOutGreenletWithLoop.switch
[autodrive_bridge-1]   File "src/gevent/_greenlet_primitives.py", line 65, in gevent._gevent_c_greenlet_primitives.SwitchOutGreenletWithLoop.switch
[autodrive_bridge-1]   File "src/gevent/_gevent_c_greenlet_primitives.pxd", line 35, in gevent._gevent_c_greenlet_primitives._greenlet_switch
[autodrive_bridge-1]   File "/home/theflash/.local/lib/python3.10/site-packages/socketio/client.py", line 25, in signal_handler
[autodrive_bridge-1]     return original_signal_handler(sig, frame)
[autodrive_bridge-1] TypeError: 'Handlers' object is not callable
[map_server-4] [INFO] [1788534216.884529991] [map_server]: Destroying
[lifecycle_manager-6] [INFO] [1788534216.890520888] [lifecycle_manager_localization]: Destroying lifecycle_manager_localization
[amcl-5] [0m[INFO] [1788534216.891725210] [amcl]: Destroying[0m
[ERROR] [autodrive_bridge-1]: process has died [pid 39117, exit code 1, cmd '/home/theflash/Documents/roboracer/devkit_ws/install/autodrive_roboracer/lib/autodrive_roboracer/autodrive_bridge --ros-args -r __node:=autodrive_bridge -r /tf:=/tf_ground_truth'].
[INFO] [static_transform_publisher-3]: process has finished cleanly [pid 39121]
[INFO] [static_transform_publisher-10]: process has finished cleanly [pid 39135]
[localization_error-8] Traceback (most recent call last):
[localization_error-8]   File "/home/theflash/Documents/roboracer/devkit_ws/install/racer_localization/lib/racer_localization/localization_error", line 33, in <module>
[localization_error-8]     sys.exit(load_entry_point('racer-localization==0.1.0', 'console_scripts', 'localization_error')())
[localization_error-8]   File "/home/theflash/Documents/roboracer/devkit_ws/install/racer_localization/lib/python3.10/site-packages/racer_localization/localization_error.py", line 291, in main
[localization_error-8]     rclpy.spin(node)
[localization_error-8]   File "/opt/ros/humble/local/lib/python3.10/dist-packages/rclpy/__init__.py", line 229, in spin
[localization_error-8]     executor.spin_once()
[localization_error-8]   File "/opt/ros/humble/local/lib/python3.10/dist-packages/rclpy/executors.py", line 773, in spin_once
[localization_error-8]     self._spin_once_impl(timeout_sec)
[localization_error-8]   File "/opt/ros/humble/local/lib/python3.10/dist-packages/rclpy/executors.py", line 762, in _spin_once_impl
[localization_error-8]     handler, entity, node = self.wait_for_ready_callbacks(timeout_sec=timeout_sec)
[localization_error-8]   File "/opt/ros/humble/local/lib/python3.10/dist-packages/rclpy/executors.py", line 745, in wait_for_ready_callbacks
[localization_error-8]     return next(self._cb_iter)
[localization_error-8]   File "/opt/ros/humble/local/lib/python3.10/dist-packages/rclpy/executors.py", line 646, in _wait_for_ready_callbacks
[localization_error-8]     raise ExternalShutdownException()
[localization_error-8] rclpy.executors.ExternalShutdownException
[localization_bootstrap-7] Traceback (most recent call last):
[localization_bootstrap-7]   File "/home/theflash/Documents/roboracer/devkit_ws/install/racer_localization/lib/racer_localization/localization_bootstrap", line 33, in <module>
[localization_bootstrap-7]     sys.exit(load_entry_point('racer-localization==0.1.0', 'console_scripts', 'localization_bootstrap')())
[localization_bootstrap-7]   File "/home/theflash/Documents/roboracer/devkit_ws/install/racer_localization/lib/python3.10/site-packages/racer_localization/localization_bootstrap.py", line 746, in main
[localization_bootstrap-7]     rclpy.spin(node)
[localization_bootstrap-7]   File "/opt/ros/humble/local/lib/python3.10/dist-packages/rclpy/__init__.py", line 229, in spin
[localization_bootstrap-7]     executor.spin_once()
[localization_bootstrap-7]   File "/opt/ros/humble/local/lib/python3.10/dist-packages/rclpy/executors.py", line 773, in spin_once
[localization_bootstrap-7]     self._spin_once_impl(timeout_sec)
[localization_bootstrap-7]   File "/opt/ros/humble/local/lib/python3.10/dist-packages/rclpy/executors.py", line 762, in _spin_once_impl
[localization_bootstrap-7]     handler, entity, node = self.wait_for_ready_callbacks(timeout_sec=timeout_sec)
[localization_bootstrap-7]   File "/opt/ros/humble/local/lib/python3.10/dist-packages/rclpy/executors.py", line 745, in wait_for_ready_callbacks
[localization_bootstrap-7]     return next(self._cb_iter)
[localization_bootstrap-7]   File "/opt/ros/humble/local/lib/python3.10/dist-packages/rclpy/executors.py", line 646, in _wait_for_ready_callbacks
[localization_bootstrap-7]     raise ExternalShutdownException()
[localization_bootstrap-7] rclpy.executors.ExternalShutdownException
[INFO] [log_localization-9]: process has finished cleanly [pid 39133]
[ERROR] [localization_error-8]: process has died [pid 39131, exit code 1, cmd '/home/theflash/Documents/roboracer/devkit_ws/install/racer_localization/lib/racer_localization/localization_error --ros-args -r __node:=localization_error --params-file /tmp/launch_params_z9n58t8f'].
[ERROR] [localization_bootstrap-7]: process has died [pid 39129, exit code 1, cmd '/home/theflash/Documents/roboracer/devkit_ws/install/racer_localization/lib/racer_localization/localization_bootstrap --ros-args -r __node:=localization_bootstrap --params-file /tmp/launch_params_w1bp7h5g'].
[INFO] [lifecycle_manager-6]: process has finished cleanly [pid 39127]
[INFO] [map_server-4]: process has finished cleanly [pid 39123]
[dead_reckoning-2] Traceback (most recent call last):
[dead_reckoning-2]   File "/home/theflash/Documents/roboracer/devkit_ws/install/racer_localization/lib/racer_localization/dead_reckoning", line 33, in <module>
[dead_reckoning-2]     sys.exit(load_entry_point('racer-localization==0.1.0', 'console_scripts', 'dead_reckoning')())
[dead_reckoning-2]   File "/home/theflash/Documents/roboracer/devkit_ws/install/racer_localization/lib/python3.10/site-packages/racer_localization/dead_reckoning.py", line 308, in main
[dead_reckoning-2]     rclpy.spin(node)
[dead_reckoning-2]   File "/opt/ros/humble/local/lib/python3.10/dist-packages/rclpy/__init__.py", line 229, in spin
[dead_reckoning-2]     executor.spin_once()
[dead_reckoning-2]   File "/opt/ros/humble/local/lib/python3.10/dist-packages/rclpy/executors.py", line 773, in spin_once
[dead_reckoning-2]     self._spin_once_impl(timeout_sec)
[dead_reckoning-2]   File "/opt/ros/humble/local/lib/python3.10/dist-packages/rclpy/executors.py", line 770, in _spin_once_impl
[dead_reckoning-2]     raise handler.exception()
[dead_reckoning-2]   File "/opt/ros/humble/local/lib/python3.10/dist-packages/rclpy/task.py", line 254, in __call__
[dead_reckoning-2]     self._handler.send(None)
[dead_reckoning-2]   File "/opt/ros/humble/local/lib/python3.10/dist-packages/rclpy/executors.py", line 463, in handler
[dead_reckoning-2]     await call_coroutine(entity, arg)
[dead_reckoning-2]   File "/opt/ros/humble/local/lib/python3.10/dist-packages/rclpy/executors.py", line 371, in _execute_timer
[dead_reckoning-2]     await await_or_execute(tmr.callback)
[dead_reckoning-2]   File "/opt/ros/humble/local/lib/python3.10/dist-packages/rclpy/executors.py", line 107, in await_or_execute
[dead_reckoning-2]     return callback(*args)
[dead_reckoning-2]   File "/home/theflash/Documents/roboracer/devkit_ws/install/racer_localization/lib/python3.10/site-packages/racer_localization/dead_reckoning.py", line 285, in _tick
[dead_reckoning-2]     self.tfb.sendTransform(tf)
[dead_reckoning-2]   File "/opt/ros/humble/lib/python3.10/site-packages/tf2_ros/transform_broadcaster.py", line 77, in sendTransform
[dead_reckoning-2]     self.pub_tf.publish(TFMessage(transforms=transform))
[dead_reckoning-2]   File "/opt/ros/humble/local/lib/python3.10/dist-packages/rclpy/publisher.py", line 70, in publish
[dead_reckoning-2]     self.__publisher.publish(msg)
[dead_reckoning-2] rclpy._rclpy_pybind11.RCLError: Failed to publish: publisher's context is invalid, at ./src/rcl/publisher.c:389
[pure_pursuit-11] Traceback (most recent call last):
[pure_pursuit-11]   File "/home/theflash/Documents/roboracer/devkit_ws/install/racer_control/lib/racer_control/pure_pursuit", line 33, in <module>
[pure_pursuit-11]     sys.exit(load_entry_point('racer-control==0.1.0', 'console_scripts', 'pure_pursuit')())
[pure_pursuit-11]   File "/home/theflash/Documents/roboracer/devkit_ws/install/racer_control/lib/python3.10/site-packages/racer_control/pure_pursuit.py", line 1120, in main
[pure_pursuit-11]     rclpy.spin(node)
[pure_pursuit-11]   File "/opt/ros/humble/local/lib/python3.10/dist-packages/rclpy/__init__.py", line 229, in spin
[pure_pursuit-11]     executor.spin_once()
[pure_pursuit-11]   File "/opt/ros/humble/local/lib/python3.10/dist-packages/rclpy/executors.py", line 773, in spin_once
[pure_pursuit-11]     self._spin_once_impl(timeout_sec)
[pure_pursuit-11]   File "/opt/ros/humble/local/lib/python3.10/dist-packages/rclpy/executors.py", line 762, in _spin_once_impl
[pure_pursuit-11]     handler, entity, node = self.wait_for_ready_callbacks(timeout_sec=timeout_sec)
[pure_pursuit-11]   File "/opt/ros/humble/local/lib/python3.10/dist-packages/rclpy/executors.py", line 745, in wait_for_ready_callbacks
[INFO] [amcl-5]: process has finished cleanly [pid 39125]
[pure_pursuit-11]     return next(self._cb_iter)
[pure_pursuit-11]   File "/opt/ros/humble/local/lib/python3.10/dist-packages/rclpy/executors.py", line 646, in _wait_for_ready_callbacks
[pure_pursuit-11]     raise ExternalShutdownException()
[pure_pursuit-11] rclpy.executors.ExternalShutdownException
[ERROR] [dead_reckoning-2]: process has died [pid 39119, exit code 1, cmd '/home/theflash/Documents/roboracer/devkit_ws/install/racer_localization/lib/racer_localization/dead_reckoning --ros-args -r __node:=dead_reckoning --params-file /tmp/launch_params_kakeucxs'].
[ERROR] [pure_pursuit-11]: process has died [pid 39324, exit code 1, cmd '/home/theflash/Documents/roboracer/devkit_ws/install/racer_control/lib/racer_control/pure_pursuit --ros-args -r __node:=pure_pursuit --params-file /home/theflash/Documents/roboracer/devkit_ws/install/racer_control/share/racer_control/config/pure_pursuit.yaml --params-file /tmp/launch_params_11bcx37q --params-file /tmp/launch_params_5xzd7tf0'].
