[INFO] [launch]: All log files can be found below /home/theflash/.ros/log/2026-09-04-20-00-16-836448-theflash-ASUS-TUF-Gaming-F15-FX507ZI4-FX507ZI-38737
[INFO] [launch]: Default logging verbosity is set to INFO
[INFO] [launch.user]: [race] mode=dev  localizer=amcl  instruments=ON  bootstrap=truth
[INFO] [autodrive_bridge-1]: process started with pid [38742]
[INFO] [dead_reckoning-2]: process started with pid [38744]
[INFO] [amcl-5]: process started with pid [38750]
[INFO] [localization_bootstrap-7]: process started with pid [38754]
[INFO] [localization_error-8]: process started with pid [38756]
[INFO] [log_localization-9]: process started with pid [38758]
[INFO] [static_transform_publisher-3]: process started with pid [38746]
[INFO] [map_server-4]: process started with pid [38748]
[INFO] [lifecycle_manager-6]: process started with pid [38752]
[INFO] [static_transform_publisher-10]: process started with pid [38760]
[lifecycle_manager-6] 1788534016.897296 [0] lifecycle_: selected interface "lo" is not multicast-capable: disabling multicast
[static_transform_publisher-3] 1788534016.899007 [0] static_tra: selected interface "lo" is not multicast-capable: disabling multicast
[amcl-5] 1788534016.899810 [0]       amcl: selected interface "lo" is not multicast-capable: disabling multicast
[lifecycle_manager-6] [INFO] [1788534016.900465023] [lifecycle_manager_localization]: Creating
[static_transform_publisher-10] 1788534016.900994 [0] static_tra: selected interface "lo" is not multicast-capable: disabling multicast
[lifecycle_manager-6] [INFO] [1788534016.901728852] [lifecycle_manager_localization]: [34m[1mCreating and initializing lifecycle service clients[0m[0m
[static_transform_publisher-3] [INFO] [1788534016.904529247] [lidar_tf]: Spinning until stopped - publishing transform
[static_transform_publisher-3] translation: ('0.273300', '0.000000', '0.096000')
[static_transform_publisher-3] rotation: ('0.000000', '0.000000', '0.000000', '1.000000')
[static_transform_publisher-3] from 'roboracer_1' to 'lidar'
[amcl-5] [0m[INFO] [1788534016.905271499] [amcl]: 
[amcl-5] 	amcl lifecycle node launched. 
[amcl-5] 	Waiting on external lifecycle transitions to activate
[amcl-5] 	See https://design.ros2.org/articles/node_lifecycle.html for more information.[0m
[amcl-5] [0m[INFO] [1788534016.905803774] [amcl]: Creating[0m
[map_server-4] 1788534016.908376 [0] map_server: selected interface "lo" is not multicast-capable: disabling multicast
[static_transform_publisher-10] [INFO] [1788534016.909733535] [map_world_tf]: Spinning until stopped - publishing transform
[static_transform_publisher-10] translation: ('0.000000', '0.000000', '0.000000')
[static_transform_publisher-10] rotation: ('0.000000', '0.000000', '0.000000', '1.000000')
[static_transform_publisher-10] from 'map' to 'world'
[map_server-4] [INFO] [1788534016.915788878] [map_server]: 
[map_server-4] 	map_server lifecycle node launched. 
[map_server-4] 	Waiting on external lifecycle transitions to activate
[map_server-4] 	See https://design.ros2.org/articles/node_lifecycle.html for more information.
[map_server-4] [INFO] [1788534016.915969863] [map_server]: Creating
[lifecycle_manager-6] [INFO] [1788534016.917225481] [lifecycle_manager_localization]: [34m[1mStarting managed nodes bringup...[0m[0m
[lifecycle_manager-6] [INFO] [1788534016.917263719] [lifecycle_manager_localization]: [34m[1mConfiguring map_server[0m[0m
[map_server-4] [INFO] [1788534016.930986216] [map_server]: Configuring
[map_server-4] [INFO] [1788534016.931064792] [map_io]: Loading yaml file: /home/theflash/Documents/roboracer/devkit_ws/src/racer_mapping/maps/track_clean.yaml
[map_server-4] [INFO] [1788534016.931317582] [map_io]: resolution: 0.05
[map_server-4] [INFO] [1788534016.931325899] [map_io]: origin[0]: -3.71
[map_server-4] [INFO] [1788534016.931330039] [map_io]: origin[1]: -8.61
[map_server-4] [INFO] [1788534016.931334037] [map_io]: origin[2]: 0
[map_server-4] [INFO] [1788534016.931338409] [map_io]: free_thresh: 0.25
[map_server-4] [INFO] [1788534016.931342567] [map_io]: occupied_thresh: 0.65
[map_server-4] [INFO] [1788534016.931346961] [map_io]: mode: trinary
[map_server-4] [INFO] [1788534016.931351473] [map_io]: negate: 0
[map_server-4] [INFO] [1788534016.931528677] [map_io]: Loading image_file: /home/theflash/Documents/roboracer/devkit_ws/src/racer_mapping/maps/track_clean.pgm
[map_server-4] [INFO] [1788534016.935176009] [map_io]: Read map /home/theflash/Documents/roboracer/devkit_ws/src/racer_mapping/maps/track_clean.pgm: 108 X 316 map @ 0.05 m/cell
[lifecycle_manager-6] [INFO] [1788534016.937277975] [lifecycle_manager_localization]: [34m[1mConfiguring amcl[0m[0m
[amcl-5] [0m[INFO] [1788534016.937466856] [amcl]: Configuring[0m
[amcl-5] [0m[INFO] [1788534016.937577890] [amcl]: initTransforms[0m
[amcl-5] [0m[INFO] [1788534016.942982097] [amcl]: initPubSub[0m
[amcl-5] [0m[INFO] [1788534016.944918177] [amcl]: Subscribed to map topic.[0m
[lifecycle_manager-6] [INFO] [1788534016.946871723] [lifecycle_manager_localization]: [34m[1mActivating map_server[0m[0m
[map_server-4] [INFO] [1788534016.946991293] [map_server]: Activating
[map_server-4] [INFO] [1788534016.947105022] [map_server]: Creating bond (map_server) to lifecycle manager.
[amcl-5] [0m[INFO] [1788534016.948326761] [amcl]: Received a 108 X 316 map @ 0.050 m/pix[0m
[lifecycle_manager-6] [INFO] [1788534017.050917899] [lifecycle_manager_localization]: Server map_server connected with bond.
[lifecycle_manager-6] [INFO] [1788534017.050970352] [lifecycle_manager_localization]: [34m[1mActivating amcl[0m[0m
[amcl-5] [0m[INFO] [1788534017.051166436] [amcl]: Activating[0m
[amcl-5] [0m[INFO] [1788534017.051207221] [amcl]: initialPoseReceived[0m
[amcl-5] [0m[INFO] [1788534017.051297880] [amcl]: Setting pose (1788534017.051298): 0.710 0.020 -1.599[0m
[amcl-5] [0m[INFO] [1788534017.053199545] [amcl]: Creating bond (amcl) to lifecycle manager.[0m
[lifecycle_manager-6] [INFO] [1788534017.154840132] [lifecycle_manager_localization]: Server amcl connected with bond.
[lifecycle_manager-6] [INFO] [1788534017.154891590] [lifecycle_manager_localization]: [34m[1mManaged nodes are active[0m[0m
[lifecycle_manager-6] [INFO] [1788534017.154909319] [lifecycle_manager_localization]: [34m[1mCreating bond timer...[0m[0m
[localization_error-8] 1788534017.235816 [0] localizati: selected interface "lo" is not multicast-capable: disabling multicast
[localization_bootstrap-7] 1788534017.271359 [0] localizati: selected interface "lo" is not multicast-capable: disabling multicast
[localization_error-8] [31m[ERROR] [1788534017.315420979] [localization_error]: RESTRICTED TOPIC: reading /autodrive/roboracer_1/odom (simulator ground-truth pose and twist) -- continuous comparison against TF map -> roboracer_1. This run is NOT race-legal; any lap time from it is a development number. See racer_common/restricted.py.[0m
[localization_error-8] [0m[INFO] [1788534017.316134780] [localization_error]: sampling starts 1.0 s after /localization_ready; bootstrap is excluded (require_ready:=false to include it)[0m
[dead_reckoning-2] 1788534017.316440 [0] dead_recko: selected interface "lo" is not multicast-capable: disabling multicast
[localization_error-8] [0m[INFO] [1788534017.335919020] [localization_error]: waiting for TF map -> roboracer_1: Could not find a connection between 'map' and 'roboracer_1' because they are not part of the same tree.Tf has two or more unconnected trees.[0m
[localization_bootstrap-7] [0m[INFO] [1788534017.345910901] [localization_bootstrap]: WARMUP SEED: reading /autodrive/roboracer_1/ips (simulator ground-truth position) ONCE -- initial pose seed. Legal: the first lap is warmup, this is read before the car moves, and it is released immediately after. Nothing reads ground truth afterwards.[0m
[localization_bootstrap-7] [0m[INFO] [1788534017.346720523] [localization_bootstrap]: mode=truth: seeding the initial pose from /ips + /imu before the car moves, then releasing /ips. Tracking is lidar + map + dead reckoning from there on.[0m
[localization_bootstrap-7] [0m[INFO] [1788534017.347249570] [localization_bootstrap]: waiting for amcl to reach the active state before sending anything[0m
[log_localization-9] 1788534017.371742 [0] log_locali: selected interface "lo" is not multicast-capable: disabling multicast
[dead_reckoning-2] [0m[INFO] [1788534017.389397477] [dead_reckoning]: dead reckoning: odom -> roboracer_1, wheel r=0.0581 m, scale=1.0, 200 Hz, tf +20 ms, extrapolate yaw=True pos=True[0m
[localization_bootstrap-7] [0m[INFO] [1788534017.398853166] [localization_bootstrap]: amcl is ACTIVE -- an initial pose will now be accepted[0m
[log_localization-9] [31m[ERROR] [1788534017.420212505] [log_localization]: RESTRICTED TOPIC: reading /autodrive/roboracer_1/ips (simulator ground-truth position) -- continuous logging against the estimate. This run is NOT race-legal; any lap time from it is a development number. See racer_common/restricted.py.[0m
[log_localization-9] [31m[ERROR] [1788534017.420511198] [log_localization]: RESTRICTED TOPIC: reading /autodrive/roboracer_1/odom (simulator ground-truth pose and twist) -- continuous logging against the estimate. This run is NOT race-legal; any lap time from it is a development number. See racer_common/restricted.py.[0m
[log_localization-9] [0m[INFO] [1788534017.420913132] [log_localization]: logging to /home/theflash/Documents/roboracer/run34a_bridgecpu.csv at 50 Hz until Ctrl-C[0m
[autodrive_bridge-1] 1788534017.644341 [0] autodrive_: selected interface "lo" is not multicast-capable: disabling multicast
[autodrive_bridge-1] Connected!
[amcl-5] [0m[INFO] [1788534017.747808023] [amcl]: initialPoseReceived[0m
[amcl-5] [31m[ERROR] [1788534017.747860323] [amcl]: Received initialpose message is malformed. Rejecting.[0m
[localization_bootstrap-7] [0m[INFO] [1788534017.748058623] [localization_bootstrap]: seed 1/5: x=-2.433 y=-4.289 yaw=+37.1 deg -- awaiting confirmation[0m
[localization_bootstrap-7] [33m[WARN] [1788534017.748339692] [localization_bootstrap]: MEASURED SPAWN is 5.334 m / 128.7 deg from racer_common.frames.SPAWN_* -- OUTSIDE slam_toolbox's +-0.5 m seed search, so any run that falls back to it CANNOT recover and the offset is frozen for the whole run. This run is seeded and therefore fine; the FALLBACK is what is wrong.
[localization_bootstrap-7]     Paste into racer_common/frames.py so bootstrap:=false and bootstrap_mode:=global start somewhere real:
[localization_bootstrap-7]         SPAWN_X = '-2.433'
[localization_bootstrap-7]         SPAWN_Y = '-4.289'
[localization_bootstrap-7]         SPAWN_YAW = '0.6476'[0m
[log_localization-9] [0m[INFO] [1788534017.761658201] [log_localization]: waiting for TF map -> roboracer_1 ...[0m
[amcl-5] [0m[INFO] [1788534017.790041636] [amcl]: createLaserObject[0m
[amcl-5] [0m[INFO] [1788534017.847856474] [amcl]: Requesting no-motion update[0m
[amcl-5] [0m[INFO] [1788534018.243156694] [amcl]: Message Filter dropping message: frame 'lidar' at time 1788534017.743 for reason 'the timestamp on the message is earlier than all the data in the transform cache'[0m
[amcl-5] [0m[INFO] [1788534018.298005203] [amcl]: Requesting no-motion update[0m
[amcl-5] [0m[INFO] [1788534018.747654890] [amcl]: Requesting no-motion update[0m
[pure_pursuit] launch overrides: {'control_hz': 40.0}
[INFO] [pure_pursuit-11]: process started with pid [38974]
[amcl-5] [0m[INFO] [1788534019.147765185] [amcl]: Requesting no-motion update[0m
[pure_pursuit-11] 1788534019.223737 [0] pure_pursu: selected interface "lo" is not multicast-capable: disabling multicast
[pure_pursuit-11] [0m[INFO] [1788534019.271593145] [pure_pursuit]: path: 400 points, 27.82 m lap, from /home/theflash/Documents/roboracer/raceline/raceline_a7.0.csv[0m
[pure_pursuit-11] [0m[INFO] [1788534019.274014759] [pure_pursuit]: pose from TF map -> roboracer_1 (continuous); /amcl_pose kept as a fallback[0m
[pure_pursuit-11] [0m[INFO] [1788534019.274538518] [pure_pursuit]: steering on /amcl_pose[0m
[pure_pursuit-11] [0m[INFO] [1788534019.275847342] [pure_pursuit]: speed_source=tire  throttle_mode=slip  slip band [-0.08, +0.08]  u_launch 0.4 m/s  lookahead 0.8-2.2 m (k 0.55)  latency_comp 0.05 s[0m
[pure_pursuit-11] [33m[WARN] [1788534019.276065793] [pure_pursuit]: dev_lap_telemetry ON: subscribing to RESTRICTED lap topics[0m
[pure_pursuit-11] [0m[INFO] [1788534019.277051220] [pure_pursuit]: holding until /localization_ready[0m
[pure_pursuit-11] [0m[INFO] [1788534019.309106380] [pure_pursuit]: lap 13: 6.62 s[0m
[localization_bootstrap-7] [0m[INFO] [1788534019.348025157] [localization_bootstrap]: seed 1/5 sent, awaiting a fresh /amcl_pose to confirm it[0m
[amcl-5] [0m[INFO] [1788534019.548296238] [amcl]: Requesting no-motion update[0m
[localization_bootstrap-7] [33m[WARN] [1788534019.748414180] [localization_bootstrap]: seed 1 not adopted -- the estimate is 4.71 m / 131.5 deg from TRUTH, tolerance 0.30 m / 15.0 deg (speed 0.0 m/s); re-seeding[0m
[amcl-5] [0m[INFO] [1788534019.748999350] [amcl]: initialPoseReceived[0m
[amcl-5] [0m[INFO] [1788534019.749111290] [amcl]: Setting pose (1788534019.749111): -2.018 -4.046 0.506[0m
[localization_bootstrap-7] [0m[INFO] [1788534019.749242776] [localization_bootstrap]: seed 2/5: x=-2.018 y=-4.046 yaw=+29.0 deg -- awaiting confirmation[0m
[log_localization-9] [0m[INFO] [1788534019.841671399] [log_localization]:    2.0 s     0.3 m  err 0.003 m (along +0.003 cross -0.001) yaw  -0.30 deg  m->o yaw  -0.30 deg | fit true 0.058 est 0.053 (x0.92)  enc/true nan  dr_err 0.44 m[0m
[amcl-5] [0m[INFO] [1788534019.997632742] [amcl]: Requesting no-motion update[0m
[amcl-5] [0m[INFO] [1788534020.398084786] [amcl]: Requesting no-motion update[0m
[amcl-5] [0m[INFO] [1788534020.847814518] [amcl]: Requesting no-motion update[0m
[amcl-5] [0m[INFO] [1788534021.297710668] [amcl]: Requesting no-motion update[0m
[localization_bootstrap-7] [0m[INFO] [1788534021.348004966] [localization_bootstrap]: seed 2/5 sent, awaiting a fresh /amcl_pose to confirm it[0m
[amcl-5] [0m[INFO] [1788534021.747849782] [amcl]: Requesting no-motion update[0m
[localization_bootstrap-7] [0m[INFO] [1788534021.798534957] [localization_bootstrap]: localization_bootstrap: released /autodrive/roboracer_1/ips -- no restricted topic is read from here on; the timed laps are clean.[0m
[localization_bootstrap-7] [0m[INFO] [1788534021.798892200] [localization_bootstrap]: seed CONFIRMED on attempt 2: the estimate is 0.3 cm / 0.6 deg from truth (pos std 0.059 m). Tracking is now lidar + map + dead reckoning only.[0m
[localization_bootstrap-7] [0m[INFO] [1788534021.799085628] [localization_bootstrap]: /localization_ready = true, follower may take over[0m
[localization_error-8] [0m[INFO] [1788534021.799149617] [localization_error]: /localization_ready latched -- sampling opens in 1.0 s (71 bootstrap samples discarded)[0m
[pure_pursuit-11] [0m[INFO] [1788534021.799332196] [pure_pursuit]: localization converged, taking over[0m
[log_localization-9] [0m[INFO] [1788534021.842186725] [log_localization]:    4.0 s     0.3 m  err 0.003 m (along +0.003 cross +0.002) yaw  -0.57 deg  m->o yaw  -0.57 deg | fit true 0.058 est 0.054 (x0.94)  enc/true nan  dr_err 0.44 m[0m
[localization_error-8] [0m[INFO] [1788534022.286441910] [localization_error]: holding: waiting for /localization_ready (81 samples discarded so far). Pass require_ready:=false when localization_bootstrap is not running.[0m
[log_localization-9] [0m[INFO] [1788534023.842161805] [log_localization]:    6.0 s     6.5 m  err 0.078 m (along +0.077 cross +0.011) yaw  +0.53 deg  m->o yaw  +0.22 deg | fit true 0.004 est 0.022 (x5.79)  enc/true 1.031  dr_err 0.32 m[0m
[pure_pursuit-11] [0m[INFO] [1788534025.661696335] [pure_pursuit]: lap 14: 150.25 s[0m
[log_localization-9] [0m[INFO] [1788534025.841603233] [log_localization]:    8.0 s    13.4 m  err 0.239 m (along +0.230 cross -0.065) yaw  -1.65 deg  m->o yaw  -1.12 deg | fit true 0.014 est 0.031 (x2.29)  enc/true 1.028  dr_err 0.26 m[0m
[localization_error-8] [0m[INFO] [1788534027.286874514] [localization_error]: now[ 90] 0.375 m / 1.59 deg  |  session[n=90] mean 0.375 p95 0.718 max 0.765 m, heading mean 1.59 max 5.96 deg[0m
[log_localization-9] [0m[INFO] [1788534027.841710290] [log_localization]:   10.0 s    23.8 m  err 0.034 m (along -0.034 cross -0.006) yaw  +3.10 deg  m->o yaw  +2.91 deg | fit true 0.027 est 0.029 (x1.08)  enc/true 1.017  dr_err 0.32 m[0m
[log_localization-9] [0m[INFO] [1788534029.842115044] [log_localization]:   12.0 s    30.9 m  err 0.067 m (along +0.067 cross +0.003) yaw  -0.62 deg  m->o yaw  -0.09 deg | fit true 0.011 est 0.018 (x1.57)  enc/true 1.020  dr_err 0.18 m[0m
[log_localization-9] [0m[INFO] [1788534031.841750260] [log_localization]:   14.0 s    38.9 m  err 0.062 m (along +0.053 cross -0.033) yaw  +0.15 deg  m->o yaw  +1.29 deg | fit true 0.007 est 0.001 (x0.19)  enc/true 1.018  dr_err 0.05 m[0m
[pure_pursuit-11] [0m[INFO] [1788534032.286390079] [pure_pursuit]: lap 15: 6.64 s[0m
[localization_error-8] [0m[INFO] [1788534032.286604949] [localization_error]: now[190] 0.317 m / 2.43 deg  |  session[n=190] mean 0.317 p95 0.682 max 0.765 m, heading mean 2.43 max 8.90 deg[0m
[log_localization-9] [0m[INFO] [1788534033.841756413] [log_localization]:   16.0 s    49.2 m  err 0.275 m (along -0.273 cross -0.028) yaw  +2.71 deg  m->o yaw  +2.28 deg | fit true 0.019 est 0.040 (x2.11)  enc/true 1.020  dr_err 0.33 m[0m
[log_localization-9] [0m[INFO] [1788534035.842102799] [log_localization]:   18.0 s    56.2 m  err 0.216 m (along +0.210 cross -0.052) yaw  -0.65 deg  m->o yaw  -0.42 deg | fit true 0.049 est 0.051 (x1.04)  enc/true 1.020  dr_err 0.08 m[0m
[localization_error-8] [0m[INFO] [1788534037.286586384] [localization_error]: now[200] 0.326 m / 3.02 deg  |  session[n=290] mean 0.341 p95 0.666 max 0.765 m, heading mean 2.58 max 8.90 deg[0m
[log_localization-9] [0m[INFO] [1788534037.841818985] [log_localization]:   20.0 s    64.9 m  err 0.093 m (along -0.092 cross -0.013) yaw  +4.04 deg  m->o yaw  +3.97 deg | fit true 0.027 est 0.016 (x0.61)  enc/true 1.017  dr_err 0.10 m[0m
[pure_pursuit-11] [0m[INFO] [1788534038.922877808] [pure_pursuit]: lap 16: 6.64 s[0m
[log_localization-9] [0m[INFO] [1788534039.841428299] [log_localization]:   22.0 s    73.2 m  err 0.263 m (along +0.263 cross -0.007) yaw  +0.99 deg  m->o yaw  -0.07 deg | fit true 0.020 est 0.036 (x1.81)  enc/true 1.022  dr_err 0.41 m[0m
[log_localization-9] [0m[INFO] [1788534041.841849610] [log_localization]:   24.0 s    81.7 m  err 0.102 m (along +0.086 cross -0.055) yaw  -1.72 deg  m->o yaw  -1.94 deg | fit true 0.029 est 0.038 (x1.28)  enc/true 1.018  dr_err 0.10 m[0m
[localization_error-8] [0m[INFO] [1788534042.286717925] [localization_error]: now[200] 0.333 m / 2.69 deg  |  session[n=390] mean 0.325 p95 0.679 max 0.860 m, heading mean 2.57 max 9.36 deg[0m
[log_localization-9] [0m[INFO] [1788534043.841360035] [log_localization]:   26.0 s    90.5 m  err 0.021 m (along -0.019 cross +0.010) yaw  +2.00 deg  m->o yaw  +1.26 deg | fit true 0.007 est 0.026 (x3.95)  enc/true 1.019  dr_err 0.15 m[0m
[pure_pursuit-11] [0m[INFO] [1788534045.537878446] [pure_pursuit]: lap 17: 6.59 s[0m
[log_localization-9] [0m[INFO] [1788534045.841448218] [log_localization]:   28.0 s    97.6 m  err 0.209 m (along +0.203 cross -0.051) yaw  -0.45 deg  m->o yaw  -0.43 deg | fit true 0.014 est 0.034 (x2.36)  enc/true 1.019  dr_err 0.24 m[0m
[localization_error-8] [0m[INFO] [1788534047.286844827] [localization_error]: now[200] 0.313 m / 2.42 deg  |  session[n=490] mean 0.330 p95 0.679 max 0.860 m, heading mean 2.51 max 9.36 deg[0m
[log_localization-9] [0m[INFO] [1788534047.841914012] [log_localization]:   30.0 s   107.8 m  err 0.012 m (along +0.011 cross +0.006) yaw  +1.67 deg  m->o yaw  +1.81 deg | fit true 0.025 est 0.028 (x1.10)  enc/true 1.018  dr_err 0.16 m[0m
[log_localization-9] [0m[INFO] [1788534049.841681016] [log_localization]:   32.0 s   115.3 m  err 0.124 m (along +0.124 cross +0.001) yaw  -0.17 deg  m->o yaw  -0.47 deg | fit true 0.003 est 0.021 (x8.07)  enc/true 1.019  dr_err 0.15 m[0m
[log_localization-9] [0m[INFO] [1788534051.841430192] [log_localization]:   34.0 s   122.9 m  err 0.100 m (along +0.090 cross -0.043) yaw  +0.23 deg  m->o yaw  +0.65 deg | fit true 0.006 est 0.004 (x0.68)  enc/true 1.018  dr_err 0.25 m[0m
[pure_pursuit-11] [0m[INFO] [1788534052.159270357] [pure_pursuit]: lap 18: 6.61 s[0m
[localization_error-8] [0m[INFO] [1788534052.286590130] [localization_error]: now[200] 0.299 m / 2.41 deg  |  session[n=590] mean 0.316 p95 0.653 max 0.860 m, heading mean 2.51 max 9.42 deg[0m
[log_localization-9] [0m[INFO] [1788534053.841559721] [log_localization]:   36.0 s   133.5 m  err 0.193 m (along -0.187 cross -0.048) yaw  +2.66 deg  m->o yaw  +2.45 deg | fit true 0.044 est 0.045 (x1.02)  enc/true 1.018  dr_err 0.29 m[0m
[log_localization-9] [0m[INFO] [1788534055.841414764] [log_localization]:   38.0 s   140.4 m  err 0.114 m (along +0.113 cross -0.016) yaw  +0.14 deg  m->o yaw  -0.11 deg | fit true 0.040 est 0.029 (x0.74)  enc/true 1.019  dr_err 0.27 m[0m
[localization_error-8] [0m[INFO] [1788534057.286413411] [localization_error]: now[200] 0.291 m / 2.30 deg  |  session[n=690] mean 0.319 p95 0.654 max 0.860 m, heading mean 2.45 max 9.42 deg[0m
[log_localization-9] [0m[INFO] [1788534057.841432480] [log_localization]:   40.0 s   149.0 m  err 0.180 m (along -0.180 cross -0.007) yaw  +9.78 deg  m->o yaw  +9.43 deg | fit true 0.015 est 0.045 (x3.13)  enc/true 1.018  dr_err 0.25 m[0m
[pure_pursuit-11] [0m[INFO] [1788534058.817776896] [pure_pursuit]: lap 19: 6.67 s[0m
[log_localization-9] [0m[INFO] [1788534059.841815520] [log_localization]:   42.0 s   157.7 m  err 0.236 m (along +0.235 cross -0.011) yaw  +0.69 deg  m->o yaw  -0.52 deg | fit true 0.001 est 0.020 (x25.71)  enc/true 1.020  dr_err 0.48 m[0m
[log_localization-9] [0m[INFO] [1788534061.841410640] [log_localization]:   44.0 s   165.7 m  err 0.159 m (along +0.149 cross -0.057) yaw  -3.12 deg  m->o yaw  -3.01 deg | fit true 0.043 est 0.069 (x1.62)  enc/true 1.018  dr_err 0.23 m[0m
[localization_error-8] [0m[INFO] [1788534062.286587485] [localization_error]: now[200] 0.298 m / 2.34 deg  |  session[n=790] mean 0.312 p95 0.649 max 0.860 m, heading mean 2.47 max 9.42 deg[0m
[log_localization-9] [0m[INFO] [1788534063.841406613] [log_localization]:   46.0 s   174.7 m  err 0.005 m (along -0.003 cross +0.004) yaw  +1.22 deg  m->o yaw  +0.90 deg | fit true 0.005 est 0.014 (x2.86)  enc/true 1.018  dr_err 0.34 m[0m
[pure_pursuit-11] [0m[INFO] [1788534065.417055970] [pure_pursuit]: lap 20: 6.62 s[0m
[log_localization-9] [0m[INFO] [1788534065.841729647] [log_localization]:   48.0 s   181.7 m  err 0.182 m (along +0.178 cross -0.035) yaw  +0.66 deg  m->o yaw  +0.08 deg | fit true 0.010 est 0.027 (x2.72)  enc/true 1.019  dr_err 0.42 m[0m
[localization_error-8] [0m[INFO] [1788534067.287007992] [localization_error]: now[200] 0.298 m / 2.42 deg  |  session[n=890] mean 0.314 p95 0.646 max 0.860 m, heading mean 2.44 max 9.42 deg[0m
[log_localization-9] [0m[INFO] [1788534067.841489919] [log_localization]:   50.0 s   191.7 m  err 0.011 m (along +0.010 cross -0.005) yaw  +2.07 deg  m->o yaw  +2.11 deg | fit true 0.023 est 0.035 (x1.51)  enc/true 1.018  dr_err 0.32 m[0m
[log_localization-9] [0m[INFO] [1788534069.842042354] [log_localization]:   52.0 s   199.4 m  err 0.174 m (along +0.172 cross +0.027) yaw  +0.58 deg  m->o yaw  +0.85 deg | fit true 0.001 est 0.012 (x14.89)  enc/true 1.018  dr_err 0.44 m[0m
[log_localization-9] [0m[INFO] [1788534071.842062443] [log_localization]:   54.0 s   206.8 m  err 0.100 m (along +0.086 cross -0.050) yaw  -1.14 deg  m->o yaw  -0.71 deg | fit true 0.021 est 0.029 (x1.42)  enc/true 1.018  dr_err 0.54 m[0m
[pure_pursuit-11] [0m[INFO] [1788534072.091586916] [pure_pursuit]: lap 21: 6.64 s[0m
[localization_error-8] [0m[INFO] [1788534072.287225410] [localization_error]: now[200] 0.306 m / 2.39 deg  |  session[n=990] mean 0.311 p95 0.632 max 0.860 m, heading mean 2.45 max 9.42 deg[0m
[log_localization-9] [0m[INFO] [1788534073.841399067] [log_localization]:   56.0 s   217.2 m  err 0.125 m (along -0.122 cross -0.027) yaw  +2.21 deg  m->o yaw  +2.67 deg | fit true 0.039 est 0.033 (x0.86)  enc/true 1.018  dr_err 0.48 m[0m
[log_localization-9] [0m[INFO] [1788534075.841374911] [log_localization]:   58.0 s   224.3 m  err 0.121 m (along +0.119 cross -0.022) yaw  -0.08 deg  m->o yaw  +0.80 deg | fit true 0.038 est 0.021 (x0.56)  enc/true 1.018  dr_err 0.53 m[0m
[localization_error-8] [0m[INFO] [1788534077.286789050] [localization_error]: now[200] 0.311 m / 2.33 deg  |  session[n=1090] mean 0.313 p95 0.633 max 0.860 m, heading mean 2.42 max 9.42 deg[0m
[log_localization-9] [0m[INFO] [1788534077.841371092] [log_localization]:   60.0 s   232.8 m  err 0.047 m (along -0.044 cross -0.017) yaw  +4.76 deg  m->o yaw  +4.73 deg | fit true 0.027 est 0.027 (x1.02)  enc/true 1.018  dr_err 0.55 m[0m
[pure_pursuit-11] [0m[INFO] [1788534078.735478736] [pure_pursuit]: lap 22: 6.63 s[0m
[log_localization-9] [0m[INFO] [1788534079.841569051] [log_localization]:   62.0 s   241.9 m  err 0.066 m (along +0.066 cross -0.001) yaw  +0.20 deg  m->o yaw  +0.15 deg | fit true 0.010 est 0.008 (x0.84)  enc/true 1.019  dr_err 0.62 m[0m
[log_localization-9] [0m[INFO] [1788534081.841568165] [log_localization]:   64.0 s   249.5 m  err 0.179 m (along +0.169 cross -0.060) yaw  -3.90 deg  m->o yaw  -3.67 deg | fit true 0.049 est 0.074 (x1.50)  enc/true 1.018  dr_err 0.52 m[0m
[localization_error-8] [0m[INFO] [1788534082.286538663] [localization_error]: now[200] 0.313 m / 2.19 deg  |  session[n=1190] mean 0.311 p95 0.638 max 0.860 m, heading mean 2.41 max 9.42 deg[0m
[static_transform_publisher-10] [INFO] [1788534082.667849035] [rclcpp]: signal_handler(signum=2)
[lifecycle_manager-6] [INFO] [1788534082.667852867] [rclcpp]: signal_handler(signum=2)
[map_server-4] [INFO] [1788534082.667856092] [rclcpp]: signal_handler(signum=2)
[static_transform_publisher-3] [INFO] [1788534082.667857757] [rclcpp]: signal_handler(signum=2)
[amcl-5] [0m[INFO] [1788534082.667851985] [rclcpp]: signal_handler(signum=2)[0m
[amcl-5] [0m[INFO] [1788534082.667944983] [amcl]: Running Nav2 LifecycleNode rcl preshutdown (amcl)[0m
[localization_error-8] 
[localization_error-8] ==============================================================
[localization_error-8]   localization error over 1197 updates (91 bootstrap samples excluded)
[localization_error-8]     source    TF map -> roboracer_1
[lifecycle_manager-6] [INFO] [1788534082.667958680] [lifecycle_manager_localization]: Running Nav2 LifecycleManager rcl preshutdown (lifecycle_manager_localization)
[lifecycle_manager-6] [INFO] [1788534082.668005725] [lifecycle_manager_localization]: [34m[1mTerminating bond timer...[0m[0m
[amcl-5] [0m[INFO] [1788534082.668027858] [amcl]: Deactivating[0m
[amcl-5] [0m[INFO] [1788534082.668055345] [amcl]: Destroying bond (amcl) to lifecycle manager.[0m
[log_localization-9] 
[log_localization-9]   wrote 3241 rows to /home/theflash/Documents/roboracer/run34a_bridgecpu.csv
[log_localization-9]   peak position error 4.945 m, peak heading error 131.52 deg
[log_localization-9]   first column to read is m2o_yaw_deg: it must be ~0. If it is not,
[log_localization-9]   the scan matcher is rotating a heading that was already exact.
[autodrive_bridge-1] Traceback (most recent call last):
[autodrive_bridge-1]   File "/home/theflash/.local/lib/python3.10/site-packages/socketio/client.py", line 25, in signal_handler
[autodrive_bridge-1]     return original_signal_handler(sig, frame)
[autodrive_bridge-1] TypeError: 'Handlers' object is not callable
[autodrive_bridge-1] 2026-09-04T15:01:22Z
[localization_error-8]     position  mean 0.312  p95 0.637  max 0.860  m
[map_server-4] [INFO] [1788534082.668172355] [map_server]: Running Nav2 LifecycleNode rcl preshutdown (map_server)
[map_server-4] [INFO] [1788534082.668234912] [map_server]: Deactivating
[map_server-4] [INFO] [1788534082.668256521] [map_server]: Destroying bond (map_server) to lifecycle manager.
[localization_error-8]     heading   mean 2.41  p95 5.72  max 9.42  deg
[localization_error-8] ==============================================================
[pure_pursuit-11] [33m[WARN] [1788534082.668810064] [pure_pursuit]: context already shut down; stop command not sent[0m
[localization_error-8]   WARNING: p95 error exceeds the raceline wall margin (0.134 m).
[localization_error-8]            Expect contact at the tightest point of the lap.
[pure_pursuit-11] Failed to publish log message to rosout: publisher's context is invalid, at ./src/rcl/publisher.c:389
[amcl-5] [0m[INFO] [1788534082.678296962] [amcl]: Cleaning up[0m
[map_server-4] [INFO] [1788534082.678453971] [map_server]: Cleaning up
[map_server-4] [INFO] [1788534082.678495792] [map_server]: Destroying bond (map_server) to lifecycle manager.
[autodrive_bridge-1] Traceback (most recent call last):
[autodrive_bridge-1]   File "/home/theflash/Documents/roboracer/devkit_ws/install/autodrive_roboracer/lib/autodrive_roboracer/autodrive_bridge", line 33, in <module>
[autodrive_bridge-1]     sys.exit(load_entry_point('autodrive-roboracer==0.1.0', 'console_scripts', 'autodrive_bridge')())
[autodrive_bridge-1]   File "/home/theflash/Documents/roboracer/devkit_ws/install/autodrive_roboracer/lib/python3.10/site-packages/autodrive_roboracer/autodrive_bridge.py", line 442, in main
[autodrive_bridge-1]     pywsgi.WSGIServer(('', 4567), app, handler_class=WebSocketHandler).serve_forever() # Deploy as a gevent WSGI server
[autodrive_bridge-1]   File "/home/theflash/.local/lib/python3.10/site-packages/gevent/baseserver.py", line 400, in serve_forever
[autodrive_bridge-1]     self._stop_event.wait()
[autodrive_bridge-1]   File "src/gevent/event.py", line 163, in gevent._gevent_cevent.Event.wait
[autodrive_bridge-1]   File "src/gevent/_abstract_linkable.py", line 521, in gevent._gevent_c_abstract_linkable.AbstractLinkable._wait
[autodrive_bridge-1]   File "src/gevent/_abstract_linkable.py", line 487, in gevent._gevent_c_abstract_linkable.AbstractLinkable._wait_core
[autodrive_bridge-1]   File "src/gevent/_abstract_linkable.py", line 490, in gevent._gevent_c_abstract_linkable.AbstractLinkable._wait_core
[autodrive_bridge-1]   File "src/gevent/_abstract_linkable.py", line 442, in gevent._gevent_c_abstract_linkable.AbstractLinkable._AbstractLinkable__wait_to_be_notified
[autodrive_bridge-1]   File "src/gevent/_abstract_linkable.py", line 451, in gevent._gevent_c_abstract_linkable.AbstractLinkable._switch_to_hub
[autodrive_bridge-1]   File "src/gevent/_greenlet_primitives.py", line 61, in gevent._gevent_c_greenlet_primitives.SwitchOutGreenletWithLoop.switch
[autodrive_bridge-1]   File "src/gevent/_greenlet_primitives.py", line 65, in gevent._gevent_c_greenlet_primitives.SwitchOutGreenletWithLoop.switch
[autodrive_bridge-1]   File "src/gevent/_gevent_c_greenlet_primitives.pxd", line 35, in gevent._gevent_c_greenlet_primitives._greenlet_switch
[autodrive_bridge-1]   File "/home/theflash/.local/lib/python3.10/site-packages/socketio/client.py", line 25, in signal_handler
[autodrive_bridge-1]     return original_signal_handler(sig, frame)
[autodrive_bridge-1] TypeError: 'Handlers' object is not callable
[amcl-5] [0m[INFO] [1788534082.684590564] [amcl]: Destroying bond (amcl) to lifecycle manager.[0m
[map_server-4] [INFO] [1788534082.769662118] [map_server]: Destroying
[lifecycle_manager-6] [INFO] [1788534082.772075112] [lifecycle_manager_localization]: Destroying lifecycle_manager_localization
[ERROR] [autodrive_bridge-1]: process has died [pid 38742, exit code 1, cmd '/home/theflash/Documents/roboracer/devkit_ws/install/autodrive_roboracer/lib/autodrive_roboracer/autodrive_bridge --ros-args -r __node:=autodrive_bridge -r /tf:=/tf_ground_truth'].
[amcl-5] [0m[INFO] [1788534082.853215659] [amcl]: Destroying[0m
[INFO] [static_transform_publisher-10]: process has finished cleanly [pid 38760]
[INFO] [static_transform_publisher-3]: process has finished cleanly [pid 38746]
[localization_error-8] Traceback (most recent call last):
[localization_error-8]   File "/home/theflash/Documents/roboracer/devkit_ws/install/racer_localization/lib/racer_localization/localization_error", line 33, in <module>
[localization_error-8]     sys.exit(load_entry_point('racer-localization==0.1.0', 'console_scripts', 'localization_error')())
[localization_error-8]   File "/home/theflash/Documents/roboracer/devkit_ws/install/racer_localization/lib/python3.10/site-packages/racer_localization/localization_error.py", line 291, in main
[localization_error-8]     rclpy.spin(node)
[localization_error-8]   File "/opt/ros/humble/local/lib/python3.10/dist-packages/rclpy/__init__.py", line 229, in spin
[localization_error-8]     executor.spin_once()
[localization_error-8]   File "/opt/ros/humble/local/lib/python3.10/dist-packages/rclpy/executors.py", line 773, in spin_once
[localization_error-8]     self._spin_once_impl(timeout_sec)
[localization_error-8]   File "/opt/ros/humble/local/lib/python3.10/dist-packages/rclpy/executors.py", line 762, in _spin_once_impl
[localization_error-8]     handler, entity, node = self.wait_for_ready_callbacks(timeout_sec=timeout_sec)
[localization_error-8]   File "/opt/ros/humble/local/lib/python3.10/dist-packages/rclpy/executors.py", line 745, in wait_for_ready_callbacks
[localization_error-8]     return next(self._cb_iter)
[localization_error-8]   File "/opt/ros/humble/local/lib/python3.10/dist-packages/rclpy/executors.py", line 646, in _wait_for_ready_callbacks
[localization_error-8]     raise ExternalShutdownException()
[localization_error-8] rclpy.executors.ExternalShutdownException
[localization_bootstrap-7] Traceback (most recent call last):
[localization_bootstrap-7]   File "/home/theflash/Documents/roboracer/devkit_ws/install/racer_localization/lib/racer_localization/localization_bootstrap", line 33, in <module>
[localization_bootstrap-7]     sys.exit(load_entry_point('racer-localization==0.1.0', 'console_scripts', 'localization_bootstrap')())
[localization_bootstrap-7]   File "/home/theflash/Documents/roboracer/devkit_ws/install/racer_localization/lib/python3.10/site-packages/racer_localization/localization_bootstrap.py", line 746, in main
[localization_bootstrap-7]     rclpy.spin(node)
[localization_bootstrap-7]   File "/opt/ros/humble/local/lib/python3.10/dist-packages/rclpy/__init__.py", line 229, in spin
[localization_bootstrap-7]     executor.spin_once()
[localization_bootstrap-7]   File "/opt/ros/humble/local/lib/python3.10/dist-packages/rclpy/executors.py", line 773, in spin_once
[localization_bootstrap-7]     self._spin_once_impl(timeout_sec)
[localization_bootstrap-7]   File "/opt/ros/humble/local/lib/python3.10/dist-packages/rclpy/executors.py", line 762, in _spin_once_impl
[localization_bootstrap-7]     handler, entity, node = self.wait_for_ready_callbacks(timeout_sec=timeout_sec)
[localization_bootstrap-7]   File "/opt/ros/humble/local/lib/python3.10/dist-packages/rclpy/executors.py", line 745, in wait_for_ready_callbacks
[localization_bootstrap-7]     return next(self._cb_iter)
[localization_bootstrap-7]   File "/opt/ros/humble/local/lib/python3.10/dist-packages/rclpy/executors.py", line 646, in _wait_for_ready_callbacks
[localization_bootstrap-7]     raise ExternalShutdownException()
[localization_bootstrap-7] rclpy.executors.ExternalShutdownException
[INFO] [log_localization-9]: process has finished cleanly [pid 38758]
[ERROR] [localization_error-8]: process has died [pid 38756, exit code 1, cmd '/home/theflash/Documents/roboracer/devkit_ws/install/racer_localization/lib/racer_localization/localization_error --ros-args -r __node:=localization_error --params-file /tmp/launch_params_i5lik2kr'].
[ERROR] [localization_bootstrap-7]: process has died [pid 38754, exit code 1, cmd '/home/theflash/Documents/roboracer/devkit_ws/install/racer_localization/lib/racer_localization/localization_bootstrap --ros-args -r __node:=localization_bootstrap --params-file /tmp/launch_params_2o19uzfq'].
[INFO] [lifecycle_manager-6]: process has finished cleanly [pid 38752]
[INFO] [map_server-4]: process has finished cleanly [pid 38748]
[dead_reckoning-2] Traceback (most recent call last):
[dead_reckoning-2]   File "/home/theflash/Documents/roboracer/devkit_ws/install/racer_localization/lib/racer_localization/dead_reckoning", line 33, in <module>
[dead_reckoning-2]     sys.exit(load_entry_point('racer-localization==0.1.0', 'console_scripts', 'dead_reckoning')())
[dead_reckoning-2]   File "/home/theflash/Documents/roboracer/devkit_ws/install/racer_localization/lib/python3.10/site-packages/racer_localization/dead_reckoning.py", line 308, in main
[dead_reckoning-2]     rclpy.spin(node)
[dead_reckoning-2]   File "/opt/ros/humble/local/lib/python3.10/dist-packages/rclpy/__init__.py", line 229, in spin
[dead_reckoning-2]     executor.spin_once()
[dead_reckoning-2]   File "/opt/ros/humble/local/lib/python3.10/dist-packages/rclpy/executors.py", line 773, in spin_once
[dead_reckoning-2]     self._spin_once_impl(timeout_sec)
[dead_reckoning-2]   File "/opt/ros/humble/local/lib/python3.10/dist-packages/rclpy/executors.py", line 762, in _spin_once_impl
[dead_reckoning-2]     handler, entity, node = self.wait_for_ready_callbacks(timeout_sec=timeout_sec)
[dead_reckoning-2]   File "/opt/ros/humble/local/lib/python3.10/dist-packages/rclpy/executors.py", line 745, in wait_for_ready_callbacks
[dead_reckoning-2]     return next(self._cb_iter)
[dead_reckoning-2]   File "/opt/ros/humble/local/lib/python3.10/dist-packages/rclpy/executors.py", line 646, in _wait_for_ready_callbacks
[dead_reckoning-2]     raise ExternalShutdownException()
[dead_reckoning-2] rclpy.executors.ExternalShutdownException
[INFO] [amcl-5]: process has finished cleanly [pid 38750]
[ERROR] [dead_reckoning-2]: process has died [pid 38744, exit code 1, cmd '/home/theflash/Documents/roboracer/devkit_ws/install/racer_localization/lib/racer_localization/dead_reckoning --ros-args -r __node:=dead_reckoning --params-file /tmp/launch_params_catlthiy'].
[pure_pursuit-11] Traceback (most recent call last):
[pure_pursuit-11]   File "/home/theflash/Documents/roboracer/devkit_ws/install/racer_control/lib/racer_control/pure_pursuit", line 33, in <module>
[pure_pursuit-11]     sys.exit(load_entry_point('racer-control==0.1.0', 'console_scripts', 'pure_pursuit')())
[pure_pursuit-11]   File "/home/theflash/Documents/roboracer/devkit_ws/install/racer_control/lib/python3.10/site-packages/racer_control/pure_pursuit.py", line 1120, in main
[pure_pursuit-11]     rclpy.spin(node)
[pure_pursuit-11]   File "/opt/ros/humble/local/lib/python3.10/dist-packages/rclpy/__init__.py", line 229, in spin
[pure_pursuit-11]     executor.spin_once()
[pure_pursuit-11]   File "/opt/ros/humble/local/lib/python3.10/dist-packages/rclpy/executors.py", line 773, in spin_once
[pure_pursuit-11]     self._spin_once_impl(timeout_sec)
[pure_pursuit-11]   File "/opt/ros/humble/local/lib/python3.10/dist-packages/rclpy/executors.py", line 762, in _spin_once_impl
[pure_pursuit-11]     handler, entity, node = self.wait_for_ready_callbacks(timeout_sec=timeout_sec)
[pure_pursuit-11]   File "/opt/ros/humble/local/lib/python3.10/dist-packages/rclpy/executors.py", line 745, in wait_for_ready_callbacks
[pure_pursuit-11]     return next(self._cb_iter)
[pure_pursuit-11]   File "/opt/ros/humble/local/lib/python3.10/dist-packages/rclpy/executors.py", line 646, in _wait_for_ready_callbacks
[pure_pursuit-11]     raise ExternalShutdownException()
[pure_pursuit-11] rclpy.executors.ExternalShutdownException
[ERROR] [pure_pursuit-11]: process has died [pid 38974, exit code 1, cmd '/home/theflash/Documents/roboracer/devkit_ws/install/racer_control/lib/racer_control/pure_pursuit --ros-args -r __node:=pure_pursuit --params-file /home/theflash/Documents/roboracer/devkit_ws/install/racer_control/share/racer_control/config/pure_pursuit.yaml --params-file /tmp/launch_params_18n64bmt --params-file /tmp/launch_params_wqcyk4l0'].
