[INFO] [launch]: All log files can be found below /home/theflash/.ros/log/2026-09-04-20-10-00-294743-theflash-ASUS-TUF-Gaming-F15-FX507ZI4-FX507ZI-41114
[INFO] [launch]: Default logging verbosity is set to INFO
[INFO] [launch.user]: [race] mode=dev  localizer=amcl  instruments=ON  bootstrap=truth
[INFO] [autodrive_bridge-1]: process started with pid [41116]
[INFO] [dead_reckoning-2]: process started with pid [41118]
[INFO] [amcl-5]: process started with pid [41124]
[INFO] [localization_bootstrap-7]: process started with pid [41128]
[INFO] [localization_error-8]: process started with pid [41130]
[INFO] [log_localization-9]: process started with pid [41132]
[INFO] [static_transform_publisher-3]: process started with pid [41120]
[INFO] [map_server-4]: process started with pid [41122]
[INFO] [lifecycle_manager-6]: process started with pid [41126]
[INFO] [static_transform_publisher-10]: process started with pid [41134]
[static_transform_publisher-10] 1788534600.353671 [0] static_tra: selected interface "lo" is not multicast-capable: disabling multicast
[static_transform_publisher-3] 1788534600.353856 [0] static_tra: selected interface "lo" is not multicast-capable: disabling multicast
[amcl-5] 1788534600.354126 [0]       amcl: selected interface "lo" is not multicast-capable: disabling multicast
[lifecycle_manager-6] 1788534600.354875 [0] lifecycle_: selected interface "lo" is not multicast-capable: disabling multicast
[static_transform_publisher-10] [INFO] [1788534600.358461129] [map_world_tf]: Spinning until stopped - publishing transform
[static_transform_publisher-10] translation: ('0.000000', '0.000000', '0.000000')
[static_transform_publisher-10] rotation: ('0.000000', '0.000000', '0.000000', '1.000000')
[static_transform_publisher-10] from 'map' to 'world'
[static_transform_publisher-3] [INFO] [1788534600.358546893] [lidar_tf]: Spinning until stopped - publishing transform
[static_transform_publisher-3] translation: ('0.273300', '0.000000', '0.096000')
[static_transform_publisher-3] rotation: ('0.000000', '0.000000', '0.000000', '1.000000')
[static_transform_publisher-3] from 'roboracer_1' to 'lidar'
[amcl-5] [0m[INFO] [1788534600.358688747] [amcl]: 
[amcl-5] 	amcl lifecycle node launched. 
[amcl-5] 	Waiting on external lifecycle transitions to activate
[amcl-5] 	See https://design.ros2.org/articles/node_lifecycle.html for more information.[0m
[amcl-5] [0m[INFO] [1788534600.359671981] [amcl]: Creating[0m
[lifecycle_manager-6] [INFO] [1788534600.360170935] [lifecycle_manager_localization]: Creating
[lifecycle_manager-6] [INFO] [1788534600.362084686] [lifecycle_manager_localization]: [34m[1mCreating and initializing lifecycle service clients[0m[0m
[map_server-4] 1788534600.365539 [0] map_server: selected interface "lo" is not multicast-capable: disabling multicast
[map_server-4] [INFO] [1788534600.370244055] [map_server]: 
[map_server-4] 	map_server lifecycle node launched. 
[map_server-4] 	Waiting on external lifecycle transitions to activate
[map_server-4] 	See https://design.ros2.org/articles/node_lifecycle.html for more information.
[lifecycle_manager-6] [INFO] [1788534600.370267293] [lifecycle_manager_localization]: [34m[1mStarting managed nodes bringup...[0m[0m
[lifecycle_manager-6] [INFO] [1788534600.370305398] [lifecycle_manager_localization]: [34m[1mConfiguring map_server[0m[0m
[map_server-4] [INFO] [1788534600.370349219] [map_server]: Creating
[map_server-4] [INFO] [1788534600.387797739] [map_server]: Configuring
[map_server-4] [INFO] [1788534600.387876849] [map_io]: Loading yaml file: /home/theflash/Documents/roboracer/devkit_ws/src/racer_mapping/maps/track_clean.yaml
[map_server-4] [INFO] [1788534600.388120243] [map_io]: resolution: 0.05
[map_server-4] [INFO] [1788534600.388132523] [map_io]: origin[0]: -3.71
[map_server-4] [INFO] [1788534600.388138833] [map_io]: origin[1]: -8.61
[map_server-4] [INFO] [1788534600.388144378] [map_io]: origin[2]: 0
[map_server-4] [INFO] [1788534600.388150160] [map_io]: free_thresh: 0.25
[map_server-4] [INFO] [1788534600.388155949] [map_io]: occupied_thresh: 0.65
[map_server-4] [INFO] [1788534600.388162028] [map_io]: mode: trinary
[map_server-4] [INFO] [1788534600.388168521] [map_io]: negate: 0
[map_server-4] [INFO] [1788534600.388323258] [map_io]: Loading image_file: /home/theflash/Documents/roboracer/devkit_ws/src/racer_mapping/maps/track_clean.pgm
[map_server-4] [INFO] [1788534600.392419306] [map_io]: Read map /home/theflash/Documents/roboracer/devkit_ws/src/racer_mapping/maps/track_clean.pgm: 108 X 316 map @ 0.05 m/cell
[lifecycle_manager-6] [INFO] [1788534600.395639456] [lifecycle_manager_localization]: [34m[1mConfiguring amcl[0m[0m
[amcl-5] [0m[INFO] [1788534600.395781734] [amcl]: Configuring[0m
[amcl-5] [0m[INFO] [1788534600.395882515] [amcl]: initTransforms[0m
[amcl-5] [0m[INFO] [1788534600.403814365] [amcl]: initPubSub[0m
[amcl-5] [0m[INFO] [1788534600.406755379] [amcl]: Subscribed to map topic.[0m
[lifecycle_manager-6] [INFO] [1788534600.409123171] [lifecycle_manager_localization]: [34m[1mActivating map_server[0m[0m
[map_server-4] [INFO] [1788534600.409269846] [map_server]: Activating
[map_server-4] [INFO] [1788534600.409430176] [map_server]: Creating bond (map_server) to lifecycle manager.
[amcl-5] [0m[INFO] [1788534600.409803047] [amcl]: Received a 108 X 316 map @ 0.050 m/pix[0m
[lifecycle_manager-6] [INFO] [1788534600.511427034] [lifecycle_manager_localization]: Server map_server connected with bond.
[lifecycle_manager-6] [INFO] [1788534600.511476063] [lifecycle_manager_localization]: [34m[1mActivating amcl[0m[0m
[amcl-5] [0m[INFO] [1788534600.511684928] [amcl]: Activating[0m
[amcl-5] [0m[INFO] [1788534600.511732179] [amcl]: initialPoseReceived[0m
[amcl-5] [0m[INFO] [1788534600.511854561] [amcl]: Setting pose (1788534600.511854): 0.710 0.020 -1.599[0m
[amcl-5] [0m[INFO] [1788534600.514939987] [amcl]: Creating bond (amcl) to lifecycle manager.[0m
[lifecycle_manager-6] [INFO] [1788534600.617019802] [lifecycle_manager_localization]: Server amcl connected with bond.
[lifecycle_manager-6] [INFO] [1788534600.617065531] [lifecycle_manager_localization]: [34m[1mManaged nodes are active[0m[0m
[lifecycle_manager-6] [INFO] [1788534600.617080565] [lifecycle_manager_localization]: [34m[1mCreating bond timer...[0m[0m
[localization_error-8] 1788534600.634357 [0] localizati: selected interface "lo" is not multicast-capable: disabling multicast
[dead_reckoning-2] 1788534600.657385 [0] dead_recko: selected interface "lo" is not multicast-capable: disabling multicast
[localization_bootstrap-7] 1788534600.662433 [0] localizati: selected interface "lo" is not multicast-capable: disabling multicast
[localization_error-8] [31m[ERROR] [1788534600.677600467] [localization_error]: RESTRICTED TOPIC: reading /autodrive/roboracer_1/odom (simulator ground-truth pose and twist) -- continuous comparison against TF map -> roboracer_1. This run is NOT race-legal; any lap time from it is a development number. See racer_common/restricted.py.[0m
[localization_error-8] [0m[INFO] [1788534600.678272675] [localization_error]: sampling starts 1.0 s after /localization_ready; bootstrap is excluded (require_ready:=false to include it)[0m
[log_localization-9] 1788534600.687331 [0] log_locali: selected interface "lo" is not multicast-capable: disabling multicast
[dead_reckoning-2] [0m[INFO] [1788534600.705176745] [dead_reckoning]: dead reckoning: odom -> roboracer_1, wheel r=0.0581 m, scale=1.0, 200 Hz, tf +20 ms, extrapolate yaw=True pos=True[0m
[localization_error-8] [0m[INFO] [1788534600.709947921] [localization_error]: waiting for TF map -> roboracer_1: Could not find a connection between 'map' and 'roboracer_1' because they are not part of the same tree.Tf has two or more unconnected trees.[0m
[localization_bootstrap-7] [0m[INFO] [1788534600.727692538] [localization_bootstrap]: WARMUP SEED: reading /autodrive/roboracer_1/ips (simulator ground-truth position) ONCE -- initial pose seed. Legal: the first lap is warmup, this is read before the car moves, and it is released immediately after. Nothing reads ground truth afterwards.[0m
[localization_bootstrap-7] [0m[INFO] [1788534600.728443297] [localization_bootstrap]: mode=truth: seeding the initial pose from /ips + /imu before the car moves, then releasing /ips. Tracking is lidar + map + dead reckoning from there on.[0m
[localization_bootstrap-7] [0m[INFO] [1788534600.728836126] [localization_bootstrap]: waiting for amcl to reach the active state before sending anything[0m
[log_localization-9] [31m[ERROR] [1788534600.734960477] [log_localization]: RESTRICTED TOPIC: reading /autodrive/roboracer_1/ips (simulator ground-truth position) -- continuous logging against the estimate. This run is NOT race-legal; any lap time from it is a development number. See racer_common/restricted.py.[0m
[log_localization-9] [31m[ERROR] [1788534600.735283060] [log_localization]: RESTRICTED TOPIC: reading /autodrive/roboracer_1/odom (simulator ground-truth pose and twist) -- continuous logging against the estimate. This run is NOT race-legal; any lap time from it is a development number. See racer_common/restricted.py.[0m
[log_localization-9] [0m[INFO] [1788534600.735631492] [log_localization]: logging to /home/theflash/Documents/roboracer/run35_a70_pause30.csv at 50 Hz until Ctrl-C[0m
[localization_bootstrap-7] [0m[INFO] [1788534600.780398892] [localization_bootstrap]: amcl is ACTIVE -- an initial pose will now be accepted[0m
[autodrive_bridge-1] 1788534600.911345 [0] autodrive_: selected interface "lo" is not multicast-capable: disabling multicast
[pure_pursuit] launch overrides: {'control_hz': 40.0}
[INFO] [pure_pursuit-11]: process started with pid [41327]
[pure_pursuit-11] 1788534602.635111 [0] pure_pursu: selected interface "lo" is not multicast-capable: disabling multicast
[pure_pursuit-11] [0m[INFO] [1788534602.675527496] [pure_pursuit]: path: 400 points, 27.82 m lap, from /home/theflash/Documents/roboracer/raceline/raceline_a7.0.csv[0m
[pure_pursuit-11] [0m[INFO] [1788534602.678564189] [pure_pursuit]: pose from TF map -> roboracer_1 (continuous); /amcl_pose kept as a fallback[0m
[pure_pursuit-11] [0m[INFO] [1788534602.679137357] [pure_pursuit]: steering on /amcl_pose[0m
[pure_pursuit-11] [0m[INFO] [1788534602.680480280] [pure_pursuit]: speed_source=tire  throttle_mode=slip  slip band [-0.08, +0.08]  u_launch 0.4 m/s  lookahead 0.8-2.2 m (k 0.55)  latency_comp 0.05 s[0m
[pure_pursuit-11] [33m[WARN] [1788534602.680683500] [pure_pursuit]: dev_lap_telemetry ON: subscribing to RESTRICTED lap topics[0m
[pure_pursuit-11] [0m[INFO] [1788534602.681405177] [pure_pursuit]: holding until /localization_ready[0m
[localization_bootstrap-7] [0m[INFO] [1788534602.729443962] [localization_bootstrap]: waiting for ground truth: ips=-- imu=--[0m
[localization_bootstrap-7] [0m[INFO] [1788534604.729542810] [localization_bootstrap]: waiting for ground truth: ips=-- imu=--[0m
[localization_error-8] [0m[INFO] [1788534605.660687693] [localization_error]: waiting for TF map -> roboracer_1 ...[0m
[localization_bootstrap-7] [0m[INFO] [1788534606.729484927] [localization_bootstrap]: waiting for ground truth: ips=-- imu=--[0m
[localization_bootstrap-7] [0m[INFO] [1788534608.730181599] [localization_bootstrap]: waiting for ground truth: ips=-- imu=--[0m
[localization_error-8] [0m[INFO] [1788534610.660106004] [localization_error]: waiting for TF map -> roboracer_1 ...[0m
[localization_bootstrap-7] [0m[INFO] [1788534610.729606797] [localization_bootstrap]: waiting for ground truth: ips=-- imu=--[0m
[localization_bootstrap-7] [0m[INFO] [1788534612.729476893] [localization_bootstrap]: waiting for ground truth: ips=-- imu=--[0m
[localization_bootstrap-7] [0m[INFO] [1788534614.729631155] [localization_bootstrap]: waiting for ground truth: ips=-- imu=--[0m
[localization_error-8] [0m[INFO] [1788534615.659786113] [localization_error]: waiting for TF map -> roboracer_1 ...[0m
[localization_bootstrap-7] [0m[INFO] [1788534616.729346846] [localization_bootstrap]: waiting for ground truth: ips=-- imu=--[0m
[localization_bootstrap-7] [0m[INFO] [1788534618.729414814] [localization_bootstrap]: waiting for ground truth: ips=-- imu=--[0m
[localization_error-8] [0m[INFO] [1788534620.659956757] [localization_error]: waiting for TF map -> roboracer_1 ...[0m
[localization_bootstrap-7] [0m[INFO] [1788534620.729640655] [localization_bootstrap]: waiting for ground truth: ips=-- imu=--[0m
[localization_bootstrap-7] [0m[INFO] [1788534622.729420086] [localization_bootstrap]: waiting for ground truth: ips=-- imu=--[0m
[localization_bootstrap-7] [0m[INFO] [1788534624.729407174] [localization_bootstrap]: waiting for ground truth: ips=-- imu=--[0m
[localization_error-8] [0m[INFO] [1788534625.660007587] [localization_error]: waiting for TF map -> roboracer_1 ...[0m
[localization_bootstrap-7] [0m[INFO] [1788534626.729573024] [localization_bootstrap]: waiting for ground truth: ips=-- imu=--[0m
[localization_bootstrap-7] [0m[INFO] [1788534628.729604999] [localization_bootstrap]: waiting for ground truth: ips=-- imu=--[0m
[localization_error-8] [0m[INFO] [1788534630.660067094] [localization_error]: waiting for TF map -> roboracer_1 ...[0m
[localization_bootstrap-7] [0m[INFO] [1788534630.729802011] [localization_bootstrap]: waiting for ground truth: ips=-- imu=--[0m
[localization_bootstrap-7] [0m[INFO] [1788534632.729466774] [localization_bootstrap]: waiting for ground truth: ips=-- imu=--[0m
[localization_bootstrap-7] [0m[INFO] [1788534634.729768976] [localization_bootstrap]: waiting for ground truth: ips=-- imu=--[0m
[localization_error-8] [0m[INFO] [1788534635.659783888] [localization_error]: waiting for TF map -> roboracer_1 ...[0m
[localization_bootstrap-7] [0m[INFO] [1788534636.729786609] [localization_bootstrap]: waiting for ground truth: ips=-- imu=--[0m
[localization_bootstrap-7] [0m[INFO] [1788534638.729359716] [localization_bootstrap]: waiting for ground truth: ips=-- imu=--[0m
[localization_error-8] [0m[INFO] [1788534640.660711049] [localization_error]: waiting for TF map -> roboracer_1 ...[0m
[localization_bootstrap-7] [0m[INFO] [1788534640.729560618] [localization_bootstrap]: waiting for ground truth: ips=-- imu=--[0m
[localization_bootstrap-7] [0m[INFO] [1788534642.729403498] [localization_bootstrap]: waiting for ground truth: ips=-- imu=--[0m
[localization_bootstrap-7] [0m[INFO] [1788534644.729363112] [localization_bootstrap]: waiting for ground truth: ips=-- imu=--[0m
[localization_error-8] [0m[INFO] [1788534645.660870231] [localization_error]: waiting for TF map -> roboracer_1 ...[0m
[localization_bootstrap-7] [0m[INFO] [1788534646.729377302] [localization_bootstrap]: waiting for ground truth: ips=-- imu=--[0m
[localization_bootstrap-7] [0m[INFO] [1788534648.729643247] [localization_bootstrap]: waiting for ground truth: ips=-- imu=--[0m
[localization_error-8] [0m[INFO] [1788534650.659798788] [localization_error]: waiting for TF map -> roboracer_1 ...[0m
[localization_bootstrap-7] [0m[INFO] [1788534650.729458076] [localization_bootstrap]: waiting for ground truth: ips=-- imu=--[0m
[localization_bootstrap-7] [0m[INFO] [1788534652.729647665] [localization_bootstrap]: waiting for ground truth: ips=-- imu=--[0m
[localization_bootstrap-7] [0m[INFO] [1788534654.729349074] [localization_bootstrap]: waiting for ground truth: ips=-- imu=--[0m
[localization_error-8] [0m[INFO] [1788534655.659960021] [localization_error]: waiting for TF map -> roboracer_1 ...[0m
[localization_bootstrap-7] [0m[INFO] [1788534656.729689924] [localization_bootstrap]: waiting for ground truth: ips=-- imu=--[0m
[localization_bootstrap-7] [0m[INFO] [1788534658.729456474] [localization_bootstrap]: waiting for ground truth: ips=-- imu=--[0m
[localization_error-8] [0m[INFO] [1788534660.659953682] [localization_error]: waiting for TF map -> roboracer_1 ...[0m
[localization_bootstrap-7] [0m[INFO] [1788534660.729814419] [localization_bootstrap]: waiting for ground truth: ips=-- imu=--[0m
[localization_bootstrap-7] [0m[INFO] [1788534662.729914688] [localization_bootstrap]: waiting for ground truth: ips=-- imu=--[0m
[localization_bootstrap-7] [0m[INFO] [1788534664.729495137] [localization_bootstrap]: waiting for ground truth: ips=-- imu=--[0m
[localization_error-8] [0m[INFO] [1788534665.659806063] [localization_error]: waiting for TF map -> roboracer_1 ...[0m
[localization_bootstrap-7] [0m[INFO] [1788534666.729394700] [localization_bootstrap]: waiting for ground truth: ips=-- imu=--[0m
[localization_bootstrap-7] [0m[INFO] [1788534668.729403889] [localization_bootstrap]: waiting for ground truth: ips=-- imu=--[0m
[localization_error-8] [0m[INFO] [1788534670.660110819] [localization_error]: waiting for TF map -> roboracer_1 ...[0m
[localization_bootstrap-7] [0m[INFO] [1788534670.729359922] [localization_bootstrap]: waiting for ground truth: ips=-- imu=--[0m
[localization_bootstrap-7] [0m[INFO] [1788534672.729708982] [localization_bootstrap]: waiting for ground truth: ips=-- imu=--[0m
[localization_bootstrap-7] [0m[INFO] [1788534674.729404059] [localization_bootstrap]: waiting for ground truth: ips=-- imu=--[0m
[localization_error-8] [0m[INFO] [1788534675.662042440] [localization_error]: waiting for TF map -> roboracer_1 ...[0m
[static_transform_publisher-10] [INFO] [1788534676.125319471] [rclcpp]: signal_handler(signum=2)
[amcl-5] [0m[INFO] [1788534676.125319181] [rclcpp]: signal_handler(signum=2)[0m
[map_server-4] [INFO] [1788534676.125388235] [rclcpp]: signal_handler(signum=2)
[map_server-4] [INFO] [1788534676.125493945] [map_server]: Running Nav2 LifecycleNode rcl preshutdown (map_server)
[lifecycle_manager-6] [INFO] [1788534676.125409366] [rclcpp]: signal_handler(signum=2)
[lifecycle_manager-6] [INFO] [1788534676.125517886] [lifecycle_manager_localization]: Running Nav2 LifecycleManager rcl preshutdown (lifecycle_manager_localization)
[amcl-5] [0m[INFO] [1788534676.125416812] [amcl]: Running Nav2 LifecycleNode rcl preshutdown (amcl)[0m
[amcl-5] [0m[INFO] [1788534676.125517404] [amcl]: Deactivating[0m
[amcl-5] [0m[INFO] [1788534676.125540071] [amcl]: Destroying bond (amcl) to lifecycle manager.[0m
[static_transform_publisher-3] [INFO] [1788534676.125413996] [rclcpp]: signal_handler(signum=2)
[map_server-4] [INFO] [1788534676.125584027] [map_server]: Deactivating
[map_server-4] [INFO] [1788534676.125603876] [map_server]: Destroying bond (map_server) to lifecycle manager.
[lifecycle_manager-6] [INFO] [1788534676.125576752] [lifecycle_manager_localization]: [34m[1mTerminating bond timer...[0m[0m
[localization_error-8] 
[localization_error-8] no samples collected (0 discarded before /localization_ready)
[log_localization-9] 
[log_localization-9]   wrote 0 rows to /home/theflash/Documents/roboracer/run35_a70_pause30.csv
[autodrive_bridge-1] Traceback (most recent call last):
[autodrive_bridge-1]   File "/home/theflash/.local/lib/python3.10/site-packages/socketio/client.py", line 25, in signal_handler
[autodrive_bridge-1]     return original_signal_handler(sig, frame)
[autodrive_bridge-1] TypeError: 'Handlers' object is not callable
[autodrive_bridge-1] 2026-09-04T15:11:16Z
[pure_pursuit-11] [33m[WARN] [1788534676.126541773] [pure_pursuit]: context already shut down; stop command not sent[0m
[pure_pursuit-11] Failed to publish log message to rosout: publisher's context is invalid, at ./src/rcl/publisher.c:389
[amcl-5] [0m[INFO] [1788534676.135755356] [amcl]: Cleaning up[0m
[map_server-4] [INFO] [1788534676.135792657] [map_server]: Cleaning up
[map_server-4] [INFO] [1788534676.135826830] [map_server]: Destroying bond (map_server) to lifecycle manager.
[amcl-5] [0m[INFO] [1788534676.147310429] [amcl]: Destroying bond (amcl) to lifecycle manager.[0m
[autodrive_bridge-1] Traceback (most recent call last):
[autodrive_bridge-1]   File "/home/theflash/Documents/roboracer/devkit_ws/install/autodrive_roboracer/lib/autodrive_roboracer/autodrive_bridge", line 33, in <module>
[autodrive_bridge-1]     sys.exit(load_entry_point('autodrive-roboracer==0.1.0', 'console_scripts', 'autodrive_bridge')())
[autodrive_bridge-1]   File "/home/theflash/Documents/roboracer/devkit_ws/install/autodrive_roboracer/lib/python3.10/site-packages/autodrive_roboracer/autodrive_bridge.py", line 442, in main
[autodrive_bridge-1]     pywsgi.WSGIServer(('', 4567), app, handler_class=WebSocketHandler).serve_forever() # Deploy as a gevent WSGI server
[autodrive_bridge-1]   File "/home/theflash/.local/lib/python3.10/site-packages/gevent/baseserver.py", line 400, in serve_forever
[autodrive_bridge-1]     self._stop_event.wait()
[autodrive_bridge-1]   File "src/gevent/event.py", line 163, in gevent._gevent_cevent.Event.wait
[autodrive_bridge-1]   File "src/gevent/_abstract_linkable.py", line 521, in gevent._gevent_c_abstract_linkable.AbstractLinkable._wait
[autodrive_bridge-1]   File "src/gevent/_abstract_linkable.py", line 487, in gevent._gevent_c_abstract_linkable.AbstractLinkable._wait_core
[autodrive_bridge-1]   File "src/gevent/_abstract_linkable.py", line 490, in gevent._gevent_c_abstract_linkable.AbstractLinkable._wait_core
[autodrive_bridge-1]   File "src/gevent/_abstract_linkable.py", line 442, in gevent._gevent_c_abstract_linkable.AbstractLinkable._AbstractLinkable__wait_to_be_notified
[autodrive_bridge-1]   File "src/gevent/_abstract_linkable.py", line 451, in gevent._gevent_c_abstract_linkable.AbstractLinkable._switch_to_hub
[autodrive_bridge-1]   File "src/gevent/_greenlet_primitives.py", line 61, in gevent._gevent_c_greenlet_primitives.SwitchOutGreenletWithLoop.switch
[autodrive_bridge-1]   File "src/gevent/_greenlet_primitives.py", line 65, in gevent._gevent_c_greenlet_primitives.SwitchOutGreenletWithLoop.switch
[autodrive_bridge-1]   File "src/gevent/_gevent_c_greenlet_primitives.pxd", line 35, in gevent._gevent_c_greenlet_primitives._greenlet_switch
[autodrive_bridge-1]   File "/home/theflash/.local/lib/python3.10/site-packages/socketio/client.py", line 25, in signal_handler
[autodrive_bridge-1]     return original_signal_handler(sig, frame)
[autodrive_bridge-1] TypeError: 'Handlers' object is not callable
[amcl-5] [0m[INFO] [1788534676.227129862] [amcl]: Destroying[0m
[map_server-4] [INFO] [1788534676.314148583] [map_server]: Destroying
[lifecycle_manager-6] [INFO] [1788534676.315437599] [lifecycle_manager_localization]: Destroying lifecycle_manager_localization
[INFO] [static_transform_publisher-10]: process has finished cleanly [pid 41134]
[INFO] [static_transform_publisher-3]: process has finished cleanly [pid 41120]
[dead_reckoning-2] Traceback (most recent call last):
[dead_reckoning-2]   File "/home/theflash/Documents/roboracer/devkit_ws/install/racer_localization/lib/racer_localization/dead_reckoning", line 33, in <module>
[dead_reckoning-2]     sys.exit(load_entry_point('racer-localization==0.1.0', 'console_scripts', 'dead_reckoning')())
[dead_reckoning-2]   File "/home/theflash/Documents/roboracer/devkit_ws/install/racer_localization/lib/python3.10/site-packages/racer_localization/dead_reckoning.py", line 308, in main
[dead_reckoning-2]     rclpy.spin(node)
[dead_reckoning-2]   File "/opt/ros/humble/local/lib/python3.10/dist-packages/rclpy/__init__.py", line 229, in spin
[dead_reckoning-2]     executor.spin_once()
[dead_reckoning-2]   File "/opt/ros/humble/local/lib/python3.10/dist-packages/rclpy/executors.py", line 773, in spin_once
[dead_reckoning-2]     self._spin_once_impl(timeout_sec)
[dead_reckoning-2]   File "/opt/ros/humble/local/lib/python3.10/dist-packages/rclpy/executors.py", line 762, in _spin_once_impl
[dead_reckoning-2]     handler, entity, node = self.wait_for_ready_callbacks(timeout_sec=timeout_sec)
[dead_reckoning-2]   File "/opt/ros/humble/local/lib/python3.10/dist-packages/rclpy/executors.py", line 745, in wait_for_ready_callbacks
[dead_reckoning-2]     return next(self._cb_iter)
[dead_reckoning-2]   File "/opt/ros/humble/local/lib/python3.10/dist-packages/rclpy/executors.py", line 646, in _wait_for_ready_callbacks
[dead_reckoning-2]     raise ExternalShutdownException()
[dead_reckoning-2] rclpy.executors.ExternalShutdownException
[localization_bootstrap-7] Traceback (most recent call last):
[localization_bootstrap-7]   File "/home/theflash/Documents/roboracer/devkit_ws/install/racer_localization/lib/racer_localization/localization_bootstrap", line 33, in <module>
[localization_bootstrap-7]     sys.exit(load_entry_point('racer-localization==0.1.0', 'console_scripts', 'localization_bootstrap')())
[localization_bootstrap-7]   File "/home/theflash/Documents/roboracer/devkit_ws/install/racer_localization/lib/python3.10/site-packages/racer_localization/localization_bootstrap.py", line 746, in main
[localization_bootstrap-7]     rclpy.spin(node)
[localization_bootstrap-7]   File "/opt/ros/humble/local/lib/python3.10/dist-packages/rclpy/__init__.py", line 229, in spin
[localization_bootstrap-7]     executor.spin_once()
[localization_bootstrap-7]   File "/opt/ros/humble/local/lib/python3.10/dist-packages/rclpy/executors.py", line 773, in spin_once
[localization_bootstrap-7]     self._spin_once_impl(timeout_sec)
[localization_bootstrap-7]   File "/opt/ros/humble/local/lib/python3.10/dist-packages/rclpy/executors.py", line 762, in _spin_once_impl
[localization_bootstrap-7]     handler, entity, node = self.wait_for_ready_callbacks(timeout_sec=timeout_sec)
[localization_bootstrap-7]   File "/opt/ros/humble/local/lib/python3.10/dist-packages/rclpy/executors.py", line 745, in wait_for_ready_callbacks
[localization_bootstrap-7]     return next(self._cb_iter)
[localization_bootstrap-7]   File "/opt/ros/humble/local/lib/python3.10/dist-packages/rclpy/executors.py", line 646, in _wait_for_ready_callbacks
[localization_bootstrap-7]     raise ExternalShutdownException()
[localization_bootstrap-7] rclpy.executors.ExternalShutdownException
[pure_pursuit-11] Traceback (most recent call last):
[pure_pursuit-11]   File "/home/theflash/Documents/roboracer/devkit_ws/install/racer_control/lib/racer_control/pure_pursuit", line 33, in <module>
[pure_pursuit-11]     sys.exit(load_entry_point('racer-control==0.1.0', 'console_scripts', 'pure_pursuit')())
[pure_pursuit-11]   File "/home/theflash/Documents/roboracer/devkit_ws/install/racer_control/lib/python3.10/site-packages/racer_control/pure_pursuit.py", line 1120, in main
[localization_error-8] Traceback (most recent call last):
[localization_error-8]   File "/home/theflash/Documents/roboracer/devkit_ws/install/racer_localization/lib/racer_localization/localization_error", line 33, in <module>
[localization_error-8]     sys.exit(load_entry_point('racer-localization==0.1.0', 'console_scripts', 'localization_error')())
[localization_error-8]   File "/home/theflash/Documents/roboracer/devkit_ws/install/racer_localization/lib/python3.10/site-packages/racer_localization/localization_error.py", line 291, in main
[localization_error-8]     rclpy.spin(node)
[localization_error-8]   File "/opt/ros/humble/local/lib/python3.10/dist-packages/rclpy/__init__.py", line 229, in spin
[localization_error-8]     executor.spin_once()
[localization_error-8]   File "/opt/ros/humble/local/lib/python3.10/dist-packages/rclpy/executors.py", line 773, in spin_once
[localization_error-8]     self._spin_once_impl(timeout_sec)
[localization_error-8]   File "/opt/ros/humble/local/lib/python3.10/dist-packages/rclpy/executors.py", line 762, in _spin_once_impl
[pure_pursuit-11]     rclpy.spin(node)
[pure_pursuit-11]   File "/opt/ros/humble/local/lib/python3.10/dist-packages/rclpy/__init__.py", line 229, in spin
[pure_pursuit-11]     executor.spin_once()
[pure_pursuit-11]   File "/opt/ros/humble/local/lib/python3.10/dist-packages/rclpy/executors.py", line 773, in spin_once
[pure_pursuit-11]     self._spin_once_impl(timeout_sec)
[pure_pursuit-11]   File "/opt/ros/humble/local/lib/python3.10/dist-packages/rclpy/executors.py", line 762, in _spin_once_impl
[pure_pursuit-11]     handler, entity, node = self.wait_for_ready_callbacks(timeout_sec=timeout_sec)
[pure_pursuit-11]   File "/opt/ros/humble/local/lib/python3.10/dist-packages/rclpy/executors.py", line 745, in wait_for_ready_callbacks
[localization_error-8]     handler, entity, node = self.wait_for_ready_callbacks(timeout_sec=timeout_sec)
[localization_error-8]   File "/opt/ros/humble/local/lib/python3.10/dist-packages/rclpy/executors.py", line 745, in wait_for_ready_callbacks
[localization_error-8]     return next(self._cb_iter)
[localization_error-8]   File "/opt/ros/humble/local/lib/python3.10/dist-packages/rclpy/executors.py", line 646, in _wait_for_ready_callbacks
[localization_error-8]     raise ExternalShutdownException()
[localization_error-8] rclpy.executors.ExternalShutdownException
[pure_pursuit-11]     return next(self._cb_iter)
[pure_pursuit-11]   File "/opt/ros/humble/local/lib/python3.10/dist-packages/rclpy/executors.py", line 646, in _wait_for_ready_callbacks
[pure_pursuit-11]     raise ExternalShutdownException()
[pure_pursuit-11] rclpy.executors.ExternalShutdownException
[INFO] [log_localization-9]: process has finished cleanly [pid 41132]
[ERROR] [dead_reckoning-2]: process has died [pid 41118, exit code 1, cmd '/home/theflash/Documents/roboracer/devkit_ws/install/racer_localization/lib/racer_localization/dead_reckoning --ros-args -r __node:=dead_reckoning --params-file /tmp/launch_params_e3zu_u57'].
[ERROR] [localization_bootstrap-7]: process has died [pid 41128, exit code 1, cmd '/home/theflash/Documents/roboracer/devkit_ws/install/racer_localization/lib/racer_localization/localization_bootstrap --ros-args -r __node:=localization_bootstrap --params-file /tmp/launch_params_dvjsjycr'].
[ERROR] [localization_error-8]: process has died [pid 41130, exit code 1, cmd '/home/theflash/Documents/roboracer/devkit_ws/install/racer_localization/lib/racer_localization/localization_error --ros-args -r __node:=localization_error --params-file /tmp/launch_params_cno1z_3h'].
[ERROR] [pure_pursuit-11]: process has died [pid 41327, exit code 1, cmd '/home/theflash/Documents/roboracer/devkit_ws/install/racer_control/lib/racer_control/pure_pursuit --ros-args -r __node:=pure_pursuit --params-file /home/theflash/Documents/roboracer/devkit_ws/install/racer_control/share/racer_control/config/pure_pursuit.yaml --params-file /tmp/launch_params_zqs7uxmq --params-file /tmp/launch_params_g7fq916e'].
[ERROR] [autodrive_bridge-1]: process has died [pid 41116, exit code 1, cmd '/home/theflash/Documents/roboracer/devkit_ws/install/autodrive_roboracer/lib/autodrive_roboracer/autodrive_bridge --ros-args -r __node:=autodrive_bridge -r /tf:=/tf_ground_truth'].
[INFO] [amcl-5]: process has finished cleanly [pid 41124]
[INFO] [map_server-4]: process has finished cleanly [pid 41122]
[INFO] [lifecycle_manager-6]: process has finished cleanly [pid 41126]
