[INFO] [launch]: All log files can be found below /home/theflash/.ros/log/2026-09-04-20-12-35-614414-theflash-ASUS-TUF-Gaming-F15-FX507ZI4-FX507ZI-41586
[INFO] [launch]: Default logging verbosity is set to INFO
[INFO] [launch.user]: [race] mode=dev  localizer=amcl  instruments=ON  bootstrap=truth
[INFO] [autodrive_bridge-1]: process started with pid [41588]
[INFO] [dead_reckoning-2]: process started with pid [41590]
[INFO] [amcl-5]: process started with pid [41596]
[INFO] [localization_bootstrap-7]: process started with pid [41600]
[INFO] [localization_error-8]: process started with pid [41602]
[INFO] [log_localization-9]: process started with pid [41604]
[INFO] [static_transform_publisher-3]: process started with pid [41592]
[INFO] [map_server-4]: process started with pid [41594]
[INFO] [lifecycle_manager-6]: process started with pid [41598]
[INFO] [static_transform_publisher-10]: process started with pid [41606]
[lifecycle_manager-6] 1788534755.666944 [0] lifecycle_: selected interface "lo" is not multicast-capable: disabling multicast
[static_transform_publisher-10] 1788534755.669012 [0] static_tra: selected interface "lo" is not multicast-capable: disabling multicast
[static_transform_publisher-3] 1788534755.669064 [0] static_tra: selected interface "lo" is not multicast-capable: disabling multicast
[lifecycle_manager-6] [INFO] [1788534755.671340829] [lifecycle_manager_localization]: Creating
[amcl-5] 1788534755.671445 [0]       amcl: selected interface "lo" is not multicast-capable: disabling multicast
[static_transform_publisher-10] [INFO] [1788534755.672128197] [map_world_tf]: Spinning until stopped - publishing transform
[static_transform_publisher-10] translation: ('0.000000', '0.000000', '0.000000')
[static_transform_publisher-10] rotation: ('0.000000', '0.000000', '0.000000', '1.000000')
[static_transform_publisher-10] from 'map' to 'world'
[lifecycle_manager-6] [INFO] [1788534755.673441194] [lifecycle_manager_localization]: [34m[1mCreating and initializing lifecycle service clients[0m[0m
[static_transform_publisher-3] [INFO] [1788534755.673586067] [lidar_tf]: Spinning until stopped - publishing transform
[static_transform_publisher-3] translation: ('0.273300', '0.000000', '0.096000')
[static_transform_publisher-3] rotation: ('0.000000', '0.000000', '0.000000', '1.000000')
[static_transform_publisher-3] from 'roboracer_1' to 'lidar'
[amcl-5] [0m[INFO] [1788534755.677285229] [amcl]: 
[amcl-5] 	amcl lifecycle node launched. 
[amcl-5] 	Waiting on external lifecycle transitions to activate
[amcl-5] 	See https://design.ros2.org/articles/node_lifecycle.html for more information.[0m
[amcl-5] [0m[INFO] [1788534755.677701615] [amcl]: Creating[0m
[map_server-4] 1788534755.678618 [0] map_server: selected interface "lo" is not multicast-capable: disabling multicast
[lifecycle_manager-6] [INFO] [1788534755.684255098] [lifecycle_manager_localization]: [34m[1mStarting managed nodes bringup...[0m[0m
[lifecycle_manager-6] [INFO] [1788534755.684294983] [lifecycle_manager_localization]: [34m[1mConfiguring map_server[0m[0m
[map_server-4] [INFO] [1788534755.684292414] [map_server]: 
[map_server-4] 	map_server lifecycle node launched. 
[map_server-4] 	Waiting on external lifecycle transitions to activate
[map_server-4] 	See https://design.ros2.org/articles/node_lifecycle.html for more information.
[map_server-4] [INFO] [1788534755.684381465] [map_server]: Creating
[map_server-4] [INFO] [1788534755.701040263] [map_server]: Configuring
[map_server-4] [INFO] [1788534755.701129484] [map_io]: Loading yaml file: /home/theflash/Documents/roboracer/devkit_ws/src/racer_mapping/maps/track_clean.yaml
[map_server-4] [INFO] [1788534755.701396580] [map_io]: resolution: 0.05
[map_server-4] [INFO] [1788534755.701412412] [map_io]: origin[0]: -3.71
[map_server-4] [INFO] [1788534755.701418805] [map_io]: origin[1]: -8.61
[map_server-4] [INFO] [1788534755.701424094] [map_io]: origin[2]: 0
[map_server-4] [INFO] [1788534755.701429694] [map_io]: free_thresh: 0.25
[map_server-4] [INFO] [1788534755.701435068] [map_io]: occupied_thresh: 0.65
[map_server-4] [INFO] [1788534755.701441282] [map_io]: mode: trinary
[map_server-4] [INFO] [1788534755.701449346] [map_io]: negate: 0
[map_server-4] [INFO] [1788534755.701678510] [map_io]: Loading image_file: /home/theflash/Documents/roboracer/devkit_ws/src/racer_mapping/maps/track_clean.pgm
[map_server-4] [INFO] [1788534755.704742275] [map_io]: Read map /home/theflash/Documents/roboracer/devkit_ws/src/racer_mapping/maps/track_clean.pgm: 108 X 316 map @ 0.05 m/cell
[amcl-5] [0m[INFO] [1788534755.708168192] [amcl]: Configuring[0m
[amcl-5] [0m[INFO] [1788534755.708267611] [amcl]: initTransforms[0m
[lifecycle_manager-6] [INFO] [1788534755.707998438] [lifecycle_manager_localization]: [34m[1mConfiguring amcl[0m[0m
[amcl-5] [0m[INFO] [1788534755.716833429] [amcl]: initPubSub[0m
[amcl-5] [0m[INFO] [1788534755.719512213] [amcl]: Subscribed to map topic.[0m
[lifecycle_manager-6] [INFO] [1788534755.721091893] [lifecycle_manager_localization]: [34m[1mActivating map_server[0m[0m
[map_server-4] [INFO] [1788534755.721239141] [map_server]: Activating
[map_server-4] [INFO] [1788534755.721328116] [map_server]: Creating bond (map_server) to lifecycle manager.
[amcl-5] [0m[INFO] [1788534755.723845373] [amcl]: Received a 108 X 316 map @ 0.050 m/pix[0m
[lifecycle_manager-6] [INFO] [1788534755.823220025] [lifecycle_manager_localization]: Server map_server connected with bond.
[lifecycle_manager-6] [INFO] [1788534755.823264302] [lifecycle_manager_localization]: [34m[1mActivating amcl[0m[0m
[amcl-5] [0m[INFO] [1788534755.823437081] [amcl]: Activating[0m
[amcl-5] [0m[INFO] [1788534755.823482759] [amcl]: initialPoseReceived[0m
[amcl-5] [0m[INFO] [1788534755.823575022] [amcl]: Setting pose (1788534755.823575): 0.710 0.020 -1.599[0m
[amcl-5] [0m[INFO] [1788534755.825404536] [amcl]: Creating bond (amcl) to lifecycle manager.[0m
[lifecycle_manager-6] [INFO] [1788534755.927331186] [lifecycle_manager_localization]: Server amcl connected with bond.
[lifecycle_manager-6] [INFO] [1788534755.927375207] [lifecycle_manager_localization]: [34m[1mManaged nodes are active[0m[0m
[lifecycle_manager-6] [INFO] [1788534755.927391360] [lifecycle_manager_localization]: [34m[1mCreating bond timer...[0m[0m
[localization_error-8] 1788534755.963520 [0] localizati: selected interface "lo" is not multicast-capable: disabling multicast
[localization_bootstrap-7] 1788534755.974087 [0] localizati: selected interface "lo" is not multicast-capable: disabling multicast
[dead_reckoning-2] 1788534755.980682 [0] dead_recko: selected interface "lo" is not multicast-capable: disabling multicast
[log_localization-9] 1788534756.000934 [0] log_locali: selected interface "lo" is not multicast-capable: disabling multicast
[localization_error-8] [31m[ERROR] [1788534756.016495020] [localization_error]: RESTRICTED TOPIC: reading /autodrive/roboracer_1/odom (simulator ground-truth pose and twist) -- continuous comparison against TF map -> roboracer_1. This run is NOT race-legal; any lap time from it is a development number. See racer_common/restricted.py.[0m
[localization_error-8] [0m[INFO] [1788534756.017191036] [localization_error]: sampling starts 1.0 s after /localization_ready; bootstrap is excluded (require_ready:=false to include it)[0m
[localization_bootstrap-7] [0m[INFO] [1788534756.022441909] [localization_bootstrap]: WARMUP SEED: reading /autodrive/roboracer_1/ips (simulator ground-truth position) ONCE -- initial pose seed. Legal: the first lap is warmup, this is read before the car moves, and it is released immediately after. Nothing reads ground truth afterwards.[0m
[localization_bootstrap-7] [0m[INFO] [1788534756.022971407] [localization_bootstrap]: mode=truth: seeding the initial pose from /ips + /imu before the car moves, then releasing /ips. Tracking is lidar + map + dead reckoning from there on.[0m
[localization_bootstrap-7] [0m[INFO] [1788534756.023272069] [localization_bootstrap]: waiting for amcl to reach the active state before sending anything[0m
[dead_reckoning-2] [0m[INFO] [1788534756.035038647] [dead_reckoning]: dead reckoning: odom -> roboracer_1, wheel r=0.0581 m, scale=1.0, 200 Hz, tf +20 ms, extrapolate yaw=True pos=True[0m
[localization_error-8] [0m[INFO] [1788534756.040750023] [localization_error]: waiting for TF map -> roboracer_1: Could not find a connection between 'map' and 'roboracer_1' because they are not part of the same tree.Tf has two or more unconnected trees.[0m
[log_localization-9] [31m[ERROR] [1788534756.055725936] [log_localization]: RESTRICTED TOPIC: reading /autodrive/roboracer_1/ips (simulator ground-truth position) -- continuous logging against the estimate. This run is NOT race-legal; any lap time from it is a development number. See racer_common/restricted.py.[0m
[log_localization-9] [31m[ERROR] [1788534756.056070282] [log_localization]: RESTRICTED TOPIC: reading /autodrive/roboracer_1/odom (simulator ground-truth pose and twist) -- continuous logging against the estimate. This run is NOT race-legal; any lap time from it is a development number. See racer_common/restricted.py.[0m
[log_localization-9] [0m[INFO] [1788534756.056393913] [log_localization]: logging to /home/theflash/Documents/roboracer/run36a_pause20_40.csv at 50 Hz until Ctrl-C[0m
[localization_bootstrap-7] [0m[INFO] [1788534756.074427993] [localization_bootstrap]: amcl is ACTIVE -- an initial pose will now be accepted[0m
[autodrive_bridge-1] 1788534756.239401 [0] autodrive_: selected interface "lo" is not multicast-capable: disabling multicast
[pure_pursuit] launch overrides: {'control_hz': 40.0}
[INFO] [pure_pursuit-11]: process started with pid [41801]
[pure_pursuit-11] 1788534757.956106 [0] pure_pursu: selected interface "lo" is not multicast-capable: disabling multicast
[pure_pursuit-11] [0m[INFO] [1788534757.996992010] [pure_pursuit]: path: 400 points, 27.82 m lap, from /home/theflash/Documents/roboracer/raceline/raceline_a7.0.csv[0m
[pure_pursuit-11] [0m[INFO] [1788534758.000428633] [pure_pursuit]: pose from TF map -> roboracer_1 (continuous); /amcl_pose kept as a fallback[0m
[pure_pursuit-11] [0m[INFO] [1788534758.001375855] [pure_pursuit]: steering on /amcl_pose[0m
[pure_pursuit-11] [0m[INFO] [1788534758.003356808] [pure_pursuit]: speed_source=tire  throttle_mode=slip  slip band [-0.08, +0.08]  u_launch 0.4 m/s  lookahead 0.8-2.2 m (k 0.55)  latency_comp 0.05 s[0m
[pure_pursuit-11] [33m[WARN] [1788534758.003567154] [pure_pursuit]: dev_lap_telemetry ON: subscribing to RESTRICTED lap topics[0m
[pure_pursuit-11] [0m[INFO] [1788534758.004269874] [pure_pursuit]: holding until /localization_ready[0m
[localization_bootstrap-7] [0m[INFO] [1788534758.023866026] [localization_bootstrap]: waiting for ground truth: ips=-- imu=--[0m
[localization_bootstrap-7] [0m[INFO] [1788534760.024081546] [localization_bootstrap]: waiting for ground truth: ips=-- imu=--[0m
[localization_error-8] [0m[INFO] [1788534760.990693817] [localization_error]: waiting for TF map -> roboracer_1 ...[0m
[localization_bootstrap-7] [0m[INFO] [1788534762.024135281] [localization_bootstrap]: waiting for ground truth: ips=-- imu=--[0m
[localization_bootstrap-7] [0m[INFO] [1788534764.024177821] [localization_bootstrap]: waiting for ground truth: ips=-- imu=--[0m
[localization_error-8] [0m[INFO] [1788534765.990678164] [localization_error]: waiting for TF map -> roboracer_1 ...[0m
[localization_bootstrap-7] [0m[INFO] [1788534766.024070451] [localization_bootstrap]: waiting for ground truth: ips=-- imu=--[0m
[localization_bootstrap-7] [0m[INFO] [1788534768.023781365] [localization_bootstrap]: waiting for ground truth: ips=-- imu=--[0m
[localization_bootstrap-7] [0m[INFO] [1788534770.024022878] [localization_bootstrap]: waiting for ground truth: ips=-- imu=--[0m
[localization_error-8] [0m[INFO] [1788534770.990685333] [localization_error]: waiting for TF map -> roboracer_1 ...[0m
[localization_bootstrap-7] [0m[INFO] [1788534772.023986955] [localization_bootstrap]: waiting for ground truth: ips=-- imu=--[0m
[localization_bootstrap-7] [0m[INFO] [1788534774.024089872] [localization_bootstrap]: waiting for ground truth: ips=-- imu=--[0m
[localization_error-8] [0m[INFO] [1788534775.990668085] [localization_error]: waiting for TF map -> roboracer_1 ...[0m
[localization_bootstrap-7] [0m[INFO] [1788534776.023742731] [localization_bootstrap]: waiting for ground truth: ips=-- imu=--[0m
[localization_bootstrap-7] [0m[INFO] [1788534778.023839809] [localization_bootstrap]: waiting for ground truth: ips=-- imu=--[0m
[localization_bootstrap-7] [0m[INFO] [1788534780.023831169] [localization_bootstrap]: waiting for ground truth: ips=-- imu=--[0m
[localization_error-8] [0m[INFO] [1788534780.990662123] [localization_error]: waiting for TF map -> roboracer_1 ...[0m
[localization_bootstrap-7] [0m[INFO] [1788534782.023771306] [localization_bootstrap]: waiting for ground truth: ips=-- imu=--[0m
[localization_bootstrap-7] [0m[INFO] [1788534784.023834378] [localization_bootstrap]: waiting for ground truth: ips=-- imu=--[0m
[localization_error-8] [0m[INFO] [1788534785.990664385] [localization_error]: waiting for TF map -> roboracer_1 ...[0m
[localization_bootstrap-7] [0m[INFO] [1788534786.024041688] [localization_bootstrap]: waiting for ground truth: ips=-- imu=--[0m
[localization_bootstrap-7] [0m[INFO] [1788534788.023843723] [localization_bootstrap]: waiting for ground truth: ips=-- imu=--[0m
[localization_bootstrap-7] [0m[INFO] [1788534790.023832881] [localization_bootstrap]: waiting for ground truth: ips=-- imu=--[0m
[localization_error-8] [0m[INFO] [1788534790.990887099] [localization_error]: waiting for TF map -> roboracer_1 ...[0m
[localization_bootstrap-7] [0m[INFO] [1788534792.023829074] [localization_bootstrap]: waiting for ground truth: ips=-- imu=--[0m
[localization_bootstrap-7] [0m[INFO] [1788534794.023766192] [localization_bootstrap]: waiting for ground truth: ips=-- imu=--[0m
[localization_error-8] [0m[INFO] [1788534795.990968314] [localization_error]: waiting for TF map -> roboracer_1 ...[0m
[localization_bootstrap-7] [0m[INFO] [1788534796.023829674] [localization_bootstrap]: waiting for ground truth: ips=-- imu=--[0m
[localization_bootstrap-7] [0m[INFO] [1788534798.023805032] [localization_bootstrap]: waiting for ground truth: ips=-- imu=--[0m
[localization_bootstrap-7] [0m[INFO] [1788534800.023795738] [localization_bootstrap]: waiting for ground truth: ips=-- imu=--[0m
[localization_error-8] [0m[INFO] [1788534800.990663991] [localization_error]: waiting for TF map -> roboracer_1 ...[0m
[localization_bootstrap-7] [0m[INFO] [1788534802.023818136] [localization_bootstrap]: waiting for ground truth: ips=-- imu=--[0m
[localization_bootstrap-7] [0m[INFO] [1788534804.023846898] [localization_bootstrap]: waiting for ground truth: ips=-- imu=--[0m
[localization_error-8] [0m[INFO] [1788534805.990661084] [localization_error]: waiting for TF map -> roboracer_1 ...[0m
[localization_bootstrap-7] [0m[INFO] [1788534806.024126203] [localization_bootstrap]: waiting for ground truth: ips=-- imu=--[0m
[localization_bootstrap-7] [0m[INFO] [1788534808.023924215] [localization_bootstrap]: waiting for ground truth: ips=-- imu=--[0m
[localization_bootstrap-7] [0m[INFO] [1788534810.023874367] [localization_bootstrap]: waiting for ground truth: ips=-- imu=--[0m
[localization_error-8] [0m[INFO] [1788534810.990684984] [localization_error]: waiting for TF map -> roboracer_1 ...[0m
[localization_bootstrap-7] [0m[INFO] [1788534812.023967788] [localization_bootstrap]: waiting for ground truth: ips=-- imu=--[0m
[localization_bootstrap-7] [0m[INFO] [1788534814.023820667] [localization_bootstrap]: waiting for ground truth: ips=-- imu=--[0m
[localization_error-8] [0m[INFO] [1788534815.990637002] [localization_error]: waiting for TF map -> roboracer_1 ...[0m
[localization_bootstrap-7] [0m[INFO] [1788534816.023924244] [localization_bootstrap]: waiting for ground truth: ips=-- imu=--[0m
[localization_bootstrap-7] [0m[INFO] [1788534818.024102147] [localization_bootstrap]: waiting for ground truth: ips=-- imu=--[0m
[localization_bootstrap-7] [0m[INFO] [1788534820.023793321] [localization_bootstrap]: waiting for ground truth: ips=-- imu=--[0m
[localization_error-8] [0m[INFO] [1788534820.990623898] [localization_error]: waiting for TF map -> roboracer_1 ...[0m
[localization_bootstrap-7] [0m[INFO] [1788534822.023795569] [localization_bootstrap]: waiting for ground truth: ips=-- imu=--[0m
[localization_bootstrap-7] [0m[INFO] [1788534824.023846772] [localization_bootstrap]: waiting for ground truth: ips=-- imu=--[0m
[localization_error-8] [0m[INFO] [1788534825.990651916] [localization_error]: waiting for TF map -> roboracer_1 ...[0m
[localization_bootstrap-7] [0m[INFO] [1788534826.023833696] [localization_bootstrap]: waiting for ground truth: ips=-- imu=--[0m
[localization_bootstrap-7] [0m[INFO] [1788534828.023813539] [localization_bootstrap]: waiting for ground truth: ips=-- imu=--[0m
[localization_bootstrap-7] [0m[INFO] [1788534830.023843443] [localization_bootstrap]: waiting for ground truth: ips=-- imu=--[0m
[localization_error-8] [0m[INFO] [1788534830.990649909] [localization_error]: waiting for TF map -> roboracer_1 ...[0m
[localization_bootstrap-7] [0m[INFO] [1788534832.023809010] [localization_bootstrap]: waiting for ground truth: ips=-- imu=--[0m
[localization_bootstrap-7] [0m[INFO] [1788534834.023787520] [localization_bootstrap]: waiting for ground truth: ips=-- imu=--[0m
[localization_error-8] [0m[INFO] [1788534835.990849963] [localization_error]: waiting for TF map -> roboracer_1 ...[0m
[localization_bootstrap-7] [0m[INFO] [1788534836.023766265] [localization_bootstrap]: waiting for ground truth: ips=-- imu=--[0m
[localization_bootstrap-7] [0m[INFO] [1788534838.023806748] [localization_bootstrap]: waiting for ground truth: ips=-- imu=--[0m
[localization_bootstrap-7] [0m[INFO] [1788534840.023805233] [localization_bootstrap]: waiting for ground truth: ips=-- imu=--[0m
[localization_error-8] [0m[INFO] [1788534840.990671076] [localization_error]: waiting for TF map -> roboracer_1 ...[0m
[localization_bootstrap-7] [0m[INFO] [1788534842.023775562] [localization_bootstrap]: waiting for ground truth: ips=-- imu=--[0m
[localization_bootstrap-7] [0m[INFO] [1788534844.023789312] [localization_bootstrap]: waiting for ground truth: ips=-- imu=--[0m
[localization_error-8] [0m[INFO] [1788534845.990842710] [localization_error]: waiting for TF map -> roboracer_1 ...[0m
[localization_bootstrap-7] [0m[INFO] [1788534846.023775159] [localization_bootstrap]: waiting for ground truth: ips=-- imu=--[0m
[localization_bootstrap-7] [0m[INFO] [1788534848.023827278] [localization_bootstrap]: waiting for ground truth: ips=-- imu=--[0m
[localization_bootstrap-7] [0m[INFO] [1788534850.023761379] [localization_bootstrap]: waiting for ground truth: ips=-- imu=--[0m
[localization_error-8] [0m[INFO] [1788534850.990650769] [localization_error]: waiting for TF map -> roboracer_1 ...[0m
[localization_bootstrap-7] [0m[INFO] [1788534852.023901942] [localization_bootstrap]: waiting for ground truth: ips=-- imu=--[0m
[localization_bootstrap-7] [0m[INFO] [1788534854.023793844] [localization_bootstrap]: waiting for ground truth: ips=-- imu=--[0m
[localization_error-8] [0m[INFO] [1788534855.990873671] [localization_error]: waiting for TF map -> roboracer_1 ...[0m
[localization_bootstrap-7] [0m[INFO] [1788534856.023856630] [localization_bootstrap]: waiting for ground truth: ips=-- imu=--[0m
[localization_bootstrap-7] [0m[INFO] [1788534858.023744475] [localization_bootstrap]: waiting for ground truth: ips=-- imu=--[0m
[localization_bootstrap-7] [0m[INFO] [1788534860.023937145] [localization_bootstrap]: waiting for ground truth: ips=-- imu=--[0m
[localization_error-8] [0m[INFO] [1788534860.990625670] [localization_error]: waiting for TF map -> roboracer_1 ...[0m
[localization_bootstrap-7] [0m[INFO] [1788534862.023767052] [localization_bootstrap]: waiting for ground truth: ips=-- imu=--[0m
[localization_bootstrap-7] [0m[INFO] [1788534864.023760228] [localization_bootstrap]: waiting for ground truth: ips=-- imu=--[0m
[localization_error-8] [0m[INFO] [1788534865.990650020] [localization_error]: waiting for TF map -> roboracer_1 ...[0m
[localization_bootstrap-7] [0m[INFO] [1788534866.023770851] [localization_bootstrap]: waiting for ground truth: ips=-- imu=--[0m
[localization_bootstrap-7] [0m[INFO] [1788534868.023835842] [localization_bootstrap]: waiting for ground truth: ips=-- imu=--[0m
[localization_bootstrap-7] [0m[INFO] [1788534870.023782813] [localization_bootstrap]: waiting for ground truth: ips=-- imu=--[0m
[localization_error-8] [0m[INFO] [1788534870.990658812] [localization_error]: waiting for TF map -> roboracer_1 ...[0m
[localization_bootstrap-7] [0m[INFO] [1788534872.023783298] [localization_bootstrap]: waiting for ground truth: ips=-- imu=--[0m
[localization_bootstrap-7] [0m[INFO] [1788534874.024083116] [localization_bootstrap]: waiting for ground truth: ips=-- imu=--[0m
[localization_error-8] [0m[INFO] [1788534875.990660827] [localization_error]: waiting for TF map -> roboracer_1 ...[0m
[localization_bootstrap-7] [0m[INFO] [1788534876.023788187] [localization_bootstrap]: waiting for ground truth: ips=-- imu=--[0m
[lifecycle_manager-6] [INFO] [1788534877.014923466] [rclcpp]: signal_handler(signum=2)
[lifecycle_manager-6] [INFO] [1788534877.015019049] [lifecycle_manager_localization]: Running Nav2 LifecycleManager rcl preshutdown (lifecycle_manager_localization)
[static_transform_publisher-10] [INFO] [1788534877.014925368] [rclcpp]: signal_handler(signum=2)
[map_server-4] [INFO] [1788534877.014929055] [rclcpp]: signal_handler(signum=2)
[map_server-4] [INFO] [1788534877.015018861] [map_server]: Running Nav2 LifecycleNode rcl preshutdown (map_server)
[static_transform_publisher-3] [INFO] [1788534877.014932642] [rclcpp]: signal_handler(signum=2)
[lifecycle_manager-6] [INFO] [1788534877.015072935] [lifecycle_manager_localization]: [34m[1mTerminating bond timer...[0m[0m
[map_server-4] [INFO] [1788534877.015101538] [map_server]: Deactivating
[map_server-4] [INFO] [1788534877.015124447] [map_server]: Destroying bond (map_server) to lifecycle manager.
[amcl-5] [0m[INFO] [1788534877.014923070] [rclcpp]: signal_handler(signum=2)[0m
[amcl-5] [0m[INFO] [1788534877.015018910] [amcl]: Running Nav2 LifecycleNode rcl preshutdown (amcl)[0m
[amcl-5] [0m[INFO] [1788534877.015101757] [amcl]: Deactivating[0m
[amcl-5] [0m[INFO] [1788534877.015119277] [amcl]: Destroying bond (amcl) to lifecycle manager.[0m
[localization_error-8] 
[localization_error-8] no samples collected (0 discarded before /localization_ready)
[log_localization-9] 
[log_localization-9]   wrote 0 rows to /home/theflash/Documents/roboracer/run36a_pause20_40.csv
[autodrive_bridge-1] Traceback (most recent call last):
[autodrive_bridge-1]   File "/home/theflash/.local/lib/python3.10/site-packages/socketio/client.py", line 25, in signal_handler
[autodrive_bridge-1]     return original_signal_handler(sig, frame)
[autodrive_bridge-1] TypeError: 'Handlers' object is not callable
[autodrive_bridge-1] 2026-09-04T15:14:37Z
[pure_pursuit-11] [33m[WARN] [1788534877.015474475] [pure_pursuit]: context already shut down; stop command not sent[0m
[pure_pursuit-11] Failed to publish log message to rosout: publisher's context is invalid, at ./src/rcl/publisher.c:389
[amcl-5] [0m[INFO] [1788534877.025321891] [amcl]: Cleaning up[0m
[map_server-4] [INFO] [1788534877.025324328] [map_server]: Cleaning up
[map_server-4] [INFO] [1788534877.025369480] [map_server]: Destroying bond (map_server) to lifecycle manager.
[autodrive_bridge-1] Traceback (most recent call last):
[autodrive_bridge-1]   File "/home/theflash/Documents/roboracer/devkit_ws/install/autodrive_roboracer/lib/autodrive_roboracer/autodrive_bridge", line 33, in <module>
[autodrive_bridge-1]     sys.exit(load_entry_point('autodrive-roboracer==0.1.0', 'console_scripts', 'autodrive_bridge')())
[autodrive_bridge-1]   File "/home/theflash/Documents/roboracer/devkit_ws/install/autodrive_roboracer/lib/python3.10/site-packages/autodrive_roboracer/autodrive_bridge.py", line 442, in main
[autodrive_bridge-1]     pywsgi.WSGIServer(('', 4567), app, handler_class=WebSocketHandler).serve_forever() # Deploy as a gevent WSGI server
[autodrive_bridge-1]   File "/home/theflash/.local/lib/python3.10/site-packages/gevent/baseserver.py", line 400, in serve_forever
[autodrive_bridge-1]     self._stop_event.wait()
[autodrive_bridge-1]   File "src/gevent/event.py", line 163, in gevent._gevent_cevent.Event.wait
[autodrive_bridge-1]   File "src/gevent/_abstract_linkable.py", line 521, in gevent._gevent_c_abstract_linkable.AbstractLinkable._wait
[autodrive_bridge-1]   File "src/gevent/_abstract_linkable.py", line 487, in gevent._gevent_c_abstract_linkable.AbstractLinkable._wait_core
[autodrive_bridge-1]   File "src/gevent/_abstract_linkable.py", line 490, in gevent._gevent_c_abstract_linkable.AbstractLinkable._wait_core
[autodrive_bridge-1]   File "src/gevent/_abstract_linkable.py", line 442, in gevent._gevent_c_abstract_linkable.AbstractLinkable._AbstractLinkable__wait_to_be_notified
[autodrive_bridge-1]   File "src/gevent/_abstract_linkable.py", line 451, in gevent._gevent_c_abstract_linkable.AbstractLinkable._switch_to_hub
[autodrive_bridge-1]   File "src/gevent/_greenlet_primitives.py", line 61, in gevent._gevent_c_greenlet_primitives.SwitchOutGreenletWithLoop.switch
[autodrive_bridge-1]   File "src/gevent/_greenlet_primitives.py", line 65, in gevent._gevent_c_greenlet_primitives.SwitchOutGreenletWithLoop.switch
[autodrive_bridge-1]   File "src/gevent/_gevent_c_greenlet_primitives.pxd", line 35, in gevent._gevent_c_greenlet_primitives._greenlet_switch
[autodrive_bridge-1]   File "/home/theflash/.local/lib/python3.10/site-packages/socketio/client.py", line 25, in signal_handler
[autodrive_bridge-1]     return original_signal_handler(sig, frame)
[autodrive_bridge-1] TypeError: 'Handlers' object is not callable
[amcl-5] [0m[INFO] [1788534877.031612003] [amcl]: Destroying bond (amcl) to lifecycle manager.[0m
[map_server-4] [INFO] [1788534877.033210357] [map_server]: Destroying
[amcl-5] [0m[INFO] [1788534877.040958655] [amcl]: Destroying[0m
[lifecycle_manager-6] [INFO] [1788534877.047480859] [lifecycle_manager_localization]: Destroying lifecycle_manager_localization
[INFO] [static_transform_publisher-10]: process has finished cleanly [pid 41606]
[INFO] [lifecycle_manager-6]: process has finished cleanly [pid 41598]
[INFO] [static_transform_publisher-3]: process has finished cleanly [pid 41592]
[INFO] [map_server-4]: process has finished cleanly [pid 41594]
[INFO] [amcl-5]: process has finished cleanly [pid 41596]
[dead_reckoning-2] Traceback (most recent call last):
[dead_reckoning-2]   File "/home/theflash/Documents/roboracer/devkit_ws/install/racer_localization/lib/racer_localization/dead_reckoning", line 33, in <module>
[dead_reckoning-2]     sys.exit(load_entry_point('racer-localization==0.1.0', 'console_scripts', 'dead_reckoning')())
[dead_reckoning-2]   File "/home/theflash/Documents/roboracer/devkit_ws/install/racer_localization/lib/python3.10/site-packages/racer_localization/dead_reckoning.py", line 308, in main
[dead_reckoning-2]     rclpy.spin(node)
[dead_reckoning-2]   File "/opt/ros/humble/local/lib/python3.10/dist-packages/rclpy/__init__.py", line 229, in spin
[dead_reckoning-2]     executor.spin_once()
[dead_reckoning-2]   File "/opt/ros/humble/local/lib/python3.10/dist-packages/rclpy/executors.py", line 773, in spin_once
[dead_reckoning-2]     self._spin_once_impl(timeout_sec)
[dead_reckoning-2]   File "/opt/ros/humble/local/lib/python3.10/dist-packages/rclpy/executors.py", line 762, in _spin_once_impl
[dead_reckoning-2]     handler, entity, node = self.wait_for_ready_callbacks(timeout_sec=timeout_sec)
[dead_reckoning-2]   File "/opt/ros/humble/local/lib/python3.10/dist-packages/rclpy/executors.py", line 745, in wait_for_ready_callbacks
[dead_reckoning-2]     return next(self._cb_iter)
[dead_reckoning-2]   File "/opt/ros/humble/local/lib/python3.10/dist-packages/rclpy/executors.py", line 646, in _wait_for_ready_callbacks
[dead_reckoning-2]     raise ExternalShutdownException()
[dead_reckoning-2] rclpy.executors.ExternalShutdownException
[localization_bootstrap-7] Traceback (most recent call last):
[localization_bootstrap-7]   File "/home/theflash/Documents/roboracer/devkit_ws/install/racer_localization/lib/racer_localization/localization_bootstrap", line 33, in <module>
[localization_bootstrap-7]     sys.exit(load_entry_point('racer-localization==0.1.0', 'console_scripts', 'localization_bootstrap')())
[localization_bootstrap-7]   File "/home/theflash/Documents/roboracer/devkit_ws/install/racer_localization/lib/python3.10/site-packages/racer_localization/localization_bootstrap.py", line 746, in main
[localization_bootstrap-7]     rclpy.spin(node)
[localization_bootstrap-7]   File "/opt/ros/humble/local/lib/python3.10/dist-packages/rclpy/__init__.py", line 229, in spin
[localization_bootstrap-7]     executor.spin_once()
[localization_bootstrap-7]   File "/opt/ros/humble/local/lib/python3.10/dist-packages/rclpy/executors.py", line 773, in spin_once
[localization_bootstrap-7]     self._spin_once_impl(timeout_sec)
[localization_bootstrap-7]   File "/opt/ros/humble/local/lib/python3.10/dist-packages/rclpy/executors.py", line 762, in _spin_once_impl
[localization_bootstrap-7]     handler, entity, node = self.wait_for_ready_callbacks(timeout_sec=timeout_sec)
[localization_bootstrap-7]   File "/opt/ros/humble/local/lib/python3.10/dist-packages/rclpy/executors.py", line 745, in wait_for_ready_callbacks
[localization_bootstrap-7]     return next(self._cb_iter)
[localization_bootstrap-7]   File "/opt/ros/humble/local/lib/python3.10/dist-packages/rclpy/executors.py", line 646, in _wait_for_ready_callbacks
[localization_bootstrap-7]     raise ExternalShutdownException()
[localization_bootstrap-7] rclpy.executors.ExternalShutdownException
[pure_pursuit-11] Traceback (most recent call last):
[pure_pursuit-11]   File "/home/theflash/Documents/roboracer/devkit_ws/install/racer_control/lib/racer_control/pure_pursuit", line 33, in <module>
[pure_pursuit-11]     sys.exit(load_entry_point('racer-control==0.1.0', 'console_scripts', 'pure_pursuit')())
[pure_pursuit-11]   File "/home/theflash/Documents/roboracer/devkit_ws/install/racer_control/lib/python3.10/site-packages/racer_control/pure_pursuit.py", line 1120, in main
[pure_pursuit-11]     rclpy.spin(node)
[pure_pursuit-11]   File "/opt/ros/humble/local/lib/python3.10/dist-packages/rclpy/__init__.py", line 229, in spin
[pure_pursuit-11]     executor.spin_once()
[pure_pursuit-11]   File "/opt/ros/humble/local/lib/python3.10/dist-packages/rclpy/executors.py", line 773, in spin_once
[localization_error-8] Traceback (most recent call last):
[localization_error-8]   File "/home/theflash/Documents/roboracer/devkit_ws/install/racer_localization/lib/racer_localization/localization_error", line 33, in <module>
[localization_error-8]     sys.exit(load_entry_point('racer-localization==0.1.0', 'console_scripts', 'localization_error')())
[localization_error-8]   File "/home/theflash/Documents/roboracer/devkit_ws/install/racer_localization/lib/python3.10/site-packages/racer_localization/localization_error.py", line 291, in main
[localization_error-8]     rclpy.spin(node)
[localization_error-8]   File "/opt/ros/humble/local/lib/python3.10/dist-packages/rclpy/__init__.py", line 229, in spin
[localization_error-8]     executor.spin_once()
[localization_error-8]   File "/opt/ros/humble/local/lib/python3.10/dist-packages/rclpy/executors.py", line 773, in spin_once
[localization_error-8]     self._spin_once_impl(timeout_sec)
[localization_error-8]   File "/opt/ros/humble/local/lib/python3.10/dist-packages/rclpy/executors.py", line 762, in _spin_once_impl
[pure_pursuit-11]     self._spin_once_impl(timeout_sec)
[pure_pursuit-11]   File "/opt/ros/humble/local/lib/python3.10/dist-packages/rclpy/executors.py", line 762, in _spin_once_impl
[pure_pursuit-11]     handler, entity, node = self.wait_for_ready_callbacks(timeout_sec=timeout_sec)
[pure_pursuit-11]   File "/opt/ros/humble/local/lib/python3.10/dist-packages/rclpy/executors.py", line 745, in wait_for_ready_callbacks
[pure_pursuit-11]     return next(self._cb_iter)
[pure_pursuit-11]   File "/opt/ros/humble/local/lib/python3.10/dist-packages/rclpy/executors.py", line 646, in _wait_for_ready_callbacks
[pure_pursuit-11]     raise ExternalShutdownException()
[pure_pursuit-11] rclpy.executors.ExternalShutdownException
[localization_error-8]     handler, entity, node = self.wait_for_ready_callbacks(timeout_sec=timeout_sec)
[localization_error-8]   File "/opt/ros/humble/local/lib/python3.10/dist-packages/rclpy/executors.py", line 745, in wait_for_ready_callbacks
[localization_error-8]     return next(self._cb_iter)
[localization_error-8]   File "/opt/ros/humble/local/lib/python3.10/dist-packages/rclpy/executors.py", line 646, in _wait_for_ready_callbacks
[localization_error-8]     raise ExternalShutdownException()
[localization_error-8] rclpy.executors.ExternalShutdownException
[INFO] [log_localization-9]: process has finished cleanly [pid 41604]
[ERROR] [dead_reckoning-2]: process has died [pid 41590, exit code 1, cmd '/home/theflash/Documents/roboracer/devkit_ws/install/racer_localization/lib/racer_localization/dead_reckoning --ros-args -r __node:=dead_reckoning --params-file /tmp/launch_params_0zp5wk28'].
[ERROR] [localization_bootstrap-7]: process has died [pid 41600, exit code 1, cmd '/home/theflash/Documents/roboracer/devkit_ws/install/racer_localization/lib/racer_localization/localization_bootstrap --ros-args -r __node:=localization_bootstrap --params-file /tmp/launch_params_jgvc1ha6'].
[ERROR] [localization_error-8]: process has died [pid 41602, exit code 1, cmd '/home/theflash/Documents/roboracer/devkit_ws/install/racer_localization/lib/racer_localization/localization_error --ros-args -r __node:=localization_error --params-file /tmp/launch_params_k38lwfq3'].
[ERROR] [pure_pursuit-11]: process has died [pid 41801, exit code 1, cmd '/home/theflash/Documents/roboracer/devkit_ws/install/racer_control/lib/racer_control/pure_pursuit --ros-args -r __node:=pure_pursuit --params-file /home/theflash/Documents/roboracer/devkit_ws/install/racer_control/share/racer_control/config/pure_pursuit.yaml --params-file /tmp/launch_params_5omwvgqn --params-file /tmp/launch_params_ngbztl3w'].
[ERROR] [autodrive_bridge-1]: process has died [pid 41588, exit code 1, cmd '/home/theflash/Documents/roboracer/devkit_ws/install/autodrive_roboracer/lib/autodrive_roboracer/autodrive_bridge --ros-args -r __node:=autodrive_bridge -r /tf:=/tf_ground_truth'].
