[INFO] [launch]: All log files can be found below /home/theflash/.ros/log/2026-09-04-20-14-45-217609-theflash-ASUS-TUF-Gaming-F15-FX507ZI4-FX507ZI-42038
[INFO] [launch]: Default logging verbosity is set to INFO
[INFO] [launch.user]: [race] mode=dev  localizer=amcl  instruments=ON  bootstrap=truth
[INFO] [autodrive_bridge-1]: process started with pid [42040]
[INFO] [dead_reckoning-2]: process started with pid [42042]
[INFO] [amcl-5]: process started with pid [42048]
[INFO] [localization_bootstrap-7]: process started with pid [42052]
[INFO] [localization_error-8]: process started with pid [42054]
[INFO] [log_localization-9]: process started with pid [42056]
[INFO] [static_transform_publisher-3]: process started with pid [42044]
[INFO] [map_server-4]: process started with pid [42046]
[INFO] [lifecycle_manager-6]: process started with pid [42050]
[INFO] [static_transform_publisher-10]: process started with pid [42058]
[amcl-5] 1788534885.266664 [0]       amcl: selected interface "lo" is not multicast-capable: disabling multicast
[static_transform_publisher-3] 1788534885.266721 [0] static_tra: selected interface "lo" is not multicast-capable: disabling multicast
[lifecycle_manager-6] 1788534885.268818 [0] lifecycle_: selected interface "lo" is not multicast-capable: disabling multicast
[static_transform_publisher-10] 1788534885.269474 [0] static_tra: selected interface "lo" is not multicast-capable: disabling multicast
[amcl-5] [0m[INFO] [1788534885.269895832] [amcl]: 
[amcl-5] 	amcl lifecycle node launched. 
[amcl-5] 	Waiting on external lifecycle transitions to activate
[amcl-5] 	See https://design.ros2.org/articles/node_lifecycle.html for more information.[0m
[amcl-5] [0m[INFO] [1788534885.270240275] [amcl]: Creating[0m
[static_transform_publisher-3] [INFO] [1788534885.270803595] [lidar_tf]: Spinning until stopped - publishing transform
[static_transform_publisher-3] translation: ('0.273300', '0.000000', '0.096000')
[static_transform_publisher-3] rotation: ('0.000000', '0.000000', '0.000000', '1.000000')
[static_transform_publisher-3] from 'roboracer_1' to 'lidar'
[lifecycle_manager-6] [INFO] [1788534885.273225902] [lifecycle_manager_localization]: Creating
[static_transform_publisher-10] [INFO] [1788534885.273403299] [map_world_tf]: Spinning until stopped - publishing transform
[static_transform_publisher-10] translation: ('0.000000', '0.000000', '0.000000')
[static_transform_publisher-10] rotation: ('0.000000', '0.000000', '0.000000', '1.000000')
[static_transform_publisher-10] from 'map' to 'world'
[lifecycle_manager-6] [INFO] [1788534885.274864944] [lifecycle_manager_localization]: [34m[1mCreating and initializing lifecycle service clients[0m[0m
[map_server-4] 1788534885.276120 [0] map_server: selected interface "lo" is not multicast-capable: disabling multicast
[map_server-4] [INFO] [1788534885.281224677] [map_server]: 
[map_server-4] 	map_server lifecycle node launched. 
[map_server-4] 	Waiting on external lifecycle transitions to activate
[map_server-4] 	See https://design.ros2.org/articles/node_lifecycle.html for more information.
[map_server-4] [INFO] [1788534885.281321050] [map_server]: Creating
[lifecycle_manager-6] [INFO] [1788534885.282009306] [lifecycle_manager_localization]: [34m[1mStarting managed nodes bringup...[0m[0m
[lifecycle_manager-6] [INFO] [1788534885.282050953] [lifecycle_manager_localization]: [34m[1mConfiguring map_server[0m[0m
[map_server-4] [INFO] [1788534885.298791883] [map_server]: Configuring
[map_server-4] [INFO] [1788534885.298861798] [map_io]: Loading yaml file: /home/theflash/Documents/roboracer/devkit_ws/src/racer_mapping/maps/track_clean.yaml
[map_server-4] [INFO] [1788534885.299085390] [map_io]: resolution: 0.05
[map_server-4] [INFO] [1788534885.299094643] [map_io]: origin[0]: -3.71
[map_server-4] [INFO] [1788534885.299098530] [map_io]: origin[1]: -8.61
[map_server-4] [INFO] [1788534885.299101954] [map_io]: origin[2]: 0
[map_server-4] [INFO] [1788534885.299105456] [map_io]: free_thresh: 0.25
[map_server-4] [INFO] [1788534885.299108873] [map_io]: occupied_thresh: 0.65
[map_server-4] [INFO] [1788534885.299112830] [map_io]: mode: trinary
[map_server-4] [INFO] [1788534885.299117201] [map_io]: negate: 0
[map_server-4] [INFO] [1788534885.299255216] [map_io]: Loading image_file: /home/theflash/Documents/roboracer/devkit_ws/src/racer_mapping/maps/track_clean.pgm
[map_server-4] [INFO] [1788534885.302218740] [map_io]: Read map /home/theflash/Documents/roboracer/devkit_ws/src/racer_mapping/maps/track_clean.pgm: 108 X 316 map @ 0.05 m/cell
[lifecycle_manager-6] [INFO] [1788534885.304316831] [lifecycle_manager_localization]: [34m[1mConfiguring amcl[0m[0m
[amcl-5] [0m[INFO] [1788534885.304870102] [amcl]: Configuring[0m
[amcl-5] [0m[INFO] [1788534885.304949808] [amcl]: initTransforms[0m
[amcl-5] [0m[INFO] [1788534885.310277205] [amcl]: initPubSub[0m
[amcl-5] [0m[INFO] [1788534885.313404560] [amcl]: Subscribed to map topic.[0m
[lifecycle_manager-6] [INFO] [1788534885.314730543] [lifecycle_manager_localization]: [34m[1mActivating map_server[0m[0m
[map_server-4] [INFO] [1788534885.314915561] [map_server]: Activating
[map_server-4] [INFO] [1788534885.315066447] [map_server]: Creating bond (map_server) to lifecycle manager.
[amcl-5] [0m[INFO] [1788534885.316134464] [amcl]: Received a 108 X 316 map @ 0.050 m/pix[0m
[lifecycle_manager-6] [INFO] [1788534885.417930033] [lifecycle_manager_localization]: Server map_server connected with bond.
[lifecycle_manager-6] [INFO] [1788534885.417965459] [lifecycle_manager_localization]: [34m[1mActivating amcl[0m[0m
[amcl-5] [0m[INFO] [1788534885.418726687] [amcl]: Activating[0m
[amcl-5] [0m[INFO] [1788534885.418768921] [amcl]: initialPoseReceived[0m
[amcl-5] [0m[INFO] [1788534885.418870219] [amcl]: Setting pose (1788534885.418870): 0.710 0.020 -1.599[0m
[amcl-5] [0m[INFO] [1788534885.420603111] [amcl]: Creating bond (amcl) to lifecycle manager.[0m
[lifecycle_manager-6] [INFO] [1788534885.523478735] [lifecycle_manager_localization]: Server amcl connected with bond.
[lifecycle_manager-6] [INFO] [1788534885.523524427] [lifecycle_manager_localization]: [34m[1mManaged nodes are active[0m[0m
[lifecycle_manager-6] [INFO] [1788534885.523552653] [lifecycle_manager_localization]: [34m[1mCreating bond timer...[0m[0m
[dead_reckoning-2] 1788534885.536678 [0] dead_recko: selected interface "lo" is not multicast-capable: disabling multicast
[localization_error-8] 1788534885.538630 [0] localizati: selected interface "lo" is not multicast-capable: disabling multicast
[localization_bootstrap-7] 1788534885.556489 [0] localizati: selected interface "lo" is not multicast-capable: disabling multicast
[log_localization-9] 1788534885.567896 [0] log_locali: selected interface "lo" is not multicast-capable: disabling multicast
[dead_reckoning-2] [0m[INFO] [1788534885.572232220] [dead_reckoning]: dead reckoning: odom -> roboracer_1, wheel r=0.0581 m, scale=1.0, 200 Hz, tf +20 ms, extrapolate yaw=True pos=True[0m
[localization_error-8] [31m[ERROR] [1788534885.572780329] [localization_error]: RESTRICTED TOPIC: reading /autodrive/roboracer_1/odom (simulator ground-truth pose and twist) -- continuous comparison against TF map -> roboracer_1. This run is NOT race-legal; any lap time from it is a development number. See racer_common/restricted.py.[0m
[localization_error-8] [0m[INFO] [1788534885.573080225] [localization_error]: sampling starts 1.0 s after /localization_ready; bootstrap is excluded (require_ready:=false to include it)[0m
[log_localization-9] [31m[ERROR] [1788534885.607700889] [log_localization]: RESTRICTED TOPIC: reading /autodrive/roboracer_1/ips (simulator ground-truth position) -- continuous logging against the estimate. This run is NOT race-legal; any lap time from it is a development number. See racer_common/restricted.py.[0m
[log_localization-9] [31m[ERROR] [1788534885.607930814] [log_localization]: RESTRICTED TOPIC: reading /autodrive/roboracer_1/odom (simulator ground-truth pose and twist) -- continuous logging against the estimate. This run is NOT race-legal; any lap time from it is a development number. See racer_common/restricted.py.[0m
[log_localization-9] [0m[INFO] [1788534885.608226831] [log_localization]: logging to /home/theflash/Documents/roboracer/run36b_pause35_35.csv at 50 Hz until Ctrl-C[0m
[localization_error-8] [0m[INFO] [1788534885.611517587] [localization_error]: waiting for TF map -> roboracer_1: Could not find a connection between 'map' and 'roboracer_1' because they are not part of the same tree.Tf has two or more unconnected trees.[0m
[localization_bootstrap-7] [0m[INFO] [1788534885.612064955] [localization_bootstrap]: WARMUP SEED: reading /autodrive/roboracer_1/ips (simulator ground-truth position) ONCE -- initial pose seed. Legal: the first lap is warmup, this is read before the car moves, and it is released immediately after. Nothing reads ground truth afterwards.[0m
[localization_bootstrap-7] [0m[INFO] [1788534885.612627568] [localization_bootstrap]: mode=truth: seeding the initial pose from /ips + /imu before the car moves, then releasing /ips. Tracking is lidar + map + dead reckoning from there on.[0m
[localization_bootstrap-7] [0m[INFO] [1788534885.613015248] [localization_bootstrap]: waiting for amcl to reach the active state before sending anything[0m
[localization_bootstrap-7] [0m[INFO] [1788534885.664693462] [localization_bootstrap]: amcl is ACTIVE -- an initial pose will now be accepted[0m
[autodrive_bridge-1] 1788534885.798695 [0] autodrive_: selected interface "lo" is not multicast-capable: disabling multicast
[pure_pursuit] launch overrides: {'control_hz': 40.0}
[INFO] [pure_pursuit-11]: process started with pid [42249]
[pure_pursuit-11] 1788534887.528413 [0] pure_pursu: selected interface "lo" is not multicast-capable: disabling multicast
[pure_pursuit-11] [0m[INFO] [1788534887.567230556] [pure_pursuit]: path: 400 points, 27.82 m lap, from /home/theflash/Documents/roboracer/raceline/raceline_a7.0.csv[0m
[pure_pursuit-11] [0m[INFO] [1788534887.569334451] [pure_pursuit]: pose from TF map -> roboracer_1 (continuous); /amcl_pose kept as a fallback[0m
[pure_pursuit-11] [0m[INFO] [1788534887.569944588] [pure_pursuit]: steering on /amcl_pose[0m
[pure_pursuit-11] [0m[INFO] [1788534887.571316743] [pure_pursuit]: speed_source=tire  throttle_mode=slip  slip band [-0.08, +0.08]  u_launch 0.4 m/s  lookahead 0.8-2.2 m (k 0.55)  latency_comp 0.05 s[0m
[pure_pursuit-11] [33m[WARN] [1788534887.571524117] [pure_pursuit]: dev_lap_telemetry ON: subscribing to RESTRICTED lap topics[0m
[pure_pursuit-11] [0m[INFO] [1788534887.572261268] [pure_pursuit]: holding until /localization_ready[0m
[localization_bootstrap-7] [0m[INFO] [1788534887.613541280] [localization_bootstrap]: waiting for ground truth: ips=-- imu=--[0m
[localization_bootstrap-7] [0m[INFO] [1788534889.613498168] [localization_bootstrap]: waiting for ground truth: ips=-- imu=--[0m
[localization_error-8] [0m[INFO] [1788534890.561795191] [localization_error]: waiting for TF map -> roboracer_1 ...[0m
[localization_bootstrap-7] [0m[INFO] [1788534891.613553420] [localization_bootstrap]: waiting for ground truth: ips=-- imu=--[0m
[localization_bootstrap-7] [0m[INFO] [1788534893.613544913] [localization_bootstrap]: waiting for ground truth: ips=-- imu=--[0m
[localization_error-8] [0m[INFO] [1788534895.561927517] [localization_error]: waiting for TF map -> roboracer_1 ...[0m
[localization_bootstrap-7] [0m[INFO] [1788534895.613763245] [localization_bootstrap]: waiting for ground truth: ips=-- imu=--[0m
[localization_bootstrap-7] [0m[INFO] [1788534897.613517918] [localization_bootstrap]: waiting for ground truth: ips=-- imu=--[0m
[localization_bootstrap-7] [0m[INFO] [1788534899.613554176] [localization_bootstrap]: waiting for ground truth: ips=-- imu=--[0m
[localization_error-8] [0m[INFO] [1788534900.561926427] [localization_error]: waiting for TF map -> roboracer_1 ...[0m
[localization_bootstrap-7] [0m[INFO] [1788534901.613600091] [localization_bootstrap]: waiting for ground truth: ips=-- imu=--[0m
[localization_bootstrap-7] [0m[INFO] [1788534903.613722335] [localization_bootstrap]: waiting for ground truth: ips=-- imu=--[0m
[localization_error-8] [0m[INFO] [1788534905.562050510] [localization_error]: waiting for TF map -> roboracer_1 ...[0m
[localization_bootstrap-7] [0m[INFO] [1788534905.613806833] [localization_bootstrap]: waiting for ground truth: ips=-- imu=--[0m
[localization_bootstrap-7] [0m[INFO] [1788534907.613783261] [localization_bootstrap]: waiting for ground truth: ips=-- imu=--[0m
[localization_bootstrap-7] [0m[INFO] [1788534909.613772380] [localization_bootstrap]: waiting for ground truth: ips=-- imu=--[0m
[localization_error-8] [0m[INFO] [1788534910.562096748] [localization_error]: waiting for TF map -> roboracer_1 ...[0m
[localization_bootstrap-7] [0m[INFO] [1788534911.613745333] [localization_bootstrap]: waiting for ground truth: ips=-- imu=--[0m
[localization_bootstrap-7] [0m[INFO] [1788534913.613783827] [localization_bootstrap]: waiting for ground truth: ips=-- imu=--[0m
[localization_error-8] [0m[INFO] [1788534915.561965624] [localization_error]: waiting for TF map -> roboracer_1 ...[0m
[localization_bootstrap-7] [0m[INFO] [1788534915.613767632] [localization_bootstrap]: waiting for ground truth: ips=-- imu=--[0m
[localization_bootstrap-7] [0m[INFO] [1788534917.613760692] [localization_bootstrap]: waiting for ground truth: ips=-- imu=--[0m
[localization_bootstrap-7] [0m[INFO] [1788534919.613719462] [localization_bootstrap]: waiting for ground truth: ips=-- imu=--[0m
[localization_error-8] [0m[INFO] [1788534920.562009766] [localization_error]: waiting for TF map -> roboracer_1 ...[0m
[localization_bootstrap-7] [0m[INFO] [1788534921.613718965] [localization_bootstrap]: waiting for ground truth: ips=-- imu=--[0m
[localization_bootstrap-7] [0m[INFO] [1788534923.613794967] [localization_bootstrap]: waiting for ground truth: ips=-- imu=--[0m
[localization_error-8] [0m[INFO] [1788534925.561948332] [localization_error]: waiting for TF map -> roboracer_1 ...[0m
[localization_bootstrap-7] [0m[INFO] [1788534925.613546555] [localization_bootstrap]: waiting for ground truth: ips=-- imu=--[0m
[localization_bootstrap-7] [0m[INFO] [1788534927.613773896] [localization_bootstrap]: waiting for ground truth: ips=-- imu=--[0m
[localization_bootstrap-7] [0m[INFO] [1788534929.613573848] [localization_bootstrap]: waiting for ground truth: ips=-- imu=--[0m
[localization_error-8] [0m[INFO] [1788534930.562680673] [localization_error]: waiting for TF map -> roboracer_1 ...[0m
[localization_bootstrap-7] [0m[INFO] [1788534931.613698096] [localization_bootstrap]: waiting for ground truth: ips=-- imu=--[0m
[localization_bootstrap-7] [0m[INFO] [1788534933.614023166] [localization_bootstrap]: waiting for ground truth: ips=-- imu=--[0m
[localization_error-8] [0m[INFO] [1788534935.561746557] [localization_error]: waiting for TF map -> roboracer_1 ...[0m
[localization_bootstrap-7] [0m[INFO] [1788534935.613551475] [localization_bootstrap]: waiting for ground truth: ips=-- imu=--[0m
[localization_bootstrap-7] [0m[INFO] [1788534937.613889731] [localization_bootstrap]: waiting for ground truth: ips=-- imu=--[0m
[localization_bootstrap-7] [0m[INFO] [1788534939.613537825] [localization_bootstrap]: waiting for ground truth: ips=-- imu=--[0m
[localization_error-8] [0m[INFO] [1788534940.561696038] [localization_error]: waiting for TF map -> roboracer_1 ...[0m
[localization_bootstrap-7] [0m[INFO] [1788534941.613530956] [localization_bootstrap]: waiting for ground truth: ips=-- imu=--[0m
[localization_bootstrap-7] [0m[INFO] [1788534943.614514927] [localization_bootstrap]: waiting for ground truth: ips=-- imu=--[0m
[localization_error-8] [0m[INFO] [1788534945.561990366] [localization_error]: waiting for TF map -> roboracer_1 ...[0m
[localization_bootstrap-7] [0m[INFO] [1788534945.613525055] [localization_bootstrap]: waiting for ground truth: ips=-- imu=--[0m
[localization_bootstrap-7] [0m[INFO] [1788534947.613902170] [localization_bootstrap]: waiting for ground truth: ips=-- imu=--[0m
[localization_bootstrap-7] [0m[INFO] [1788534949.613739979] [localization_bootstrap]: waiting for ground truth: ips=-- imu=--[0m
[localization_error-8] [0m[INFO] [1788534950.561659376] [localization_error]: waiting for TF map -> roboracer_1 ...[0m
[localization_bootstrap-7] [0m[INFO] [1788534951.613540277] [localization_bootstrap]: waiting for ground truth: ips=-- imu=--[0m
[localization_bootstrap-7] [0m[INFO] [1788534953.613724044] [localization_bootstrap]: waiting for ground truth: ips=-- imu=--[0m
[localization_error-8] [0m[INFO] [1788534955.561787109] [localization_error]: waiting for TF map -> roboracer_1 ...[0m
[localization_bootstrap-7] [0m[INFO] [1788534955.613552167] [localization_bootstrap]: waiting for ground truth: ips=-- imu=--[0m
[localization_bootstrap-7] [0m[INFO] [1788534957.613696279] [localization_bootstrap]: waiting for ground truth: ips=-- imu=--[0m
[localization_bootstrap-7] [0m[INFO] [1788534959.613924064] [localization_bootstrap]: waiting for ground truth: ips=-- imu=--[0m
[localization_error-8] [0m[INFO] [1788534960.561744237] [localization_error]: waiting for TF map -> roboracer_1 ...[0m
[localization_bootstrap-7] [0m[INFO] [1788534961.613637268] [localization_bootstrap]: waiting for ground truth: ips=-- imu=--[0m
[localization_bootstrap-7] [0m[INFO] [1788534963.613884789] [localization_bootstrap]: waiting for ground truth: ips=-- imu=--[0m
[localization_error-8] [0m[INFO] [1788534965.561715446] [localization_error]: waiting for TF map -> roboracer_1 ...[0m
[localization_bootstrap-7] [0m[INFO] [1788534965.613678000] [localization_bootstrap]: waiting for ground truth: ips=-- imu=--[0m
[localization_bootstrap-7] [0m[INFO] [1788534967.613540865] [localization_bootstrap]: waiting for ground truth: ips=-- imu=--[0m
[localization_bootstrap-7] [0m[INFO] [1788534969.613857156] [localization_bootstrap]: waiting for ground truth: ips=-- imu=--[0m
[localization_error-8] [0m[INFO] [1788534970.561702015] [localization_error]: waiting for TF map -> roboracer_1 ...[0m
[localization_bootstrap-7] [0m[INFO] [1788534971.613528792] [localization_bootstrap]: waiting for ground truth: ips=-- imu=--[0m
[localization_bootstrap-7] [0m[INFO] [1788534973.613576875] [localization_bootstrap]: waiting for ground truth: ips=-- imu=--[0m
[localization_error-8] [0m[INFO] [1788534975.561736804] [localization_error]: waiting for TF map -> roboracer_1 ...[0m
[localization_bootstrap-7] [0m[INFO] [1788534975.614349748] [localization_bootstrap]: waiting for ground truth: ips=-- imu=--[0m
[localization_bootstrap-7] [0m[INFO] [1788534977.613560183] [localization_bootstrap]: waiting for ground truth: ips=-- imu=--[0m
[localization_bootstrap-7] [0m[INFO] [1788534979.613490560] [localization_bootstrap]: waiting for ground truth: ips=-- imu=--[0m
[localization_error-8] [0m[INFO] [1788534980.561775727] [localization_error]: waiting for TF map -> roboracer_1 ...[0m
[localization_bootstrap-7] [0m[INFO] [1788534981.613997289] [localization_bootstrap]: waiting for ground truth: ips=-- imu=--[0m
[localization_bootstrap-7] [0m[INFO] [1788534983.613514924] [localization_bootstrap]: waiting for ground truth: ips=-- imu=--[0m
[localization_error-8] [0m[INFO] [1788534985.562724940] [localization_error]: waiting for TF map -> roboracer_1 ...[0m
[localization_bootstrap-7] [0m[INFO] [1788534985.613635146] [localization_bootstrap]: waiting for ground truth: ips=-- imu=--[0m
[localization_bootstrap-7] [0m[INFO] [1788534987.614368549] [localization_bootstrap]: waiting for ground truth: ips=-- imu=--[0m
[localization_bootstrap-7] [0m[INFO] [1788534989.613497425] [localization_bootstrap]: waiting for ground truth: ips=-- imu=--[0m
[localization_error-8] [0m[INFO] [1788534990.562122821] [localization_error]: waiting for TF map -> roboracer_1 ...[0m
[localization_bootstrap-7] [0m[INFO] [1788534991.613794292] [localization_bootstrap]: waiting for ground truth: ips=-- imu=--[0m
[localization_bootstrap-7] [0m[INFO] [1788534993.614221859] [localization_bootstrap]: waiting for ground truth: ips=-- imu=--[0m
[localization_error-8] [0m[INFO] [1788534995.561695620] [localization_error]: waiting for TF map -> roboracer_1 ...[0m
[localization_bootstrap-7] [0m[INFO] [1788534995.613565259] [localization_bootstrap]: waiting for ground truth: ips=-- imu=--[0m
[localization_bootstrap-7] [0m[INFO] [1788534997.613670688] [localization_bootstrap]: waiting for ground truth: ips=-- imu=--[0m
[localization_bootstrap-7] [0m[INFO] [1788534999.613846913] [localization_bootstrap]: waiting for ground truth: ips=-- imu=--[0m
[localization_error-8] [0m[INFO] [1788535000.561963778] [localization_error]: waiting for TF map -> roboracer_1 ...[0m
[localization_bootstrap-7] [0m[INFO] [1788535001.613575771] [localization_bootstrap]: waiting for ground truth: ips=-- imu=--[0m
[localization_bootstrap-7] [0m[INFO] [1788535003.613901992] [localization_bootstrap]: waiting for ground truth: ips=-- imu=--[0m
[localization_error-8] [0m[INFO] [1788535005.561851543] [localization_error]: waiting for TF map -> roboracer_1 ...[0m
[localization_bootstrap-7] [0m[INFO] [1788535005.613739090] [localization_bootstrap]: waiting for ground truth: ips=-- imu=--[0m
[lifecycle_manager-6] [INFO] [1788535006.655967284] [rclcpp]: signal_handler(signum=2)
[static_transform_publisher-10] [INFO] [1788535006.655968651] [rclcpp]: signal_handler(signum=2)
[map_server-4] [INFO] [1788535006.655973666] [rclcpp]: signal_handler(signum=2)
[map_server-4] [INFO] [1788535006.656068971] [map_server]: Running Nav2 LifecycleNode rcl preshutdown (map_server)
[static_transform_publisher-3] [INFO] [1788535006.655975022] [rclcpp]: signal_handler(signum=2)
[amcl-5] [0m[INFO] [1788535006.655971060] [rclcpp]: signal_handler(signum=2)[0m
[amcl-5] [0m[INFO] [1788535006.656068005] [amcl]: Running Nav2 LifecycleNode rcl preshutdown (amcl)[0m
[amcl-5] [0m[INFO] [1788535006.656143384] [amcl]: Deactivating[0m
[amcl-5] [0m[INFO] [1788535006.656166671] [amcl]: Destroying bond (amcl) to lifecycle manager.[0m
[lifecycle_manager-6] [INFO] [1788535006.656068451] [lifecycle_manager_localization]: Running Nav2 LifecycleManager rcl preshutdown (lifecycle_manager_localization)
[lifecycle_manager-6] [INFO] [1788535006.656118744] [lifecycle_manager_localization]: [34m[1mTerminating bond timer...[0m[0m
[log_localization-9] 
[log_localization-9]   wrote 0 rows to /home/theflash/Documents/roboracer/run36b_pause35_35.csv
[map_server-4] [INFO] [1788535006.656143830] [map_server]: Deactivating
[map_server-4] [INFO] [1788535006.656166782] [map_server]: Destroying bond (map_server) to lifecycle manager.
[localization_error-8] 
[localization_error-8] no samples collected (0 discarded before /localization_ready)
[autodrive_bridge-1] Traceback (most recent call last):
[autodrive_bridge-1]   File "/home/theflash/.local/lib/python3.10/site-packages/socketio/client.py", line 25, in signal_handler
[autodrive_bridge-1]     return original_signal_handler(sig, frame)
[autodrive_bridge-1] TypeError: 'Handlers' object is not callable
[autodrive_bridge-1] 2026-09-04T15:16:46Z
[pure_pursuit-11] [33m[WARN] [1788535006.656539655] [pure_pursuit]: context already shut down; stop command not sent[0m
[pure_pursuit-11] Failed to publish log message to rosout: publisher's context is invalid, at ./src/rcl/publisher.c:389
[amcl-5] [0m[INFO] [1788535006.666373487] [amcl]: Cleaning up[0m
[map_server-4] [INFO] [1788535006.666398392] [map_server]: Cleaning up
[map_server-4] [INFO] [1788535006.666460499] [map_server]: Destroying bond (map_server) to lifecycle manager.
[amcl-5] [0m[INFO] [1788535006.672606262] [amcl]: Destroying bond (amcl) to lifecycle manager.[0m
[autodrive_bridge-1] Traceback (most recent call last):
[autodrive_bridge-1]   File "/home/theflash/Documents/roboracer/devkit_ws/install/autodrive_roboracer/lib/autodrive_roboracer/autodrive_bridge", line 33, in <module>
[autodrive_bridge-1]     sys.exit(load_entry_point('autodrive-roboracer==0.1.0', 'console_scripts', 'autodrive_bridge')())
[autodrive_bridge-1]   File "/home/theflash/Documents/roboracer/devkit_ws/install/autodrive_roboracer/lib/python3.10/site-packages/autodrive_roboracer/autodrive_bridge.py", line 442, in main
[autodrive_bridge-1]     pywsgi.WSGIServer(('', 4567), app, handler_class=WebSocketHandler).serve_forever() # Deploy as a gevent WSGI server
[autodrive_bridge-1]   File "/home/theflash/.local/lib/python3.10/site-packages/gevent/baseserver.py", line 400, in serve_forever
[autodrive_bridge-1]     self._stop_event.wait()
[autodrive_bridge-1]   File "src/gevent/event.py", line 163, in gevent._gevent_cevent.Event.wait
[autodrive_bridge-1]   File "src/gevent/_abstract_linkable.py", line 521, in gevent._gevent_c_abstract_linkable.AbstractLinkable._wait
[autodrive_bridge-1]   File "src/gevent/_abstract_linkable.py", line 487, in gevent._gevent_c_abstract_linkable.AbstractLinkable._wait_core
[autodrive_bridge-1]   File "src/gevent/_abstract_linkable.py", line 490, in gevent._gevent_c_abstract_linkable.AbstractLinkable._wait_core
[autodrive_bridge-1]   File "src/gevent/_abstract_linkable.py", line 442, in gevent._gevent_c_abstract_linkable.AbstractLinkable._AbstractLinkable__wait_to_be_notified
[autodrive_bridge-1]   File "src/gevent/_abstract_linkable.py", line 451, in gevent._gevent_c_abstract_linkable.AbstractLinkable._switch_to_hub
[autodrive_bridge-1]   File "src/gevent/_greenlet_primitives.py", line 61, in gevent._gevent_c_greenlet_primitives.SwitchOutGreenletWithLoop.switch
[autodrive_bridge-1]   File "src/gevent/_greenlet_primitives.py", line 65, in gevent._gevent_c_greenlet_primitives.SwitchOutGreenletWithLoop.switch
[autodrive_bridge-1]   File "src/gevent/_gevent_c_greenlet_primitives.pxd", line 35, in gevent._gevent_c_greenlet_primitives._greenlet_switch
[autodrive_bridge-1]   File "/home/theflash/.local/lib/python3.10/site-packages/socketio/client.py", line 25, in signal_handler
[autodrive_bridge-1]     return original_signal_handler(sig, frame)
[autodrive_bridge-1] TypeError: 'Handlers' object is not callable
[map_server-4] [INFO] [1788535006.818983104] [map_server]: Destroying
[amcl-5] [0m[INFO] [1788535006.824644562] [amcl]: Destroying[0m
[lifecycle_manager-6] [INFO] [1788535006.826833142] [lifecycle_manager_localization]: Destroying lifecycle_manager_localization
[INFO] [static_transform_publisher-10]: process has finished cleanly [pid 42058]
[INFO] [static_transform_publisher-3]: process has finished cleanly [pid 42044]
[localization_error-8] Traceback (most recent call last):
[localization_error-8]   File "/home/theflash/Documents/roboracer/devkit_ws/install/racer_localization/lib/racer_localization/localization_error", line 33, in <module>
[localization_error-8]     sys.exit(load_entry_point('racer-localization==0.1.0', 'console_scripts', 'localization_error')())
[localization_error-8]   File "/home/theflash/Documents/roboracer/devkit_ws/install/racer_localization/lib/python3.10/site-packages/racer_localization/localization_error.py", line 291, in main
[localization_error-8]     rclpy.spin(node)
[localization_error-8]   File "/opt/ros/humble/local/lib/python3.10/dist-packages/rclpy/__init__.py", line 229, in spin
[localization_error-8]     executor.spin_once()
[localization_error-8]   File "/opt/ros/humble/local/lib/python3.10/dist-packages/rclpy/executors.py", line 773, in spin_once
[localization_error-8]     self._spin_once_impl(timeout_sec)
[localization_error-8]   File "/opt/ros/humble/local/lib/python3.10/dist-packages/rclpy/executors.py", line 762, in _spin_once_impl
[localization_error-8]     handler, entity, node = self.wait_for_ready_callbacks(timeout_sec=timeout_sec)
[localization_error-8]   File "/opt/ros/humble/local/lib/python3.10/dist-packages/rclpy/executors.py", line 745, in wait_for_ready_callbacks
[localization_error-8]     return next(self._cb_iter)
[localization_error-8]   File "/opt/ros/humble/local/lib/python3.10/dist-packages/rclpy/executors.py", line 618, in _wait_for_ready_callbacks
[localization_error-8]     wait_set = _rclpy.WaitSet(
[localization_error-8] rclpy._rclpy_pybind11.RCLError: failed to initialize wait set: the given context is not valid, either rcl_init() was not called or rcl_shutdown() was called., at ./src/rcl/wait.c:130
[pure_pursuit-11] Traceback (most recent call last):
[pure_pursuit-11]   File "/home/theflash/Documents/roboracer/devkit_ws/install/racer_control/lib/racer_control/pure_pursuit", line 33, in <module>
[pure_pursuit-11]     sys.exit(load_entry_point('racer-control==0.1.0', 'console_scripts', 'pure_pursuit')())
[pure_pursuit-11]   File "/home/theflash/Documents/roboracer/devkit_ws/install/racer_control/lib/python3.10/site-packages/racer_control/pure_pursuit.py", line 1120, in main
[pure_pursuit-11]     rclpy.spin(node)
[pure_pursuit-11]   File "/opt/ros/humble/local/lib/python3.10/dist-packages/rclpy/__init__.py", line 229, in spin
[pure_pursuit-11]     executor.spin_once()
[pure_pursuit-11]   File "/opt/ros/humble/local/lib/python3.10/dist-packages/rclpy/executors.py", line 773, in spin_once
[pure_pursuit-11]     self._spin_once_impl(timeout_sec)
[pure_pursuit-11]   File "/opt/ros/humble/local/lib/python3.10/dist-packages/rclpy/executors.py", line 762, in _spin_once_impl
[pure_pursuit-11]     handler, entity, node = self.wait_for_ready_callbacks(timeout_sec=timeout_sec)
[pure_pursuit-11]   File "/opt/ros/humble/local/lib/python3.10/dist-packages/rclpy/executors.py", line 745, in wait_for_ready_callbacks
[dead_reckoning-2] Traceback (most recent call last):
[dead_reckoning-2]   File "/home/theflash/Documents/roboracer/devkit_ws/install/racer_localization/lib/racer_localization/dead_reckoning", line 33, in <module>
[dead_reckoning-2]     sys.exit(load_entry_point('racer-localization==0.1.0', 'console_scripts', 'dead_reckoning')())
[dead_reckoning-2]   File "/home/theflash/Documents/roboracer/devkit_ws/install/racer_localization/lib/python3.10/site-packages/racer_localization/dead_reckoning.py", line 308, in main
[dead_reckoning-2]     rclpy.spin(node)
[dead_reckoning-2]   File "/opt/ros/humble/local/lib/python3.10/dist-packages/rclpy/__init__.py", line 229, in spin
[dead_reckoning-2]     executor.spin_once()
[dead_reckoning-2]   File "/opt/ros/humble/local/lib/python3.10/dist-packages/rclpy/executors.py", line 773, in spin_once
[dead_reckoning-2]     self._spin_once_impl(timeout_sec)
[dead_reckoning-2]   File "/opt/ros/humble/local/lib/python3.10/dist-packages/rclpy/executors.py", line 762, in _spin_once_impl
[dead_reckoning-2]     handler, entity, node = self.wait_for_ready_callbacks(timeout_sec=timeout_sec)
[dead_reckoning-2]   File "/opt/ros/humble/local/lib/python3.10/dist-packages/rclpy/executors.py", line 745, in wait_for_ready_callbacks
[dead_reckoning-2]     return next(self._cb_iter)
[dead_reckoning-2]   File "/opt/ros/humble/local/lib/python3.10/dist-packages/rclpy/executors.py", line 646, in _wait_for_ready_callbacks
[pure_pursuit-11]     return next(self._cb_iter)
[pure_pursuit-11]   File "/opt/ros/humble/local/lib/python3.10/dist-packages/rclpy/executors.py", line 646, in _wait_for_ready_callbacks
[pure_pursuit-11]     raise ExternalShutdownException()
[pure_pursuit-11] rclpy.executors.ExternalShutdownException
[dead_reckoning-2]     raise ExternalShutdownException()
[dead_reckoning-2] rclpy.executors.ExternalShutdownException
[localization_bootstrap-7] Traceback (most recent call last):
[localization_bootstrap-7]   File "/home/theflash/Documents/roboracer/devkit_ws/install/racer_localization/lib/racer_localization/localization_bootstrap", line 33, in <module>
[localization_bootstrap-7]     sys.exit(load_entry_point('racer-localization==0.1.0', 'console_scripts', 'localization_bootstrap')())
[localization_bootstrap-7]   File "/home/theflash/Documents/roboracer/devkit_ws/install/racer_localization/lib/python3.10/site-packages/racer_localization/localization_bootstrap.py", line 746, in main
[localization_bootstrap-7]     rclpy.spin(node)
[localization_bootstrap-7]   File "/opt/ros/humble/local/lib/python3.10/dist-packages/rclpy/__init__.py", line 229, in spin
[localization_bootstrap-7]     executor.spin_once()
[localization_bootstrap-7]   File "/opt/ros/humble/local/lib/python3.10/dist-packages/rclpy/executors.py", line 773, in spin_once
[localization_bootstrap-7]     self._spin_once_impl(timeout_sec)
[localization_bootstrap-7]   File "/opt/ros/humble/local/lib/python3.10/dist-packages/rclpy/executors.py", line 762, in _spin_once_impl
[localization_bootstrap-7]     handler, entity, node = self.wait_for_ready_callbacks(timeout_sec=timeout_sec)
[localization_bootstrap-7]   File "/opt/ros/humble/local/lib/python3.10/dist-packages/rclpy/executors.py", line 745, in wait_for_ready_callbacks
[localization_bootstrap-7]     return next(self._cb_iter)
[localization_bootstrap-7]   File "/opt/ros/humble/local/lib/python3.10/dist-packages/rclpy/executors.py", line 646, in _wait_for_ready_callbacks
[localization_bootstrap-7]     raise ExternalShutdownException()
[localization_bootstrap-7] rclpy.executors.ExternalShutdownException
[INFO] [log_localization-9]: process has finished cleanly [pid 42056]
[ERROR] [localization_error-8]: process has died [pid 42054, exit code 1, cmd '/home/theflash/Documents/roboracer/devkit_ws/install/racer_localization/lib/racer_localization/localization_error --ros-args -r __node:=localization_error --params-file /tmp/launch_params_gqk6o5i9'].
[ERROR] [pure_pursuit-11]: process has died [pid 42249, exit code 1, cmd '/home/theflash/Documents/roboracer/devkit_ws/install/racer_control/lib/racer_control/pure_pursuit --ros-args -r __node:=pure_pursuit --params-file /home/theflash/Documents/roboracer/devkit_ws/install/racer_control/share/racer_control/config/pure_pursuit.yaml --params-file /tmp/launch_params_go8tvopi --params-file /tmp/launch_params_xdhzb5sq'].
[ERROR] [dead_reckoning-2]: process has died [pid 42042, exit code 1, cmd '/home/theflash/Documents/roboracer/devkit_ws/install/racer_localization/lib/racer_localization/dead_reckoning --ros-args -r __node:=dead_reckoning --params-file /tmp/launch_params_p_o8vzww'].
[ERROR] [localization_bootstrap-7]: process has died [pid 42052, exit code 1, cmd '/home/theflash/Documents/roboracer/devkit_ws/install/racer_localization/lib/racer_localization/localization_bootstrap --ros-args -r __node:=localization_bootstrap --params-file /tmp/launch_params_hzd65ukv'].
[ERROR] [autodrive_bridge-1]: process has died [pid 42040, exit code 1, cmd '/home/theflash/Documents/roboracer/devkit_ws/install/autodrive_roboracer/lib/autodrive_roboracer/autodrive_bridge --ros-args -r __node:=autodrive_bridge -r /tf:=/tf_ground_truth'].
[INFO] [lifecycle_manager-6]: process has finished cleanly [pid 42050]
[INFO] [map_server-4]: process has finished cleanly [pid 42046]
[INFO] [amcl-5]: process has finished cleanly [pid 42048]
