[INFO] [launch]: All log files can be found below /home/theflash/.ros/log/2026-09-04-19-58-00-127390-theflash-ASUS-TUF-Gaming-F15-FX507ZI4-FX507ZI-37920
[INFO] [launch]: Default logging verbosity is set to INFO
[INFO] [launch.user]: [race] mode=dev  localizer=amcl  instruments=ON  bootstrap=truth
[INFO] [autodrive_bridge-1]: process started with pid [37922]
[INFO] [dead_reckoning-2]: process started with pid [37924]
[INFO] [amcl-5]: process started with pid [37930]
[INFO] [localization_bootstrap-7]: process started with pid [37934]
[INFO] [localization_error-8]: process started with pid [37936]
[INFO] [log_localization-9]: process started with pid [37938]
[INFO] [static_transform_publisher-3]: process started with pid [37926]
[INFO] [map_server-4]: process started with pid [37928]
[INFO] [lifecycle_manager-6]: process started with pid [37932]
[INFO] [static_transform_publisher-10]: process started with pid [37940]
[static_transform_publisher-3] 1788533880.191842 [0] static_tra: selected interface "lo" is not multicast-capable: disabling multicast
[lifecycle_manager-6] 1788533880.193635 [0] lifecycle_: selected interface "lo" is not multicast-capable: disabling multicast
[static_transform_publisher-3] [INFO] [1788533880.194816187] [lidar_tf]: Spinning until stopped - publishing transform
[static_transform_publisher-3] translation: ('0.273300', '0.000000', '0.096000')
[static_transform_publisher-3] rotation: ('0.000000', '0.000000', '0.000000', '1.000000')
[static_transform_publisher-3] from 'roboracer_1' to 'lidar'
[amcl-5] 1788533880.195484 [0]       amcl: selected interface "lo" is not multicast-capable: disabling multicast
[static_transform_publisher-10] 1788533880.195484 [0] static_tra: selected interface "lo" is not multicast-capable: disabling multicast
[lifecycle_manager-6] [INFO] [1788533880.196833285] [lifecycle_manager_localization]: Creating
[lifecycle_manager-6] [INFO] [1788533880.198056258] [lifecycle_manager_localization]: [34m[1mCreating and initializing lifecycle service clients[0m[0m
[amcl-5] [0m[INFO] [1788533880.199439605] [amcl]: 
[amcl-5] 	amcl lifecycle node launched. 
[amcl-5] 	Waiting on external lifecycle transitions to activate
[amcl-5] 	See https://design.ros2.org/articles/node_lifecycle.html for more information.[0m
[amcl-5] [0m[INFO] [1788533880.199745357] [amcl]: Creating[0m
[static_transform_publisher-10] [INFO] [1788533880.199186257] [map_world_tf]: Spinning until stopped - publishing transform
[static_transform_publisher-10] translation: ('0.000000', '0.000000', '0.000000')
[static_transform_publisher-10] rotation: ('0.000000', '0.000000', '0.000000', '1.000000')
[static_transform_publisher-10] from 'map' to 'world'
[map_server-4] 1788533880.205955 [0] map_server: selected interface "lo" is not multicast-capable: disabling multicast
[map_server-4] [INFO] [1788533880.210939627] [map_server]: 
[map_server-4] 	map_server lifecycle node launched. 
[map_server-4] 	Waiting on external lifecycle transitions to activate
[map_server-4] 	See https://design.ros2.org/articles/node_lifecycle.html for more information.
[map_server-4] [INFO] [1788533880.211069239] [map_server]: Creating
[lifecycle_manager-6] [INFO] [1788533880.211199682] [lifecycle_manager_localization]: [34m[1mStarting managed nodes bringup...[0m[0m
[lifecycle_manager-6] [INFO] [1788533880.211242671] [lifecycle_manager_localization]: [34m[1mConfiguring map_server[0m[0m
[map_server-4] [INFO] [1788533880.228165787] [map_server]: Configuring
[map_server-4] [INFO] [1788533880.228244356] [map_io]: Loading yaml file: /home/theflash/Documents/roboracer/devkit_ws/src/racer_mapping/maps/track_clean.yaml
[map_server-4] [INFO] [1788533880.228491429] [map_io]: resolution: 0.05
[map_server-4] [INFO] [1788533880.228502857] [map_io]: origin[0]: -3.71
[map_server-4] [INFO] [1788533880.228509451] [map_io]: origin[1]: -8.61
[map_server-4] [INFO] [1788533880.228514753] [map_io]: origin[2]: 0
[map_server-4] [INFO] [1788533880.228520360] [map_io]: free_thresh: 0.25
[map_server-4] [INFO] [1788533880.228525829] [map_io]: occupied_thresh: 0.65
[map_server-4] [INFO] [1788533880.228531263] [map_io]: mode: trinary
[map_server-4] [INFO] [1788533880.228537423] [map_io]: negate: 0
[map_server-4] [INFO] [1788533880.228702499] [map_io]: Loading image_file: /home/theflash/Documents/roboracer/devkit_ws/src/racer_mapping/maps/track_clean.pgm
[map_server-4] [INFO] [1788533880.231802776] [map_io]: Read map /home/theflash/Documents/roboracer/devkit_ws/src/racer_mapping/maps/track_clean.pgm: 108 X 316 map @ 0.05 m/cell
[lifecycle_manager-6] [INFO] [1788533880.235223753] [lifecycle_manager_localization]: [34m[1mConfiguring amcl[0m[0m
[amcl-5] [0m[INFO] [1788533880.237939752] [amcl]: Configuring[0m
[amcl-5] [0m[INFO] [1788533880.238027956] [amcl]: initTransforms[0m
[amcl-5] [0m[INFO] [1788533880.247388820] [amcl]: initPubSub[0m
[amcl-5] [0m[INFO] [1788533880.248795163] [amcl]: Subscribed to map topic.[0m
[lifecycle_manager-6] [INFO] [1788533880.256054693] [lifecycle_manager_localization]: [34m[1mActivating map_server[0m[0m
[map_server-4] [INFO] [1788533880.256276353] [map_server]: Activating
[map_server-4] [INFO] [1788533880.256428373] [map_server]: Creating bond (map_server) to lifecycle manager.
[amcl-5] [0m[INFO] [1788533880.256559380] [amcl]: Received a 108 X 316 map @ 0.050 m/pix[0m
[lifecycle_manager-6] [INFO] [1788533880.359347132] [lifecycle_manager_localization]: Server map_server connected with bond.
[lifecycle_manager-6] [INFO] [1788533880.359476523] [lifecycle_manager_localization]: [34m[1mActivating amcl[0m[0m
[amcl-5] [0m[INFO] [1788533880.359756889] [amcl]: Activating[0m
[amcl-5] [0m[INFO] [1788533880.359816696] [amcl]: initialPoseReceived[0m
[amcl-5] [0m[INFO] [1788533880.359950109] [amcl]: Setting pose (1788533880.359950): 0.710 0.020 -1.599[0m
[amcl-5] [0m[INFO] [1788533880.363564194] [amcl]: Creating bond (amcl) to lifecycle manager.[0m
[lifecycle_manager-6] [INFO] [1788533880.465939536] [lifecycle_manager_localization]: Server amcl connected with bond.
[lifecycle_manager-6] [INFO] [1788533880.465995478] [lifecycle_manager_localization]: [34m[1mManaged nodes are active[0m[0m
[lifecycle_manager-6] [INFO] [1788533880.466008459] [lifecycle_manager_localization]: [34m[1mCreating bond timer...[0m[0m
[localization_error-8] 1788533880.496096 [0] localizati: selected interface "lo" is not multicast-capable: disabling multicast
[dead_reckoning-2] 1788533880.502208 [0] dead_recko: selected interface "lo" is not multicast-capable: disabling multicast
[localization_bootstrap-7] 1788533880.531994 [0] localizati: selected interface "lo" is not multicast-capable: disabling multicast
[dead_reckoning-2] [0m[INFO] [1788533880.547968196] [dead_reckoning]: dead reckoning: odom -> roboracer_1, wheel r=0.0581 m, scale=1.0, 200 Hz, tf +20 ms, extrapolate yaw=True pos=True[0m
[localization_error-8] [31m[ERROR] [1788533880.558111809] [localization_error]: RESTRICTED TOPIC: reading /autodrive/roboracer_1/odom (simulator ground-truth pose and twist) -- continuous comparison against TF map -> roboracer_1. This run is NOT race-legal; any lap time from it is a development number. See racer_common/restricted.py.[0m
[localization_error-8] [0m[INFO] [1788533880.558714360] [localization_error]: sampling starts 1.0 s after /localization_ready; bootstrap is excluded (require_ready:=false to include it)[0m
[log_localization-9] 1788533880.561569 [0] log_locali: selected interface "lo" is not multicast-capable: disabling multicast
[localization_bootstrap-7] [0m[INFO] [1788533880.576320970] [localization_bootstrap]: WARMUP SEED: reading /autodrive/roboracer_1/ips (simulator ground-truth position) ONCE -- initial pose seed. Legal: the first lap is warmup, this is read before the car moves, and it is released immediately after. Nothing reads ground truth afterwards.[0m
[localization_bootstrap-7] [0m[INFO] [1788533880.576671585] [localization_bootstrap]: mode=truth: seeding the initial pose from /ips + /imu before the car moves, then releasing /ips. Tracking is lidar + map + dead reckoning from there on.[0m
[localization_bootstrap-7] [0m[INFO] [1788533880.576885681] [localization_bootstrap]: waiting for amcl to reach the active state before sending anything[0m
[localization_error-8] [0m[INFO] [1788533880.587982377] [localization_error]: waiting for TF map -> roboracer_1: Could not find a connection between 'map' and 'roboracer_1' because they are not part of the same tree.Tf has two or more unconnected trees.[0m
[log_localization-9] [31m[ERROR] [1788533880.607218403] [log_localization]: RESTRICTED TOPIC: reading /autodrive/roboracer_1/ips (simulator ground-truth position) -- continuous logging against the estimate. This run is NOT race-legal; any lap time from it is a development number. See racer_common/restricted.py.[0m
[log_localization-9] [31m[ERROR] [1788533880.607443653] [log_localization]: RESTRICTED TOPIC: reading /autodrive/roboracer_1/odom (simulator ground-truth pose and twist) -- continuous logging against the estimate. This run is NOT race-legal; any lap time from it is a development number. See racer_common/restricted.py.[0m
[log_localization-9] [0m[INFO] [1788533880.607781128] [log_localization]: logging to /home/theflash/Documents/roboracer/run33b_bridgeslow.csv at 50 Hz until Ctrl-C[0m
[localization_bootstrap-7] [0m[INFO] [1788533880.628353368] [localization_bootstrap]: amcl is ACTIVE -- an initial pose will now be accepted[0m
[autodrive_bridge-1] 1788533880.740369 [0] autodrive_: selected interface "lo" is not multicast-capable: disabling multicast
[autodrive_bridge-1] Traceback (most recent call last):
[autodrive_bridge-1]   File "/home/theflash/Documents/roboracer/devkit_ws/install/autodrive_roboracer/lib/autodrive_roboracer/autodrive_bridge", line 33, in <module>
[autodrive_bridge-1]     sys.exit(load_entry_point('autodrive-roboracer==0.1.0', 'console_scripts', 'autodrive_bridge')())
[autodrive_bridge-1]   File "/home/theflash/Documents/roboracer/devkit_ws/install/autodrive_roboracer/lib/python3.10/site-packages/autodrive_roboracer/autodrive_bridge.py", line 442, in main
[autodrive_bridge-1]     pywsgi.WSGIServer(('', 4567), app, handler_class=WebSocketHandler).serve_forever() # Deploy as a gevent WSGI server
[autodrive_bridge-1]   File "/home/theflash/.local/lib/python3.10/site-packages/gevent/baseserver.py", line 398, in serve_forever
[autodrive_bridge-1]     self.start()
[autodrive_bridge-1]   File "/home/theflash/.local/lib/python3.10/site-packages/gevent/baseserver.py", line 336, in start
[autodrive_bridge-1]     self.init_socket()
[autodrive_bridge-1]   File "/home/theflash/.local/lib/python3.10/site-packages/gevent/pywsgi.py", line 1545, in init_socket
[autodrive_bridge-1]     StreamServer.init_socket(self)
[autodrive_bridge-1]   File "/home/theflash/.local/lib/python3.10/site-packages/gevent/server.py", line 180, in init_socket
[autodrive_bridge-1]     self.socket = self.get_listener(self.address, self.backlog, self.family)
[autodrive_bridge-1]   File "/home/theflash/.local/lib/python3.10/site-packages/gevent/server.py", line 192, in get_listener
[autodrive_bridge-1]     return _tcp_listener(address, backlog=backlog, reuse_addr=cls.reuse_addr, family=family)
[autodrive_bridge-1]   File "/home/theflash/.local/lib/python3.10/site-packages/gevent/server.py", line 288, in _tcp_listener
[autodrive_bridge-1]     sock.bind(address)
[autodrive_bridge-1]   File "/home/theflash/.local/lib/python3.10/site-packages/gevent/_socketcommon.py", line 563, in bind
[autodrive_bridge-1]     return self._sock.bind(address)
[autodrive_bridge-1] OSError: [Errno 98] Address already in use: ('', 4567)
[ERROR] [autodrive_bridge-1]: process has died [pid 37922, exit code -11, cmd '/home/theflash/Documents/roboracer/devkit_ws/install/autodrive_roboracer/lib/autodrive_roboracer/autodrive_bridge --ros-args -r __node:=autodrive_bridge -r /tf:=/tf_ground_truth'].
[pure_pursuit] launch overrides: {'control_hz': 40.0}
[INFO] [pure_pursuit-11]: process started with pid [38127]
[pure_pursuit-11] 1788533882.464362 [0] pure_pursu: selected interface "lo" is not multicast-capable: disabling multicast
[pure_pursuit-11] [0m[INFO] [1788533882.504061961] [pure_pursuit]: path: 400 points, 27.82 m lap, from /home/theflash/Documents/roboracer/raceline/raceline_a7.0.csv[0m
[pure_pursuit-11] [0m[INFO] [1788533882.506190191] [pure_pursuit]: pose from TF map -> roboracer_1 (continuous); /amcl_pose kept as a fallback[0m
[pure_pursuit-11] [0m[INFO] [1788533882.506714682] [pure_pursuit]: steering on /amcl_pose[0m
[pure_pursuit-11] [0m[INFO] [1788533882.508035230] [pure_pursuit]: speed_source=tire  throttle_mode=slip  slip band [-0.08, +0.08]  u_launch 0.4 m/s  lookahead 0.8-2.2 m (k 0.55)  latency_comp 0.05 s[0m
[pure_pursuit-11] [33m[WARN] [1788533882.508237534] [pure_pursuit]: dev_lap_telemetry ON: subscribing to RESTRICTED lap topics[0m
[pure_pursuit-11] [0m[INFO] [1788533882.508992417] [pure_pursuit]: holding until /localization_ready[0m
[localization_bootstrap-7] [0m[INFO] [1788533882.577676294] [localization_bootstrap]: waiting for ground truth: ips=-- imu=--[0m
[localization_bootstrap-7] [0m[INFO] [1788533884.577680820] [localization_bootstrap]: waiting for ground truth: ips=-- imu=--[0m
[localization_error-8] [0m[INFO] [1788533885.538135507] [localization_error]: waiting for TF map -> roboracer_1 ...[0m
[localization_bootstrap-7] [0m[INFO] [1788533886.577708771] [localization_bootstrap]: waiting for ground truth: ips=-- imu=--[0m
[localization_bootstrap-7] [0m[INFO] [1788533888.577419935] [localization_bootstrap]: waiting for ground truth: ips=-- imu=--[0m
[localization_error-8] [0m[INFO] [1788533890.538352108] [localization_error]: waiting for TF map -> roboracer_1 ...[0m
[localization_bootstrap-7] [0m[INFO] [1788533890.577487338] [localization_bootstrap]: waiting for ground truth: ips=-- imu=--[0m
[localization_bootstrap-7] [0m[INFO] [1788533892.577698673] [localization_bootstrap]: waiting for ground truth: ips=-- imu=--[0m
[localization_bootstrap-7] [0m[INFO] [1788533894.577408034] [localization_bootstrap]: waiting for ground truth: ips=-- imu=--[0m
[localization_error-8] [0m[INFO] [1788533895.538130017] [localization_error]: waiting for TF map -> roboracer_1 ...[0m
[localization_bootstrap-7] [0m[INFO] [1788533896.577480467] [localization_bootstrap]: waiting for ground truth: ips=-- imu=--[0m
[localization_bootstrap-7] [0m[INFO] [1788533898.577690598] [localization_bootstrap]: waiting for ground truth: ips=-- imu=--[0m
[localization_error-8] [0m[INFO] [1788533900.538153793] [localization_error]: waiting for TF map -> roboracer_1 ...[0m
[localization_bootstrap-7] [0m[INFO] [1788533900.577495741] [localization_bootstrap]: waiting for ground truth: ips=-- imu=--[0m
[localization_bootstrap-7] [0m[INFO] [1788533902.577449179] [localization_bootstrap]: waiting for ground truth: ips=-- imu=--[0m
[localization_bootstrap-7] [0m[INFO] [1788533904.577708772] [localization_bootstrap]: waiting for ground truth: ips=-- imu=--[0m
[localization_error-8] [0m[INFO] [1788533905.538421798] [localization_error]: waiting for TF map -> roboracer_1 ...[0m
[localization_bootstrap-7] [0m[INFO] [1788533906.577782027] [localization_bootstrap]: waiting for ground truth: ips=-- imu=--[0m
[localization_bootstrap-7] [0m[INFO] [1788533908.577743303] [localization_bootstrap]: waiting for ground truth: ips=-- imu=--[0m
[localization_error-8] [0m[INFO] [1788533910.538136909] [localization_error]: waiting for TF map -> roboracer_1 ...[0m
[localization_bootstrap-7] [0m[INFO] [1788533910.577685671] [localization_bootstrap]: waiting for ground truth: ips=-- imu=--[0m
[localization_bootstrap-7] [0m[INFO] [1788533912.577441497] [localization_bootstrap]: waiting for ground truth: ips=-- imu=--[0m
[localization_bootstrap-7] [0m[INFO] [1788533914.577738677] [localization_bootstrap]: waiting for ground truth: ips=-- imu=--[0m
[localization_error-8] [0m[INFO] [1788533915.538367874] [localization_error]: waiting for TF map -> roboracer_1 ...[0m
[localization_bootstrap-7] [0m[INFO] [1788533916.577681520] [localization_bootstrap]: waiting for ground truth: ips=-- imu=--[0m
[localization_bootstrap-7] [0m[INFO] [1788533918.577687576] [localization_bootstrap]: waiting for ground truth: ips=-- imu=--[0m
[localization_error-8] [0m[INFO] [1788533920.538121864] [localization_error]: waiting for TF map -> roboracer_1 ...[0m
[localization_bootstrap-7] [0m[INFO] [1788533920.577730775] [localization_bootstrap]: waiting for ground truth: ips=-- imu=--[0m
[localization_bootstrap-7] [0m[INFO] [1788533922.577413795] [localization_bootstrap]: waiting for ground truth: ips=-- imu=--[0m
[localization_bootstrap-7] [0m[INFO] [1788533924.577552607] [localization_bootstrap]: waiting for ground truth: ips=-- imu=--[0m
[localization_error-8] [0m[INFO] [1788533925.538338056] [localization_error]: waiting for TF map -> roboracer_1 ...[0m
[localization_bootstrap-7] [0m[INFO] [1788533926.577429206] [localization_bootstrap]: waiting for ground truth: ips=-- imu=--[0m
[localization_bootstrap-7] [0m[INFO] [1788533928.577416989] [localization_bootstrap]: waiting for ground truth: ips=-- imu=--[0m
[localization_error-8] [0m[INFO] [1788533930.538249589] [localization_error]: waiting for TF map -> roboracer_1 ...[0m
[localization_bootstrap-7] [0m[INFO] [1788533930.577663473] [localization_bootstrap]: waiting for ground truth: ips=-- imu=--[0m
[localization_bootstrap-7] [0m[INFO] [1788533932.577848157] [localization_bootstrap]: waiting for ground truth: ips=-- imu=--[0m
[localization_bootstrap-7] [0m[INFO] [1788533934.577436199] [localization_bootstrap]: waiting for ground truth: ips=-- imu=--[0m
[localization_error-8] [0m[INFO] [1788533935.538324227] [localization_error]: waiting for TF map -> roboracer_1 ...[0m
[localization_bootstrap-7] [0m[INFO] [1788533936.577548204] [localization_bootstrap]: waiting for ground truth: ips=-- imu=--[0m
[localization_bootstrap-7] [0m[INFO] [1788533938.577666309] [localization_bootstrap]: waiting for ground truth: ips=-- imu=--[0m
[localization_error-8] [0m[INFO] [1788533940.538336557] [localization_error]: waiting for TF map -> roboracer_1 ...[0m
[localization_bootstrap-7] [0m[INFO] [1788533940.577675635] [localization_bootstrap]: waiting for ground truth: ips=-- imu=--[0m
[localization_bootstrap-7] [0m[INFO] [1788533942.577462640] [localization_bootstrap]: waiting for ground truth: ips=-- imu=--[0m
[localization_bootstrap-7] [0m[INFO] [1788533944.577555027] [localization_bootstrap]: waiting for ground truth: ips=-- imu=--[0m
[localization_error-8] [0m[INFO] [1788533945.538102638] [localization_error]: waiting for TF map -> roboracer_1 ...[0m
[localization_bootstrap-7] [0m[INFO] [1788533946.577421404] [localization_bootstrap]: waiting for ground truth: ips=-- imu=--[0m
[localization_bootstrap-7] [0m[INFO] [1788533948.577420812] [localization_bootstrap]: waiting for ground truth: ips=-- imu=--[0m
[localization_error-8] [0m[INFO] [1788533950.538108565] [localization_error]: waiting for TF map -> roboracer_1 ...[0m
[localization_bootstrap-7] [0m[INFO] [1788533950.577412846] [localization_bootstrap]: waiting for ground truth: ips=-- imu=--[0m
[localization_bootstrap-7] [0m[INFO] [1788533952.577428690] [localization_bootstrap]: waiting for ground truth: ips=-- imu=--[0m
[localization_bootstrap-7] [0m[INFO] [1788533954.577792112] [localization_bootstrap]: waiting for ground truth: ips=-- imu=--[0m
[localization_error-8] [0m[INFO] [1788533955.538286880] [localization_error]: waiting for TF map -> roboracer_1 ...[0m
[localization_bootstrap-7] [0m[INFO] [1788533956.577423566] [localization_bootstrap]: waiting for ground truth: ips=-- imu=--[0m
[localization_bootstrap-7] [0m[INFO] [1788533958.577418117] [localization_bootstrap]: waiting for ground truth: ips=-- imu=--[0m
[localization_error-8] [0m[INFO] [1788533960.538098406] [localization_error]: waiting for TF map -> roboracer_1 ...[0m
[localization_bootstrap-7] [0m[INFO] [1788533960.577389231] [localization_bootstrap]: waiting for ground truth: ips=-- imu=--[0m
[localization_bootstrap-7] [0m[INFO] [1788533962.577575034] [localization_bootstrap]: waiting for ground truth: ips=-- imu=--[0m
[localization_bootstrap-7] [0m[INFO] [1788533964.577435882] [localization_bootstrap]: waiting for ground truth: ips=-- imu=--[0m
[localization_error-8] [0m[INFO] [1788533965.538121683] [localization_error]: waiting for TF map -> roboracer_1 ...[0m
[localization_bootstrap-7] [0m[INFO] [1788533966.577655820] [localization_bootstrap]: waiting for ground truth: ips=-- imu=--[0m
[localization_bootstrap-7] [0m[INFO] [1788533968.577448183] [localization_bootstrap]: waiting for ground truth: ips=-- imu=--[0m
[localization_error-8] [0m[INFO] [1788533970.538313442] [localization_error]: waiting for TF map -> roboracer_1 ...[0m
[localization_bootstrap-7] [0m[INFO] [1788533970.577411539] [localization_bootstrap]: waiting for ground truth: ips=-- imu=--[0m
[localization_bootstrap-7] [0m[INFO] [1788533972.577668417] [localization_bootstrap]: waiting for ground truth: ips=-- imu=--[0m
[localization_bootstrap-7] [0m[INFO] [1788533974.577697093] [localization_bootstrap]: waiting for ground truth: ips=-- imu=--[0m
[localization_error-8] [0m[INFO] [1788533975.538136638] [localization_error]: waiting for TF map -> roboracer_1 ...[0m
[localization_bootstrap-7] [0m[INFO] [1788533976.577461452] [localization_bootstrap]: waiting for ground truth: ips=-- imu=--[0m
[localization_bootstrap-7] [0m[INFO] [1788533978.577399320] [localization_bootstrap]: waiting for ground truth: ips=-- imu=--[0m
[localization_error-8] [0m[INFO] [1788533980.538338071] [localization_error]: waiting for TF map -> roboracer_1 ...[0m
[localization_bootstrap-7] [0m[INFO] [1788533980.577500326] [localization_bootstrap]: waiting for ground truth: ips=-- imu=--[0m
[localization_bootstrap-7] [0m[INFO] [1788533982.577413067] [localization_bootstrap]: waiting for ground truth: ips=-- imu=--[0m
[localization_bootstrap-7] [0m[INFO] [1788533984.577399186] [localization_bootstrap]: waiting for ground truth: ips=-- imu=--[0m
[localization_error-8] [0m[INFO] [1788533985.538328240] [localization_error]: waiting for TF map -> roboracer_1 ...[0m
[localization_bootstrap-7] [0m[INFO] [1788533986.577672797] [localization_bootstrap]: waiting for ground truth: ips=-- imu=--[0m
[localization_bootstrap-7] [0m[INFO] [1788533988.577529865] [localization_bootstrap]: waiting for ground truth: ips=-- imu=--[0m
[localization_error-8] [0m[INFO] [1788533990.538327599] [localization_error]: waiting for TF map -> roboracer_1 ...[0m
[localization_bootstrap-7] [0m[INFO] [1788533990.577431504] [localization_bootstrap]: waiting for ground truth: ips=-- imu=--[0m
[localization_bootstrap-7] [0m[INFO] [1788533992.577749562] [localization_bootstrap]: waiting for ground truth: ips=-- imu=--[0m
[localization_bootstrap-7] [0m[INFO] [1788533994.577444801] [localization_bootstrap]: waiting for ground truth: ips=-- imu=--[0m
[localization_error-8] [0m[INFO] [1788533995.538323849] [localization_error]: waiting for TF map -> roboracer_1 ...[0m
