[INFO] [launch]: All log files can be found below /root/.ros/log/2026-09-17-15-22-24-067984-adil-laptop-159
[INFO] [launch]: Default logging verbosity is set to INFO
[INFO] [launch.user]: [race] mode=dev  localizer=amcl  instruments=ON  bootstrap=truth
[INFO] [dead_reckoning-1]: process started with pid [185]
[INFO] [amcl-4]: process started with pid [191]
[INFO] [localization_bootstrap-6]: process started with pid [195]
[INFO] [localization_error-7]: process started with pid [197]
[INFO] [log_localization-8]: process started with pid [199]
[INFO] [static_transform_publisher-2]: process started with pid [187]
[INFO] [map_server-3]: process started with pid [189]
[INFO] [lifecycle_manager-5]: process started with pid [193]
[INFO] [static_transform_publisher-9]: process started with pid [201]
[static_transform_publisher-2] 1789658544.176537 [0] static_tra: selected interface "lo" is not multicast-capable: disabling multicast
[lifecycle_manager-5] 1789658544.179471 [0] lifecycle_: selected interface "lo" is not multicast-capable: disabling multicast
[amcl-4] 1789658544.182221 [0]       amcl: selected interface "lo" is not multicast-capable: disabling multicast
[static_transform_publisher-9] 1789658544.185990 [0] static_tra: selected interface "lo" is not multicast-capable: disabling multicast
[static_transform_publisher-2] [INFO] [1789658544.190755581] [lidar_tf]: Spinning until stopped - publishing transform
[static_transform_publisher-2] translation: ('0.273300', '0.000000', '0.096000')
[static_transform_publisher-2] rotation: ('0.000000', '0.000000', '0.000000', '1.000000')
[static_transform_publisher-2] from 'roboracer_1' to 'lidar'
[lifecycle_manager-5] [INFO] [1789658544.192706617] [lifecycle_manager_localization]: Creating
[map_server-3] 1789658544.193201 [0] map_server: selected interface "lo" is not multicast-capable: disabling multicast
[static_transform_publisher-9] [INFO] [1789658544.195729796] [map_world_tf]: Spinning until stopped - publishing transform
[static_transform_publisher-9] translation: ('0.000000', '0.000000', '0.000000')
[static_transform_publisher-9] rotation: ('0.000000', '0.000000', '0.000000', '1.000000')
[static_transform_publisher-9] from 'map' to 'world'
[lifecycle_manager-5] [INFO] [1789658544.197373548] [lifecycle_manager_localization]: [34m[1mCreating and initializing lifecycle service clients[0m[0m
[amcl-4] [0m[INFO] [1789658544.196230963] [amcl]: 
[amcl-4] 	amcl lifecycle node launched. 
[amcl-4] 	Waiting on external lifecycle transitions to activate
[amcl-4] 	See https://design.ros2.org/articles/node_lifecycle.html for more information.[0m
[amcl-4] [0m[INFO] [1789658544.197070612] [amcl]: Creating[0m
[map_server-3] [INFO] [1789658544.207704515] [map_server]: 
[map_server-3] 	map_server lifecycle node launched. 
[map_server-3] 	Waiting on external lifecycle transitions to activate
[map_server-3] 	See https://design.ros2.org/articles/node_lifecycle.html for more information.
[map_server-3] [INFO] [1789658544.207867850] [map_server]: Creating
[lifecycle_manager-5] [INFO] [1789658544.208870794] [lifecycle_manager_localization]: [34m[1mStarting managed nodes bringup...[0m[0m
[lifecycle_manager-5] [INFO] [1789658544.208940244] [lifecycle_manager_localization]: [34m[1mConfiguring map_server[0m[0m
[map_server-3] [INFO] [1789658544.225090586] [map_server]: Configuring
[map_server-3] [INFO] [1789658544.225176757] [map_io]: Loading yaml file: /root/Documents/roboracer/devkit_ws/src/racer_mapping/maps/iros2026/track_clean.yaml
[map_server-3] [INFO] [1789658544.225680348] [map_io]: resolution: 0.025
[map_server-3] [INFO] [1789658544.225717958] [map_io]: origin[0]: 0.00427
[map_server-3] [INFO] [1789658544.225737064] [map_io]: origin[1]: -16.8
[map_server-3] [INFO] [1789658544.225753375] [map_io]: origin[2]: 0
[map_server-3] [INFO] [1789658544.225770446] [map_io]: free_thresh: 0.25
[map_server-3] [INFO] [1789658544.225786817] [map_io]: occupied_thresh: 0.65
[map_server-3] [INFO] [1789658544.225805191] [map_io]: mode: trinary
[map_server-3] [INFO] [1789658544.225822343] [map_io]: negate: 0
[map_server-3] [INFO] [1789658544.226445648] [map_io]: Loading image_file: /root/Documents/roboracer/devkit_ws/src/racer_mapping/maps/iros2026/track_clean.pgm
[map_server-3] [INFO] [1789658544.261895036] [map_io]: Read map /root/Documents/roboracer/devkit_ws/src/racer_mapping/maps/iros2026/track_clean.pgm: 241 X 901 map @ 0.025 m/cell
[lifecycle_manager-5] [INFO] [1789658544.270633306] [lifecycle_manager_localization]: [34m[1mConfiguring amcl[0m[0m
[amcl-4] [0m[INFO] [1789658544.270996926] [amcl]: Configuring[0m
[amcl-4] [0m[INFO] [1789658544.271235622] [amcl]: initTransforms[0m
[amcl-4] [0m[INFO] [1789658544.289960765] [amcl]: initPubSub[0m
[amcl-4] [0m[INFO] [1789658544.295151836] [amcl]: Subscribed to map topic.[0m
[lifecycle_manager-5] [INFO] [1789658544.301504118] [lifecycle_manager_localization]: [34m[1mActivating map_server[0m[0m
[map_server-3] [INFO] [1789658544.302547557] [map_server]: Activating
[map_server-3] [INFO] [1789658544.304071355] [map_server]: Creating bond (map_server) to lifecycle manager.
[amcl-4] [0m[INFO] [1789658544.306744701] [amcl]: Received a 241 X 901 map @ 0.025 m/pix[0m
[lifecycle_manager-5] [INFO] [1789658544.415493641] [lifecycle_manager_localization]: Server map_server connected with bond.
[lifecycle_manager-5] [INFO] [1789658544.416303324] [lifecycle_manager_localization]: [34m[1mActivating amcl[0m[0m
[amcl-4] [0m[INFO] [1789658544.416562138] [amcl]: Activating[0m
[amcl-4] [0m[INFO] [1789658544.416624715] [amcl]: initialPoseReceived[0m
[amcl-4] [0m[INFO] [1789658544.416756772] [amcl]: Setting pose (1789658544.416757): 0.818 3.158 -1.571[0m
[amcl-4] [0m[INFO] [1789658544.419295797] [amcl]: Creating bond (amcl) to lifecycle manager.[0m
[lifecycle_manager-5] [INFO] [1789658544.521837947] [lifecycle_manager_localization]: Server amcl connected with bond.
[lifecycle_manager-5] [INFO] [1789658544.521905824] [lifecycle_manager_localization]: [34m[1mManaged nodes are active[0m[0m
[lifecycle_manager-5] [INFO] [1789658544.521925782] [lifecycle_manager_localization]: [34m[1mCreating bond timer...[0m[0m
[localization_bootstrap-6] 1789658544.610633 [0] localizati: selected interface "lo" is not multicast-capable: disabling multicast
[dead_reckoning-1] 1789658544.612726 [0] dead_recko: selected interface "lo" is not multicast-capable: disabling multicast
[localization_error-7] 1789658544.613227 [0] localizati: selected interface "lo" is not multicast-capable: disabling multicast
[log_localization-8] 1789658544.689064 [0] log_locali: selected interface "lo" is not multicast-capable: disabling multicast
[amcl-4] [0m[INFO] [1789658544.702447791] [amcl]: Message Filter dropping message: frame 'lidar' at time 1789658544.334 for reason 'discarding message because the queue is full'[0m
[dead_reckoning-1] [0m[INFO] [1789658544.711761577] [dead_reckoning]: dead reckoning: odom -> roboracer_1, wheel r=0.0581 m, scale=1.0, 200 Hz, tf +20 ms, extrapolate yaw=True pos=True[0m
[localization_error-7] [31m[ERROR] [1789658544.712138381] [localization_error]: RESTRICTED TOPIC: reading /autodrive/roboracer_1/odom (simulator ground-truth pose and twist) -- continuous comparison against TF map -> roboracer_1. This run is NOT race-legal; any lap time from it is a development number. See racer_common/restricted.py.[0m
[localization_error-7] [0m[INFO] [1789658544.713425356] [localization_error]: sampling starts 1.0 s after /localization_ready; bootstrap is excluded (require_ready:=false to include it)[0m
[localization_error-7] [0m[INFO] [1789658544.715185826] [localization_error]: waiting for TF map -> roboracer_1: "map" passed to lookupTransform argument target_frame does not exist. [0m
[localization_bootstrap-6] [0m[INFO] [1789658544.717104642] [localization_bootstrap]: centreline runs against the lap; arc length reversed for checkpoint ordering[0m
[localization_bootstrap-6] [0m[INFO] [1789658544.732945606] [localization_bootstrap]: WARMUP SEED: reading /autodrive/roboracer_1/ips (simulator ground-truth position) ONCE -- initial pose seed. Legal: the first lap is warmup, this is read before the car moves, and it is released immediately after. Nothing reads ground truth afterwards.[0m
[localization_bootstrap-6] [0m[INFO] [1789658544.733815601] [localization_bootstrap]: mode=truth: seeding the initial pose from /ips + /imu before the car moves, then releasing /ips. Tracking is lidar + map + dead reckoning from there on.[0m
[localization_bootstrap-6] [0m[INFO] [1789658544.734703391] [localization_bootstrap]: waiting for amcl to reach the active state before sending anything[0m
[amcl-4] [0m[INFO] [1789658544.739656878] [amcl]: createLaserObject[0m
[localization_bootstrap-6] [0m[INFO] [1789658544.787200617] [localization_bootstrap]: amcl is ACTIVE -- an initial pose will now be accepted[0m
[localization_bootstrap-6] [0m[INFO] [1789658544.836700613] [localization_bootstrap]: seed 1/5: x=+0.800 y=+3.158 yaw=-90.0 deg -- awaiting confirmation[0m
[localization_bootstrap-6] [0m[INFO] [1789658544.837732702] [localization_bootstrap]: MEASURED SPAWN x=+0.800 y=+3.158 yaw=-90.0 deg -- within 2 cm of racer_common.frames.SPAWN_*, so the fallback is sound too. Nothing to change.[0m
[log_localization-8] [31m[ERROR] [1789658544.840971074] [log_localization]: RESTRICTED TOPIC: reading /autodrive/roboracer_1/ips (simulator ground-truth position) -- continuous logging against the estimate. This run is NOT race-legal; any lap time from it is a development number. See racer_common/restricted.py.[0m
[log_localization-8] [31m[ERROR] [1789658544.841905079] [log_localization]: RESTRICTED TOPIC: reading /autodrive/roboracer_1/odom (simulator ground-truth pose and twist) -- continuous logging against the estimate. This run is NOT race-legal; any lap time from it is a development number. See racer_common/restricted.py.[0m
[log_localization-8] [0m[INFO] [1789658544.843073773] [log_localization]: logging to /root/Documents/roboracer/experiments/iros2026/T13_h70b_ldmin10/run.csv at 20 Hz until Ctrl-C[0m
[log_localization-8] [0m[INFO] [1789658544.893343587] [log_localization]: waiting for TF map -> roboracer_1 ...[0m
[amcl-4] [0m[INFO] [1789658544.917931958] [amcl]: initialPoseReceived[0m
[amcl-4] [0m[INFO] [1789658544.918130399] [amcl]: Setting pose (1789658544.918130): 0.800 3.158 -1.571[0m
[amcl-4] [0m[INFO] [1789658544.924910950] [amcl]: Requesting no-motion update[0m
[amcl-4] [0m[INFO] [1789658545.335635242] [amcl]: Requesting no-motion update[0m
[amcl-4] [0m[INFO] [1789658545.785569529] [amcl]: Requesting no-motion update[0m
[pure_pursuit] launch overrides: {'lookahead_min': 1.0, 'v_max': 8.5, 'warmup_v_max': 2.0, 'warmup_dist_m': 21.0, 'target_lead_s': 0.0, 'slip_circle': 0.12, 'accel_ff': 1.0, 'control_hz': 45.0}
[amcl-4] [0m[INFO] [1789658546.185797686] [amcl]: Requesting no-motion update[0m
[INFO] [pure_pursuit-10]: process started with pid [348]
[pure_pursuit-10] 1789658546.493658 [0] pure_pursu: selected interface "lo" is not multicast-capable: disabling multicast
[pure_pursuit-10] [0m[INFO] [1789658546.598014797] [pure_pursuit]: path: 435 points, 43.41 m lap, from /root/Documents/roboracer/raceline/iros2026/raceline_tum_iqp_h7.0_a7.0b.csv[0m
[pure_pursuit-10] [0m[INFO] [1789658546.603677690] [pure_pursuit]: pose from TF map -> roboracer_1 (continuous); /amcl_pose kept as a fallback[0m
[pure_pursuit-10] [0m[INFO] [1789658546.605595013] [pure_pursuit]: steering on /amcl_pose[0m
[pure_pursuit-10] [0m[INFO] [1789658546.606450061] [pure_pursuit]: warmup cap: speed target held at 2.00 m/s for the first 21.0 m of driving, then released[0m
[pure_pursuit-10] [0m[INFO] [1789658546.611142961] [pure_pursuit]: speed_source=tire  throttle_mode=slip  slip band [-0.08, +0.08]  u_launch 0.4 m/s  lookahead 1-2.2 m (k 0.55)  latency_comp 0.05 s[0m
[pure_pursuit-10] [0m[INFO] [1789658546.611981689] [pure_pursuit]: slip band: circle 0.12 x sqrt(1 - (a_lat/7)^2), replacing the fixed band above  |  plan-acceleration feedforward ON[0m
[pure_pursuit-10] [33m[WARN] [1789658546.612992798] [pure_pursuit]: dev_lap_telemetry ON: subscribing to RESTRICTED lap topics[0m
[pure_pursuit-10] [0m[INFO] [1789658546.616449188] [pure_pursuit]: holding until /localization_ready[0m
[pure_pursuit-10] [0m[INFO] [1789658546.625295079] [pure_pursuit]: lap 0: inf s[0m
[amcl-4] [0m[INFO] [1789658546.635734859] [amcl]: Requesting no-motion update[0m
[localization_bootstrap-6] [0m[INFO] [1789658546.737366578] [localization_bootstrap]: seed 1/5 sent, awaiting a fresh /amcl_pose to confirm it[0m
[localization_bootstrap-6] [0m[INFO] [1789658546.888498243] [localization_bootstrap]: localization_bootstrap: released /autodrive/roboracer_1/ips -- no restricted topic is read from here on; the timed laps are clean.[0m
[localization_bootstrap-6] [0m[INFO] [1789658546.890329676] [localization_bootstrap]: seed CONFIRMED on attempt 1: the estimate is 0.8 cm / 0.2 deg from truth (pos std 0.049 m). Tracking is now lidar + map + dead reckoning only.[0m
[pure_pursuit-10] [0m[INFO] [1789658546.890193982] [pure_pursuit]: localization converged, taking over[0m
[localization_error-7] [0m[INFO] [1789658546.891376091] [localization_error]: /localization_ready latched -- sampling opens in 1.0 s (33 bootstrap samples discarded)[0m
[localization_bootstrap-6] [0m[INFO] [1789658546.892174123] [localization_bootstrap]: /localization_ready = true, follower may take over[0m
[localization_bootstrap-6] [0m[INFO] [1789658546.893616799] [localization_bootstrap]: recovery armed: watching encoders + IMU for a reset; 15 checkpoint(s) known for this track[0m
[localization_error-7] [0m[INFO] [1789658549.668224356] [localization_error]: now[ 36] 0.347 m / 0.42 deg  |  session[n=36] mean 0.347 p95 0.413 max 0.427 m, heading mean 0.42 max 0.93 deg[0m
[log_localization-8] [0m[INFO] [1789658549.894647426] [log_localization]:    5.0 s     5.6 m  err 0.305 m (along +0.304 cross +0.017) yaw  +0.50 deg  m->o yaw  +0.53 deg | fit true 0.013 est 0.010 (x0.75)  enc/true 1.043  dr_err 0.33 m[0m
[localization_error-7] [0m[INFO] [1789658554.667600192] [localization_error]: now[136] 0.208 m / 0.37 deg  |  session[n=136] mean 0.208 p95 0.375 max 0.427 m, heading mean 0.37 max 0.96 deg[0m
[log_localization-8] [0m[INFO] [1789658554.894918695] [log_localization]:   10.0 s    15.6 m  err 0.134 m (along -0.134 cross -0.003) yaw  -0.24 deg  m->o yaw  -0.22 deg | fit true 0.003 est 0.010 (x3.08)  enc/true 1.010  dr_err 0.12 m[0m
[pure_pursuit-10] [0m[INFO] [1789658557.758518581] [pure_pursuit]: warmup cap released after 21.0 m; v_max back to 8.50 m/s[0m
[localization_error-7] [0m[INFO] [1789658559.667418995] [localization_error]: now[200] 0.163 m / 0.99 deg  |  session[n=236] mean 0.191 p95 0.375 max 0.494 m, heading mean 0.90 max 6.01 deg[0m
[log_localization-8] [0m[INFO] [1789658559.893495808] [log_localization]:   14.9 s    29.9 m  err 0.084 m (along +0.084 cross -0.004) yaw  +1.00 deg  m->o yaw  +1.56 deg | fit true 0.006 est 0.021 (x3.49)  enc/true 1.021  dr_err 0.34 m[0m
[pure_pursuit-10] [0m[INFO] [1789658562.917909783] [pure_pursuit]: lap 1: 21.97 s[0m
[localization_error-7] [0m[INFO] [1789658564.667537689] [localization_error]: now[200] 0.253 m / 1.85 deg  |  session[n=336] mean 0.235 p95 0.496 max 1.067 m, heading mean 1.25 max 7.87 deg[0m
[log_localization-8] [0m[INFO] [1789658564.895419655] [log_localization]:   20.0 s    53.5 m  err 0.448 m (along +0.447 cross +0.032) yaw  +1.14 deg  m->o yaw  +1.09 deg | fit true 0.012 est 0.025 (x2.12)  enc/true 1.025  dr_err 0.49 m[0m
[localization_error-7] [0m[INFO] [1789658569.668232780] [localization_error]: now[200] 0.353 m / 2.12 deg  |  session[n=436] mean 0.265 p95 0.684 max 1.067 m, heading mean 1.46 max 7.87 deg[0m
[log_localization-8] [0m[INFO] [1789658569.893802434] [log_localization]:   25.0 s    75.9 m  err 0.151 m (along -0.150 cross -0.008) yaw  +2.73 deg  m->o yaw  +2.92 deg | fit true 0.028 est 0.020 (x0.72)  enc/true 1.020  dr_err 0.32 m[0m
[pure_pursuit-10] [0m[INFO] [1789658572.485985016] [pure_pursuit]: lap 2: 9.55 s[0m
[localization_error-7] [0m[INFO] [1789658574.666332600] [localization_error]: now[200] 0.353 m / 2.16 deg  |  session[n=536] mean 0.279 p95 0.702 max 1.067 m, heading mean 1.59 max 7.87 deg[0m
[log_localization-8] [0m[INFO] [1789658574.893832813] [log_localization]:   29.9 s    99.2 m  err 0.340 m (along +0.339 cross +0.013) yaw  +0.30 deg  m->o yaw  +0.57 deg | fit true 0.009 est 0.010 (x1.13)  enc/true 1.022  dr_err 0.64 m[0m
[pure_pursuit-10] [33m[WARN] [1789658577.692049742] [pure_pursuit]: heading jumped -33 deg in one tick: respawn. Speed estimate 3.63 -> 0, pose history cleared.[0m
[localization_bootstrap-6] [33m[WARN] [1789658577.692580544] [localization_bootstrap]: RESET detected: heading stepped -30 deg in one tick[0m
[localization_bootstrap-6] [33m[WARN] [1789658577.736723508] [localization_bootstrap]: recovery #1: follower held; prior (+3.02, -13.62, +71 deg) -- checkpoint 1.6 m behind the last pose along the track[0m
[pure_pursuit-10] [33m[WARN] [1789658577.740194224] [pure_pursuit]: localization lost after a reset: holding until it is re-confirmed[0m
[localization_bootstrap-6] [0m[INFO] [1789658577.787017938] [localization_bootstrap]: seed 1/3: x=+3.018 y=-13.624 yaw=+71.5 deg -- awaiting confirmation[0m
[localization_bootstrap-6] [0m[INFO] [1789658577.788420019] [localization_bootstrap]: not reporting a spawn constant: the car is moving at 1.6 m/s, so this pose is not the spawn[0m
[amcl-4] [0m[INFO] [1789658577.789062048] [amcl]: initialPoseReceived[0m
[amcl-4] [0m[INFO] [1789658577.789176332] [amcl]: Setting pose (1789658577.789176): 3.018 -13.623 1.248[0m
[amcl-4] [0m[INFO] [1789658577.885571034] [amcl]: Requesting no-motion update[0m
[amcl-4] [0m[INFO] [1789658578.286113518] [amcl]: Requesting no-motion update[0m
[amcl-4] [0m[INFO] [1789658578.736152702] [amcl]: Requesting no-motion update[0m
[localization_bootstrap-6] [0m[INFO] [1789658578.738385695] [localization_bootstrap]: recovery #1: seed, attempt 1[0m
[localization_bootstrap-6] [0m[INFO] [1789658578.836435911] [localization_bootstrap]: recovery: seed CONFIRMED on attempt 1: the estimate is 3.9 cm / 0.3 deg from truth (pos std 0.142 m). Tracking is now lidar + map + dead reckoning only.[0m
[localization_bootstrap-6] [0m[INFO] [1789658578.837821290] [localization_bootstrap]: CHECKPOINT CANDIDATE (converged after reset): ('3.007', '-13.586', '1.263')[0m
[localization_bootstrap-6] [33m[WARN] [1789658579.556512661] [localization_bootstrap]: RESET detected: heading stepped -13 deg in one tick[0m
[localization_bootstrap-6] [33m[WARN] [1789658579.587837090] [localization_bootstrap]: recovery #2: follower held; prior (+3.02, -13.62, +70 deg) -- checkpoint 0.0 m behind the last pose along the track[0m
[amcl-4] [0m[INFO] [1789658579.635806275] [amcl]: initialPoseReceived[0m
[amcl-4] [0m[INFO] [1789658579.635908055] [amcl]: Setting pose (1789658579.635908): 3.018 -13.624 1.222[0m
[localization_bootstrap-6] [0m[INFO] [1789658579.637070287] [localization_bootstrap]: seed 1/3: x=+3.018 y=-13.624 yaw=+70.0 deg -- awaiting confirmation[0m
[localization_bootstrap-6] [33m[WARN] [1789658579.638608431] [localization_bootstrap]: MEASURED SPAWN is 16.926 m / 160.0 deg from racer_common.frames.SPAWN_* -- OUTSIDE slam_toolbox's +-0.5 m seed search, so any run that falls back to it CANNOT recover and the offset is frozen for the whole run. This run is seeded and therefore fine; the FALLBACK is what is wrong.
[localization_bootstrap-6]     Paste into racer_common/frames.py so bootstrap:=false and bootstrap_mode:=global start somewhere real:
[localization_bootstrap-6]         SPAWN_X = '3.018'
[localization_bootstrap-6]         SPAWN_Y = '-13.624'
[localization_bootstrap-6]         SPAWN_YAW = '1.2219'[0m
[localization_error-7] [0m[INFO] [1789658579.668679378] [localization_error]: now[200] 0.542 m / 2.81 deg  |  session[n=636] mean 0.352 p95 1.032 max 2.200 m, heading mean 1.89 max 18.89 deg[0m
[amcl-4] [0m[INFO] [1789658579.685475637] [amcl]: Requesting no-motion update[0m
[log_localization-8] [0m[INFO] [1789658579.894886233] [log_localization]:   35.0 s   111.7 m  err 0.009 m (along +0.006 cross +0.007) yaw  -0.49 deg  m->o yaw  -0.50 deg | fit true 0.002 est 0.001 (x0.55)  enc/true 1.020  dr_err 2.70 m[0m
[amcl-4] [0m[INFO] [1789658580.136008783] [amcl]: Requesting no-motion update[0m
[amcl-4] [0m[INFO] [1789658580.585677374] [amcl]: Requesting no-motion update[0m
[localization_bootstrap-6] [0m[INFO] [1789658580.686821332] [localization_bootstrap]: recovery: seed CONFIRMED on attempt 1: the estimate is 1.1 cm / 0.6 deg from truth (pos std 0.118 m). Tracking is now lidar + map + dead reckoning only.[0m
[localization_bootstrap-6] [0m[INFO] [1789658580.688290307] [localization_bootstrap]: CHECKPOINT CANDIDATE (converged after reset): ('3.013', '-13.614', '1.211')[0m
[localization_bootstrap-6] [0m[INFO] [1789658580.737469443] [localization_bootstrap]: recovery #2: creep, attempt 1[0m
[localization_bootstrap-6] [33m[WARN] [1789658581.505987300] [localization_bootstrap]: RESET detected: heading stepped -11 deg in one tick[0m
[localization_bootstrap-6] [33m[WARN] [1789658581.538135418] [localization_bootstrap]: recovery #3: follower held; prior (+3.02, -13.62, +70 deg) -- checkpoint 0.0 m behind the last pose along the track[0m
[amcl-4] [0m[INFO] [1789658581.585809481] [amcl]: initialPoseReceived[0m
[amcl-4] [0m[INFO] [1789658581.585889090] [amcl]: Setting pose (1789658581.585889): 3.018 -13.624 1.223[0m
[localization_bootstrap-6] [0m[INFO] [1789658581.586467070] [localization_bootstrap]: seed 1/3: x=+3.018 y=-13.624 yaw=+70.1 deg -- awaiting confirmation[0m
[localization_bootstrap-6] [33m[WARN] [1789658581.587289387] [localization_bootstrap]: MEASURED SPAWN is 16.926 m / 160.1 deg from racer_common.frames.SPAWN_* -- OUTSIDE slam_toolbox's +-0.5 m seed search, so any run that falls back to it CANNOT recover and the offset is frozen for the whole run. This run is seeded and therefore fine; the FALLBACK is what is wrong.
[localization_bootstrap-6]     Paste into racer_common/frames.py so bootstrap:=false and bootstrap_mode:=global start somewhere real:
[localization_bootstrap-6]         SPAWN_X = '3.018'
[localization_bootstrap-6]         SPAWN_Y = '-13.624'
[localization_bootstrap-6]         SPAWN_YAW = '1.2231'[0m
[amcl-4] [0m[INFO] [1789658581.635424973] [amcl]: Requesting no-motion update[0m
[amcl-4] [0m[INFO] [1789658582.035553563] [amcl]: Requesting no-motion update[0m
[amcl-4] [0m[INFO] [1789658582.485767222] [amcl]: Requesting no-motion update[0m
[localization_bootstrap-6] [0m[INFO] [1789658582.636933807] [localization_bootstrap]: recovery: seed CONFIRMED on attempt 1: the estimate is 1.5 cm / 0.1 deg from truth (pos std 0.152 m). Tracking is now lidar + map + dead reckoning only.[0m
[localization_bootstrap-6] [0m[INFO] [1789658582.638737447] [localization_bootstrap]: CHECKPOINT CANDIDATE (converged after reset): ('3.006', '-13.633', '1.225')[0m
[localization_bootstrap-6] [0m[INFO] [1789658582.737313158] [localization_bootstrap]: recovery #3: creep, attempt 1[0m
[localization_bootstrap-6] [33m[WARN] [1789658583.470082106] [localization_bootstrap]: RESET detected: heading stepped -12 deg in one tick[0m
[localization_bootstrap-6] [33m[WARN] [1789658583.487431399] [localization_bootstrap]: recovery #4: follower held; prior (+3.02, -13.62, +70 deg) -- checkpoint 0.0 m behind the last pose along the track[0m
[amcl-4] [0m[INFO] [1789658583.535827793] [amcl]: initialPoseReceived[0m
[amcl-4] [0m[INFO] [1789658583.535945583] [amcl]: Setting pose (1789658583.535945): 3.018 -13.624 1.222[0m
[localization_bootstrap-6] [0m[INFO] [1789658583.537244631] [localization_bootstrap]: seed 1/3: x=+3.018 y=-13.624 yaw=+70.0 deg -- awaiting confirmation[0m
[localization_bootstrap-6] [33m[WARN] [1789658583.539060084] [localization_bootstrap]: MEASURED SPAWN is 16.926 m / 160.0 deg from racer_common.frames.SPAWN_* -- OUTSIDE slam_toolbox's +-0.5 m seed search, so any run that falls back to it CANNOT recover and the offset is frozen for the whole run. This run is seeded and therefore fine; the FALLBACK is what is wrong.
[localization_bootstrap-6]     Paste into racer_common/frames.py so bootstrap:=false and bootstrap_mode:=global start somewhere real:
[localization_bootstrap-6]         SPAWN_X = '3.018'
[localization_bootstrap-6]         SPAWN_Y = '-13.624'
[localization_bootstrap-6]         SPAWN_YAW = '1.2220'[0m
[amcl-4] [0m[INFO] [1789658583.585448927] [amcl]: Requesting no-motion update[0m
[amcl-4] [0m[INFO] [1789658583.986245696] [amcl]: Requesting no-motion update[0m
[amcl-4] [0m[INFO] [1789658584.437222193] [amcl]: Requesting no-motion update[0m
[localization_bootstrap-6] [0m[INFO] [1789658584.586646240] [localization_bootstrap]: recovery: seed CONFIRMED on attempt 1: the estimate is 0.5 cm / 0.1 deg from truth (pos std 0.140 m). Tracking is now lidar + map + dead reckoning only.[0m
[localization_bootstrap-6] [0m[INFO] [1789658584.587984722] [localization_bootstrap]: CHECKPOINT CANDIDATE (converged after reset): ('3.014', '-13.622', '1.224')[0m
[localization_error-7] [0m[INFO] [1789658584.667577146] [localization_error]: now[200] 0.579 m / 2.48 deg  |  session[n=736] mean 0.360 p95 1.109 max 2.200 m, heading mean 1.83 max 18.89 deg[0m
[localization_bootstrap-6] [0m[INFO] [1789658584.737471086] [localization_bootstrap]: recovery #4: creep, attempt 1[0m
[log_localization-8] [0m[INFO] [1789658584.894018806] [log_localization]:   40.0 s   115.5 m  err 0.230 m (along +0.229 cross -0.010) yaw  -1.65 deg  m->o yaw  -1.58 deg | fit true 0.001 est 0.059 (x75.05)  enc/true 1.012  dr_err 5.37 m[0m
[localization_bootstrap-6] [33m[WARN] [1789658585.414140573] [localization_bootstrap]: RESET detected: heading stepped -12 deg in one tick[0m
[localization_bootstrap-6] [33m[WARN] [1789658585.436416303] [localization_bootstrap]: recovery #5: follower held; prior (+3.02, -13.62, +70 deg) -- checkpoint 0.0 m behind the last pose along the track[0m
[amcl-4] [0m[INFO] [1789658585.486001629] [amcl]: initialPoseReceived[0m
[amcl-4] [0m[INFO] [1789658585.486143043] [amcl]: Setting pose (1789658585.486143): 3.018 -13.624 1.221[0m
[localization_bootstrap-6] [0m[INFO] [1789658585.487467509] [localization_bootstrap]: seed 1/3: x=+3.018 y=-13.624 yaw=+70.0 deg -- awaiting confirmation[0m
[localization_bootstrap-6] [33m[WARN] [1789658585.489551263] [localization_bootstrap]: MEASURED SPAWN is 16.926 m / 160.0 deg from racer_common.frames.SPAWN_* -- OUTSIDE slam_toolbox's +-0.5 m seed search, so any run that falls back to it CANNOT recover and the offset is frozen for the whole run. This run is seeded and therefore fine; the FALLBACK is what is wrong.
[localization_bootstrap-6]     Paste into racer_common/frames.py so bootstrap:=false and bootstrap_mode:=global start somewhere real:
[localization_bootstrap-6]         SPAWN_X = '3.018'
[localization_bootstrap-6]         SPAWN_Y = '-13.624'
[localization_bootstrap-6]         SPAWN_YAW = '1.2210'[0m
[amcl-4] [0m[INFO] [1789658585.535905841] [amcl]: Requesting no-motion update[0m
[amcl-4] [0m[INFO] [1789658585.985601224] [amcl]: Requesting no-motion update[0m
[amcl-4] [0m[INFO] [1789658586.385699969] [amcl]: Requesting no-motion update[0m
[localization_bootstrap-6] [0m[INFO] [1789658586.536701575] [localization_bootstrap]: recovery: seed CONFIRMED on attempt 1: the estimate is 2.1 cm / 0.3 deg from truth (pos std 0.145 m). Tracking is now lidar + map + dead reckoning only.[0m
[localization_bootstrap-6] [0m[INFO] [1789658586.538404687] [localization_bootstrap]: CHECKPOINT CANDIDATE (converged after reset): ('3.002', '-13.637', '1.226')[0m
[localization_bootstrap-6] [0m[INFO] [1789658586.737029563] [localization_bootstrap]: recovery #5: creep, attempt 1[0m
[localization_bootstrap-6] [33m[WARN] [1789658587.406553456] [localization_bootstrap]: RESET detected: heading stepped -12 deg in one tick[0m
[localization_bootstrap-6] [33m[WARN] [1789658587.436559052] [localization_bootstrap]: recovery #6: follower held; prior (+3.02, -13.62, +70 deg) -- checkpoint 0.0 m behind the last pose along the track[0m
[amcl-4] [0m[INFO] [1789658587.485551690] [amcl]: initialPoseReceived[0m
[amcl-4] [0m[INFO] [1789658587.485653260] [amcl]: Setting pose (1789658587.485653): 3.018 -13.624 1.221[0m
[localization_bootstrap-6] [0m[INFO] [1789658587.486251127] [localization_bootstrap]: seed 1/3: x=+3.018 y=-13.624 yaw=+70.0 deg -- awaiting confirmation[0m
[localization_bootstrap-6] [33m[WARN] [1789658587.487136843] [localization_bootstrap]: MEASURED SPAWN is 16.926 m / 160.0 deg from racer_common.frames.SPAWN_* -- OUTSIDE slam_toolbox's +-0.5 m seed search, so any run that falls back to it CANNOT recover and the offset is frozen for the whole run. This run is seeded and therefore fine; the FALLBACK is what is wrong.
[localization_bootstrap-6]     Paste into racer_common/frames.py so bootstrap:=false and bootstrap_mode:=global start somewhere real:
[localization_bootstrap-6]         SPAWN_X = '3.018'
[localization_bootstrap-6]         SPAWN_Y = '-13.624'
[localization_bootstrap-6]         SPAWN_YAW = '1.2212'[0m
[amcl-4] [0m[INFO] [1789658587.535636841] [amcl]: Requesting no-motion update[0m
[amcl-4] [0m[INFO] [1789658587.985624630] [amcl]: Requesting no-motion update[0m
[amcl-4] [0m[INFO] [1789658588.435514155] [amcl]: Requesting no-motion update[0m
[localization_bootstrap-6] [0m[INFO] [1789658588.536727154] [localization_bootstrap]: recovery: seed CONFIRMED on attempt 1: the estimate is 1.1 cm / 0.7 deg from truth (pos std 0.133 m). Tracking is now lidar + map + dead reckoning only.[0m
[localization_bootstrap-6] [0m[INFO] [1789658588.538074863] [localization_bootstrap]: CHECKPOINT CANDIDATE (converged after reset): ('3.007', '-13.624', '1.209')[0m
[localization_bootstrap-6] [0m[INFO] [1789658588.736220212] [localization_bootstrap]: recovery #6: creep, attempt 1[0m
[localization_bootstrap-6] [33m[WARN] [1789658589.408875478] [localization_bootstrap]: RESET detected: heading stepped -12 deg in one tick[0m
[localization_bootstrap-6] [33m[WARN] [1789658589.437873350] [localization_bootstrap]: recovery #7: follower held; prior (+3.02, -13.62, +70 deg) -- checkpoint 0.0 m behind the last pose along the track[0m
[amcl-4] [0m[INFO] [1789658589.487381512] [amcl]: initialPoseReceived[0m
[amcl-4] [0m[INFO] [1789658589.487468835] [amcl]: Setting pose (1789658589.487469): 3.018 -13.624 1.222[0m
[localization_bootstrap-6] [0m[INFO] [1789658589.488441353] [localization_bootstrap]: seed 1/3: x=+3.018 y=-13.624 yaw=+70.0 deg -- awaiting confirmation[0m
[localization_bootstrap-6] [33m[WARN] [1789658589.489670179] [localization_bootstrap]: MEASURED SPAWN is 16.926 m / 160.0 deg from racer_common.frames.SPAWN_* -- OUTSIDE slam_toolbox's +-0.5 m seed search, so any run that falls back to it CANNOT recover and the offset is frozen for the whole run. This run is seeded and therefore fine; the FALLBACK is what is wrong.
[localization_bootstrap-6]     Paste into racer_common/frames.py so bootstrap:=false and bootstrap_mode:=global start somewhere real:
[localization_bootstrap-6]         SPAWN_X = '3.018'
[localization_bootstrap-6]         SPAWN_Y = '-13.624'
[localization_bootstrap-6]         SPAWN_YAW = '1.2224'[0m
[amcl-4] [0m[INFO] [1789658589.535384581] [amcl]: Requesting no-motion update[0m
[localization_error-7] [0m[INFO] [1789658589.666959532] [localization_error]: now[200] 0.437 m / 1.47 deg  |  session[n=836] mean 0.373 p95 1.112 max 2.200 m, heading mean 1.79 max 18.89 deg[0m
[log_localization-8] [0m[INFO] [1789658589.895207869] [log_localization]:   45.0 s   120.9 m  err 0.018 m (along +0.018 cross +0.003) yaw  +0.19 deg  m->o yaw  +0.19 deg | fit true 0.002 est 0.001 (x0.56)  enc/true 0.993  dr_err 8.71 m[0m
[amcl-4] [0m[INFO] [1789658589.935543188] [amcl]: Requesting no-motion update[0m
