[INFO] [launch]: All log files can be found below /root/.ros/log/2026-09-17-15-32-18-183980-adil-laptop-159
[INFO] [launch]: Default logging verbosity is set to INFO
[INFO] [launch.user]: [race] mode=dev  localizer=amcl  instruments=ON  bootstrap=truth
[INFO] [dead_reckoning-1]: process started with pid [185]
[INFO] [amcl-4]: process started with pid [191]
[INFO] [localization_bootstrap-6]: process started with pid [195]
[INFO] [localization_error-7]: process started with pid [197]
[INFO] [log_localization-8]: process started with pid [199]
[INFO] [static_transform_publisher-2]: process started with pid [187]
[INFO] [map_server-3]: process started with pid [189]
[INFO] [lifecycle_manager-5]: process started with pid [193]
[INFO] [static_transform_publisher-9]: process started with pid [201]
[static_transform_publisher-2] 1789659138.292110 [0] static_tra: selected interface "lo" is not multicast-capable: disabling multicast
[lifecycle_manager-5] 1789659138.297128 [0] lifecycle_: selected interface "lo" is not multicast-capable: disabling multicast
[amcl-4] 1789659138.300630 [0]       amcl: selected interface "lo" is not multicast-capable: disabling multicast
[static_transform_publisher-9] 1789659138.302995 [0] static_tra: selected interface "lo" is not multicast-capable: disabling multicast
[static_transform_publisher-2] [INFO] [1789659138.304411117] [lidar_tf]: Spinning until stopped - publishing transform
[static_transform_publisher-2] translation: ('0.273300', '0.000000', '0.096000')
[static_transform_publisher-2] rotation: ('0.000000', '0.000000', '0.000000', '1.000000')
[static_transform_publisher-2] from 'roboracer_1' to 'lidar'
[lifecycle_manager-5] [INFO] [1789659138.305722558] [lifecycle_manager_localization]: Creating
[lifecycle_manager-5] [INFO] [1789659138.309732201] [lifecycle_manager_localization]: [34m[1mCreating and initializing lifecycle service clients[0m[0m
[amcl-4] [0m[INFO] [1789659138.314201673] [amcl]: 
[amcl-4] 	amcl lifecycle node launched. 
[amcl-4] 	Waiting on external lifecycle transitions to activate
[amcl-4] 	See https://design.ros2.org/articles/node_lifecycle.html for more information.[0m
[amcl-4] [0m[INFO] [1789659138.315257005] [amcl]: Creating[0m
[map_server-3] 1789659138.317479 [0] map_server: selected interface "lo" is not multicast-capable: disabling multicast
[static_transform_publisher-9] [INFO] [1789659138.320197438] [map_world_tf]: Spinning until stopped - publishing transform
[static_transform_publisher-9] translation: ('0.000000', '0.000000', '0.000000')
[static_transform_publisher-9] rotation: ('0.000000', '0.000000', '0.000000', '1.000000')
[static_transform_publisher-9] from 'map' to 'world'
[map_server-3] [INFO] [1789659138.331944490] [map_server]: 
[map_server-3] 	map_server lifecycle node launched. 
[map_server-3] 	Waiting on external lifecycle transitions to activate
[map_server-3] 	See https://design.ros2.org/articles/node_lifecycle.html for more information.
[map_server-3] [INFO] [1789659138.332106283] [map_server]: Creating
[lifecycle_manager-5] [INFO] [1789659138.333638035] [lifecycle_manager_localization]: [34m[1mStarting managed nodes bringup...[0m[0m
[lifecycle_manager-5] [INFO] [1789659138.333719648] [lifecycle_manager_localization]: [34m[1mConfiguring map_server[0m[0m
[map_server-3] [INFO] [1789659138.347516100] [map_server]: Configuring
[map_server-3] [INFO] [1789659138.347677822] [map_io]: Loading yaml file: /root/Documents/roboracer/devkit_ws/src/racer_mapping/maps/iros2026/track_clean.yaml
[map_server-3] [INFO] [1789659138.348494097] [map_io]: resolution: 0.025
[map_server-3] [INFO] [1789659138.348542257] [map_io]: origin[0]: 0.00427
[map_server-3] [INFO] [1789659138.348553619] [map_io]: origin[1]: -16.8
[map_server-3] [INFO] [1789659138.348562565] [map_io]: origin[2]: 0
[map_server-3] [INFO] [1789659138.348571652] [map_io]: free_thresh: 0.25
[map_server-3] [INFO] [1789659138.348580669] [map_io]: occupied_thresh: 0.65
[map_server-3] [INFO] [1789659138.348591910] [map_io]: mode: trinary
[map_server-3] [INFO] [1789659138.348603722] [map_io]: negate: 0
[map_server-3] [INFO] [1789659138.349065696] [map_io]: Loading image_file: /root/Documents/roboracer/devkit_ws/src/racer_mapping/maps/iros2026/track_clean.pgm
[map_server-3] [INFO] [1789659138.388596840] [map_io]: Read map /root/Documents/roboracer/devkit_ws/src/racer_mapping/maps/iros2026/track_clean.pgm: 241 X 901 map @ 0.025 m/cell
[lifecycle_manager-5] [INFO] [1789659138.396249431] [lifecycle_manager_localization]: [34m[1mConfiguring amcl[0m[0m
[amcl-4] [0m[INFO] [1789659138.396584387] [amcl]: Configuring[0m
[amcl-4] [0m[INFO] [1789659138.396828453] [amcl]: initTransforms[0m
[amcl-4] [0m[INFO] [1789659138.417676212] [amcl]: initPubSub[0m
[amcl-4] [0m[INFO] [1789659138.423795097] [amcl]: Subscribed to map topic.[0m
[lifecycle_manager-5] [INFO] [1789659138.433689998] [lifecycle_manager_localization]: [34m[1mActivating map_server[0m[0m
[map_server-3] [INFO] [1789659138.435580531] [map_server]: Activating
[map_server-3] [INFO] [1789659138.438276008] [map_server]: Creating bond (map_server) to lifecycle manager.
[amcl-4] [0m[INFO] [1789659138.442488691] [amcl]: Received a 241 X 901 map @ 0.025 m/pix[0m
[lifecycle_manager-5] [INFO] [1789659138.552125095] [lifecycle_manager_localization]: Server map_server connected with bond.
[lifecycle_manager-5] [INFO] [1789659138.552253776] [lifecycle_manager_localization]: [34m[1mActivating amcl[0m[0m
[amcl-4] [0m[INFO] [1789659138.552725026] [amcl]: Activating[0m
[amcl-4] [0m[INFO] [1789659138.552865789] [amcl]: initialPoseReceived[0m
[amcl-4] [0m[INFO] [1789659138.553109535] [amcl]: Setting pose (1789659138.553109): 0.818 3.158 -1.571[0m
[amcl-4] [0m[INFO] [1789659138.557943649] [amcl]: Creating bond (amcl) to lifecycle manager.[0m
[lifecycle_manager-5] [INFO] [1789659138.663088589] [lifecycle_manager_localization]: Server amcl connected with bond.
[lifecycle_manager-5] [INFO] [1789659138.663191942] [lifecycle_manager_localization]: [34m[1mManaged nodes are active[0m[0m
[lifecycle_manager-5] [INFO] [1789659138.663225305] [lifecycle_manager_localization]: [34m[1mCreating bond timer...[0m[0m
[dead_reckoning-1] 1789659138.788084 [0] dead_recko: selected interface "lo" is not multicast-capable: disabling multicast
[localization_bootstrap-6] 1789659138.788890 [0] localizati: selected interface "lo" is not multicast-capable: disabling multicast
[localization_error-7] 1789659138.789526 [0] localizati: selected interface "lo" is not multicast-capable: disabling multicast
[log_localization-8] 1789659138.880989 [0] log_locali: selected interface "lo" is not multicast-capable: disabling multicast
[dead_reckoning-1] [0m[INFO] [1789659138.908404696] [dead_reckoning]: dead reckoning: odom -> roboracer_1, wheel r=0.0581 m, scale=1.0, 200 Hz, tf +20 ms, extrapolate yaw=True pos=True[0m
[localization_error-7] [31m[ERROR] [1789659138.910285892] [localization_error]: RESTRICTED TOPIC: reading /autodrive/roboracer_1/odom (simulator ground-truth pose and twist) -- continuous comparison against TF map -> roboracer_1. This run is NOT race-legal; any lap time from it is a development number. See racer_common/restricted.py.[0m
[localization_error-7] [0m[INFO] [1789659138.911362965] [localization_error]: sampling starts 1.0 s after /localization_ready; bootstrap is excluded (require_ready:=false to include it)[0m
[localization_error-7] [0m[INFO] [1789659138.913075866] [localization_error]: waiting for TF map -> roboracer_1: "map" passed to lookupTransform argument target_frame does not exist. [0m
[localization_bootstrap-6] [0m[INFO] [1789659138.915919660] [localization_bootstrap]: centreline runs against the lap; arc length reversed for checkpoint ordering[0m
[localization_bootstrap-6] [0m[INFO] [1789659138.933859435] [localization_bootstrap]: WARMUP SEED: reading /autodrive/roboracer_1/ips (simulator ground-truth position) ONCE -- initial pose seed. Legal: the first lap is warmup, this is read before the car moves, and it is released immediately after. Nothing reads ground truth afterwards.[0m
[localization_bootstrap-6] [0m[INFO] [1789659138.934727307] [localization_bootstrap]: mode=truth: seeding the initial pose from /ips + /imu before the car moves, then releasing /ips. Tracking is lidar + map + dead reckoning from there on.[0m
[localization_bootstrap-6] [0m[INFO] [1789659138.935959840] [localization_bootstrap]: waiting for amcl to reach the active state before sending anything[0m
[amcl-4] [0m[INFO] [1789659138.937462799] [amcl]: createLaserObject[0m
[localization_bootstrap-6] [0m[INFO] [1789659138.988152857] [localization_bootstrap]: amcl is ACTIVE -- an initial pose will now be accepted[0m
[localization_bootstrap-6] [0m[INFO] [1789659139.037571027] [localization_bootstrap]: seed 1/5: x=+0.800 y=+3.158 yaw=-90.0 deg -- awaiting confirmation[0m
[localization_bootstrap-6] [0m[INFO] [1789659139.038506866] [localization_bootstrap]: MEASURED SPAWN x=+0.800 y=+3.158 yaw=-90.0 deg -- within 2 cm of racer_common.frames.SPAWN_*, so the fallback is sound too. Nothing to change.[0m
[log_localization-8] [31m[ERROR] [1789659139.040840447] [log_localization]: RESTRICTED TOPIC: reading /autodrive/roboracer_1/ips (simulator ground-truth position) -- continuous logging against the estimate. This run is NOT race-legal; any lap time from it is a development number. See racer_common/restricted.py.[0m
[log_localization-8] [31m[ERROR] [1789659139.041640562] [log_localization]: RESTRICTED TOPIC: reading /autodrive/roboracer_1/odom (simulator ground-truth pose and twist) -- continuous logging against the estimate. This run is NOT race-legal; any lap time from it is a development number. See racer_common/restricted.py.[0m
[log_localization-8] [0m[INFO] [1789659139.042678322] [log_localization]: logging to /root/Documents/roboracer/experiments/iros2026/T17_kb11z3_hp45/run.csv at 20 Hz until Ctrl-C[0m
[log_localization-8] [0m[INFO] [1789659139.094125574] [log_localization]: waiting for TF map -> roboracer_1 ...[0m
[amcl-4] [0m[INFO] [1789659139.126945958] [amcl]: initialPoseReceived[0m
[amcl-4] [0m[INFO] [1789659139.127159547] [amcl]: Setting pose (1789659139.127159): 0.800 3.158 -1.571[0m
[amcl-4] [0m[INFO] [1789659139.127175627] [amcl]: Message Filter dropping message: frame 'lidar' at time 1789659138.466 for reason 'the timestamp on the message is earlier than all the data in the transform cache'[0m
[amcl-4] [0m[INFO] [1789659139.133787443] [amcl]: Requesting no-motion update[0m
[amcl-4] [0m[INFO] [1789659139.536922306] [amcl]: Requesting no-motion update[0m
[amcl-4] [0m[INFO] [1789659139.937020082] [amcl]: Requesting no-motion update[0m
[pure_pursuit] launch overrides: {'v_max': 8.5, 'warmup_v_max': 2.0, 'warmup_dist_m': 21.0, 'target_lead_s': 0.0, 'slip_circle': 0.12, 'accel_ff': 1.0, 'control_hz': 45.0}
[INFO] [pure_pursuit-10]: process started with pid [348]
[amcl-4] [0m[INFO] [1789659140.386895682] [amcl]: Requesting no-motion update[0m
[pure_pursuit-10] 1789659140.642491 [0] pure_pursu: selected interface "lo" is not multicast-capable: disabling multicast
[pure_pursuit-10] [0m[INFO] [1789659140.757916561] [pure_pursuit]: path: 437 points, 43.64 m lap, from /root/Documents/roboracer/raceline/iros2026/raceline_kb11z3_hp45_a50_b55_v85.csv[0m
[pure_pursuit-10] [0m[INFO] [1789659140.764379068] [pure_pursuit]: pose from TF map -> roboracer_1 (continuous); /amcl_pose kept as a fallback[0m
[pure_pursuit-10] [0m[INFO] [1789659140.765955404] [pure_pursuit]: steering on /amcl_pose[0m
[pure_pursuit-10] [0m[INFO] [1789659140.766743366] [pure_pursuit]: warmup cap: speed target held at 2.00 m/s for the first 21.0 m of driving, then released[0m
[pure_pursuit-10] [0m[INFO] [1789659140.770470131] [pure_pursuit]: speed_source=tire  throttle_mode=slip  slip band [-0.08, +0.08]  u_launch 0.4 m/s  lookahead 0.8-2.2 m (k 0.55)  latency_comp 0.05 s[0m
[pure_pursuit-10] [0m[INFO] [1789659140.771158758] [pure_pursuit]: slip band: circle 0.12 x sqrt(1 - (a_lat/7)^2), replacing the fixed band above  |  plan-acceleration feedforward ON[0m
[pure_pursuit-10] [33m[WARN] [1789659140.772072686] [pure_pursuit]: dev_lap_telemetry ON: subscribing to RESTRICTED lap topics[0m
[pure_pursuit-10] [0m[INFO] [1789659140.774824668] [pure_pursuit]: holding until /localization_ready[0m
[amcl-4] [0m[INFO] [1789659140.787008888] [amcl]: Requesting no-motion update[0m
[pure_pursuit-10] [0m[INFO] [1789659140.797218818] [pure_pursuit]: lap 0: inf s[0m
[localization_bootstrap-6] [0m[INFO] [1789659140.937554411] [localization_bootstrap]: seed 1/5 sent, awaiting a fresh /amcl_pose to confirm it[0m
[localization_bootstrap-6] [0m[INFO] [1789659141.089209599] [localization_bootstrap]: localization_bootstrap: released /autodrive/roboracer_1/ips -- no restricted topic is read from here on; the timed laps are clean.[0m
[localization_bootstrap-6] [0m[INFO] [1789659141.090603243] [localization_bootstrap]: seed CONFIRMED on attempt 1: the estimate is 1.2 cm / 0.2 deg from truth (pos std 0.056 m). Tracking is now lidar + map + dead reckoning only.[0m
[localization_error-7] [0m[INFO] [1789659141.090846588] [localization_error]: /localization_ready latched -- sampling opens in 1.0 s (33 bootstrap samples discarded)[0m
[localization_bootstrap-6] [0m[INFO] [1789659141.091705633] [localization_bootstrap]: /localization_ready = true, follower may take over[0m
[pure_pursuit-10] [0m[INFO] [1789659141.092081726] [pure_pursuit]: localization converged, taking over[0m
[localization_bootstrap-6] [0m[INFO] [1789659141.092893423] [localization_bootstrap]: recovery armed: watching encoders + IMU for a reset; 15 checkpoint(s) known for this track[0m
[localization_error-7] [0m[INFO] [1789659143.849119860] [localization_error]: now[ 36] 0.285 m / 0.67 deg  |  session[n=36] mean 0.285 p95 0.363 max 0.388 m, heading mean 0.67 max 2.51 deg[0m
[log_localization-8] [0m[INFO] [1789659144.094538409] [log_localization]:    4.9 s     5.6 m  err 0.203 m (along +0.203 cross +0.012) yaw  -0.21 deg  m->o yaw  -0.27 deg | fit true 0.013 est 0.004 (x0.31)  enc/true 1.027  dr_err 0.18 m[0m
[localization_error-7] [0m[INFO] [1789659148.848740555] [localization_error]: now[136] 0.173 m / 0.35 deg  |  session[n=136] mean 0.173 p95 0.331 max 0.388 m, heading mean 0.35 max 2.51 deg[0m
[log_localization-8] [0m[INFO] [1789659149.093720714] [log_localization]:    9.9 s    15.7 m  err 0.317 m (along -0.317 cross -0.009) yaw  -0.05 deg  m->o yaw  -0.05 deg | fit true 0.002 est 0.026 (x14.00)  enc/true 1.006  dr_err 0.08 m[0m
[pure_pursuit-10] [0m[INFO] [1789659151.983385325] [pure_pursuit]: warmup cap released after 21.0 m; v_max back to 8.50 m/s[0m
[localization_error-7] [0m[INFO] [1789659153.848187364] [localization_error]: now[200] 0.174 m / 0.96 deg  |  session[n=236] mean 0.191 p95 0.338 max 0.507 m, heading mean 0.91 max 5.53 deg[0m
[log_localization-8] [0m[INFO] [1789659154.094613736] [log_localization]:   14.9 s    29.2 m  err 0.110 m (along +0.099 cross -0.047) yaw  +0.90 deg  m->o yaw  +1.40 deg | fit true 0.011 est 0.018 (x1.71)  enc/true 1.017  dr_err 0.21 m[0m
[pure_pursuit-10] [0m[INFO] [1789659157.799489312] [pure_pursuit]: lap 1: 22.71 s[0m
[localization_error-7] [0m[INFO] [1789659158.849168230] [localization_error]: now[200] 0.242 m / 2.26 deg  |  session[n=336] mean 0.214 p95 0.457 max 0.631 m, heading mean 1.48 max 8.91 deg[0m
[log_localization-8] [0m[INFO] [1789659159.095023365] [log_localization]:   19.9 s    48.2 m  err 0.237 m (along +0.237 cross +0.004) yaw  -0.02 deg  m->o yaw  +0.18 deg | fit true 0.012 est 0.001 (x0.05)  enc/true 1.017  dr_err 0.18 m[0m
[localization_error-7] [0m[INFO] [1789659163.848188503] [localization_error]: now[200] 0.325 m / 2.23 deg  |  session[n=436] mean 0.253 p95 0.619 max 1.260 m, heading mean 1.52 max 8.91 deg[0m
[log_localization-8] [0m[INFO] [1789659164.095503686] [log_localization]:   24.9 s    69.9 m  err 0.018 m (along +0.005 cross +0.018) yaw  -1.74 deg  m->o yaw  -2.16 deg | fit true 0.007 est 0.017 (x2.59)  enc/true 1.015  dr_err 0.06 m[0m
[pure_pursuit-10] [0m[INFO] [1789659168.429377798] [pure_pursuit]: lap 2: 10.64 s[0m
[localization_error-7] [0m[INFO] [1789659168.848022936] [localization_error]: now[200] 0.314 m / 2.45 deg  |  session[n=536] mean 0.251 p95 0.596 max 1.260 m, heading mean 1.84 max 8.91 deg[0m
[log_localization-8] [0m[INFO] [1789659169.095251557] [log_localization]:   29.9 s    88.4 m  err 0.154 m (along +0.154 cross +0.001) yaw  -1.46 deg  m->o yaw  -1.69 deg | fit true 0.020 est 0.026 (x1.29)  enc/true 1.015  dr_err 0.27 m[0m
[localization_error-7] [0m[INFO] [1789659173.849588635] [localization_error]: now[200] 0.423 m / 2.47 deg  |  session[n=636] mean 0.306 p95 0.824 max 1.836 m, heading mean 1.82 max 8.91 deg[0m
[pure_pursuit-10] [33m[WARN] [1789659174.019668604] [pure_pursuit]: heading jumped -36 deg in one tick: respawn. Speed estimate 3.86 -> 0, pose history cleared.[0m
[localization_bootstrap-6] [33m[WARN] [1789659174.022631381] [localization_bootstrap]: RESET detected: heading stepped -32 deg in one tick[0m
[localization_bootstrap-6] [33m[WARN] [1789659174.037672629] [localization_bootstrap]: recovery #1: follower held; prior (+3.02, -13.62, +70 deg) -- checkpoint 1.6 m behind the last pose along the track[0m
[pure_pursuit-10] [33m[WARN] [1789659174.038649885] [pure_pursuit]: localization lost after a reset: holding until it is re-confirmed[0m
[amcl-4] [0m[INFO] [1789659174.087073768] [amcl]: initialPoseReceived[0m
[amcl-4] [0m[INFO] [1789659174.087183203] [amcl]: Setting pose (1789659174.087183): 3.019 -13.622 1.231[0m
[localization_bootstrap-6] [0m[INFO] [1789659174.088343771] [localization_bootstrap]: seed 1/3: x=+3.018 y=-13.624 yaw=+70.5 deg -- awaiting confirmation[0m
[localization_bootstrap-6] [0m[INFO] [1789659174.089161800] [localization_bootstrap]: not reporting a spawn constant: the car is moving at 3.8 m/s, so this pose is not the spawn[0m
[log_localization-8] [0m[INFO] [1789659174.094386975] [log_localization]:   34.9 s   111.0 m  err 1.819 m (along +1.254 cross -1.318) yaw -18.47 deg  m->o yaw -18.35 deg | fit true 0.002 est 0.617 (x337.80)  enc/true 1.016  dr_err 1.46 m[0m
[amcl-4] [0m[INFO] [1789659174.187072021] [amcl]: Requesting no-motion update[0m
[amcl-4] [0m[INFO] [1789659174.636959082] [amcl]: Requesting no-motion update[0m
[localization_bootstrap-6] [0m[INFO] [1789659174.938417987] [localization_bootstrap]: recovery #1: seed, attempt 1[0m
[amcl-4] [0m[INFO] [1789659175.037133452] [amcl]: Requesting no-motion update[0m
[localization_bootstrap-6] [0m[INFO] [1789659175.137943953] [localization_bootstrap]: recovery: seed CONFIRMED on attempt 1: the estimate is 16.5 cm / 1.3 deg from truth (pos std 0.153 m). Tracking is now lidar + map + dead reckoning only.[0m
[localization_bootstrap-6] [0m[INFO] [1789659175.139086949] [localization_bootstrap]: CHECKPOINT CANDIDATE (converged after reset): ('2.921', '-13.757', '1.257')[0m
[localization_bootstrap-6] [33m[WARN] [1789659175.919733671] [localization_bootstrap]: RESET detected: heading stepped -11 deg in one tick[0m
[localization_bootstrap-6] [33m[WARN] [1789659175.938560013] [localization_bootstrap]: recovery #2: follower held; prior (+3.02, -13.62, +70 deg) -- checkpoint -0.1 m behind the last pose along the track[0m
[amcl-4] [0m[INFO] [1789659175.987133244] [amcl]: initialPoseReceived[0m
[amcl-4] [0m[INFO] [1789659175.987278736] [amcl]: Setting pose (1789659175.987278): 3.018 -13.624 1.222[0m
[localization_bootstrap-6] [0m[INFO] [1789659175.988778880] [localization_bootstrap]: seed 1/3: x=+3.018 y=-13.624 yaw=+70.0 deg -- awaiting confirmation[0m
[localization_bootstrap-6] [33m[WARN] [1789659175.990828891] [localization_bootstrap]: MEASURED SPAWN is 16.926 m / 160.0 deg from racer_common.frames.SPAWN_* -- OUTSIDE slam_toolbox's +-0.5 m seed search, so any run that falls back to it CANNOT recover and the offset is frozen for the whole run. This run is seeded and therefore fine; the FALLBACK is what is wrong.
[localization_bootstrap-6]     Paste into racer_common/frames.py so bootstrap:=false and bootstrap_mode:=global start somewhere real:
[localization_bootstrap-6]         SPAWN_X = '3.018'
[localization_bootstrap-6]         SPAWN_Y = '-13.624'
[localization_bootstrap-6]         SPAWN_YAW = '1.2217'[0m
[amcl-4] [0m[INFO] [1789659176.037062059] [amcl]: Requesting no-motion update[0m
[amcl-4] [0m[INFO] [1789659176.486781187] [amcl]: Requesting no-motion update[0m
[amcl-4] [0m[INFO] [1789659176.936889972] [amcl]: Requesting no-motion update[0m
[localization_bootstrap-6] [0m[INFO] [1789659176.938653167] [localization_bootstrap]: recovery #2: seed, attempt 1[0m
[localization_bootstrap-6] [0m[INFO] [1789659177.037944679] [localization_bootstrap]: recovery: seed CONFIRMED on attempt 1: the estimate is 0.8 cm / 0.3 deg from truth (pos std 0.136 m). Tracking is now lidar + map + dead reckoning only.[0m
[localization_bootstrap-6] [0m[INFO] [1789659177.039285806] [localization_bootstrap]: CHECKPOINT CANDIDATE (converged after reset): ('3.012', '-13.619', '1.217')[0m
[localization_bootstrap-6] [33m[WARN] [1789659177.857487729] [localization_bootstrap]: RESET detected: heading stepped -12 deg in one tick[0m
[localization_bootstrap-6] [33m[WARN] [1789659177.888502558] [localization_bootstrap]: recovery #3: follower held; prior (+3.02, -13.62, +70 deg) -- checkpoint 0.0 m behind the last pose along the track[0m
[amcl-4] [0m[INFO] [1789659177.937121195] [amcl]: initialPoseReceived[0m
[amcl-4] [0m[INFO] [1789659177.937240388] [amcl]: Setting pose (1789659177.937240): 3.018 -13.624 1.222[0m
[localization_bootstrap-6] [0m[INFO] [1789659177.938359850] [localization_bootstrap]: seed 1/3: x=+3.018 y=-13.624 yaw=+70.0 deg -- awaiting confirmation[0m
[localization_bootstrap-6] [33m[WARN] [1789659177.940155566] [localization_bootstrap]: MEASURED SPAWN is 16.926 m / 160.0 deg from racer_common.frames.SPAWN_* -- OUTSIDE slam_toolbox's +-0.5 m seed search, so any run that falls back to it CANNOT recover and the offset is frozen for the whole run. This run is seeded and therefore fine; the FALLBACK is what is wrong.
[localization_bootstrap-6]     Paste into racer_common/frames.py so bootstrap:=false and bootstrap_mode:=global start somewhere real:
[localization_bootstrap-6]         SPAWN_X = '3.018'
[localization_bootstrap-6]         SPAWN_Y = '-13.624'
[localization_bootstrap-6]         SPAWN_YAW = '1.2219'[0m
[amcl-4] [0m[INFO] [1789659177.986885593] [amcl]: Requesting no-motion update[0m
[amcl-4] [0m[INFO] [1789659178.387690852] [amcl]: Requesting no-motion update[0m
[amcl-4] [0m[INFO] [1789659178.836787336] [amcl]: Requesting no-motion update[0m
[localization_error-7] [0m[INFO] [1789659178.849455730] [localization_error]: now[200] 0.592 m / 2.32 deg  |  session[n=736] mean 0.344 p95 1.057 max 2.104 m, heading mean 1.97 max 19.72 deg[0m
[localization_bootstrap-6] [0m[INFO] [1789659178.938060190] [localization_bootstrap]: recovery #3: seed, attempt 1[0m
[localization_bootstrap-6] [0m[INFO] [1789659178.988141340] [localization_bootstrap]: recovery: seed CONFIRMED on attempt 1: the estimate is 0.2 cm / 0.3 deg from truth (pos std 0.142 m). Tracking is now lidar + map + dead reckoning only.[0m
[localization_bootstrap-6] [0m[INFO] [1789659178.989477256] [localization_bootstrap]: CHECKPOINT CANDIDATE (converged after reset): ('3.017', '-13.623', '1.227')[0m
[log_localization-8] [0m[INFO] [1789659179.097274684] [log_localization]:   40.0 s   114.5 m  err 0.006 m (along +0.005 cross +0.001) yaw  +0.29 deg  m->o yaw  +0.29 deg | fit true 0.002 est 0.002 (x1.06)  enc/true 1.005  dr_err 3.76 m[0m
[localization_bootstrap-6] [33m[WARN] [1789659179.802993454] [localization_bootstrap]: RESET detected: heading stepped -11 deg in one tick[0m
[localization_bootstrap-6] [33m[WARN] [1789659179.839285805] [localization_bootstrap]: recovery #4: follower held; prior (+3.02, -13.62, +70 deg) -- checkpoint 0.0 m behind the last pose along the track[0m
[amcl-4] [0m[INFO] [1789659179.887426959] [amcl]: initialPoseReceived[0m
[amcl-4] [0m[INFO] [1789659179.887592168] [amcl]: Setting pose (1789659179.887592): 3.018 -13.624 1.223[0m
[localization_bootstrap-6] [0m[INFO] [1789659179.888874505] [localization_bootstrap]: seed 1/3: x=+3.018 y=-13.624 yaw=+70.1 deg -- awaiting confirmation[0m
[localization_bootstrap-6] [33m[WARN] [1789659179.890513487] [localization_bootstrap]: MEASURED SPAWN is 16.926 m / 160.1 deg from racer_common.frames.SPAWN_* -- OUTSIDE slam_toolbox's +-0.5 m seed search, so any run that falls back to it CANNOT recover and the offset is frozen for the whole run. This run is seeded and therefore fine; the FALLBACK is what is wrong.
[localization_bootstrap-6]     Paste into racer_common/frames.py so bootstrap:=false and bootstrap_mode:=global start somewhere real:
[localization_bootstrap-6]         SPAWN_X = '3.018'
[localization_bootstrap-6]         SPAWN_Y = '-13.624'
[localization_bootstrap-6]         SPAWN_YAW = '1.2229'[0m
[amcl-4] [0m[INFO] [1789659179.936863014] [amcl]: Requesting no-motion update[0m
[amcl-4] [0m[INFO] [1789659180.337013840] [amcl]: Requesting no-motion update[0m
[amcl-4] [0m[INFO] [1789659180.737239756] [amcl]: Requesting no-motion update[0m
[localization_bootstrap-6] [0m[INFO] [1789659180.938157634] [localization_bootstrap]: recovery: seed CONFIRMED on attempt 1: the estimate is 0.6 cm / 0.9 deg from truth (pos std 0.147 m). Tracking is now lidar + map + dead reckoning only.[0m
[localization_bootstrap-6] [0m[INFO] [1789659180.939536841] [localization_bootstrap]: CHECKPOINT CANDIDATE (converged after reset): ('3.022', '-13.628', '1.238')[0m
[localization_bootstrap-6] [0m[INFO] [1789659180.940993333] [localization_bootstrap]: recovery #4: creep, attempt 1[0m
[localization_bootstrap-6] [33m[WARN] [1789659181.809089867] [localization_bootstrap]: RESET detected: heading stepped -12 deg in one tick[0m
[localization_bootstrap-6] [33m[WARN] [1789659181.838581310] [localization_bootstrap]: recovery #5: follower held; prior (+3.02, -13.62, +70 deg) -- checkpoint 0.0 m behind the last pose along the track[0m
[amcl-4] [0m[INFO] [1789659181.887398407] [amcl]: initialPoseReceived[0m
[amcl-4] [0m[INFO] [1789659181.887546865] [amcl]: Setting pose (1789659181.887547): 3.018 -13.624 1.221[0m
[localization_bootstrap-6] [0m[INFO] [1789659181.888601475] [localization_bootstrap]: seed 1/3: x=+3.018 y=-13.624 yaw=+70.0 deg -- awaiting confirmation[0m
[localization_bootstrap-6] [33m[WARN] [1789659181.889413864] [localization_bootstrap]: MEASURED SPAWN is 16.926 m / 160.0 deg from racer_common.frames.SPAWN_* -- OUTSIDE slam_toolbox's +-0.5 m seed search, so any run that falls back to it CANNOT recover and the offset is frozen for the whole run. This run is seeded and therefore fine; the FALLBACK is what is wrong.
[localization_bootstrap-6]     Paste into racer_common/frames.py so bootstrap:=false and bootstrap_mode:=global start somewhere real:
[localization_bootstrap-6]         SPAWN_X = '3.018'
[localization_bootstrap-6]         SPAWN_Y = '-13.624'
[localization_bootstrap-6]         SPAWN_YAW = '1.2214'[0m
[amcl-4] [0m[INFO] [1789659181.937098455] [amcl]: Requesting no-motion update[0m
[amcl-4] [0m[INFO] [1789659182.336981320] [amcl]: Requesting no-motion update[0m
[amcl-4] [0m[INFO] [1789659182.737504422] [amcl]: Requesting no-motion update[0m
[localization_bootstrap-6] [0m[INFO] [1789659182.938611754] [localization_bootstrap]: recovery: seed CONFIRMED on attempt 1: the estimate is 1.4 cm / 0.3 deg from truth (pos std 0.135 m). Tracking is now lidar + map + dead reckoning only.[0m
[localization_bootstrap-6] [0m[INFO] [1789659182.940692192] [localization_bootstrap]: CHECKPOINT CANDIDATE (converged after reset): ('3.004', '-13.623', '1.216')[0m
[localization_bootstrap-6] [0m[INFO] [1789659182.942966532] [localization_bootstrap]: recovery #5: creep, attempt 1[0m
[localization_bootstrap-6] [33m[WARN] [1789659183.765132804] [localization_bootstrap]: RESET detected: heading stepped -11 deg in one tick[0m
[localization_bootstrap-6] [33m[WARN] [1789659183.788977795] [localization_bootstrap]: recovery #6: follower held; prior (+3.02, -13.62, +70 deg) -- checkpoint 0.0 m behind the last pose along the track[0m
[amcl-4] [0m[INFO] [1789659183.837014844] [amcl]: initialPoseReceived[0m
[amcl-4] [0m[INFO] [1789659183.837134057] [amcl]: Setting pose (1789659183.837134): 3.018 -13.624 1.223[0m
[localization_bootstrap-6] [0m[INFO] [1789659183.837844946] [localization_bootstrap]: seed 1/3: x=+3.018 y=-13.624 yaw=+70.1 deg -- awaiting confirmation[0m
[localization_bootstrap-6] [33m[WARN] [1789659183.838819427] [localization_bootstrap]: MEASURED SPAWN is 16.926 m / 160.1 deg from racer_common.frames.SPAWN_* -- OUTSIDE slam_toolbox's +-0.5 m seed search, so any run that falls back to it CANNOT recover and the offset is frozen for the whole run. This run is seeded and therefore fine; the FALLBACK is what is wrong.
[localization_bootstrap-6]     Paste into racer_common/frames.py so bootstrap:=false and bootstrap_mode:=global start somewhere real:
[localization_bootstrap-6]         SPAWN_X = '3.018'
[localization_bootstrap-6]         SPAWN_Y = '-13.624'
[localization_bootstrap-6]         SPAWN_YAW = '1.2230'[0m
[localization_error-7] [0m[INFO] [1789659183.849671196] [localization_error]: now[200] 0.498 m / 2.15 deg  |  session[n=836] mean 0.352 p95 1.089 max 2.104 m, heading mean 1.89 max 19.72 deg[0m
[amcl-4] [0m[INFO] [1789659183.887159252] [amcl]: Requesting no-motion update[0m
[log_localization-8] [0m[INFO] [1789659184.095640604] [log_localization]:   44.9 s   120.0 m  err 0.002 m (along +0.000 cross -0.002) yaw  -0.28 deg  m->o yaw  -0.28 deg | fit true 0.002 est 0.004 (x1.82)  enc/true 0.990  dr_err 7.39 m[0m
[amcl-4] [0m[INFO] [1789659184.337105785] [amcl]: Requesting no-motion update[0m
[amcl-4] [0m[INFO] [1789659184.736981497] [amcl]: Requesting no-motion update[0m
[localization_bootstrap-6] [0m[INFO] [1789659184.888134145] [localization_bootstrap]: recovery: seed CONFIRMED on attempt 1: the estimate is 0.4 cm / 0.1 deg from truth (pos std 0.136 m). Tracking is now lidar + map + dead reckoning only.[0m
[localization_bootstrap-6] [0m[INFO] [1789659184.889527068] [localization_bootstrap]: CHECKPOINT CANDIDATE (converged after reset): ('3.014', '-13.625', '1.225')[0m
[localization_bootstrap-6] [0m[INFO] [1789659184.938890476] [localization_bootstrap]: recovery #6: creep, attempt 1[0m
[localization_bootstrap-6] [33m[WARN] [1789659185.705336751] [localization_bootstrap]: RESET detected: heading stepped -11 deg in one tick[0m
[localization_bootstrap-6] [33m[WARN] [1789659185.739334635] [localization_bootstrap]: recovery #7: follower held; prior (+3.02, -13.62, +70 deg) -- checkpoint 0.0 m behind the last pose along the track[0m
[amcl-4] [0m[INFO] [1789659185.788322682] [amcl]: initialPoseReceived[0m
[amcl-4] [0m[INFO] [1789659185.788495985] [amcl]: Setting pose (1789659185.788496): 3.018 -13.624 1.224[0m
[localization_bootstrap-6] [0m[INFO] [1789659185.788959011] [localization_bootstrap]: seed 1/3: x=+3.018 y=-13.624 yaw=+70.1 deg -- awaiting confirmation[0m
[localization_bootstrap-6] [33m[WARN] [1789659185.790953067] [localization_bootstrap]: MEASURED SPAWN is 16.926 m / 160.1 deg from racer_common.frames.SPAWN_* -- OUTSIDE slam_toolbox's +-0.5 m seed search, so any run that falls back to it CANNOT recover and the offset is frozen for the whole run. This run is seeded and therefore fine; the FALLBACK is what is wrong.
[localization_bootstrap-6]     Paste into racer_common/frames.py so bootstrap:=false and bootstrap_mode:=global start somewhere real:
[localization_bootstrap-6]         SPAWN_X = '3.018'
[localization_bootstrap-6]         SPAWN_Y = '-13.624'
[localization_bootstrap-6]         SPAWN_YAW = '1.2239'[0m
[amcl-4] [0m[INFO] [1789659185.836981123] [amcl]: Requesting no-motion update[0m
[amcl-4] [0m[INFO] [1789659186.237052250] [amcl]: Requesting no-motion update[0m
