[INFO] [launch]: All log files can be found below /root/.ros/log/2026-09-17-14-57-37-515968-adil-laptop-159
[INFO] [launch]: Default logging verbosity is set to INFO
[INFO] [launch.user]: [race] mode=dev  localizer=amcl  instruments=ON  bootstrap=truth
[INFO] [dead_reckoning-1]: process started with pid [185]
[INFO] [amcl-4]: process started with pid [191]
[INFO] [localization_bootstrap-6]: process started with pid [195]
[INFO] [localization_error-7]: process started with pid [197]
[INFO] [log_localization-8]: process started with pid [199]
[INFO] [static_transform_publisher-2]: process started with pid [187]
[INFO] [map_server-3]: process started with pid [189]
[INFO] [lifecycle_manager-5]: process started with pid [193]
[INFO] [static_transform_publisher-9]: process started with pid [201]
[static_transform_publisher-2] 1789657057.633077 [0] static_tra: selected interface "lo" is not multicast-capable: disabling multicast
[lifecycle_manager-5] 1789657057.639537 [0] lifecycle_: selected interface "lo" is not multicast-capable: disabling multicast
[amcl-4] 1789657057.641545 [0]       amcl: selected interface "lo" is not multicast-capable: disabling multicast
[static_transform_publisher-9] 1789657057.641550 [0] static_tra: selected interface "lo" is not multicast-capable: disabling multicast
[static_transform_publisher-2] [INFO] [1789657057.641755936] [lidar_tf]: Spinning until stopped - publishing transform
[static_transform_publisher-2] translation: ('0.273300', '0.000000', '0.096000')
[static_transform_publisher-2] rotation: ('0.000000', '0.000000', '0.000000', '1.000000')
[static_transform_publisher-2] from 'roboracer_1' to 'lidar'
[map_server-3] 1789657057.650180 [0] map_server: selected interface "lo" is not multicast-capable: disabling multicast
[static_transform_publisher-9] [INFO] [1789657057.652160582] [map_world_tf]: Spinning until stopped - publishing transform
[static_transform_publisher-9] translation: ('0.000000', '0.000000', '0.000000')
[static_transform_publisher-9] rotation: ('0.000000', '0.000000', '0.000000', '1.000000')
[static_transform_publisher-9] from 'map' to 'world'
[lifecycle_manager-5] [INFO] [1789657057.653622461] [lifecycle_manager_localization]: Creating
[amcl-4] [0m[INFO] [1789657057.656921771] [amcl]: 
[amcl-4] 	amcl lifecycle node launched. 
[amcl-4] 	Waiting on external lifecycle transitions to activate
[amcl-4] 	See https://design.ros2.org/articles/node_lifecycle.html for more information.[0m
[amcl-4] [0m[INFO] [1789657057.658331303] [amcl]: Creating[0m
[lifecycle_manager-5] [INFO] [1789657057.661684954] [lifecycle_manager_localization]: [34m[1mCreating and initializing lifecycle service clients[0m[0m
[map_server-3] [INFO] [1789657057.663762032] [map_server]: 
[map_server-3] 	map_server lifecycle node launched. 
[map_server-3] 	Waiting on external lifecycle transitions to activate
[map_server-3] 	See https://design.ros2.org/articles/node_lifecycle.html for more information.
[map_server-3] [INFO] [1789657057.663928583] [map_server]: Creating
[lifecycle_manager-5] [INFO] [1789657057.671692078] [lifecycle_manager_localization]: [34m[1mStarting managed nodes bringup...[0m[0m
[lifecycle_manager-5] [INFO] [1789657057.671762870] [lifecycle_manager_localization]: [34m[1mConfiguring map_server[0m[0m
[map_server-3] [INFO] [1789657057.672056498] [map_server]: Configuring
[map_server-3] [INFO] [1789657057.672141487] [map_io]: Loading yaml file: /root/Documents/roboracer/devkit_ws/src/racer_mapping/maps/iros2026/track_clean.yaml
[map_server-3] [INFO] [1789657057.672612256] [map_io]: resolution: 0.025
[map_server-3] [INFO] [1789657057.672647842] [map_io]: origin[0]: 0.00427
[map_server-3] [INFO] [1789657057.672657590] [map_io]: origin[1]: -16.8
[map_server-3] [INFO] [1789657057.672666166] [map_io]: origin[2]: 0
[map_server-3] [INFO] [1789657057.672675273] [map_io]: free_thresh: 0.25
[map_server-3] [INFO] [1789657057.672684260] [map_io]: occupied_thresh: 0.65
[map_server-3] [INFO] [1789657057.672694439] [map_io]: mode: trinary
[map_server-3] [INFO] [1789657057.672703736] [map_io]: negate: 0
[map_server-3] [INFO] [1789657057.673154027] [map_io]: Loading image_file: /root/Documents/roboracer/devkit_ws/src/racer_mapping/maps/iros2026/track_clean.pgm
[map_server-3] [INFO] [1789657057.709306184] [map_io]: Read map /root/Documents/roboracer/devkit_ws/src/racer_mapping/maps/iros2026/track_clean.pgm: 241 X 901 map @ 0.025 m/cell
[lifecycle_manager-5] [INFO] [1789657057.714344250] [lifecycle_manager_localization]: [34m[1mConfiguring amcl[0m[0m
[amcl-4] [0m[INFO] [1789657057.714610838] [amcl]: Configuring[0m
[amcl-4] [0m[INFO] [1789657057.714736081] [amcl]: initTransforms[0m
[amcl-4] [0m[INFO] [1789657057.725894054] [amcl]: initPubSub[0m
[amcl-4] [0m[INFO] [1789657057.728888053] [amcl]: Subscribed to map topic.[0m
[lifecycle_manager-5] [INFO] [1789657057.735685144] [lifecycle_manager_localization]: [34m[1mActivating map_server[0m[0m
[map_server-3] [INFO] [1789657057.736952119] [map_server]: Activating
[map_server-3] [INFO] [1789657057.737979227] [map_server]: Creating bond (map_server) to lifecycle manager.
[amcl-4] [0m[INFO] [1789657057.740786718] [amcl]: Received a 241 X 901 map @ 0.025 m/pix[0m
[lifecycle_manager-5] [INFO] [1789657057.844490876] [lifecycle_manager_localization]: Server map_server connected with bond.
[lifecycle_manager-5] [INFO] [1789657057.844580493] [lifecycle_manager_localization]: [34m[1mActivating amcl[0m[0m
[amcl-4] [0m[INFO] [1789657057.845001590] [amcl]: Activating[0m
[amcl-4] [0m[INFO] [1789657057.845099943] [amcl]: initialPoseReceived[0m
[amcl-4] [0m[INFO] [1789657057.845291932] [amcl]: Setting pose (1789657057.845292): 0.818 3.158 -1.571[0m
[amcl-4] [0m[INFO] [1789657057.848070650] [amcl]: Creating bond (amcl) to lifecycle manager.[0m
[lifecycle_manager-5] [INFO] [1789657057.952123468] [lifecycle_manager_localization]: Server amcl connected with bond.
[lifecycle_manager-5] [INFO] [1789657057.952271555] [lifecycle_manager_localization]: [34m[1mManaged nodes are active[0m[0m
[lifecycle_manager-5] [INFO] [1789657057.952305117] [lifecycle_manager_localization]: [34m[1mCreating bond timer...[0m[0m
[amcl-4] [0m[INFO] [1789657058.024896267] [amcl]: Message Filter dropping message: frame 'lidar' at time 1789657057.727 for reason 'discarding message because the queue is full'[0m
[dead_reckoning-1] 1789657058.097594 [0] dead_recko: selected interface "lo" is not multicast-capable: disabling multicast
[localization_error-7] 1789657058.098056 [0] localizati: selected interface "lo" is not multicast-capable: disabling multicast
[localization_bootstrap-6] 1789657058.101108 [0] localizati: selected interface "lo" is not multicast-capable: disabling multicast
[log_localization-8] 1789657058.182344 [0] log_locali: selected interface "lo" is not multicast-capable: disabling multicast
[localization_error-7] [31m[ERROR] [1789657058.202492482] [localization_error]: RESTRICTED TOPIC: reading /autodrive/roboracer_1/odom (simulator ground-truth pose and twist) -- continuous comparison against TF map -> roboracer_1. This run is NOT race-legal; any lap time from it is a development number. See racer_common/restricted.py.[0m
[dead_reckoning-1] [0m[INFO] [1789657058.203122689] [dead_reckoning]: dead reckoning: odom -> roboracer_1, wheel r=0.0581 m, scale=1.0, 200 Hz, tf +20 ms, extrapolate yaw=True pos=True[0m
[localization_error-7] [0m[INFO] [1789657058.203840699] [localization_error]: sampling starts 1.0 s after /localization_ready; bootstrap is excluded (require_ready:=false to include it)[0m
[localization_error-7] [0m[INFO] [1789657058.205616414] [localization_error]: waiting for TF map -> roboracer_1: "map" passed to lookupTransform argument target_frame does not exist. [0m
[localization_bootstrap-6] [0m[INFO] [1789657058.232679121] [localization_bootstrap]: centreline runs against the lap; arc length reversed for checkpoint ordering[0m
[localization_bootstrap-6] [0m[INFO] [1789657058.247838825] [localization_bootstrap]: WARMUP SEED: reading /autodrive/roboracer_1/ips (simulator ground-truth position) ONCE -- initial pose seed. Legal: the first lap is warmup, this is read before the car moves, and it is released immediately after. Nothing reads ground truth afterwards.[0m
[localization_bootstrap-6] [0m[INFO] [1789657058.248721893] [localization_bootstrap]: mode=truth: seeding the initial pose from /ips + /imu before the car moves, then releasing /ips. Tracking is lidar + map + dead reckoning from there on.[0m
[localization_bootstrap-6] [0m[INFO] [1789657058.249567272] [localization_bootstrap]: waiting for amcl to reach the active state before sending anything[0m
[amcl-4] [0m[INFO] [1789657058.265173318] [amcl]: createLaserObject[0m
[localization_bootstrap-6] [0m[INFO] [1789657058.301936376] [localization_bootstrap]: amcl is ACTIVE -- an initial pose will now be accepted[0m
[log_localization-8] [31m[ERROR] [1789657058.333764269] [log_localization]: RESTRICTED TOPIC: reading /autodrive/roboracer_1/ips (simulator ground-truth position) -- continuous logging against the estimate. This run is NOT race-legal; any lap time from it is a development number. See racer_common/restricted.py.[0m
[log_localization-8] [31m[ERROR] [1789657058.334801596] [log_localization]: RESTRICTED TOPIC: reading /autodrive/roboracer_1/odom (simulator ground-truth pose and twist) -- continuous logging against the estimate. This run is NOT race-legal; any lap time from it is a development number. See racer_common/restricted.py.[0m
[log_localization-8] [0m[INFO] [1789657058.336099990] [log_localization]: logging to /root/Documents/roboracer/experiments/iros2026/T04_h70b_ctrlhz45_50laps/run.csv at 20 Hz until Ctrl-C[0m
[localization_bootstrap-6] [0m[INFO] [1789657058.351522594] [localization_bootstrap]: seed 1/5: x=+0.800 y=+3.158 yaw=-90.0 deg -- awaiting confirmation[0m
[localization_bootstrap-6] [0m[INFO] [1789657058.352550193] [localization_bootstrap]: MEASURED SPAWN x=+0.800 y=+3.158 yaw=-90.0 deg -- within 2 cm of racer_common.frames.SPAWN_*, so the fallback is sound too. Nothing to change.[0m
[log_localization-8] [0m[INFO] [1789657058.386719928] [log_localization]: waiting for TF map -> roboracer_1 ...[0m
[amcl-4] [0m[INFO] [1789657058.460742630] [amcl]: initialPoseReceived[0m
[amcl-4] [0m[INFO] [1789657058.460889845] [amcl]: Setting pose (1789657058.460889): 0.800 3.158 -1.571[0m
[amcl-4] [0m[INFO] [1789657058.467945528] [amcl]: Requesting no-motion update[0m
[amcl-4] [0m[INFO] [1789657058.800818809] [amcl]: Requesting no-motion update[0m
[amcl-4] [0m[INFO] [1789657059.250434009] [amcl]: Requesting no-motion update[0m
[pure_pursuit] launch overrides: {'v_max': 8.5, 'warmup_v_max': 4.0, 'warmup_dist_m': 19.0, 'target_lead_s': 0.0, 'slip_circle': 0.12, 'accel_ff': 1.0, 'control_hz': 45.0}
[INFO] [pure_pursuit-10]: process started with pid [348]
[amcl-4] [0m[INFO] [1789657059.650489129] [amcl]: Requesting no-motion update[0m
[pure_pursuit-10] 1789657059.986863 [0] pure_pursu: selected interface "lo" is not multicast-capable: disabling multicast
[amcl-4] [0m[INFO] [1789657060.100460394] [amcl]: Requesting no-motion update[0m
[pure_pursuit-10] [0m[INFO] [1789657060.101073569] [pure_pursuit]: path: 435 points, 43.41 m lap, from /root/Documents/roboracer/raceline/iros2026/raceline_tum_iqp_h7.0_a7.0b.csv[0m
[pure_pursuit-10] [0m[INFO] [1789657060.107815446] [pure_pursuit]: pose from TF map -> roboracer_1 (continuous); /amcl_pose kept as a fallback[0m
[pure_pursuit-10] [0m[INFO] [1789657060.109757282] [pure_pursuit]: steering on /amcl_pose[0m
[pure_pursuit-10] [0m[INFO] [1789657060.110797474] [pure_pursuit]: warmup cap: speed target held at 4.00 m/s for the first 19.0 m of driving, then released[0m
[pure_pursuit-10] [0m[INFO] [1789657060.115821364] [pure_pursuit]: speed_source=tire  throttle_mode=slip  slip band [-0.08, +0.08]  u_launch 0.4 m/s  lookahead 0.8-2.2 m (k 0.55)  latency_comp 0.05 s[0m
[pure_pursuit-10] [0m[INFO] [1789657060.116468762] [pure_pursuit]: slip band: circle 0.12 x sqrt(1 - (a_lat/7)^2), replacing the fixed band above  |  plan-acceleration feedforward ON[0m
[pure_pursuit-10] [33m[WARN] [1789657060.117184849] [pure_pursuit]: dev_lap_telemetry ON: subscribing to RESTRICTED lap topics[0m
[pure_pursuit-10] [0m[INFO] [1789657060.120014382] [pure_pursuit]: holding until /localization_ready[0m
[pure_pursuit-10] [0m[INFO] [1789657060.138482783] [pure_pursuit]: lap 0: inf s[0m
[localization_bootstrap-6] [0m[INFO] [1789657060.251888954] [localization_bootstrap]: seed 1/5 sent, awaiting a fresh /amcl_pose to confirm it[0m
[localization_bootstrap-6] [0m[INFO] [1789657060.403787933] [localization_bootstrap]: localization_bootstrap: released /autodrive/roboracer_1/ips -- no restricted topic is read from here on; the timed laps are clean.[0m
[pure_pursuit-10] [0m[INFO] [1789657060.405098920] [pure_pursuit]: localization converged, taking over[0m
[localization_bootstrap-6] [0m[INFO] [1789657060.406088197] [localization_bootstrap]: seed CONFIRMED on attempt 1: the estimate is 0.9 cm / 0.2 deg from truth (pos std 0.050 m). Tracking is now lidar + map + dead reckoning only.[0m
[localization_error-7] [0m[INFO] [1789657060.407477581] [localization_error]: /localization_ready latched -- sampling opens in 1.0 s (34 bootstrap samples discarded)[0m
[localization_bootstrap-6] [0m[INFO] [1789657060.407976683] [localization_bootstrap]: /localization_ready = true, follower may take over[0m
[localization_bootstrap-6] [0m[INFO] [1789657060.409802893] [localization_bootstrap]: recovery armed: watching encoders + IMU for a reset; 15 checkpoint(s) known for this track[0m
[localization_error-7] [0m[INFO] [1789657063.156748893] [localization_error]: now[ 35] 0.832 m / 0.29 deg  |  session[n=35] mean 0.832 p95 0.919 max 0.956 m, heading mean 0.29 max 0.69 deg[0m
[log_localization-8] [0m[INFO] [1789657063.438917888] [log_localization]:    5.0 s    10.3 m  err 0.794 m (along +0.793 cross +0.029) yaw  +0.28 deg  m->o yaw  +0.27 deg | fit true 0.012 est 0.013 (x1.12)  enc/true 1.072  dr_err 0.74 m[0m
[localization_bootstrap-6] [33m[WARN] [1789657065.519536633] [localization_bootstrap]: RESET detected: heading stepped +17 deg in one tick[0m
[localization_bootstrap-6] [33m[WARN] [1789657065.552703827] [localization_bootstrap]: recovery #1: follower held; prior (+0.72, -15.57, -35 deg) -- checkpoint -0.9 m behind the last pose along the track[0m
[pure_pursuit-10] [33m[WARN] [1789657065.552887770] [pure_pursuit]: localization lost after a reset: holding until it is re-confirmed[0m
[amcl-4] [0m[INFO] [1789657065.600278209] [amcl]: initialPoseReceived[0m
[amcl-4] [0m[INFO] [1789657065.600385490] [amcl]: Setting pose (1789657065.600385): 0.721 -15.577 -0.596[0m
[localization_bootstrap-6] [0m[INFO] [1789657065.600886415] [localization_bootstrap]: seed 1/3: x=+0.718 y=-15.575 yaw=-34.1 deg -- awaiting confirmation[0m
[localization_bootstrap-6] [33m[WARN] [1789657065.601786295] [localization_bootstrap]: MEASURED SPAWN is 18.733 m / 55.9 deg from racer_common.frames.SPAWN_* -- OUTSIDE slam_toolbox's +-0.5 m seed search, so any run that falls back to it CANNOT recover and the offset is frozen for the whole run. This run is seeded and therefore fine; the FALLBACK is what is wrong.
[localization_bootstrap-6]     Paste into racer_common/frames.py so bootstrap:=false and bootstrap_mode:=global start somewhere real:
[localization_bootstrap-6]         SPAWN_X = '0.718'
[localization_bootstrap-6]         SPAWN_Y = '-15.575'
[localization_bootstrap-6]         SPAWN_YAW = '-0.5958'[0m
[amcl-4] [0m[INFO] [1789657065.650717891] [amcl]: Requesting no-motion update[0m
[amcl-4] [0m[INFO] [1789657066.100436935] [amcl]: Requesting no-motion update[0m
[localization_bootstrap-6] [0m[INFO] [1789657066.250617305] [localization_bootstrap]: recovery #1: seed, attempt 1[0m
[amcl-4] [0m[INFO] [1789657066.500598244] [amcl]: Requesting no-motion update[0m
[localization_bootstrap-6] [0m[INFO] [1789657066.652004302] [localization_bootstrap]: recovery: seed CONFIRMED on attempt 1: the estimate is 1.8 cm / 0.0 deg from truth (pos std 0.091 m). Tracking is now lidar + map + dead reckoning only.[0m
[localization_bootstrap-6] [0m[INFO] [1789657066.653689138] [localization_bootstrap]: CHECKPOINT CANDIDATE (converged after reset): ('0.736', '-15.574', '-0.596')[0m
[pure_pursuit-10] [0m[INFO] [1789657067.701634732] [pure_pursuit]: localization converged, taking over[0m
[localization_bootstrap-6] [0m[INFO] [1789657067.702011976] [localization_bootstrap]: recovery #1 complete in 2.2 s; follower resumes[0m
[localization_bootstrap-6] [33m[WARN] [1789657068.036363236] [localization_bootstrap]: RESET detected: heading stepped +15 deg in one tick[0m
[localization_bootstrap-6] [33m[WARN] [1789657068.051601797] [localization_bootstrap]: recovery #2: follower held; prior (+1.71, -15.77, -35 deg) -- checkpoint -0.3 m behind the last pose along the track[0m
[pure_pursuit-10] [33m[WARN] [1789657068.053163964] [pure_pursuit]: localization lost after a reset: holding until it is re-confirmed[0m
[amcl-4] [0m[INFO] [1789657068.100529536] [amcl]: initialPoseReceived[0m
[amcl-4] [0m[INFO] [1789657068.100607582] [amcl]: Setting pose (1789657068.100608): 1.714 -15.770 -0.589[0m
[localization_bootstrap-6] [0m[INFO] [1789657068.101959957] [localization_bootstrap]: seed 1/3: x=+1.713 y=-15.770 yaw=-33.7 deg -- awaiting confirmation[0m
[localization_bootstrap-6] [33m[WARN] [1789657068.103960011] [localization_bootstrap]: MEASURED SPAWN is 18.949 m / 56.2 deg from racer_common.frames.SPAWN_* -- OUTSIDE slam_toolbox's +-0.5 m seed search, so any run that falls back to it CANNOT recover and the offset is frozen for the whole run. This run is seeded and therefore fine; the FALLBACK is what is wrong.
[localization_bootstrap-6]     Paste into racer_common/frames.py so bootstrap:=false and bootstrap_mode:=global start somewhere real:
[localization_bootstrap-6]         SPAWN_X = '1.713'
[localization_bootstrap-6]         SPAWN_Y = '-15.770'
[localization_bootstrap-6]         SPAWN_YAW = '-0.5890'[0m
[amcl-4] [0m[INFO] [1789657068.150426555] [amcl]: Requesting no-motion update[0m
[localization_error-7] [0m[INFO] [1789657068.156624657] [localization_error]: now[135] 0.663 m / 0.95 deg  |  session[n=135] mean 0.663 p95 1.007 max 1.142 m, heading mean 0.95 max 6.88 deg[0m
[localization_bootstrap-6] [0m[INFO] [1789657068.250960073] [localization_bootstrap]: recovery #2: seed, attempt 1[0m
[log_localization-8] [0m[INFO] [1789657068.438754499] [log_localization]:    9.9 s    21.0 m  err 0.967 m (along +0.839 cross +0.481) yaw  -0.33 deg  m->o yaw  -0.33 deg | fit true 0.006 est 0.630 (x111.97)  enc/true 0.963  dr_err 1.74 m[0m
[amcl-4] [0m[INFO] [1789657068.600709882] [amcl]: Requesting no-motion update[0m
[amcl-4] [0m[INFO] [1789657069.050320805] [amcl]: Requesting no-motion update[0m
[localization_bootstrap-6] [0m[INFO] [1789657069.150972483] [localization_bootstrap]: recovery: seed CONFIRMED on attempt 1: the estimate is 19.8 cm / 0.5 deg from truth (pos std 0.144 m). Tracking is now lidar + map + dead reckoning only.[0m
[localization_bootstrap-6] [0m[INFO] [1789657069.151874828] [localization_bootstrap]: CHECKPOINT CANDIDATE (converged after reset): ('1.649', '-15.583', '-0.581')[0m
[localization_bootstrap-6] [0m[INFO] [1789657070.201213303] [localization_bootstrap]: recovery #2 complete in 2.1 s; follower resumes[0m
[pure_pursuit-10] [0m[INFO] [1789657070.201561794] [pure_pursuit]: localization converged, taking over[0m
[localization_bootstrap-6] [33m[WARN] [1789657070.573204878] [localization_bootstrap]: RESET detected: heading stepped +20 deg in one tick[0m
[localization_bootstrap-6] [33m[WARN] [1789657070.601585115] [localization_bootstrap]: recovery #3: follower held; prior (+1.71, -15.77, -35 deg) -- checkpoint 0.1 m behind the last pose along the track[0m
[pure_pursuit-10] [33m[WARN] [1789657070.601700931] [pure_pursuit]: localization lost after a reset: holding until it is re-confirmed[0m
[amcl-4] [0m[INFO] [1789657070.651098287] [amcl]: initialPoseReceived[0m
[amcl-4] [0m[INFO] [1789657070.651180380] [amcl]: Setting pose (1789657070.651180): 1.712 -15.769 -0.588[0m
[localization_bootstrap-6] [0m[INFO] [1789657070.652091321] [localization_bootstrap]: seed 1/3: x=+1.713 y=-15.770 yaw=-33.7 deg -- awaiting confirmation[0m
[localization_bootstrap-6] [33m[WARN] [1789657070.653315456] [localization_bootstrap]: MEASURED SPAWN is 18.949 m / 56.3 deg from racer_common.frames.SPAWN_* -- OUTSIDE slam_toolbox's +-0.5 m seed search, so any run that falls back to it CANNOT recover and the offset is frozen for the whole run. This run is seeded and therefore fine; the FALLBACK is what is wrong.
[localization_bootstrap-6]     Paste into racer_common/frames.py so bootstrap:=false and bootstrap_mode:=global start somewhere real:
[localization_bootstrap-6]         SPAWN_X = '1.713'
[localization_bootstrap-6]         SPAWN_Y = '-15.770'
[localization_bootstrap-6]         SPAWN_YAW = '-0.5874'[0m
[amcl-4] [0m[INFO] [1789657070.700162501] [amcl]: Requesting no-motion update[0m
[amcl-4] [0m[INFO] [1789657071.100402506] [amcl]: Requesting no-motion update[0m
[amcl-4] [0m[INFO] [1789657071.550509645] [amcl]: Requesting no-motion update[0m
[localization_bootstrap-6] [0m[INFO] [1789657071.702799443] [localization_bootstrap]: recovery: seed CONFIRMED on attempt 1: the estimate is 17.5 cm / 0.6 deg from truth (pos std 0.147 m). Tracking is now lidar + map + dead reckoning only.[0m
[localization_bootstrap-6] [0m[INFO] [1789657071.704472306] [localization_bootstrap]: CHECKPOINT CANDIDATE (converged after reset): ('1.653', '-15.606', '-0.578')[0m
[localization_bootstrap-6] [0m[INFO] [1789657072.252218018] [localization_bootstrap]: recovery #3: creep, attempt 1[0m
[pure_pursuit-10] [0m[INFO] [1789657072.751260840] [pure_pursuit]: localization converged, taking over[0m
[localization_bootstrap-6] [0m[INFO] [1789657072.751778657] [localization_bootstrap]: recovery #3 complete in 2.2 s; follower resumes[0m
[localization_bootstrap-6] [33m[WARN] [1789657073.112405474] [localization_bootstrap]: RESET detected: heading stepped +20 deg in one tick[0m
[localization_bootstrap-6] [33m[WARN] [1789657073.152383183] [localization_bootstrap]: recovery #4: follower held; prior (+1.71, -15.77, -34 deg) -- checkpoint 0.1 m behind the last pose along the track[0m
[pure_pursuit-10] [33m[WARN] [1789657073.152569161] [pure_pursuit]: localization lost after a reset: holding until it is re-confirmed[0m
[localization_error-7] [0m[INFO] [1789657073.156506452] [localization_error]: now[200] 0.881 m / 1.42 deg  |  session[n=235] mean 0.874 p95 1.438 max 1.946 m, heading mean 1.25 max 6.88 deg[0m
[amcl-4] [0m[INFO] [1789657073.200498225] [amcl]: initialPoseReceived[0m
[amcl-4] [0m[INFO] [1789657073.200614693] [amcl]: Setting pose (1789657073.200614): 1.714 -15.771 -0.573[0m
[localization_bootstrap-6] [0m[INFO] [1789657073.201869906] [localization_bootstrap]: seed 1/3: x=+1.713 y=-15.770 yaw=-32.9 deg -- awaiting confirmation[0m
[localization_bootstrap-6] [33m[WARN] [1789657073.203769322] [localization_bootstrap]: MEASURED SPAWN is 18.949 m / 57.1 deg from racer_common.frames.SPAWN_* -- OUTSIDE slam_toolbox's +-0.5 m seed search, so any run that falls back to it CANNOT recover and the offset is frozen for the whole run. This run is seeded and therefore fine; the FALLBACK is what is wrong.
[localization_bootstrap-6]     Paste into racer_common/frames.py so bootstrap:=false and bootstrap_mode:=global start somewhere real:
[localization_bootstrap-6]         SPAWN_X = '1.713'
[localization_bootstrap-6]         SPAWN_Y = '-15.770'
[localization_bootstrap-6]         SPAWN_YAW = '-0.5734'[0m
[amcl-4] [0m[INFO] [1789657073.250395084] [amcl]: Requesting no-motion update[0m
[log_localization-8] [0m[INFO] [1789657073.436691382] [log_localization]:   14.9 s    25.3 m  err 0.935 m (along +0.800 cross +0.484) yaw  -0.76 deg  m->o yaw  -0.76 deg | fit true 0.005 est 0.470 (x88.35)  enc/true 0.913  dr_err 4.46 m[0m
[amcl-4] [0m[INFO] [1789657073.651470559] [amcl]: Requesting no-motion update[0m
[amcl-4] [0m[INFO] [1789657074.100384410] [amcl]: Requesting no-motion update[0m
[localization_bootstrap-6] [0m[INFO] [1789657074.251883822] [localization_bootstrap]: recovery: seed CONFIRMED on attempt 1: the estimate is 16.9 cm / 0.2 deg from truth (pos std 0.170 m). Tracking is now lidar + map + dead reckoning only.[0m
[localization_bootstrap-6] [0m[INFO] [1789657074.253516561] [localization_bootstrap]: CHECKPOINT CANDIDATE (converged after reset): ('1.655', '-15.611', '-0.569')[0m
[localization_bootstrap-6] [0m[INFO] [1789657074.255604960] [localization_bootstrap]: recovery #4: creep, attempt 1[0m
[localization_bootstrap-6] [0m[INFO] [1789657075.300853589] [localization_bootstrap]: recovery #4 complete in 2.1 s; follower resumes[0m
[pure_pursuit-10] [0m[INFO] [1789657075.301669913] [pure_pursuit]: localization converged, taking over[0m
[localization_bootstrap-6] [33m[WARN] [1789657075.591027259] [localization_bootstrap]: RESET detected: heading stepped +20 deg in one tick[0m
[localization_bootstrap-6] [33m[WARN] [1789657075.601604406] [localization_bootstrap]: recovery #5: follower held; prior (+1.71, -15.77, -35 deg) -- checkpoint 0.1 m behind the last pose along the track[0m
[pure_pursuit-10] [33m[WARN] [1789657075.601632509] [pure_pursuit]: localization lost after a reset: holding until it is re-confirmed[0m
[amcl-4] [0m[INFO] [1789657075.650408174] [amcl]: initialPoseReceived[0m
[amcl-4] [0m[INFO] [1789657075.650504704] [amcl]: Setting pose (1789657075.650505): 1.714 -15.770 -0.604[0m
[localization_bootstrap-6] [0m[INFO] [1789657075.651339252] [localization_bootstrap]: seed 1/3: x=+1.713 y=-15.770 yaw=-34.6 deg -- awaiting confirmation[0m
[localization_bootstrap-6] [0m[INFO] [1789657075.652349999] [localization_bootstrap]: not reporting a spawn constant: the car is moving at 1.2 m/s, so this pose is not the spawn[0m
[amcl-4] [0m[INFO] [1789657075.700137990] [amcl]: Requesting no-motion update[0m
[amcl-4] [0m[INFO] [1789657076.100653741] [amcl]: Requesting no-motion update[0m
[localization_bootstrap-6] [0m[INFO] [1789657076.251653921] [localization_bootstrap]: recovery #5: seed, attempt 1[0m
[amcl-4] [0m[INFO] [1789657076.550251418] [amcl]: Requesting no-motion update[0m
[localization_bootstrap-6] [0m[INFO] [1789657076.700980152] [localization_bootstrap]: recovery: seed CONFIRMED on attempt 1: the estimate is 20.5 cm / 0.0 deg from truth (pos std 0.151 m). Tracking is now lidar + map + dead reckoning only.[0m
[localization_bootstrap-6] [0m[INFO] [1789657076.701834226] [localization_bootstrap]: CHECKPOINT CANDIDATE (converged after reset): ('1.656', '-15.574', '-0.604')[0m
[pure_pursuit-10] [0m[INFO] [1789657077.701470687] [pure_pursuit]: localization converged, taking over[0m
[localization_bootstrap-6] [0m[INFO] [1789657077.701580372] [localization_bootstrap]: recovery #5 complete in 2.1 s; follower resumes[0m
[localization_bootstrap-6] [33m[WARN] [1789657078.014985575] [localization_bootstrap]: RESET detected: heading stepped +21 deg in one tick[0m
[pure_pursuit-10] [0m[INFO] [1789657078.039835240] [pure_pursuit]: warmup cap released after 19.0 m; v_max back to 8.50 m/s[0m
[pure_pursuit-10] [33m[WARN] [1789657078.052816346] [pure_pursuit]: localization lost after a reset: holding until it is re-confirmed[0m
[localization_bootstrap-6] [33m[WARN] [1789657078.053155349] [localization_bootstrap]: recovery #6: follower held; prior (+1.71, -15.77, -35 deg) -- checkpoint 0.1 m behind the last pose along the track[0m
[amcl-4] [0m[INFO] [1789657078.100266837] [amcl]: initialPoseReceived[0m
[amcl-4] [0m[INFO] [1789657078.100375941] [amcl]: Setting pose (1789657078.100376): 1.713 -15.770 -0.587[0m
[localization_bootstrap-6] [0m[INFO] [1789657078.101104511] [localization_bootstrap]: seed 1/3: x=+1.713 y=-15.770 yaw=-33.6 deg -- awaiting confirmation[0m
[localization_bootstrap-6] [0m[INFO] [1789657078.101959587] [localization_bootstrap]: not reporting a spawn constant: the car is moving at 1.1 m/s, so this pose is not the spawn[0m
[amcl-4] [0m[INFO] [1789657078.151105714] [amcl]: Requesting no-motion update[0m
[localization_error-7] [0m[INFO] [1789657078.156440835] [localization_error]: now[200] 1.188 m / 1.77 deg  |  session[n=335] mean 0.977 p95 1.821 max 1.950 m, heading mean 1.44 max 6.88 deg[0m
[localization_bootstrap-6] [0m[INFO] [1789657078.251709623] [localization_bootstrap]: recovery #6: seed, attempt 1[0m
[log_localization-8] [0m[INFO] [1789657078.438553995] [log_localization]:   19.9 s    29.4 m  err 0.881 m (along +0.753 cross +0.458) yaw  -0.28 deg  m->o yaw  -0.28 deg | fit true 0.005 est 0.450 (x82.69)  enc/true 0.879  dr_err 7.18 m[0m
[amcl-4] [0m[INFO] [1789657078.600128288] [amcl]: Requesting no-motion update[0m
[amcl-4] [0m[INFO] [1789657079.000460916] [amcl]: Requesting no-motion update[0m
[localization_bootstrap-6] [0m[INFO] [1789657079.150842552] [localization_bootstrap]: recovery: seed CONFIRMED on attempt 1: the estimate is 21.1 cm / 0.1 deg from truth (pos std 0.158 m). Tracking is now lidar + map + dead reckoning only.[0m
[localization_bootstrap-6] [0m[INFO] [1789657079.151724639] [localization_bootstrap]: CHECKPOINT CANDIDATE (converged after reset): ('1.603', '-15.590', '-0.583')[0m
[pure_pursuit-10] [0m[INFO] [1789657080.151614813] [pure_pursuit]: localization converged, taking over[0m
[localization_bootstrap-6] [0m[INFO] [1789657080.151909804] [localization_bootstrap]: recovery #6 complete in 2.1 s; follower resumes[0m
[localization_bootstrap-6] [33m[WARN] [1789657080.480073051] [localization_bootstrap]: RESET detected: heading stepped +21 deg in one tick[0m
[localization_bootstrap-6] [33m[WARN] [1789657080.500989422] [localization_bootstrap]: recovery #7: follower held; prior (+1.71, -15.77, -35 deg) -- checkpoint 0.0 m behind the last pose along the track[0m
[pure_pursuit-10] [33m[WARN] [1789657080.501094318] [pure_pursuit]: localization lost after a reset: holding until it is re-confirmed[0m
[amcl-4] [0m[INFO] [1789657080.550513384] [amcl]: initialPoseReceived[0m
[amcl-4] [0m[INFO] [1789657080.550604634] [amcl]: Setting pose (1789657080.550604): 1.713 -15.770 -0.595[0m
[localization_bootstrap-6] [0m[INFO] [1789657080.551733071] [localization_bootstrap]: seed 1/3: x=+1.713 y=-15.770 yaw=-34.1 deg -- awaiting confirmation[0m
[localization_bootstrap-6] [0m[INFO] [1789657080.553027658] [localization_bootstrap]: not reporting a spawn constant: the car is moving at 0.8 m/s, so this pose is not the spawn[0m
[amcl-4] [0m[INFO] [1789657080.600295488] [amcl]: Requesting no-motion update[0m
[amcl-4] [0m[INFO] [1789657081.000615633] [amcl]: Requesting no-motion update[0m
[amcl-4] [0m[INFO] [1789657081.400747467] [amcl]: Requesting no-motion update[0m
[localization_bootstrap-6] [0m[INFO] [1789657081.552825159] [localization_bootstrap]: recovery: seed CONFIRMED on attempt 1: the estimate is 19.0 cm / 0.1 deg from truth (pos std 0.167 m). Tracking is now lidar + map + dead reckoning only.[0m
[localization_bootstrap-6] [0m[INFO] [1789657081.554792101] [localization_bootstrap]: CHECKPOINT CANDIDATE (converged after reset): ('1.653', '-15.589', '-0.596')[0m
[localization_bootstrap-6] [0m[INFO] [1789657082.252068069] [localization_bootstrap]: recovery #7: creep, attempt 1[0m
[localization_bootstrap-6] [0m[INFO] [1789657082.601022333] [localization_bootstrap]: recovery #7 complete in 2.1 s; follower resumes[0m
[pure_pursuit-10] [0m[INFO] [1789657082.602153605] [pure_pursuit]: localization converged, taking over[0m
[localization_bootstrap-6] [33m[WARN] [1789657082.965439738] [localization_bootstrap]: RESET detected: heading stepped +17 deg in one tick[0m
[localization_bootstrap-6] [33m[WARN] [1789657083.001473694] [localization_bootstrap]: recovery #8: follower held; prior (+1.71, -15.77, -35 deg) -- checkpoint 0.1 m behind the last pose along the track[0m
[pure_pursuit-10] [33m[WARN] [1789657083.002728937] [pure_pursuit]: localization lost after a reset: holding until it is re-confirmed[0m
