[INFO] [launch]: All log files can be found below /root/.ros/log/2026-09-17-15-05-39-147096-adil-laptop-159
[INFO] [launch]: Default logging verbosity is set to INFO
[INFO] [launch.user]: [race] mode=dev  localizer=amcl  instruments=ON  bootstrap=truth
[INFO] [dead_reckoning-1]: process started with pid [185]
[INFO] [amcl-4]: process started with pid [191]
[INFO] [localization_bootstrap-6]: process started with pid [195]
[INFO] [localization_error-7]: process started with pid [197]
[INFO] [log_localization-8]: process started with pid [199]
[INFO] [static_transform_publisher-2]: process started with pid [187]
[INFO] [map_server-3]: process started with pid [189]
[INFO] [lifecycle_manager-5]: process started with pid [193]
[INFO] [static_transform_publisher-9]: process started with pid [201]
[static_transform_publisher-2] 1789657539.260098 [0] static_tra: selected interface "lo" is not multicast-capable: disabling multicast
[static_transform_publisher-9] 1789657539.269415 [0] static_tra: selected interface "lo" is not multicast-capable: disabling multicast
[lifecycle_manager-5] 1789657539.269926 [0] lifecycle_: selected interface "lo" is not multicast-capable: disabling multicast
[static_transform_publisher-2] [INFO] [1789657539.270576506] [lidar_tf]: Spinning until stopped - publishing transform
[static_transform_publisher-2] translation: ('0.273300', '0.000000', '0.096000')
[static_transform_publisher-2] rotation: ('0.000000', '0.000000', '0.000000', '1.000000')
[static_transform_publisher-2] from 'roboracer_1' to 'lidar'
[amcl-4] 1789657539.273010 [0]       amcl: selected interface "lo" is not multicast-capable: disabling multicast
[static_transform_publisher-9] [INFO] [1789657539.278962857] [map_world_tf]: Spinning until stopped - publishing transform
[static_transform_publisher-9] translation: ('0.000000', '0.000000', '0.000000')
[static_transform_publisher-9] rotation: ('0.000000', '0.000000', '0.000000', '1.000000')
[static_transform_publisher-9] from 'map' to 'world'
[map_server-3] 1789657539.279845 [0] map_server: selected interface "lo" is not multicast-capable: disabling multicast
[lifecycle_manager-5] [INFO] [1789657539.280387646] [lifecycle_manager_localization]: Creating
[lifecycle_manager-5] [INFO] [1789657539.283623676] [lifecycle_manager_localization]: [34m[1mCreating and initializing lifecycle service clients[0m[0m
[amcl-4] [0m[INFO] [1789657539.292652597] [amcl]: 
[amcl-4] 	amcl lifecycle node launched. 
[amcl-4] 	Waiting on external lifecycle transitions to activate
[amcl-4] 	See https://design.ros2.org/articles/node_lifecycle.html for more information.[0m
[amcl-4] [0m[INFO] [1789657539.293876611] [amcl]: Creating[0m
[map_server-3] [INFO] [1789657539.294216495] [map_server]: 
[map_server-3] 	map_server lifecycle node launched. 
[map_server-3] 	Waiting on external lifecycle transitions to activate
[map_server-3] 	See https://design.ros2.org/articles/node_lifecycle.html for more information.
[map_server-3] [INFO] [1789657539.294394027] [map_server]: Creating
[lifecycle_manager-5] [INFO] [1789657539.297468645] [lifecycle_manager_localization]: [34m[1mStarting managed nodes bringup...[0m[0m
[lifecycle_manager-5] [INFO] [1789657539.297547792] [lifecycle_manager_localization]: [34m[1mConfiguring map_server[0m[0m
[map_server-3] [INFO] [1789657539.309457630] [map_server]: Configuring
[map_server-3] [INFO] [1789657539.309537168] [map_io]: Loading yaml file: /root/Documents/roboracer/devkit_ws/src/racer_mapping/maps/iros2026/track_clean.yaml
[map_server-3] [INFO] [1789657539.309826839] [map_io]: resolution: 0.025
[map_server-3] [INFO] [1789657539.309837929] [map_io]: origin[0]: 0.00427
[map_server-3] [INFO] [1789657539.309844892] [map_io]: origin[1]: -16.8
[map_server-3] [INFO] [1789657539.309850904] [map_io]: origin[2]: 0
[map_server-3] [INFO] [1789657539.309857145] [map_io]: free_thresh: 0.25
[map_server-3] [INFO] [1789657539.309863106] [map_io]: occupied_thresh: 0.65
[map_server-3] [INFO] [1789657539.309869368] [map_io]: mode: trinary
[map_server-3] [INFO] [1789657539.309876061] [map_io]: negate: 0
[map_server-3] [INFO] [1789657539.310179798] [map_io]: Loading image_file: /root/Documents/roboracer/devkit_ws/src/racer_mapping/maps/iros2026/track_clean.pgm
[map_server-3] [INFO] [1789657539.345323977] [map_io]: Read map /root/Documents/roboracer/devkit_ws/src/racer_mapping/maps/iros2026/track_clean.pgm: 241 X 901 map @ 0.025 m/cell
[lifecycle_manager-5] [INFO] [1789657539.355109390] [lifecycle_manager_localization]: [34m[1mConfiguring amcl[0m[0m
[amcl-4] [0m[INFO] [1789657539.355567144] [amcl]: Configuring[0m
[amcl-4] [0m[INFO] [1789657539.355706434] [amcl]: initTransforms[0m
[amcl-4] [0m[INFO] [1789657539.377239301] [amcl]: initPubSub[0m
[amcl-4] [0m[INFO] [1789657539.382393139] [amcl]: Subscribed to map topic.[0m
[lifecycle_manager-5] [INFO] [1789657539.393056110] [lifecycle_manager_localization]: [34m[1mActivating map_server[0m[0m
[map_server-3] [INFO] [1789657539.393296027] [map_server]: Activating
[map_server-3] [INFO] [1789657539.393947113] [map_server]: Creating bond (map_server) to lifecycle manager.
[amcl-4] [0m[INFO] [1789657539.396543759] [amcl]: Received a 241 X 901 map @ 0.025 m/pix[0m
[lifecycle_manager-5] [INFO] [1789657539.497427448] [lifecycle_manager_localization]: Server map_server connected with bond.
[lifecycle_manager-5] [INFO] [1789657539.497501676] [lifecycle_manager_localization]: [34m[1mActivating amcl[0m[0m
[amcl-4] [0m[INFO] [1789657539.497802398] [amcl]: Activating[0m
[amcl-4] [0m[INFO] [1789657539.497861047] [amcl]: initialPoseReceived[0m
[amcl-4] [0m[INFO] [1789657539.497981552] [amcl]: Setting pose (1789657539.497982): 0.818 3.158 -1.571[0m
[amcl-4] [0m[INFO] [1789657539.500499992] [amcl]: Creating bond (amcl) to lifecycle manager.[0m
[lifecycle_manager-5] [INFO] [1789657539.603713620] [lifecycle_manager_localization]: Server amcl connected with bond.
[lifecycle_manager-5] [INFO] [1789657539.603772390] [lifecycle_manager_localization]: [34m[1mManaged nodes are active[0m[0m
[lifecycle_manager-5] [INFO] [1789657539.603790964] [lifecycle_manager_localization]: [34m[1mCreating bond timer...[0m[0m
[localization_bootstrap-6] 1789657539.678200 [0] localizati: selected interface "lo" is not multicast-capable: disabling multicast
[dead_reckoning-1] 1789657539.678650 [0] dead_recko: selected interface "lo" is not multicast-capable: disabling multicast
[localization_error-7] 1789657539.679138 [0] localizati: selected interface "lo" is not multicast-capable: disabling multicast
[log_localization-8] 1789657539.756001 [0] log_locali: selected interface "lo" is not multicast-capable: disabling multicast
[amcl-4] [0m[INFO] [1789657539.768219587] [amcl]: Message Filter dropping message: frame 'lidar' at time 1789657539.399 for reason 'discarding message because the queue is full'[0m
[dead_reckoning-1] [0m[INFO] [1789657539.777311596] [dead_reckoning]: dead reckoning: odom -> roboracer_1, wheel r=0.0581 m, scale=1.0, 200 Hz, tf +20 ms, extrapolate yaw=True pos=True[0m
[localization_error-7] [31m[ERROR] [1789657539.778104496] [localization_error]: RESTRICTED TOPIC: reading /autodrive/roboracer_1/odom (simulator ground-truth pose and twist) -- continuous comparison against TF map -> roboracer_1. This run is NOT race-legal; any lap time from it is a development number. See racer_common/restricted.py.[0m
[localization_error-7] [0m[INFO] [1789657539.779185193] [localization_error]: sampling starts 1.0 s after /localization_ready; bootstrap is excluded (require_ready:=false to include it)[0m
[localization_error-7] [0m[INFO] [1789657539.782456869] [localization_error]: waiting for TF map -> roboracer_1: Could not find a connection between 'map' and 'roboracer_1' because they are not part of the same tree.Tf has two or more unconnected trees.[0m
[localization_bootstrap-6] [0m[INFO] [1789657539.790405794] [localization_bootstrap]: centreline runs against the lap; arc length reversed for checkpoint ordering[0m
[amcl-4] [0m[INFO] [1789657539.806850585] [amcl]: createLaserObject[0m
[localization_bootstrap-6] [0m[INFO] [1789657539.807637513] [localization_bootstrap]: WARMUP SEED: reading /autodrive/roboracer_1/ips (simulator ground-truth position) ONCE -- initial pose seed. Legal: the first lap is warmup, this is read before the car moves, and it is released immediately after. Nothing reads ground truth afterwards.[0m
[localization_bootstrap-6] [0m[INFO] [1789657539.808462553] [localization_bootstrap]: mode=truth: seeding the initial pose from /ips + /imu before the car moves, then releasing /ips. Tracking is lidar + map + dead reckoning from there on.[0m
[localization_bootstrap-6] [0m[INFO] [1789657539.809208175] [localization_bootstrap]: waiting for amcl to reach the active state before sending anything[0m
[localization_bootstrap-6] [0m[INFO] [1789657539.861868565] [localization_bootstrap]: amcl is ACTIVE -- an initial pose will now be accepted[0m
[log_localization-8] [31m[ERROR] [1789657539.901847487] [log_localization]: RESTRICTED TOPIC: reading /autodrive/roboracer_1/ips (simulator ground-truth position) -- continuous logging against the estimate. This run is NOT race-legal; any lap time from it is a development number. See racer_common/restricted.py.[0m
[log_localization-8] [31m[ERROR] [1789657539.902796859] [log_localization]: RESTRICTED TOPIC: reading /autodrive/roboracer_1/odom (simulator ground-truth pose and twist) -- continuous logging against the estimate. This run is NOT race-legal; any lap time from it is a development number. See racer_common/restricted.py.[0m
[log_localization-8] [0m[INFO] [1789657539.903841639] [log_localization]: logging to /root/Documents/roboracer/experiments/iros2026/T07_h70b_hz45_warm30_encwin010/run.csv at 20 Hz until Ctrl-C[0m
[localization_bootstrap-6] [0m[INFO] [1789657539.911059440] [localization_bootstrap]: seed 1/5: x=+0.800 y=+3.158 yaw=-90.0 deg -- awaiting confirmation[0m
[localization_bootstrap-6] [0m[INFO] [1789657539.911862719] [localization_bootstrap]: MEASURED SPAWN x=+0.800 y=+3.158 yaw=-90.0 deg -- within 2 cm of racer_common.frames.SPAWN_*, so the fallback is sound too. Nothing to change.[0m
[log_localization-8] [0m[INFO] [1789657539.954527775] [log_localization]: waiting for TF map -> roboracer_1 ...[0m
[amcl-4] [0m[INFO] [1789657539.985880067] [amcl]: initialPoseReceived[0m
[amcl-4] [0m[INFO] [1789657539.986150502] [amcl]: Setting pose (1789657539.986150): 0.800 3.158 -1.571[0m
[amcl-4] [0m[INFO] [1789657539.990478540] [amcl]: Requesting no-motion update[0m
[amcl-4] [0m[INFO] [1789657540.410098136] [amcl]: Requesting no-motion update[0m
[amcl-4] [0m[INFO] [1789657540.810230944] [amcl]: Requesting no-motion update[0m
[amcl-4] [0m[INFO] [1789657541.211218097] [amcl]: Requesting no-motion update[0m
[pure_pursuit] launch overrides: {'v_max': 8.5, 'warmup_v_max': 3.0, 'warmup_dist_m': 19.5, 'target_lead_s': 0.0, 'slip_circle': 0.12, 'accel_ff': 1.0, 'control_hz': 45.0}
[INFO] [pure_pursuit-10]: process started with pid [348]
[pure_pursuit-10] 1789657541.569649 [0] pure_pursu: selected interface "lo" is not multicast-capable: disabling multicast
[amcl-4] [0m[INFO] [1789657541.659938304] [amcl]: Requesting no-motion update[0m
[pure_pursuit-10] [0m[INFO] [1789657541.676833155] [pure_pursuit]: path: 435 points, 43.41 m lap, from /root/Documents/roboracer/raceline/iros2026/raceline_tum_iqp_h7.0_a7.0b.csv[0m
[pure_pursuit-10] [0m[INFO] [1789657541.683474730] [pure_pursuit]: pose from TF map -> roboracer_1 (continuous); /amcl_pose kept as a fallback[0m
[pure_pursuit-10] [0m[INFO] [1789657541.685633689] [pure_pursuit]: steering on /amcl_pose[0m
[pure_pursuit-10] [0m[INFO] [1789657541.686546633] [pure_pursuit]: warmup cap: speed target held at 3.00 m/s for the first 19.5 m of driving, then released[0m
[pure_pursuit-10] [0m[INFO] [1789657541.690803127] [pure_pursuit]: speed_source=tire  throttle_mode=slip  slip band [-0.08, +0.08]  u_launch 0.4 m/s  lookahead 0.8-2.2 m (k 0.55)  latency_comp 0.05 s[0m
[pure_pursuit-10] [0m[INFO] [1789657541.691549760] [pure_pursuit]: slip band: circle 0.12 x sqrt(1 - (a_lat/7)^2), replacing the fixed band above  |  plan-acceleration feedforward ON[0m
[pure_pursuit-10] [33m[WARN] [1789657541.692392473] [pure_pursuit]: dev_lap_telemetry ON: subscribing to RESTRICTED lap topics[0m
[pure_pursuit-10] [0m[INFO] [1789657541.695276986] [pure_pursuit]: holding until /localization_ready[0m
[pure_pursuit-10] [0m[INFO] [1789657541.728826991] [pure_pursuit]: lap 0: inf s[0m
[localization_bootstrap-6] [0m[INFO] [1789657541.811672535] [localization_bootstrap]: seed 1/5 sent, awaiting a fresh /amcl_pose to confirm it[0m
[localization_bootstrap-6] [0m[INFO] [1789657541.962114385] [localization_bootstrap]: localization_bootstrap: released /autodrive/roboracer_1/ips -- no restricted topic is read from here on; the timed laps are clean.[0m
[pure_pursuit-10] [0m[INFO] [1789657541.963354239] [pure_pursuit]: localization converged, taking over[0m
[localization_bootstrap-6] [0m[INFO] [1789657541.963643709] [localization_bootstrap]: seed CONFIRMED on attempt 1: the estimate is 0.5 cm / 0.4 deg from truth (pos std 0.055 m). Tracking is now lidar + map + dead reckoning only.[0m
[localization_error-7] [0m[INFO] [1789657541.963995426] [localization_error]: /localization_ready latched -- sampling opens in 1.0 s (33 bootstrap samples discarded)[0m
[localization_bootstrap-6] [0m[INFO] [1789657541.964947613] [localization_bootstrap]: /localization_ready = true, follower may take over[0m
[localization_bootstrap-6] [0m[INFO] [1789657541.966330353] [localization_bootstrap]: recovery armed: watching encoders + IMU for a reset; 15 checkpoint(s) known for this track[0m
[localization_error-7] [0m[INFO] [1789657544.735054055] [localization_error]: now[ 36] 0.548 m / 0.39 deg  |  session[n=36] mean 0.548 p95 0.650 max 0.686 m, heading mean 0.39 max 1.21 deg[0m
[log_localization-8] [0m[INFO] [1789657544.954961959] [log_localization]:    4.9 s     8.0 m  err 0.575 m (along +0.574 cross +0.036) yaw  +0.11 deg  m->o yaw  +0.10 deg | fit true 0.012 est 0.006 (x0.49)  enc/true 1.058  dr_err 0.51 m[0m
[pure_pursuit-10] [0m[INFO] [1789657548.926565426] [pure_pursuit]: warmup cap released after 19.5 m; v_max back to 8.50 m/s[0m
[localization_error-7] [0m[INFO] [1789657549.735671551] [localization_error]: now[136] 0.517 m / 1.05 deg  |  session[n=136] mean 0.517 p95 0.692 max 0.723 m, heading mean 1.05 max 6.35 deg[0m
[log_localization-8] [0m[INFO] [1789657549.956151233] [log_localization]:    9.9 s    23.2 m  err 0.026 m (along -0.026 cross +0.001) yaw  +0.49 deg  m->o yaw  +1.22 deg | fit true 0.007 est 0.010 (x1.36)  enc/true 1.029  dr_err 0.31 m[0m
[pure_pursuit-10] [0m[INFO] [1789657554.705476424] [pure_pursuit]: lap 1: 18.67 s[0m
[localization_error-7] [0m[INFO] [1789657554.735808214] [localization_error]: now[200] 0.388 m / 2.16 deg  |  session[n=236] mean 0.412 p95 0.681 max 0.723 m, heading mean 1.89 max 9.45 deg[0m
[log_localization-8] [0m[INFO] [1789657554.956023584] [log_localization]:   15.0 s    43.8 m  err 0.197 m (along +0.195 cross +0.031) yaw  -0.82 deg  m->o yaw  -2.25 deg | fit true 0.016 est 0.005 (x0.32)  enc/true 1.026  dr_err 0.25 m[0m
[localization_bootstrap-6] [33m[WARN] [1789657559.517073968] [localization_bootstrap]: RESET detected: heading stepped -28 deg in one tick[0m
[pure_pursuit-10] [33m[WARN] [1789657559.517386191] [pure_pursuit]: heading jumped -26 deg in one tick: respawn. Speed estimate 3.92 -> 0, pose history cleared.[0m
[localization_bootstrap-6] [33m[WARN] [1789657559.562545515] [localization_bootstrap]: recovery #1: follower held; prior (+3.02, -13.62, +15 deg) -- checkpoint -0.5 m behind the last pose along the track[0m
[pure_pursuit-10] [33m[WARN] [1789657559.563074333] [pure_pursuit]: localization lost after a reset: holding until it is re-confirmed[0m
[amcl-4] [0m[INFO] [1789657559.610169270] [amcl]: initialPoseReceived[0m
[amcl-4] [0m[INFO] [1789657559.610281750] [amcl]: Setting pose (1789657559.610281): 3.017 -13.624 0.264[0m
[localization_bootstrap-6] [0m[INFO] [1789657559.611593970] [localization_bootstrap]: seed 1/3: x=+3.018 y=-13.624 yaw=+15.1 deg -- awaiting confirmation[0m
[localization_bootstrap-6] [0m[INFO] [1789657559.613094361] [localization_bootstrap]: not reporting a spawn constant: the car is moving at 3.1 m/s, so this pose is not the spawn[0m
[amcl-4] [0m[INFO] [1789657559.659997922] [amcl]: Requesting no-motion update[0m
[localization_error-7] [0m[INFO] [1789657559.735621143] [localization_error]: now[200] 0.508 m / 3.25 deg  |  session[n=336] mean 0.512 p95 1.072 max 2.834 m, heading mean 2.36 max 24.72 deg[0m
[localization_bootstrap-6] [0m[INFO] [1789657559.810577369] [localization_bootstrap]: recovery #1: seed, attempt 1[0m
[log_localization-8] [0m[INFO] [1789657559.955919477] [log_localization]:   19.9 s    67.2 m  err 2.393 m (along +1.657 cross +1.726) yaw  -1.51 deg  m->o yaw  -1.51 deg | fit true 0.002 est 0.163 (x72.85)  enc/true 1.016  dr_err 2.67 m[0m
[amcl-4] [0m[INFO] [1789657560.060146303] [amcl]: Requesting no-motion update[0m
[amcl-4] [0m[INFO] [1789657560.511065113] [amcl]: Requesting no-motion update[0m
[localization_bootstrap-6] [0m[INFO] [1789657560.660252681] [localization_bootstrap]: recovery: seed CONFIRMED on attempt 1: the estimate is 9.9 cm / 2.5 deg from truth (pos std 0.165 m). Tracking is now lidar + map + dead reckoning only.[0m
[localization_bootstrap-6] [0m[INFO] [1789657560.661419310] [localization_bootstrap]: CHECKPOINT CANDIDATE (converged after reset): ('2.928', '-13.663', '0.221')[0m
[pure_pursuit-10] [0m[INFO] [1789657561.660927034] [pure_pursuit]: localization converged, taking over[0m
[localization_bootstrap-6] [0m[INFO] [1789657561.661613556] [localization_bootstrap]: recovery #1 complete in 2.1 s; follower resumes[0m
[pure_pursuit-10] [33m[WARN] [1789657562.864226144] [pure_pursuit]: heading jumped -41 deg in one tick: respawn. Speed estimate 3.07 -> 0, pose history cleared.[0m
[localization_bootstrap-6] [33m[WARN] [1789657562.864449090] [localization_bootstrap]: RESET detected: heading stepped -40 deg in one tick[0m
[localization_bootstrap-6] [33m[WARN] [1789657562.912620698] [localization_bootstrap]: recovery #2: follower held; prior (+5.05, -11.48, +70 deg) -- checkpoint -0.7 m behind the last pose along the track[0m
[pure_pursuit-10] [33m[WARN] [1789657562.913393090] [pure_pursuit]: localization lost after a reset: holding until it is re-confirmed[0m
[amcl-4] [0m[INFO] [1789657562.960374085] [amcl]: initialPoseReceived[0m
[amcl-4] [0m[INFO] [1789657562.960445859] [amcl]: Setting pose (1789657562.960446): 5.047 -11.479 1.196[0m
[localization_bootstrap-6] [0m[INFO] [1789657562.961905815] [localization_bootstrap]: seed 1/3: x=+5.047 y=-11.480 yaw=+68.5 deg -- awaiting confirmation[0m
[localization_bootstrap-6] [0m[INFO] [1789657562.963362625] [localization_bootstrap]: not reporting a spawn constant: the car is moving at 2.5 m/s, so this pose is not the spawn[0m
[amcl-4] [0m[INFO] [1789657563.059920752] [amcl]: Requesting no-motion update[0m
[amcl-4] [0m[INFO] [1789657563.460172336] [amcl]: Requesting no-motion update[0m
[localization_bootstrap-6] [0m[INFO] [1789657563.810961180] [localization_bootstrap]: recovery #2: seed, attempt 1[0m
[amcl-4] [0m[INFO] [1789657563.910001592] [amcl]: Requesting no-motion update[0m
[localization_bootstrap-6] [0m[INFO] [1789657564.010735626] [localization_bootstrap]: recovery: seed CONFIRMED on attempt 1: the estimate is 16.2 cm / 1.3 deg from truth (pos std 0.163 m). Tracking is now lidar + map + dead reckoning only.[0m
[localization_bootstrap-6] [0m[INFO] [1789657564.011939223] [localization_bootstrap]: CHECKPOINT CANDIDATE (converged after reset): ('4.934', '-11.596', '1.165')[0m
[localization_error-7] [0m[INFO] [1789657564.735681384] [localization_error]: now[200] 1.688 m / 4.72 deg  |  session[n=436] mean 0.998 p95 2.786 max 3.116 m, heading mean 3.19 max 26.49 deg[0m
[log_localization-8] [0m[INFO] [1789657564.958052689] [log_localization]:   25.0 s    72.4 m  err 3.813 m (along +3.639 cross -1.138) yaw  -3.02 deg  m->o yaw  -2.99 deg | fit true 0.004 est 0.456 (x116.06)  enc/true 1.011  dr_err 3.90 m[0m
[localization_bootstrap-6] [0m[INFO] [1789657565.011328096] [localization_bootstrap]: recovery #2 complete in 2.1 s; follower resumes[0m
[pure_pursuit-10] [0m[INFO] [1789657565.012215092] [pure_pursuit]: localization converged, taking over[0m
[localization_bootstrap-6] [33m[WARN] [1789657565.417872778] [localization_bootstrap]: RESET detected: heading stepped -33 deg in one tick[0m
[pure_pursuit-10] [33m[WARN] [1789657565.419223310] [pure_pursuit]: heading jumped -38 deg in one tick: respawn. Speed estimate 1.98 -> 0, pose history cleared.[0m
[localization_bootstrap-6] [33m[WARN] [1789657565.461733257] [localization_bootstrap]: recovery #3: follower held; prior (+3.73, -9.94, +72 deg) -- checkpoint -1.0 m behind the last pose along the track[0m
[pure_pursuit-10] [33m[WARN] [1789657565.462571602] [pure_pursuit]: localization lost after a reset: holding until it is re-confirmed[0m
[amcl-4] [0m[INFO] [1789657565.510348373] [amcl]: initialPoseReceived[0m
[amcl-4] [0m[INFO] [1789657565.510446887] [amcl]: Setting pose (1789657565.510447): 3.725 -9.951 1.279[0m
[localization_bootstrap-6] [0m[INFO] [1789657565.511221423] [localization_bootstrap]: seed 1/3: x=+3.728 y=-9.942 yaw=+73.3 deg -- awaiting confirmation[0m
[localization_bootstrap-6] [0m[INFO] [1789657565.511935216] [localization_bootstrap]: not reporting a spawn constant: the car is moving at 1.3 m/s, so this pose is not the spawn[0m
[amcl-4] [0m[INFO] [1789657565.560124187] [amcl]: Requesting no-motion update[0m
[localization_bootstrap-6] [0m[INFO] [1789657565.811134311] [localization_bootstrap]: recovery #3: seed, attempt 1[0m
[amcl-4] [0m[INFO] [1789657565.960204831] [amcl]: Requesting no-motion update[0m
[amcl-4] [0m[INFO] [1789657566.360222277] [amcl]: Requesting no-motion update[0m
[localization_bootstrap-6] [0m[INFO] [1789657566.560743637] [localization_bootstrap]: recovery: seed CONFIRMED on attempt 1: the estimate is 5.3 cm / 0.6 deg from truth (pos std 0.215 m). Tracking is now lidar + map + dead reckoning only.[0m
[localization_bootstrap-6] [0m[INFO] [1789657566.561827601] [localization_bootstrap]: CHECKPOINT CANDIDATE (converged after reset): ('3.750', '-9.991', '1.295')[0m
[localization_bootstrap-6] [33m[WARN] [1789657567.279639179] [localization_bootstrap]: RESET detected: heading stepped -16 deg in one tick[0m
[localization_bootstrap-6] [33m[WARN] [1789657567.312203047] [localization_bootstrap]: recovery #4: follower held; prior (+3.73, -9.94, +70 deg) -- checkpoint 0.0 m behind the last pose along the track[0m
[amcl-4] [0m[INFO] [1789657567.360284907] [amcl]: initialPoseReceived[0m
[amcl-4] [0m[INFO] [1789657567.360395844] [amcl]: Setting pose (1789657567.360396): 3.728 -9.942 1.221[0m
[localization_bootstrap-6] [0m[INFO] [1789657567.361884534] [localization_bootstrap]: seed 1/3: x=+3.728 y=-9.942 yaw=+70.0 deg -- awaiting confirmation[0m
[localization_bootstrap-6] [33m[WARN] [1789657567.363896821] [localization_bootstrap]: MEASURED SPAWN is 13.419 m / 160.0 deg from racer_common.frames.SPAWN_* -- OUTSIDE slam_toolbox's +-0.5 m seed search, so any run that falls back to it CANNOT recover and the offset is frozen for the whole run. This run is seeded and therefore fine; the FALLBACK is what is wrong.
[localization_bootstrap-6]     Paste into racer_common/frames.py so bootstrap:=false and bootstrap_mode:=global start somewhere real:
[localization_bootstrap-6]         SPAWN_X = '3.728'
[localization_bootstrap-6]         SPAWN_Y = '-9.942'
[localization_bootstrap-6]         SPAWN_YAW = '1.2214'[0m
[amcl-4] [0m[INFO] [1789657567.409934905] [amcl]: Requesting no-motion update[0m
[amcl-4] [0m[INFO] [1789657567.809992917] [amcl]: Requesting no-motion update[0m
[localization_bootstrap-6] [0m[INFO] [1789657567.810978407] [localization_bootstrap]: recovery #4: seed, attempt 1[0m
[amcl-4] [0m[INFO] [1789657568.260059096] [amcl]: Requesting no-motion update[0m
[localization_bootstrap-6] [0m[INFO] [1789657568.411384606] [localization_bootstrap]: recovery: seed CONFIRMED on attempt 1: the estimate is 2.6 cm / 1.2 deg from truth (pos std 0.217 m). Tracking is now lidar + map + dead reckoning only.[0m
[localization_bootstrap-6] [0m[INFO] [1789657568.412788887] [localization_bootstrap]: CHECKPOINT CANDIDATE (converged after reset): ('3.750', '-9.929', '1.242')[0m
[localization_bootstrap-6] [33m[WARN] [1789657569.206134701] [localization_bootstrap]: RESET detected: heading stepped -11 deg in one tick[0m
[localization_bootstrap-6] [33m[WARN] [1789657569.211751217] [localization_bootstrap]: recovery #5: follower held; prior (+3.73, -9.94, +70 deg) -- checkpoint 0.0 m behind the last pose along the track[0m
[amcl-4] [0m[INFO] [1789657569.260091139] [amcl]: initialPoseReceived[0m
[amcl-4] [0m[INFO] [1789657569.260188140] [amcl]: Setting pose (1789657569.260188): 3.728 -9.943 1.224[0m
[localization_bootstrap-6] [0m[INFO] [1789657569.261452060] [localization_bootstrap]: seed 1/3: x=+3.728 y=-9.942 yaw=+70.1 deg -- awaiting confirmation[0m
[localization_bootstrap-6] [33m[WARN] [1789657569.263148758] [localization_bootstrap]: MEASURED SPAWN is 13.419 m / 160.1 deg from racer_common.frames.SPAWN_* -- OUTSIDE slam_toolbox's +-0.5 m seed search, so any run that falls back to it CANNOT recover and the offset is frozen for the whole run. This run is seeded and therefore fine; the FALLBACK is what is wrong.
[localization_bootstrap-6]     Paste into racer_common/frames.py so bootstrap:=false and bootstrap_mode:=global start somewhere real:
[localization_bootstrap-6]         SPAWN_X = '3.728'
[localization_bootstrap-6]         SPAWN_Y = '-9.942'
[localization_bootstrap-6]         SPAWN_YAW = '1.2236'[0m
[amcl-4] [0m[INFO] [1789657569.310112911] [amcl]: Requesting no-motion update[0m
[amcl-4] [0m[INFO] [1789657569.710815397] [amcl]: Requesting no-motion update[0m
[localization_error-7] [0m[INFO] [1789657569.735836041] [localization_error]: now[200] 3.402 m / 3.89 deg  |  session[n=536] mean 1.590 p95 4.590 max 5.004 m, heading mean 2.93 max 26.49 deg[0m
[localization_bootstrap-6] [0m[INFO] [1789657569.812116760] [localization_bootstrap]: recovery #5: seed, attempt 1[0m
[log_localization-8] [0m[INFO] [1789657569.955199670] [log_localization]:   29.9 s    76.8 m  err 3.774 m (along +3.727 cross +0.594) yaw  +0.65 deg  m->o yaw  +0.65 deg | fit true 0.002 est 0.529 (x219.87)  enc/true 0.993  dr_err 6.82 m[0m
[amcl-4] [0m[INFO] [1789657570.160234467] [amcl]: Requesting no-motion update[0m
[localization_bootstrap-6] [0m[INFO] [1789657570.310729617] [localization_bootstrap]: recovery: seed CONFIRMED on attempt 1: the estimate is 3.0 cm / 0.8 deg from truth (pos std 0.220 m). Tracking is now lidar + map + dead reckoning only.[0m
[localization_bootstrap-6] [0m[INFO] [1789657570.311725025] [localization_bootstrap]: CHECKPOINT CANDIDATE (converged after reset): ('3.731', '-9.912', '1.238')[0m
[localization_bootstrap-6] [33m[WARN] [1789657571.111939873] [localization_bootstrap]: RESET detected: heading stepped -11 deg in one tick[0m
[localization_bootstrap-6] [33m[WARN] [1789657571.162007852] [localization_bootstrap]: recovery #6: follower held; prior (+3.73, -9.94, +70 deg) -- checkpoint 0.1 m behind the last pose along the track[0m
[amcl-4] [0m[INFO] [1789657571.210328298] [amcl]: initialPoseReceived[0m
[amcl-4] [0m[INFO] [1789657571.210449464] [amcl]: Setting pose (1789657571.210449): 3.728 -9.942 1.223[0m
[localization_bootstrap-6] [0m[INFO] [1789657571.211031020] [localization_bootstrap]: seed 1/3: x=+3.728 y=-9.942 yaw=+70.1 deg -- awaiting confirmation[0m
[localization_bootstrap-6] [33m[WARN] [1789657571.211882279] [localization_bootstrap]: MEASURED SPAWN is 13.419 m / 160.1 deg from racer_common.frames.SPAWN_* -- OUTSIDE slam_toolbox's +-0.5 m seed search, so any run that falls back to it CANNOT recover and the offset is frozen for the whole run. This run is seeded and therefore fine; the FALLBACK is what is wrong.
[localization_bootstrap-6]     Paste into racer_common/frames.py so bootstrap:=false and bootstrap_mode:=global start somewhere real:
[localization_bootstrap-6]         SPAWN_X = '3.728'
[localization_bootstrap-6]         SPAWN_Y = '-9.942'
[localization_bootstrap-6]         SPAWN_YAW = '1.2234'[0m
[amcl-4] [0m[INFO] [1789657571.260460186] [amcl]: Requesting no-motion update[0m
[amcl-4] [0m[INFO] [1789657571.710077476] [amcl]: Requesting no-motion update[0m
[localization_bootstrap-6] [0m[INFO] [1789657571.811395240] [localization_bootstrap]: recovery #6: seed, attempt 1[0m
