[INFO] [launch]: All log files can be found below /root/.ros/log/2026-09-17-15-10-20-973959-adil-laptop-159
[INFO] [launch]: Default logging verbosity is set to INFO
[INFO] [launch.user]: [race] mode=dev  localizer=amcl  instruments=ON  bootstrap=truth
[INFO] [dead_reckoning-1]: process started with pid [185]
[INFO] [amcl-4]: process started with pid [191]
[INFO] [localization_bootstrap-6]: process started with pid [195]
[INFO] [localization_error-7]: process started with pid [197]
[INFO] [log_localization-8]: process started with pid [199]
[INFO] [static_transform_publisher-2]: process started with pid [187]
[INFO] [map_server-3]: process started with pid [189]
[INFO] [lifecycle_manager-5]: process started with pid [193]
[INFO] [static_transform_publisher-9]: process started with pid [201]
[static_transform_publisher-2] 1789657821.086347 [0] static_tra: selected interface "lo" is not multicast-capable: disabling multicast
[amcl-4] 1789657821.090285 [0]       amcl: selected interface "lo" is not multicast-capable: disabling multicast
[static_transform_publisher-9] 1789657821.094411 [0] static_tra: selected interface "lo" is not multicast-capable: disabling multicast
[static_transform_publisher-2] [INFO] [1789657821.095929333] [lidar_tf]: Spinning until stopped - publishing transform
[static_transform_publisher-2] translation: ('0.273300', '0.000000', '0.096000')
[static_transform_publisher-2] rotation: ('0.000000', '0.000000', '0.000000', '1.000000')
[static_transform_publisher-2] from 'roboracer_1' to 'lidar'
[lifecycle_manager-5] 1789657821.096556 [0] lifecycle_: selected interface "lo" is not multicast-capable: disabling multicast
[amcl-4] [0m[INFO] [1789657821.101492261] [amcl]: 
[amcl-4] 	amcl lifecycle node launched. 
[amcl-4] 	Waiting on external lifecycle transitions to activate
[amcl-4] 	See https://design.ros2.org/articles/node_lifecycle.html for more information.[0m
[amcl-4] [0m[INFO] [1789657821.102683596] [amcl]: Creating[0m
[lifecycle_manager-5] [INFO] [1789657821.108438963] [lifecycle_manager_localization]: Creating
[static_transform_publisher-9] [INFO] [1789657821.111131080] [map_world_tf]: Spinning until stopped - publishing transform
[static_transform_publisher-9] translation: ('0.000000', '0.000000', '0.000000')
[static_transform_publisher-9] rotation: ('0.000000', '0.000000', '0.000000', '1.000000')
[static_transform_publisher-9] from 'map' to 'world'
[lifecycle_manager-5] [INFO] [1789657821.111193116] [lifecycle_manager_localization]: [34m[1mCreating and initializing lifecycle service clients[0m[0m
[map_server-3] 1789657821.112220 [0] map_server: selected interface "lo" is not multicast-capable: disabling multicast
[map_server-3] [INFO] [1789657821.124013447] [map_server]: 
[map_server-3] 	map_server lifecycle node launched. 
[map_server-3] 	Waiting on external lifecycle transitions to activate
[map_server-3] 	See https://design.ros2.org/articles/node_lifecycle.html for more information.
[map_server-3] [INFO] [1789657821.124233868] [map_server]: Creating
[lifecycle_manager-5] [INFO] [1789657821.125298867] [lifecycle_manager_localization]: [34m[1mStarting managed nodes bringup...[0m[0m
[lifecycle_manager-5] [INFO] [1789657821.125365141] [lifecycle_manager_localization]: [34m[1mConfiguring map_server[0m[0m
[map_server-3] [INFO] [1789657821.140751393] [map_server]: Configuring
[map_server-3] [INFO] [1789657821.140842794] [map_io]: Loading yaml file: /root/Documents/roboracer/devkit_ws/src/racer_mapping/maps/iros2026/track_clean.yaml
[map_server-3] [INFO] [1789657821.141258861] [map_io]: resolution: 0.025
[map_server-3] [INFO] [1789657821.141284398] [map_io]: origin[0]: 0.00427
[map_server-3] [INFO] [1789657821.141294297] [map_io]: origin[1]: -16.8
[map_server-3] [INFO] [1789657821.141301931] [map_io]: origin[2]: 0
[map_server-3] [INFO] [1789657821.141309966] [map_io]: free_thresh: 0.25
[map_server-3] [INFO] [1789657821.141317901] [map_io]: occupied_thresh: 0.65
[map_server-3] [INFO] [1789657821.141327409] [map_io]: mode: trinary
[map_server-3] [INFO] [1789657821.141336746] [map_io]: negate: 0
[map_server-3] [INFO] [1789657821.141705906] [map_io]: Loading image_file: /root/Documents/roboracer/devkit_ws/src/racer_mapping/maps/iros2026/track_clean.pgm
[map_server-3] [INFO] [1789657821.179640234] [map_io]: Read map /root/Documents/roboracer/devkit_ws/src/racer_mapping/maps/iros2026/track_clean.pgm: 241 X 901 map @ 0.025 m/cell
[lifecycle_manager-5] [INFO] [1789657821.187412277] [lifecycle_manager_localization]: [34m[1mConfiguring amcl[0m[0m
[amcl-4] [0m[INFO] [1789657821.188613751] [amcl]: Configuring[0m
[amcl-4] [0m[INFO] [1789657821.188753291] [amcl]: initTransforms[0m
[amcl-4] [0m[INFO] [1789657821.206522153] [amcl]: initPubSub[0m
[amcl-4] [0m[INFO] [1789657821.210188780] [amcl]: Subscribed to map topic.[0m
[lifecycle_manager-5] [INFO] [1789657821.215932786] [lifecycle_manager_localization]: [34m[1mActivating map_server[0m[0m
[amcl-4] [0m[INFO] [1789657821.220065573] [amcl]: Received a 241 X 901 map @ 0.025 m/pix[0m
[map_server-3] [INFO] [1789657821.216234499] [map_server]: Activating
[map_server-3] [INFO] [1789657821.217167872] [map_server]: Creating bond (map_server) to lifecycle manager.
[lifecycle_manager-5] [INFO] [1789657821.322336904] [lifecycle_manager_localization]: Server map_server connected with bond.
[lifecycle_manager-5] [INFO] [1789657821.322398268] [lifecycle_manager_localization]: [34m[1mActivating amcl[0m[0m
[amcl-4] [0m[INFO] [1789657821.322617558] [amcl]: Activating[0m
[amcl-4] [0m[INFO] [1789657821.322690735] [amcl]: initialPoseReceived[0m
[amcl-4] [0m[INFO] [1789657821.322863557] [amcl]: Setting pose (1789657821.322864): 0.818 3.158 -1.571[0m
[amcl-4] [0m[INFO] [1789657821.326271692] [amcl]: Creating bond (amcl) to lifecycle manager.[0m
[lifecycle_manager-5] [INFO] [1789657821.428788240] [lifecycle_manager_localization]: Server amcl connected with bond.
[lifecycle_manager-5] [INFO] [1789657821.428839566] [lifecycle_manager_localization]: [34m[1mManaged nodes are active[0m[0m
[lifecycle_manager-5] [INFO] [1789657821.428856087] [lifecycle_manager_localization]: [34m[1mCreating bond timer...[0m[0m
[localization_bootstrap-6] 1789657821.516490 [0] localizati: selected interface "lo" is not multicast-capable: disabling multicast
[dead_reckoning-1] 1789657821.525555 [0] dead_recko: selected interface "lo" is not multicast-capable: disabling multicast
[localization_error-7] 1789657821.528965 [0] localizati: selected interface "lo" is not multicast-capable: disabling multicast
[log_localization-8] 1789657821.600561 [0] log_locali: selected interface "lo" is not multicast-capable: disabling multicast
[amcl-4] [0m[INFO] [1789657821.603846612] [amcl]: Message Filter dropping message: frame 'lidar' at time 1789657821.232 for reason 'discarding message because the queue is full'[0m
[dead_reckoning-1] [0m[INFO] [1789657821.627720444] [dead_reckoning]: dead reckoning: odom -> roboracer_1, wheel r=0.0581 m, scale=1.0, 200 Hz, tf +20 ms, extrapolate yaw=True pos=True[0m
[localization_bootstrap-6] [0m[INFO] [1789657821.628892412] [localization_bootstrap]: centreline runs against the lap; arc length reversed for checkpoint ordering[0m
[localization_error-7] [31m[ERROR] [1789657821.631655632] [localization_error]: RESTRICTED TOPIC: reading /autodrive/roboracer_1/odom (simulator ground-truth pose and twist) -- continuous comparison against TF map -> roboracer_1. This run is NOT race-legal; any lap time from it is a development number. See racer_common/restricted.py.[0m
[localization_error-7] [0m[INFO] [1789657821.632807323] [localization_error]: sampling starts 1.0 s after /localization_ready; bootstrap is excluded (require_ready:=false to include it)[0m
[localization_error-7] [0m[INFO] [1789657821.636078672] [localization_error]: waiting for TF map -> roboracer_1: "roboracer_1" passed to lookupTransform argument source_frame does not exist. [0m
[localization_bootstrap-6] [0m[INFO] [1789657821.648234391] [localization_bootstrap]: WARMUP SEED: reading /autodrive/roboracer_1/ips (simulator ground-truth position) ONCE -- initial pose seed. Legal: the first lap is warmup, this is read before the car moves, and it is released immediately after. Nothing reads ground truth afterwards.[0m
[localization_bootstrap-6] [0m[INFO] [1789657821.649193342] [localization_bootstrap]: mode=truth: seeding the initial pose from /ips + /imu before the car moves, then releasing /ips. Tracking is lidar + map + dead reckoning from there on.[0m
[localization_bootstrap-6] [0m[INFO] [1789657821.650140871] [localization_bootstrap]: waiting for amcl to reach the active state before sending anything[0m
[amcl-4] [0m[INFO] [1789657821.676900242] [amcl]: createLaserObject[0m
[localization_bootstrap-6] [0m[INFO] [1789657821.702602337] [localization_bootstrap]: amcl is ACTIVE -- an initial pose will now be accepted[0m
[log_localization-8] [31m[ERROR] [1789657821.747204076] [log_localization]: RESTRICTED TOPIC: reading /autodrive/roboracer_1/ips (simulator ground-truth position) -- continuous logging against the estimate. This run is NOT race-legal; any lap time from it is a development number. See racer_common/restricted.py.[0m
[log_localization-8] [31m[ERROR] [1789657821.747958735] [log_localization]: RESTRICTED TOPIC: reading /autodrive/roboracer_1/odom (simulator ground-truth pose and twist) -- continuous logging against the estimate. This run is NOT race-legal; any lap time from it is a development number. See racer_common/restricted.py.[0m
[log_localization-8] [0m[INFO] [1789657821.748922886] [log_localization]: logging to /root/Documents/roboracer/experiments/iros2026/T08d_h70b_warm20/run.csv at 20 Hz until Ctrl-C[0m
[localization_bootstrap-6] [0m[INFO] [1789657821.751859490] [localization_bootstrap]: seed 1/5: x=+0.800 y=+3.158 yaw=-90.0 deg -- awaiting confirmation[0m
[localization_bootstrap-6] [0m[INFO] [1789657821.752857904] [localization_bootstrap]: MEASURED SPAWN x=+0.800 y=+3.158 yaw=-90.0 deg -- within 2 cm of racer_common.frames.SPAWN_*, so the fallback is sound too. Nothing to change.[0m
[log_localization-8] [0m[INFO] [1789657821.799293938] [log_localization]: waiting for TF map -> roboracer_1 ...[0m
[amcl-4] [0m[INFO] [1789657821.868063267] [amcl]: initialPoseReceived[0m
[amcl-4] [0m[INFO] [1789657821.868273570] [amcl]: Setting pose (1789657821.868273): 0.800 3.158 -1.571[0m
[amcl-4] [0m[INFO] [1789657821.874366117] [amcl]: Requesting no-motion update[0m
[amcl-4] [0m[INFO] [1789657822.201071924] [amcl]: Requesting no-motion update[0m
[amcl-4] [0m[INFO] [1789657822.650883888] [amcl]: Requesting no-motion update[0m
[amcl-4] [0m[INFO] [1789657823.051120375] [amcl]: Requesting no-motion update[0m
[pure_pursuit] launch overrides: {'v_max': 8.5, 'warmup_v_max': 2.0, 'warmup_dist_m': 21.0, 'target_lead_s': 0.0, 'slip_circle': 0.12, 'accel_ff': 1.0, 'control_hz': 45.0}
[INFO] [pure_pursuit-10]: process started with pid [348]
[pure_pursuit-10] 1789657823.425663 [0] pure_pursu: selected interface "lo" is not multicast-capable: disabling multicast
[amcl-4] [0m[INFO] [1789657823.500995627] [amcl]: Requesting no-motion update[0m
[pure_pursuit-10] [0m[INFO] [1789657823.533272791] [pure_pursuit]: path: 435 points, 43.41 m lap, from /root/Documents/roboracer/raceline/iros2026/raceline_tum_iqp_h7.0_a7.0b.csv[0m
[pure_pursuit-10] [0m[INFO] [1789657823.539084454] [pure_pursuit]: pose from TF map -> roboracer_1 (continuous); /amcl_pose kept as a fallback[0m
[pure_pursuit-10] [0m[INFO] [1789657823.540752419] [pure_pursuit]: steering on /amcl_pose[0m
[pure_pursuit-10] [0m[INFO] [1789657823.541451925] [pure_pursuit]: warmup cap: speed target held at 2.00 m/s for the first 21.0 m of driving, then released[0m
[pure_pursuit-10] [0m[INFO] [1789657823.545174146] [pure_pursuit]: speed_source=tire  throttle_mode=slip  slip band [-0.08, +0.08]  u_launch 0.4 m/s  lookahead 0.8-2.2 m (k 0.55)  latency_comp 0.05 s[0m
[pure_pursuit-10] [0m[INFO] [1789657823.545846782] [pure_pursuit]: slip band: circle 0.12 x sqrt(1 - (a_lat/7)^2), replacing the fixed band above  |  plan-acceleration feedforward ON[0m
[pure_pursuit-10] [33m[WARN] [1789657823.546620647] [pure_pursuit]: dev_lap_telemetry ON: subscribing to RESTRICTED lap topics[0m
[pure_pursuit-10] [0m[INFO] [1789657823.549201626] [pure_pursuit]: holding until /localization_ready[0m
[pure_pursuit-10] [0m[INFO] [1789657823.564379730] [pure_pursuit]: lap 0: inf s[0m
[localization_bootstrap-6] [0m[INFO] [1789657823.652157655] [localization_bootstrap]: seed 1/5 sent, awaiting a fresh /amcl_pose to confirm it[0m
[localization_bootstrap-6] [0m[INFO] [1789657823.803889147] [localization_bootstrap]: localization_bootstrap: released /autodrive/roboracer_1/ips -- no restricted topic is read from here on; the timed laps are clean.[0m
[pure_pursuit-10] [0m[INFO] [1789657823.805649905] [pure_pursuit]: localization converged, taking over[0m
[localization_bootstrap-6] [0m[INFO] [1789657823.805908698] [localization_bootstrap]: seed CONFIRMED on attempt 1: the estimate is 0.8 cm / 0.1 deg from truth (pos std 0.048 m). Tracking is now lidar + map + dead reckoning only.[0m
[localization_error-7] [0m[INFO] [1789657823.806376051] [localization_error]: /localization_ready latched -- sampling opens in 1.0 s (33 bootstrap samples discarded)[0m
[localization_bootstrap-6] [0m[INFO] [1789657823.806774846] [localization_bootstrap]: /localization_ready = true, follower may take over[0m
[localization_bootstrap-6] [0m[INFO] [1789657823.807561024] [localization_bootstrap]: recovery armed: watching encoders + IMU for a reset; 15 checkpoint(s) known for this track[0m
[localization_error-7] [0m[INFO] [1789657826.587110975] [localization_error]: now[ 36] 0.328 m / 0.23 deg  |  session[n=36] mean 0.328 p95 0.389 max 0.421 m, heading mean 0.23 max 0.57 deg[0m
[log_localization-8] [0m[INFO] [1789657826.850635327] [log_localization]:    4.9 s     5.6 m  err 0.328 m (along +0.327 cross +0.021) yaw  +0.07 deg  m->o yaw  +0.07 deg | fit true 0.013 est 0.003 (x0.20)  enc/true 1.043  dr_err 0.25 m[0m
[localization_error-7] [0m[INFO] [1789657831.588263493] [localization_error]: now[136] 0.257 m / 0.26 deg  |  session[n=136] mean 0.257 p95 0.412 max 0.441 m, heading mean 0.26 max 0.78 deg[0m
[log_localization-8] [0m[INFO] [1789657831.850243792] [log_localization]:    9.9 s    15.6 m  err 0.082 m (along -0.082 cross -0.001) yaw  +0.02 deg  m->o yaw  +0.03 deg | fit true 0.002 est 0.006 (x2.74)  enc/true 1.011  dr_err 0.17 m[0m
[pure_pursuit-10] [0m[INFO] [1789657834.626424371] [pure_pursuit]: warmup cap released after 21.0 m; v_max back to 8.50 m/s[0m
[localization_error-7] [0m[INFO] [1789657836.586459569] [localization_error]: now[200] 0.191 m / 1.06 deg  |  session[n=236] mean 0.212 p95 0.402 max 0.441 m, heading mean 0.93 max 6.60 deg[0m
[log_localization-8] [0m[INFO] [1789657836.851608094] [log_localization]:   15.0 s    29.7 m  err 0.199 m (along +0.198 cross -0.019) yaw  +0.64 deg  m->o yaw  +1.46 deg | fit true 0.008 est 0.022 (x2.89)  enc/true 1.021  dr_err 0.31 m[0m
[pure_pursuit-10] [0m[INFO] [1789657840.022010990] [pure_pursuit]: lap 1: 22.13 s[0m
[localization_error-7] [0m[INFO] [1789657841.588137597] [localization_error]: now[200] 0.244 m / 1.96 deg  |  session[n=336] mean 0.249 p95 0.556 max 1.153 m, heading mean 1.27 max 6.60 deg[0m
[log_localization-8] [0m[INFO] [1789657841.850326706] [log_localization]:   20.0 s    53.0 m  err 0.489 m (along +0.486 cross +0.058) yaw  +0.51 deg  m->o yaw  -0.03 deg | fit true 0.012 est 0.027 (x2.25)  enc/true 1.025  dr_err 0.56 m[0m
[localization_error-7] [0m[INFO] [1789657846.587585090] [localization_error]: now[200] 0.375 m / 2.33 deg  |  session[n=436] mean 0.287 p95 0.763 max 1.258 m, heading mean 1.57 max 7.05 deg[0m
[log_localization-8] [0m[INFO] [1789657846.850956137] [log_localization]:   24.9 s    75.1 m  err 0.213 m (along +0.211 cross +0.030) yaw  +1.52 deg  m->o yaw  +1.37 deg | fit true 0.005 est 0.028 (x5.76)  enc/true 1.021  dr_err 0.30 m[0m
[pure_pursuit-10] [0m[INFO] [1789657849.778909164] [pure_pursuit]: lap 2: 9.78 s[0m
[localization_error-7] [0m[INFO] [1789657851.589437174] [localization_error]: now[200] 0.386 m / 2.45 deg  |  session[n=536] mean 0.301 p95 0.811 max 1.258 m, heading mean 1.71 max 7.75 deg[0m
[log_localization-8] [0m[INFO] [1789657851.851380854] [log_localization]:   30.0 s    98.6 m  err 0.347 m (along +0.347 cross +0.016) yaw  +0.27 deg  m->o yaw  +0.26 deg | fit true 0.012 est 0.007 (x0.60)  enc/true 1.022  dr_err 0.61 m[0m
[localization_error-7] [0m[INFO] [1789657856.588633077] [localization_error]: now[200] 0.386 m / 2.63 deg  |  session[n=636] mean 0.318 p95 0.822 max 1.258 m, heading mean 1.91 max 9.90 deg[0m
[log_localization-8] [0m[INFO] [1789657856.849663993] [log_localization]:   34.9 s   120.0 m  err 0.132 m (along +0.122 cross +0.049) yaw  +2.92 deg  m->o yaw  +3.32 deg | fit true 0.002 est 0.060 (x37.57)  enc/true 1.021  dr_err 0.42 m[0m
[pure_pursuit-10] [0m[INFO] [1789657859.714127921] [pure_pursuit]: lap 3: 9.90 s[0m
[localization_error-7] [0m[INFO] [1789657861.587528439] [localization_error]: now[200] 0.383 m / 2.66 deg  |  session[n=736] mean 0.323 p95 0.804 max 1.258 m, heading mean 1.97 max 11.58 deg[0m
[log_localization-8] [0m[INFO] [1789657861.850100052] [log_localization]:   39.9 s   143.1 m  err 0.407 m (along +0.405 cross +0.040) yaw  +0.73 deg  m->o yaw  +0.74 deg | fit true 0.012 est 0.017 (x1.44)  enc/true 1.022  dr_err 0.64 m[0m
[pure_pursuit-10] [33m[WARN] [1789657863.921666773] [pure_pursuit]: heading jumped -24 deg in one tick: respawn. Speed estimate 2.71 -> 0, pose history cleared.[0m
[localization_bootstrap-6] [33m[WARN] [1789657863.922949008] [localization_bootstrap]: RESET detected: heading stepped -20 deg in one tick[0m
[localization_bootstrap-6] [33m[WARN] [1789657863.953321875] [localization_bootstrap]: recovery #1: follower held; prior (+1.71, -15.77, +15 deg) -- checkpoint 0.7 m behind the last pose along the track[0m
[pure_pursuit-10] [33m[WARN] [1789657863.953375646] [pure_pursuit]: localization lost after a reset: holding until it is re-confirmed[0m
[amcl-4] [0m[INFO] [1789657864.001119763] [amcl]: initialPoseReceived[0m
[amcl-4] [0m[INFO] [1789657864.001342389] [amcl]: Setting pose (1789657864.001342): 1.714 -15.770 0.277[0m
[localization_bootstrap-6] [0m[INFO] [1789657864.002600728] [localization_bootstrap]: seed 1/3: x=+1.713 y=-15.770 yaw=+15.8 deg -- awaiting confirmation[0m
[localization_bootstrap-6] [0m[INFO] [1789657864.004152346] [localization_bootstrap]: not reporting a spawn constant: the car is moving at 2.8 m/s, so this pose is not the spawn[0m
[amcl-4] [0m[INFO] [1789657864.050741636] [amcl]: Requesting no-motion update[0m
[amcl-4] [0m[INFO] [1789657864.451326093] [amcl]: Requesting no-motion update[0m
[amcl-4] [0m[INFO] [1789657864.900977988] [amcl]: Requesting no-motion update[0m
[localization_bootstrap-6] [0m[INFO] [1789657865.052035972] [localization_bootstrap]: recovery: seed CONFIRMED on attempt 1: the estimate is 1.6 cm / 0.1 deg from truth (pos std 0.130 m). Tracking is now lidar + map + dead reckoning only.[0m
[localization_bootstrap-6] [0m[INFO] [1789657865.053611424] [localization_bootstrap]: CHECKPOINT CANDIDATE (converged after reset): ('1.716', '-15.786', '0.295')[0m
[localization_bootstrap-6] [0m[INFO] [1789657865.652502547] [localization_bootstrap]: recovery #1: creep, attempt 1[0m
[pure_pursuit-10] [0m[INFO] [1789657866.051960290] [pure_pursuit]: localization converged, taking over[0m
[localization_bootstrap-6] [0m[INFO] [1789657866.052536285] [localization_bootstrap]: recovery #1 complete in 2.1 s; follower resumes[0m
[localization_error-7] [0m[INFO] [1789657866.586806125] [localization_error]: now[200] 0.348 m / 1.90 deg  |  session[n=836] mean 0.325 p95 0.898 max 1.258 m, heading mean 1.90 max 11.58 deg[0m
[log_localization-8] [0m[INFO] [1789657866.851548422] [log_localization]:   45.0 s   154.1 m  err 0.147 m (along +0.140 cross -0.045) yaw  -0.95 deg  m->o yaw  -1.71 deg | fit true 0.027 est 0.031 (x1.15)  enc/true 1.018  dr_err 1.05 m[0m
