[INFO] [launch]: All log files can be found below /root/.ros/log/2026-09-18-11-14-45-665696-adil-laptop-231
[INFO] [launch]: Default logging verbosity is set to INFO
[INFO] [launch.user]: [race] mode=dev  localizer=amcl  instruments=ON  bootstrap=truth
[INFO] [dead_reckoning-1]: process started with pid [248]
[INFO] [amcl-4]: process started with pid [254]
[INFO] [localization_bootstrap-6]: process started with pid [258]
[INFO] [localization_error-7]: process started with pid [260]
[INFO] [log_localization-8]: process started with pid [262]
[INFO] [static_transform_publisher-2]: process started with pid [250]
[INFO] [map_server-3]: process started with pid [252]
[INFO] [lifecycle_manager-5]: process started with pid [256]
[INFO] [static_transform_publisher-9]: process started with pid [264]
[static_transform_publisher-2] 1789730085.755362 [0] static_tra: selected interface "lo" is not multicast-capable: disabling multicast
[lifecycle_manager-5] 1789730085.759595 [0] lifecycle_: selected interface "lo" is not multicast-capable: disabling multicast
[static_transform_publisher-2] [INFO] [1789730085.761514922] [lidar_tf]: Spinning until stopped - publishing transform
[static_transform_publisher-2] translation: ('0.273300', '0.000000', '0.096000')
[static_transform_publisher-2] rotation: ('0.000000', '0.000000', '0.000000', '1.000000')
[static_transform_publisher-2] from 'roboracer_1' to 'lidar'
[amcl-4] 1789730085.764015 [0]       amcl: selected interface "lo" is not multicast-capable: disabling multicast
[lifecycle_manager-5] [INFO] [1789730085.768170686] [lifecycle_manager_localization]: Creating
[static_transform_publisher-9] 1789730085.769455 [0] static_tra: selected interface "lo" is not multicast-capable: disabling multicast
[map_server-3] 1789730085.770887 [0] map_server: selected interface "lo" is not multicast-capable: disabling multicast
[lifecycle_manager-5] [INFO] [1789730085.770929031] [lifecycle_manager_localization]: [34m[1mCreating and initializing lifecycle service clients[0m[0m
[amcl-4] [0m[INFO] [1789730085.775840110] [amcl]: 
[amcl-4] 	amcl lifecycle node launched. 
[amcl-4] 	Waiting on external lifecycle transitions to activate
[amcl-4] 	See https://design.ros2.org/articles/node_lifecycle.html for more information.[0m
[amcl-4] [0m[INFO] [1789730085.776838302] [amcl]: Creating[0m
[static_transform_publisher-9] [INFO] [1789730085.779183205] [map_world_tf]: Spinning until stopped - publishing transform
[static_transform_publisher-9] translation: ('0.000000', '0.000000', '0.000000')
[static_transform_publisher-9] rotation: ('0.000000', '0.000000', '0.000000', '1.000000')
[static_transform_publisher-9] from 'map' to 'world'
[map_server-3] [INFO] [1789730085.788553853] [map_server]: 
[map_server-3] 	map_server lifecycle node launched. 
[map_server-3] 	Waiting on external lifecycle transitions to activate
[map_server-3] 	See https://design.ros2.org/articles/node_lifecycle.html for more information.
[map_server-3] [INFO] [1789730085.788737225] [map_server]: Creating
[lifecycle_manager-5] [INFO] [1789730085.794116959] [lifecycle_manager_localization]: [34m[1mStarting managed nodes bringup...[0m[0m
[lifecycle_manager-5] [INFO] [1789730085.794213499] [lifecycle_manager_localization]: [34m[1mConfiguring map_server[0m[0m
[map_server-3] [INFO] [1789730085.805294185] [map_server]: Configuring
[map_server-3] [INFO] [1789730085.805405403] [map_io]: Loading yaml file: /root/Documents/roboracer/devkit_ws/src/racer_mapping/maps/iros2026/track_clean.yaml
[map_server-3] [INFO] [1789730085.805792855] [map_io]: resolution: 0.025
[map_server-3] [INFO] [1789730085.805820948] [map_io]: origin[0]: 0.00427
[map_server-3] [INFO] [1789730085.805830936] [map_io]: origin[1]: -16.8
[map_server-3] [INFO] [1789730085.805838741] [map_io]: origin[2]: 0
[map_server-3] [INFO] [1789730085.805846846] [map_io]: free_thresh: 0.25
[map_server-3] [INFO] [1789730085.805854821] [map_io]: occupied_thresh: 0.65
[map_server-3] [INFO] [1789730085.805864349] [map_io]: mode: trinary
[map_server-3] [INFO] [1789730085.805873365] [map_io]: negate: 0
[map_server-3] [INFO] [1789730085.806246922] [map_io]: Loading image_file: /root/Documents/roboracer/devkit_ws/src/racer_mapping/maps/iros2026/track_clean.pgm
[map_server-3] [INFO] [1789730085.851058821] [map_io]: Read map /root/Documents/roboracer/devkit_ws/src/racer_mapping/maps/iros2026/track_clean.pgm: 241 X 901 map @ 0.025 m/cell
[lifecycle_manager-5] [INFO] [1789730085.859730274] [lifecycle_manager_localization]: [34m[1mConfiguring amcl[0m[0m
[amcl-4] [0m[INFO] [1789730085.860064437] [amcl]: Configuring[0m
[amcl-4] [0m[INFO] [1789730085.860209348] [amcl]: initTransforms[0m
[amcl-4] [0m[INFO] [1789730085.876358087] [amcl]: initPubSub[0m
[amcl-4] [0m[INFO] [1789730085.884029355] [amcl]: Subscribed to map topic.[0m
[lifecycle_manager-5] [INFO] [1789730085.889769130] [lifecycle_manager_localization]: [34m[1mActivating map_server[0m[0m
[map_server-3] [INFO] [1789730085.890801165] [map_server]: Activating
[map_server-3] [INFO] [1789730085.891435257] [map_server]: Creating bond (map_server) to lifecycle manager.
[amcl-4] [0m[INFO] [1789730085.893166046] [amcl]: Received a 241 X 901 map @ 0.025 m/pix[0m
[lifecycle_manager-5] [INFO] [1789730085.995489069] [lifecycle_manager_localization]: Server map_server connected with bond.
[lifecycle_manager-5] [INFO] [1789730085.995549702] [lifecycle_manager_localization]: [34m[1mActivating amcl[0m[0m
[amcl-4] [0m[INFO] [1789730085.995835505] [amcl]: Activating[0m
[amcl-4] [0m[INFO] [1789730085.995904454] [amcl]: initialPoseReceived[0m
[amcl-4] [0m[INFO] [1789730085.996042541] [amcl]: Setting pose (1789730085.996042): 0.818 3.158 -1.571[0m
[amcl-4] [0m[INFO] [1789730085.999229155] [amcl]: Creating bond (amcl) to lifecycle manager.[0m
[dead_reckoning-1] 1789730086.050877 [0] dead_recko: selected interface "lo" is not multicast-capable: disabling multicast
[localization_bootstrap-6] 1789730086.058839 [0] localizati: selected interface "lo" is not multicast-capable: disabling multicast
[localization_error-7] 1789730086.073274 [0] localizati: selected interface "lo" is not multicast-capable: disabling multicast
[lifecycle_manager-5] [INFO] [1789730086.103219137] [lifecycle_manager_localization]: Server amcl connected with bond.
[lifecycle_manager-5] [INFO] [1789730086.103283036] [lifecycle_manager_localization]: [34m[1mManaged nodes are active[0m[0m
[lifecycle_manager-5] [INFO] [1789730086.103303604] [lifecycle_manager_localization]: [34m[1mCreating bond timer...[0m[0m
[dead_reckoning-1] [0m[INFO] [1789730086.157464330] [dead_reckoning]: dead reckoning: odom -> roboracer_1, wheel r=0.0581 m, scale=1.0, 200 Hz, tf +20 ms, extrapolate yaw=True pos=True, distance from slip (k=0.27, k_brake=1.1, yaw gate 0.5 rad/s)[0m
[localization_bootstrap-6] [0m[INFO] [1789730086.162774744] [localization_bootstrap]: centreline runs against the lap; arc length reversed for checkpoint ordering[0m
[amcl-4] [0m[INFO] [1789730086.172875964] [amcl]: Message Filter dropping message: frame 'lidar' at time 1789730085.878 for reason 'discarding message because the queue is full'[0m
[log_localization-8] 1789730086.178610 [0] log_locali: selected interface "lo" is not multicast-capable: disabling multicast
[localization_bootstrap-6] [0m[INFO] [1789730086.179568907] [localization_bootstrap]: WARMUP SEED: reading /autodrive/roboracer_1/ips (simulator ground-truth position) ONCE -- initial pose seed. Legal: the first lap is warmup, this is read before the car moves, and it is released immediately after. Nothing reads ground truth afterwards.[0m
[localization_bootstrap-6] [0m[INFO] [1789730086.180466431] [localization_bootstrap]: mode=truth: seeding the initial pose from /ips + /imu before the car moves, then releasing /ips. Tracking is lidar + map + dead reckoning from there on.[0m
[localization_bootstrap-6] [0m[INFO] [1789730086.181389222] [localization_bootstrap]: waiting for amcl to reach the active state before sending anything[0m
[localization_error-7] [31m[ERROR] [1789730086.193043268] [localization_error]: RESTRICTED TOPIC: reading /autodrive/roboracer_1/odom (simulator ground-truth pose and twist) -- continuous comparison against TF map -> roboracer_1. This run is NOT race-legal; any lap time from it is a development number. See racer_common/restricted.py.[0m
[localization_error-7] [0m[INFO] [1789730086.194529130] [localization_error]: sampling starts 1.0 s after /localization_ready; bootstrap is excluded (require_ready:=false to include it)[0m
[localization_error-7] [0m[INFO] [1789730086.196506488] [localization_error]: waiting for TF map -> roboracer_1: "map" passed to lookupTransform argument target_frame does not exist. [0m
[amcl-4] [0m[INFO] [1789730086.205006030] [amcl]: createLaserObject[0m
[localization_bootstrap-6] [0m[INFO] [1789730086.233591555] [localization_bootstrap]: amcl is ACTIVE -- an initial pose will now be accepted[0m
[localization_bootstrap-6] [0m[INFO] [1789730086.283405023] [localization_bootstrap]: seed 1/5: x=+0.801 y=+3.158 yaw=-90.0 deg -- awaiting confirmation[0m
[localization_bootstrap-6] [0m[INFO] [1789730086.284162085] [localization_bootstrap]: MEASURED SPAWN x=+0.801 y=+3.158 yaw=-90.0 deg -- within 2 cm of racer_common.frames.SPAWN_*, so the fallback is sound too. Nothing to change.[0m
[log_localization-8] [31m[ERROR] [1789730086.328345041] [log_localization]: RESTRICTED TOPIC: reading /autodrive/roboracer_1/ips (simulator ground-truth position) -- continuous logging against the estimate. This run is NOT race-legal; any lap time from it is a development number. See racer_common/restricted.py.[0m
[log_localization-8] [31m[ERROR] [1789730086.329349113] [log_localization]: RESTRICTED TOPIC: reading /autodrive/roboracer_1/odom (simulator ground-truth pose and twist) -- continuous logging against the estimate. This run is NOT race-legal; any lap time from it is a development number. See racer_common/restricted.py.[0m
[log_localization-8] [0m[INFO] [1789730086.330728596] [log_localization]: logging to /root/Documents/roboracer/logs/mt_m08.csv at 20 Hz until Ctrl-C[0m
[log_localization-8] [0m[INFO] [1789730086.381219848] [log_localization]: waiting for TF map -> roboracer_1 ...[0m
[amcl-4] [0m[INFO] [1789730086.450821071] [amcl]: initialPoseReceived[0m
[amcl-4] [0m[INFO] [1789730086.450932169] [amcl]: Setting pose (1789730086.450932): 0.801 3.158 -1.571[0m
[amcl-4] [0m[INFO] [1789730086.453651781] [amcl]: Requesting no-motion update[0m
[amcl-4] [0m[INFO] [1789730086.782256664] [amcl]: Requesting no-motion update[0m
[amcl-4] [0m[INFO] [1789730087.232520694] [amcl]: Requesting no-motion update[0m
[amcl-4] [0m[INFO] [1789730087.633451042] [amcl]: Requesting no-motion update[0m
[pure_pursuit] launch overrides: {'exit_guard_from': 0.0, 'exit_guard_full': 0.0, 'lqr_k_lat': 0.03, 'lqr_k_head': 0.05, 'lqr_k_yaw': 0.0, 'lqr_max_correction_rad': 0.02, 'v_max': 9.0, 'warmup_v_max': 2.0, 'warmup_dist_m': 21.0, 'target_lead_s': 0.0, 'enc_rate_window_s': 0.05, 'slip_circle': 0.12, 'accel_ff': 1.0, 'control_hz': 45.0, 'controller_mode': 'hybrid_lqr'}
[INFO] [pure_pursuit-10]: process started with pid [411]
[pure_pursuit-10] 1789730088.059970 [0] pure_pursu: selected interface "lo" is not multicast-capable: disabling multicast
[amcl-4] [0m[INFO] [1789730088.082080634] [amcl]: Requesting no-motion update[0m
[pure_pursuit-10] [0m[INFO] [1789730088.170476762] [pure_pursuit]: path: 435 points, 43.43 m lap, from /root/Documents/roboracer/raceline/iros2026/rl_mt_b05b15w05_ell_L65_B50_v9.0.csv[0m
[pure_pursuit-10] [0m[INFO] [1789730088.175722997] [pure_pursuit]: pose from TF map -> roboracer_1 (continuous); /amcl_pose kept as a fallback[0m
[pure_pursuit-10] [0m[INFO] [1789730088.177413880] [pure_pursuit]: steering on /amcl_pose[0m
[pure_pursuit-10] [0m[INFO] [1789730088.178093558] [pure_pursuit]: warmup cap: speed target held at 2.00 m/s for the first 21.0 m of driving, then released[0m
[pure_pursuit-10] [0m[INFO] [1789730088.183013665] [pure_pursuit]: speed_source=tire  throttle_mode=slip  slip band [-0.08, +0.08]  u_launch 0.4 m/s  lookahead 0.8-2.2 m (k 0.55)  latency_comp 0.05 s[0m
[pure_pursuit-10] [0m[INFO] [1789730088.183782719] [pure_pursuit]: slip band: circle 0.12 x sqrt(1 - (a_lat/7)^2), replacing the fixed band above  |  plan-acceleration feedforward ON[0m
[localization_bootstrap-6] [0m[INFO] [1789730088.184068222] [localization_bootstrap]: seed 1/5 sent, awaiting a fresh /amcl_pose to confirm it[0m
[pure_pursuit-10] [33m[WARN] [1789730088.184693057] [pure_pursuit]: dev_lap_telemetry ON: subscribing to RESTRICTED lap topics[0m
[pure_pursuit-10] [0m[INFO] [1789730088.187665721] [pure_pursuit]: holding until /localization_ready[0m
[pure_pursuit-10] [0m[INFO] [1789730088.195871105] [pure_pursuit]: lap 0: inf s[0m
[localization_bootstrap-6] [0m[INFO] [1789730088.333587571] [localization_bootstrap]: localization_bootstrap: released /autodrive/roboracer_1/ips -- no restricted topic is read from here on; the timed laps are clean.[0m
[localization_bootstrap-6] [0m[INFO] [1789730088.334528276] [localization_bootstrap]: 100% of beams on a wall within 10 cm (min 50%). seed CONFIRMED on attempt 1: the estimate is 0.7 cm / 0.2 deg from truth (pos std 0.056 m). Tracking is now lidar + map + dead reckoning only.[0m
[pure_pursuit-10] [0m[INFO] [1789730088.334957065] [pure_pursuit]: localization converged, taking over[0m
[localization_bootstrap-6] [0m[INFO] [1789730088.335261864] [localization_bootstrap]: /localization_ready = true, follower may take over[0m
[localization_bootstrap-6] [0m[INFO] [1789730088.335973401] [localization_bootstrap]: recovery armed: watching encoders + IMU for a reset; 15 checkpoint(s) known for this track[0m
[localization_error-7] [0m[INFO] [1789730088.336161361] [localization_error]: /localization_ready latched -- sampling opens in 1.0 s (32 bootstrap samples discarded)[0m
[localization_error-7] [0m[INFO] [1789730091.138517112] [localization_error]: now[ 37] 0.352 m / 0.51 deg  |  session[n=37] mean 0.352 p95 0.407 max 0.430 m, heading mean 0.51 max 1.95 deg[0m
[log_localization-8] [0m[INFO] [1789730091.431861571] [log_localization]:    5.0 s     5.9 m  err 0.256 m (along +0.256 cross +0.014) yaw  +0.32 deg  m->o yaw  +0.32 deg | fit true 0.013 est 0.007 (x0.53)  enc/true 1.049  dr_err 0.41 m[0m
[localization_error-7] [0m[INFO] [1789730096.139158901] [localization_error]: now[137] 0.307 m / 0.33 deg  |  session[n=137] mean 0.307 p95 0.404 max 0.430 m, heading mean 0.33 max 1.95 deg[0m
[log_localization-8] [0m[INFO] [1789730096.431793034] [log_localization]:   10.0 s    15.8 m  err 0.064 m (along +0.063 cross -0.008) yaw  -0.22 deg  m->o yaw  -0.23 deg | fit true 0.001 est 0.003 (x4.22)  enc/true 1.012  dr_err 0.56 m[0m
[pure_pursuit-10] [0m[INFO] [1789730099.217794533] [pure_pursuit]: warmup cap released after 21.0 m; v_max back to 9.00 m/s[0m
[localization_error-7] [0m[INFO] [1789730101.138911721] [localization_error]: now[200] 0.223 m / 0.79 deg  |  session[n=237] mean 0.243 p95 0.399 max 0.430 m, heading mean 0.74 max 6.04 deg[0m
[log_localization-8] [0m[INFO] [1789730101.433209397] [log_localization]:   15.0 s    31.3 m  err 0.138 m (along -0.136 cross +0.018) yaw  +1.68 deg  m->o yaw  +1.76 deg | fit true 0.037 est 0.030 (x0.82)  enc/true 1.022  dr_err 0.48 m[0m
[pure_pursuit-10] [0m[INFO] [1789730104.171943588] [pure_pursuit]: lap 1: 35.13 s[0m
[localization_error-7] [0m[INFO] [1789730106.138839187] [localization_error]: now[200] 0.250 m / 1.47 deg  |  session[n=337] mean 0.273 p95 0.597 max 0.904 m, heading mean 1.00 max 6.04 deg[0m
[log_localization-8] [0m[INFO] [1789730106.432153840] [log_localization]:   20.0 s    57.6 m  err 0.321 m (along +0.321 cross -0.006) yaw  +0.83 deg  m->o yaw  +0.15 deg | fit true 0.005 est 0.009 (x1.98)  enc/true 1.022  dr_err 0.65 m[0m
[localization_error-7] [0m[INFO] [1789730111.138643864] [localization_error]: now[200] 0.322 m / 1.83 deg  |  session[n=437] mean 0.280 p95 0.658 max 0.911 m, heading mean 1.24 max 6.14 deg[0m
[log_localization-8] [0m[INFO] [1789730111.431647346] [log_localization]:   25.0 s    79.8 m  err 0.057 m (along -0.054 cross +0.017) yaw  -0.47 deg  m->o yaw  -0.27 deg | fit true 0.030 est 0.028 (x0.92)  enc/true 1.019  dr_err 0.29 m[0m
[pure_pursuit-10] [0m[INFO] [1789730113.125853711] [pure_pursuit]: lap 2: 8.97 s[0m
[localization_error-7] [0m[INFO] [1789730116.138921883] [localization_error]: now[200] 0.331 m / 1.67 deg  |  session[n=537] mean 0.295 p95 0.674 max 0.911 m, heading mean 1.25 max 6.14 deg[0m
[log_localization-8] [0m[INFO] [1789730116.435279522] [log_localization]:   30.0 s   105.0 m  err 0.109 m (along -0.098 cross +0.046) yaw  -3.32 deg  m->o yaw  -1.04 deg | fit true 0.089 est 0.036 (x0.40)  enc/true 1.019  dr_err 1.05 m[0m
[localization_error-7] [0m[INFO] [1789730121.138939908] [localization_error]: now[200] 0.283 m / 1.57 deg  |  session[n=637] mean 0.281 p95 0.664 max 0.911 m, heading mean 1.34 max 6.14 deg[0m
[log_localization-8] [0m[INFO] [1789730121.431930136] [log_localization]:   35.0 s   127.2 m  err 0.048 m (along +0.032 cross -0.036) yaw  -0.32 deg  m->o yaw  -0.55 deg | fit true 0.016 est 0.007 (x0.41)  enc/true 1.019  dr_err 0.59 m[0m
[pure_pursuit-10] [0m[INFO] [1789730122.098395054] [pure_pursuit]: lap 3: 8.95 s[0m
[localization_error-7] [0m[INFO] [1789730126.138804086] [localization_error]: now[200] 0.272 m / 1.66 deg  |  session[n=737] mean 0.288 p95 0.668 max 1.602 m, heading mean 1.36 max 6.14 deg[0m
[log_localization-8] [0m[INFO] [1789730126.431665584] [log_localization]:   40.0 s   150.9 m  err 1.598 m (along +1.550 cross -0.389) yaw  +7.52 deg  m->o yaw  +7.65 deg | fit true 0.001 est 0.584 (x495.15)  enc/true 1.025  dr_err 1.50 m[0m
[pure_pursuit-10] [33m[WARN] [1789730126.626445158] [pure_pursuit]: heading jumped -37 deg in one tick: respawn. Speed estimate 4.41 -> 0, pose history cleared.[0m
[localization_bootstrap-6] [33m[WARN] [1789730126.627484617] [localization_bootstrap]: RESET detected: heading stepped -38 deg in one tick[0m
[localization_bootstrap-6] [33m[WARN] [1789730126.633948944] [localization_bootstrap]: recovery #1: follower held; prior (+0.80, -8.35, +15 deg) -- checkpoint 1.3 m behind the last pose along the track[0m
[pure_pursuit-10] [33m[WARN] [1789730126.634003415] [pure_pursuit]: localization lost after a reset: holding until it is re-confirmed[0m
[localization_bootstrap-6] [0m[INFO] [1789730126.683096760] [localization_bootstrap]: seed 1/3: x=+0.800 y=-8.348 yaw=+14.5 deg -- awaiting confirmation[0m
[localization_bootstrap-6] [0m[INFO] [1789730126.683954599] [localization_bootstrap]: not reporting a spawn constant: the car is moving at 3.1 m/s, so this pose is not the spawn[0m
[amcl-4] [0m[INFO] [1789730126.691526191] [amcl]: initialPoseReceived[0m
[amcl-4] [0m[INFO] [1789730126.691626969] [amcl]: Setting pose (1789730126.691627): 0.859 -8.333 0.251[0m
[amcl-4] [0m[INFO] [1789730126.732400426] [amcl]: Requesting no-motion update[0m
[amcl-4] [0m[INFO] [1789730127.182383573] [amcl]: Requesting no-motion update[0m
[amcl-4] [0m[INFO] [1789730127.632026765] [amcl]: Requesting no-motion update[0m
[amcl-4] [0m[INFO] [1789730128.032541267] [amcl]: Requesting no-motion update[0m
[localization_bootstrap-6] [0m[INFO] [1789730128.183395536] [localization_bootstrap]: recovery #1: seed, attempt 1[0m
[amcl-4] [0m[INFO] [1789730128.482299012] [amcl]: Requesting no-motion update[0m
[localization_bootstrap-6] [33m[WARN] [1789730128.683355955] [localization_bootstrap]: seed 1 not adopted -- the estimate is 1.93 m / 22.2 deg from the seed, tolerance 0.40 m / 15.0 deg (speed 0.0 m/s); failed: position; re-seeding[0m
[amcl-4] [0m[INFO] [1789730128.683751863] [amcl]: initialPoseReceived[0m
[amcl-4] [0m[INFO] [1789730128.683831492] [amcl]: Setting pose (1789730128.683831): 0.800 -8.348 0.252[0m
[localization_bootstrap-6] [0m[INFO] [1789730128.684403539] [localization_bootstrap]: seed 2/3: x=+0.800 y=-8.348 yaw=+14.4 deg -- awaiting confirmation[0m
[amcl-4] [0m[INFO] [1789730128.932252073] [amcl]: Requesting no-motion update[0m
[amcl-4] [0m[INFO] [1789730129.333005510] [amcl]: Requesting no-motion update[0m
[amcl-4] [0m[INFO] [1789730129.732345161] [amcl]: Requesting no-motion update[0m
[amcl-4] [0m[INFO] [1789730130.183043361] [amcl]: Requesting no-motion update[0m
[localization_bootstrap-6] [0m[INFO] [1789730130.183893858] [localization_bootstrap]: recovery #1: seed, attempt 2[0m
[amcl-4] [0m[INFO] [1789730130.582405163] [amcl]: Requesting no-motion update[0m
[localization_bootstrap-6] [33m[WARN] [1789730130.734293902] [localization_bootstrap]: seed 2 not adopted -- the estimate is 0.02 m / 1.6 deg from the seed, tolerance 0.40 m / 15.0 deg (speed 0.0 m/s); failed: 35% of beams on a wall within 10 cm (min 50%); re-seeding[0m
[amcl-4] [0m[INFO] [1789730130.735068326] [amcl]: initialPoseReceived[0m
[amcl-4] [0m[INFO] [1789730130.735294438] [amcl]: Setting pose (1789730130.735294): 0.800 -8.348 0.252[0m
[localization_bootstrap-6] [0m[INFO] [1789730130.736879174] [localization_bootstrap]: seed 3/3: x=+0.800 y=-8.348 yaw=+14.4 deg -- awaiting confirmation[0m
[amcl-4] [0m[INFO] [1789730131.032304714] [amcl]: Requesting no-motion update[0m
[localization_error-7] [0m[INFO] [1789730131.138608201] [localization_error]: now[200] 3.644 m / 7.35 deg  |  session[n=837] mean 1.084 p95 7.486 max 8.502 m, heading mean 2.78 max 150.78 deg[0m
[log_localization-8] [0m[INFO] [1789730131.432973534] [log_localization]:   45.0 s   152.7 m  err 7.476 m (along +0.929 cross +7.418) yaw  +1.09 deg  m->o yaw  +1.09 deg | fit true 0.002 est 0.308 (x131.79)  enc/true 1.020  dr_err 5.42 m[0m
[amcl-4] [0m[INFO] [1789730131.482245531] [amcl]: Requesting no-motion update[0m
[amcl-4] [0m[INFO] [1789730131.882890637] [amcl]: Requesting no-motion update[0m
[localization_bootstrap-6] [0m[INFO] [1789730132.183419044] [localization_bootstrap]: recovery #1: seed, attempt 3[0m
[amcl-4] [0m[INFO] [1789730132.332293661] [amcl]: Requesting no-motion update[0m
[amcl-4] [0m[INFO] [1789730132.782211917] [amcl]: Requesting no-motion update[0m
[localization_bootstrap-6] [33m[WARN] [1789730132.783795059] [localization_bootstrap]: recovery: accepting the seed on agreement -- the estimate is 0.02 m / 2.2 deg from the seed, tolerance 0.40 m / 15.0 deg (speed 0.0 m/s); failed: 34% of beams on a wall within 10 cm (min 50%)[0m
[localization_bootstrap-6] [0m[INFO] [1789730132.784649543] [localization_bootstrap]: recovery: seed ACCEPTED on agreement after 3 attempts: 2.3 cm / 2.2 deg from the prior[0m
[localization_bootstrap-6] [0m[INFO] [1789730132.785490532] [localization_bootstrap]: CHECKPOINT CANDIDATE (converged after reset): ('0.823', '-8.347', '0.290')[0m
[localization_bootstrap-6] [0m[INFO] [1789730134.183345670] [localization_bootstrap]: recovery #1: creep, attempt 3[0m
[localization_bootstrap-6] [0m[INFO] [1789730135.832645359] [localization_bootstrap]: recovery #1 complete in 9.2 s; follower resumes[0m
[pure_pursuit-10] [0m[INFO] [1789730135.833650554] [pure_pursuit]: localization converged, taking over[0m
[localization_error-7] [0m[INFO] [1789730136.138642727] [localization_error]: now[200] 7.426 m / 14.99 deg  |  session[n=937] mean 1.812 p95 8.216 max 8.995 m, heading mean 4.27 max 150.78 deg[0m
[log_localization-8] [0m[INFO] [1789730136.432119783] [log_localization]:   50.0 s   159.3 m  err 9.000 m (along +8.124 cross +3.872) yaw +25.22 deg  m->o yaw +26.25 deg | fit true 0.042 est 0.231 (x5.47)  enc/true 1.021  dr_err 5.52 m[0m
[pure_pursuit-10] [33m[WARN] [1789730136.473135281] [pure_pursuit]: heading jumped +47 deg in one tick: respawn. Speed estimate 3.26 -> 0, pose history cleared.[0m
[localization_bootstrap-6] [33m[WARN] [1789730136.475004277] [localization_bootstrap]: RESET detected: heading stepped +45 deg in one tick[0m
[pure_pursuit-10] [33m[WARN] [1789730136.484821727] [pure_pursuit]: localization lost after a reset: holding until it is re-confirmed[0m
[localization_bootstrap-6] [33m[WARN] [1789730136.484995652] [localization_bootstrap]: recovery #2: follower held; prior (+0.80, -2.35, +135 deg) -- checkpoint 0.6 m behind the last pose along the track[0m
[localization_bootstrap-6] [0m[INFO] [1789730136.532753705] [localization_bootstrap]: seed 1/3: x=+0.800 y=-2.348 yaw=+134.6 deg -- awaiting confirmation[0m
[localization_bootstrap-6] [0m[INFO] [1789730136.533417253] [localization_bootstrap]: not reporting a spawn constant: the car is moving at 1.7 m/s, so this pose is not the spawn[0m
[amcl-4] [0m[INFO] [1789730136.551449936] [amcl]: initialPoseReceived[0m
[amcl-4] [0m[INFO] [1789730136.551553619] [amcl]: Setting pose (1789730136.551553): 0.764 -2.312 2.353[0m
[amcl-4] [0m[INFO] [1789730136.582113527] [amcl]: Requesting no-motion update[0m
[amcl-4] [0m[INFO] [1789730136.982353547] [amcl]: Requesting no-motion update[0m
[amcl-4] [0m[INFO] [1789730137.382360072] [amcl]: Requesting no-motion update[0m
[amcl-4] [0m[INFO] [1789730137.832092140] [amcl]: Requesting no-motion update[0m
[localization_bootstrap-6] [0m[INFO] [1789730138.182586429] [localization_bootstrap]: recovery #2: seed, attempt 1[0m
[amcl-4] [0m[INFO] [1789730138.232696660] [amcl]: Requesting no-motion update[0m
[localization_bootstrap-6] [33m[WARN] [1789730138.584387090] [localization_bootstrap]: seed 1 not adopted -- the estimate is 0.97 m / 2.1 deg from the seed, tolerance 0.40 m / 15.0 deg (speed 0.0 m/s); failed: position, 8% of beams on a wall within 10 cm (min 50%), pos std 0.3274249735902825 > 0.3; re-seeding[0m
[amcl-4] [0m[INFO] [1789730138.585131188] [amcl]: initialPoseReceived[0m
[amcl-4] [0m[INFO] [1789730138.585259477] [amcl]: Setting pose (1789730138.585259): 0.800 -2.348 2.349[0m
[localization_bootstrap-6] [0m[INFO] [1789730138.586377071] [localization_bootstrap]: seed 2/3: x=+0.800 y=-2.348 yaw=+134.6 deg -- awaiting confirmation[0m
[amcl-4] [0m[INFO] [1789730138.682339772] [amcl]: Requesting no-motion update[0m
[amcl-4] [0m[INFO] [1789730139.132450626] [amcl]: Requesting no-motion update[0m
[amcl-4] [0m[INFO] [1789730139.582449532] [amcl]: Requesting no-motion update[0m
[amcl-4] [0m[INFO] [1789730140.032070433] [amcl]: Requesting no-motion update[0m
[localization_bootstrap-6] [0m[INFO] [1789730140.183809803] [localization_bootstrap]: recovery #2: seed, attempt 2[0m
[amcl-4] [0m[INFO] [1789730140.432582791] [amcl]: Requesting no-motion update[0m
[localization_bootstrap-6] [33m[WARN] [1789730140.634057212] [localization_bootstrap]: seed 2 not adopted -- the estimate is 0.11 m / 5.1 deg from the seed, tolerance 0.40 m / 15.0 deg (speed 0.0 m/s); failed: 21% of beams on a wall within 10 cm (min 50%); re-seeding[0m
[amcl-4] [0m[INFO] [1789730140.634661209] [amcl]: initialPoseReceived[0m
[amcl-4] [0m[INFO] [1789730140.634736319] [amcl]: Setting pose (1789730140.634736): 0.800 -2.348 2.349[0m
[localization_bootstrap-6] [0m[INFO] [1789730140.636487144] [localization_bootstrap]: seed 3/3: x=+0.800 y=-2.348 yaw=+134.6 deg -- awaiting confirmation[0m
[amcl-4] [0m[INFO] [1789730140.882303758] [amcl]: Requesting no-motion update[0m
[localization_error-7] [0m[INFO] [1789730141.138481046] [localization_error]: now[200] 8.305 m / 12.23 deg  |  session[n=1037] mean 2.477 p95 8.990 max 9.973 m, heading mean 4.60 max 150.78 deg[0m
[amcl-4] [0m[INFO] [1789730141.332163585] [amcl]: Requesting no-motion update[0m
[log_localization-8] [0m[INFO] [1789730141.432318635] [log_localization]:   55.0 s   159.7 m  err 8.091 m (along +7.392 cross -3.291) yaw  -1.65 deg  m->o yaw  -1.65 deg | fit true 0.006 est 0.281 (x44.43)  enc/true 1.020  dr_err 5.37 m[0m
[amcl-4] [0m[INFO] [1789730141.732299381] [amcl]: Requesting no-motion update[0m
[amcl-4] [0m[INFO] [1789730142.182030457] [amcl]: Requesting no-motion update[0m
[localization_bootstrap-6] [0m[INFO] [1789730142.182639693] [localization_bootstrap]: recovery #2: seed, attempt 3[0m
[amcl-4] [0m[INFO] [1789730142.582542364] [amcl]: Requesting no-motion update[0m
[localization_bootstrap-6] [33m[WARN] [1789730142.682747748] [localization_bootstrap]: recovery: accepting the seed on agreement -- the estimate is 0.13 m / 3.4 deg from the seed, tolerance 0.40 m / 15.0 deg (speed 0.0 m/s); failed: 20% of beams on a wall within 10 cm (min 50%)[0m
[localization_bootstrap-6] [0m[INFO] [1789730142.683421604] [localization_bootstrap]: recovery: seed ACCEPTED on agreement after 3 attempts: 12.6 cm / 3.4 deg from the prior[0m
[localization_bootstrap-6] [0m[INFO] [1789730142.684084581] [localization_bootstrap]: CHECKPOINT CANDIDATE (converged after reset): ('0.924', '-2.370', '2.291')[0m
[localization_bootstrap-6] [0m[INFO] [1789730144.183927808] [localization_bootstrap]: recovery #2: creep, attempt 3[0m
[localization_bootstrap-6] [0m[INFO] [1789730145.732593404] [localization_bootstrap]: recovery #2 complete in 9.2 s; follower resumes[0m
[pure_pursuit-10] [0m[INFO] [1789730145.733231734] [pure_pursuit]: localization converged, taking over[0m
[localization_error-7] [0m[INFO] [1789730146.139001809] [localization_error]: now[200] 8.341 m / 7.98 deg  |  session[n=1137] mean 2.960 p95 8.956 max 9.973 m, heading mean 4.92 max 150.78 deg[0m
[pure_pursuit-10] [33m[WARN] [1789730146.367139359] [pure_pursuit]: heading jumped -73 deg in one tick: respawn. Speed estimate 2.89 -> 0, pose history cleared.[0m
[localization_bootstrap-6] [33m[WARN] [1789730146.369491276] [localization_bootstrap]: RESET detected: heading stepped -69 deg in one tick[0m
[pure_pursuit-10] [33m[WARN] [1789730146.383239818] [pure_pursuit]: localization lost after a reset: holding until it is re-confirmed[0m
[localization_bootstrap-6] [33m[WARN] [1789730146.383376283] [localization_bootstrap]: recovery #3: follower held; prior (+0.80, +3.65, +90 deg) -- checkpoint -0.1 m behind the last pose along the track[0m
[log_localization-8] [0m[INFO] [1789730146.431073794] [log_localization]:   59.9 s   167.3 m  err 9.024 m (along +8.886 cross +1.577) yaw -18.49 deg  m->o yaw -18.69 deg | fit true 0.021 est 0.290 (x13.94)  enc/true 1.018  dr_err 5.99 m[0m
[amcl-4] [0m[INFO] [1789730146.432471741] [amcl]: initialPoseReceived[0m
[amcl-4] [0m[INFO] [1789730146.432570585] [amcl]: Setting pose (1789730146.432570): 0.800 3.654 1.590[0m
[localization_bootstrap-6] [0m[INFO] [1789730146.434060825] [localization_bootstrap]: seed 1/3: x=+0.800 y=+3.653 yaw=+91.1 deg -- awaiting confirmation[0m
[localization_bootstrap-6] [33m[WARN] [1789730146.435131151] [localization_bootstrap]: MEASURED SPAWN is 0.495 m / 178.9 deg from racer_common.frames.SPAWN_* -- inside the +-0.5 m seed search, so slam could still recover it. This run is seeded and therefore fine; the FALLBACK is what is wrong.
[localization_bootstrap-6]     Paste into racer_common/frames.py so bootstrap:=false and bootstrap_mode:=global start somewhere real:
[localization_bootstrap-6]         SPAWN_X = '0.800'
[localization_bootstrap-6]         SPAWN_Y = '3.653'
[localization_bootstrap-6]         SPAWN_YAW = '1.5902'[0m
[amcl-4] [0m[INFO] [1789730146.482292813] [amcl]: Requesting no-motion update[0m
[amcl-4] [0m[INFO] [1789730146.932213242] [amcl]: Requesting no-motion update[0m
[amcl-4] [0m[INFO] [1789730147.382218820] [amcl]: Requesting no-motion update[0m
[amcl-4] [0m[INFO] [1789730147.782457137] [amcl]: Requesting no-motion update[0m
[amcl-4] [0m[INFO] [1789730148.182614383] [amcl]: Requesting no-motion update[0m
[localization_bootstrap-6] [0m[INFO] [1789730148.183886786] [localization_bootstrap]: recovery #3: seed, attempt 1[0m
[localization_bootstrap-6] [33m[WARN] [1789730148.482820429] [localization_bootstrap]: seed 1 not adopted -- the estimate is 0.84 m / 0.1 deg from the seed, tolerance 0.40 m / 15.0 deg (speed 0.0 m/s); failed: position, 40% of beams on a wall within 10 cm (min 50%); re-seeding[0m
[amcl-4] [0m[INFO] [1789730148.483237898] [amcl]: initialPoseReceived[0m
[amcl-4] [0m[INFO] [1789730148.483301557] [amcl]: Setting pose (1789730148.483301): 0.800 3.653 1.590[0m
[localization_bootstrap-6] [0m[INFO] [1789730148.483792753] [localization_bootstrap]: seed 2/3: x=+0.800 y=+3.653 yaw=+91.1 deg -- awaiting confirmation[0m
[amcl-4] [0m[INFO] [1789730148.632043416] [amcl]: Requesting no-motion update[0m
[amcl-4] [0m[INFO] [1789730149.032161158] [amcl]: Requesting no-motion update[0m
[amcl-4] [0m[INFO] [1789730149.432225020] [amcl]: Requesting no-motion update[0m
[amcl-4] [0m[INFO] [1789730149.832381394] [amcl]: Requesting no-motion update[0m
[localization_bootstrap-6] [0m[INFO] [1789730150.184967414] [localization_bootstrap]: recovery #3: seed, attempt 2[0m
[amcl-4] [0m[INFO] [1789730150.232421531] [amcl]: Requesting no-motion update[0m
[localization_bootstrap-6] [0m[INFO] [1789730150.533243526] [localization_bootstrap]: recovery: 64% of beams on a wall within 10 cm (min 50%). seed CONFIRMED on attempt 2: the estimate is 8.0 cm / 0.2 deg from truth (pos std 0.150 m). Tracking is now lidar + map + dead reckoning only.[0m
[localization_bootstrap-6] [0m[INFO] [1789730150.533865286] [localization_bootstrap]: CHECKPOINT CANDIDATE (converged after reset): ('0.805', '3.573', '1.586')[0m
[localization_error-7] [0m[INFO] [1789730151.139781323] [localization_error]: now[200] 8.434 m / 4.55 deg  |  session[n=1237] mean 3.440 p95 9.140 max 9.973 m, heading mean 4.59 max 150.78 deg[0m
[log_localization-8] [0m[INFO] [1789730151.431597462] [log_localization]:   65.0 s   168.5 m  err 8.461 m (along +7.572 cross +3.776) yaw  +0.51 deg  m->o yaw  +0.30 deg | fit true 0.001 est 0.366 (x452.36)  enc/true 1.020  dr_err 6.97 m[0m
[localization_bootstrap-6] [0m[INFO] [1789730152.183157662] [localization_bootstrap]: recovery #3: creep, attempt 2[0m
[pure_pursuit-10] [0m[INFO] [1789730153.583167409] [pure_pursuit]: localization converged, taking over[0m
[localization_bootstrap-6] [0m[INFO] [1789730153.583516309] [localization_bootstrap]: recovery #3 complete in 7.2 s; follower resumes[0m
[localization_bootstrap-6] [33m[WARN] [1789730154.329646141] [localization_bootstrap]: RESET detected: heading stepped -14 deg in one tick[0m
[localization_bootstrap-6] [33m[WARN] [1789730154.333159103] [localization_bootstrap]: recovery #4: follower held; prior (+5.07, +0.12, +90 deg) -- checkpoint 5.8 m behind the last pose along the track[0m
[pure_pursuit-10] [33m[WARN] [1789730154.333287893] [pure_pursuit]: localization lost after a reset: holding until it is re-confirmed[0m
[localization_bootstrap-6] [0m[INFO] [1789730154.383878049] [localization_bootstrap]: seed 1/3: x=+5.070 y=+0.121 yaw=+90.1 deg -- awaiting confirmation[0m
[localization_bootstrap-6] [0m[INFO] [1789730154.385296815] [localization_bootstrap]: not reporting a spawn constant: the car is moving at 1.4 m/s, so this pose is not the spawn[0m
[amcl-4] [0m[INFO] [1789730154.393988827] [amcl]: initialPoseReceived[0m
[amcl-4] [0m[INFO] [1789730154.394076380] [amcl]: Setting pose (1789730154.394076): 5.070 0.163 1.571[0m
[amcl-4] [0m[INFO] [1789730154.432091162] [amcl]: Requesting no-motion update[0m
[amcl-4] [0m[INFO] [1789730154.832306876] [amcl]: Requesting no-motion update[0m
[amcl-4] [0m[INFO] [1789730155.233517537] [amcl]: Requesting no-motion update[0m
[amcl-4] [0m[INFO] [1789730155.682127763] [amcl]: Requesting no-motion update[0m
[amcl-4] [0m[INFO] [1789730156.082290288] [amcl]: Requesting no-motion update[0m
[localization_error-7] [0m[INFO] [1789730156.138531965] [localization_error]: now[200] 7.545 m / 2.52 deg  |  session[n=1337] mean 3.646 p95 9.218 max 9.973 m, heading mean 4.56 max 150.78 deg[0m
[localization_bootstrap-6] [0m[INFO] [1789730156.182638699] [localization_bootstrap]: recovery #4: seed, attempt 1[0m
[log_localization-8] [0m[INFO] [1789730156.432943464] [log_localization]:   70.0 s   175.8 m  err 0.381 m (along +0.368 cross +0.098) yaw  +8.17 deg  m->o yaw  +8.17 deg | fit true 0.013 est 0.110 (x8.32)  enc/true 1.010  dr_err 8.64 m[0m
[localization_bootstrap-6] [0m[INFO] [1789730156.434349045] [localization_bootstrap]: recovery: 71% of beams on a wall within 10 cm (min 50%). seed CONFIRMED on attempt 1: the estimate is 38.9 cm / 8.2 deg from truth (pos std 0.172 m). Tracking is now lidar + map + dead reckoning only.[0m
[localization_bootstrap-6] [0m[INFO] [1789730156.436093699] [localization_bootstrap]: CHECKPOINT CANDIDATE (converged after reset): ('4.972', '0.498', '1.715')[0m
[localization_bootstrap-6] [0m[INFO] [1789730158.183920201] [localization_bootstrap]: recovery #4: creep, attempt 1[0m
[pure_pursuit-10] [0m[INFO] [1789730159.482742633] [pure_pursuit]: localization converged, taking over[0m
[localization_bootstrap-6] [0m[INFO] [1789730159.482763161] [localization_bootstrap]: recovery #4 complete in 5.2 s; follower resumes[0m
[pure_pursuit-10] [0m[INFO] [1789730160.371451960] [pure_pursuit]: lap 4: 38.27 s[0m
[localization_error-7] [0m[INFO] [1789730161.138787002] [localization_error]: now[200] 3.264 m / 4.27 deg  |  session[n=1437] mean 3.416 p95 9.140 max 9.973 m, heading mean 4.55 max 150.78 deg[0m
[log_localization-8] [0m[INFO] [1789730161.431145742] [log_localization]:   75.0 s   187.9 m  err 0.076 m (along +0.072 cross +0.023) yaw  +0.91 deg  m->o yaw  +0.91 deg | fit true 0.013 est 0.010 (x0.78)  enc/true 1.013  dr_err 8.59 m[0m
[pure_pursuit-10] [33m[WARN] [1789730164.891181616] [pure_pursuit]: heading jumped -30 deg in one tick: respawn. Speed estimate 4.38 -> 0, pose history cleared.[0m
[localization_bootstrap-6] [33m[WARN] [1789730164.891384825] [localization_bootstrap]: RESET detected: heading stepped -29 deg in one tick[0m
[localization_bootstrap-6] [33m[WARN] [1789730164.933552192] [localization_bootstrap]: recovery #5: follower held; prior (+3.02, -13.62, +15 deg) -- checkpoint -0.3 m behind the last pose along the track[0m
[pure_pursuit-10] [33m[WARN] [1789730164.934005277] [pure_pursuit]: localization lost after a reset: holding until it is re-confirmed[0m
[amcl-4] [0m[INFO] [1789730164.982659182] [amcl]: initialPoseReceived[0m
[amcl-4] [0m[INFO] [1789730164.982760190] [amcl]: Setting pose (1789730164.982760): 3.019 -13.624 0.279[0m
[localization_bootstrap-6] [0m[INFO] [1789730164.983234094] [localization_bootstrap]: seed 1/3: x=+3.018 y=-13.624 yaw=+16.0 deg -- awaiting confirmation[0m
[localization_bootstrap-6] [0m[INFO] [1789730164.984137739] [localization_bootstrap]: not reporting a spawn constant: the car is moving at 0.5 m/s, so this pose is not the spawn[0m
[amcl-4] [0m[INFO] [1789730165.032132835] [amcl]: Requesting no-motion update[0m
[amcl-4] [0m[INFO] [1789730165.432477050] [amcl]: Requesting no-motion update[0m
[amcl-4] [0m[INFO] [1789730165.882263509] [amcl]: Requesting no-motion update[0m
[localization_error-7] [0m[INFO] [1789730166.139596463] [localization_error]: now[200] 0.942 m / 3.62 deg  |  session[n=1537] mean 3.294 p95 9.103 max 9.973 m, heading mean 4.44 max 150.78 deg[0m
[localization_bootstrap-6] [0m[INFO] [1789730166.182777760] [localization_bootstrap]: recovery #5: seed, attempt 1[0m
[amcl-4] [0m[INFO] [1789730166.332289706] [amcl]: Requesting no-motion update[0m
[log_localization-8] [0m[INFO] [1789730166.431171451] [log_localization]:   80.0 s   206.2 m  err 4.155 m (along +3.466 cross +2.293) yaw +18.97 deg  m->o yaw +18.97 deg | fit true 0.002 est 0.415 (x175.76)  enc/true 1.011  dr_err 13.03 m[0m
[amcl-4] [0m[INFO] [1789730166.732424921] [amcl]: Requesting no-motion update[0m
[localization_bootstrap-6] [33m[WARN] [1789730167.034364129] [localization_bootstrap]: seed 1 not adopted -- the estimate is 1.77 m / 19.3 deg from the seed, tolerance 0.40 m / 15.0 deg (speed 0.0 m/s); failed: position, 30% of beams on a wall within 10 cm (min 50%); re-seeding[0m
[amcl-4] [0m[INFO] [1789730167.035213213] [amcl]: initialPoseReceived[0m
[amcl-4] [0m[INFO] [1789730167.035341302] [amcl]: Setting pose (1789730167.035341): 3.018 -13.624 0.279[0m
[localization_bootstrap-6] [0m[INFO] [1789730167.036947077] [localization_bootstrap]: seed 2/3: x=+3.018 y=-13.624 yaw=+16.0 deg -- awaiting confirmation[0m
[amcl-4] [0m[INFO] [1789730167.132899999] [amcl]: Requesting no-motion update[0m
[amcl-4] [0m[INFO] [1789730167.582311319] [amcl]: Requesting no-motion update[0m
[amcl-4] [0m[INFO] [1789730168.032304244] [amcl]: Requesting no-motion update[0m
[localization_bootstrap-6] [0m[INFO] [1789730168.183788838] [localization_bootstrap]: recovery #5: seed, attempt 2[0m
[amcl-4] [0m[INFO] [1789730168.482230824] [amcl]: Requesting no-motion update[0m
[amcl-4] [0m[INFO] [1789730168.932863122] [amcl]: Requesting no-motion update[0m
[localization_bootstrap-6] [0m[INFO] [1789730169.082956612] [localization_bootstrap]: recovery: 74% of beams on a wall within 10 cm (min 50%). seed CONFIRMED on attempt 2: the estimate is 3.3 cm / 4.5 deg from truth (pos std 0.172 m). Tracking is now lidar + map + dead reckoning only.[0m
[localization_bootstrap-6] [0m[INFO] [1789730169.083830141] [localization_bootstrap]: CHECKPOINT CANDIDATE (converged after reset): ('2.992', '-13.603', '0.200')[0m
[localization_bootstrap-6] [0m[INFO] [1789730170.185524061] [localization_bootstrap]: recovery #5: creep, attempt 2[0m
[localization_error-7] [0m[INFO] [1789730171.140077396] [localization_error]: now[200] 2.254 m / 6.14 deg  |  session[n=1637] mean 3.274 p95 9.082 max 9.973 m, heading mean 4.74 max 150.78 deg[0m
[log_localization-8] [0m[INFO] [1789730171.432359951] [log_localization]:   85.0 s   210.1 m  err 2.056 m (along +2.007 cross -0.450) yaw  -0.33 deg  m->o yaw  -0.32 deg | fit true 0.004 est 0.227 (x60.28)  enc/true 1.012  dr_err 13.13 m[0m
[pure_pursuit-10] [0m[INFO] [1789730172.132897148] [pure_pursuit]: localization converged, taking over[0m
[localization_bootstrap-6] [0m[INFO] [1789730172.133385729] [localization_bootstrap]: recovery #5 complete in 7.2 s; follower resumes[0m
[localization_bootstrap-6] [33m[WARN] [1789730172.768033995] [localization_bootstrap]: RESET detected: heading stepped -36 deg in one tick[0m
[pure_pursuit-10] [33m[WARN] [1789730172.768114094] [pure_pursuit]: heading jumped -39 deg in one tick: respawn. Speed estimate 2.78 -> 0, pose history cleared.[0m
[localization_bootstrap-6] [33m[WARN] [1789730172.783048364] [localization_bootstrap]: recovery #6: follower held; prior (+3.73, -9.94, +135 deg) -- checkpoint -0.2 m behind the last pose along the track[0m
[pure_pursuit-10] [33m[WARN] [1789730172.783240683] [pure_pursuit]: localization lost after a reset: holding until it is re-confirmed[0m
[localization_bootstrap-6] [0m[INFO] [1789730172.832949520] [localization_bootstrap]: seed 1/3: x=+3.728 y=-9.942 yaw=+135.3 deg -- awaiting confirmation[0m
[localization_bootstrap-6] [0m[INFO] [1789730172.833812048] [localization_bootstrap]: not reporting a spawn constant: the car is moving at 1.4 m/s, so this pose is not the spawn[0m
[amcl-4] [0m[INFO] [1789730172.846902311] [amcl]: initialPoseReceived[0m
[amcl-4] [0m[INFO] [1789730172.846984625] [amcl]: Setting pose (1789730172.846985): 3.709 -9.923 2.360[0m
[amcl-4] [0m[INFO] [1789730172.882257701] [amcl]: Requesting no-motion update[0m
[amcl-4] [0m[INFO] [1789730173.332152989] [amcl]: Requesting no-motion update[0m
[amcl-4] [0m[INFO] [1789730173.732354648] [amcl]: Requesting no-motion update[0m
[amcl-4] [0m[INFO] [1789730174.182282036] [amcl]: Requesting no-motion update[0m
[localization_bootstrap-6] [0m[INFO] [1789730174.184309686] [localization_bootstrap]: recovery #6: seed, attempt 1[0m
[amcl-4] [0m[INFO] [1789730174.632178085] [amcl]: Requesting no-motion update[0m
[localization_bootstrap-6] [33m[WARN] [1789730174.883088214] [localization_bootstrap]: seed 1 not adopted -- the estimate is 0.67 m / 3.5 deg from the seed, tolerance 0.40 m / 15.0 deg (speed 0.0 m/s); failed: position; re-seeding[0m
[amcl-4] [0m[INFO] [1789730174.883611800] [amcl]: initialPoseReceived[0m
[amcl-4] [0m[INFO] [1789730174.883730191] [amcl]: Setting pose (1789730174.883730): 3.728 -9.942 2.362[0m
[localization_bootstrap-6] [0m[INFO] [1789730174.884376365] [localization_bootstrap]: seed 2/3: x=+3.728 y=-9.942 yaw=+135.3 deg -- awaiting confirmation[0m
[amcl-4] [0m[INFO] [1789730175.034182655] [amcl]: Requesting no-motion update[0m
[amcl-4] [0m[INFO] [1789730175.482253152] [amcl]: Requesting no-motion update[0m
[amcl-4] [0m[INFO] [1789730175.882514903] [amcl]: Requesting no-motion update[0m
[localization_error-7] [0m[INFO] [1789730176.138621969] [localization_error]: now[200] 1.999 m / 6.50 deg  |  session[n=1737] mean 3.145 p95 9.082 max 9.973 m, heading mean 4.68 max 150.78 deg[0m
[localization_bootstrap-6] [0m[INFO] [1789730176.182815816] [localization_bootstrap]: recovery #6: seed, attempt 2[0m
[amcl-4] [0m[INFO] [1789730176.332298562] [amcl]: Requesting no-motion update[0m
[log_localization-8] [0m[INFO] [1789730176.431919667] [log_localization]:   89.9 s   213.1 m  err 0.012 m (along +0.010 cross +0.006) yaw  -0.10 deg  m->o yaw  -0.10 deg | fit true 0.007 est 0.011 (x1.72)  enc/true 1.011  dr_err 12.84 m[0m
[amcl-4] [0m[INFO] [1789730176.732691668] [amcl]: Requesting no-motion update[0m
[localization_bootstrap-6] [0m[INFO] [1789730176.932911099] [localization_bootstrap]: recovery: 100% of beams on a wall within 10 cm (min 50%). seed CONFIRMED on attempt 2: the estimate is 3.7 cm / 0.2 deg from truth (pos std 0.145 m). Tracking is now lidar + map + dead reckoning only.[0m
[localization_bootstrap-6] [0m[INFO] [1789730176.933598150] [localization_bootstrap]: CHECKPOINT CANDIDATE (converged after reset): ('3.696', '-9.923', '2.358')[0m
[localization_bootstrap-6] [0m[INFO] [1789730178.182797536] [localization_bootstrap]: recovery #6: creep, attempt 2[0m
[localization_bootstrap-6] [0m[INFO] [1789730179.983403830] [localization_bootstrap]: recovery #6 complete in 7.2 s; follower resumes[0m
[pure_pursuit-10] [0m[INFO] [1789730179.983591930] [pure_pursuit]: localization converged, taking over[0m
[localization_error-7] [0m[INFO] [1789730181.138635080] [localization_error]: now[200] 0.606 m / 2.25 deg  |  session[n=1837] mean 2.983 p95 9.077 max 9.973 m, heading mean 4.47 max 150.78 deg[0m
[log_localization-8] [0m[INFO] [1789730181.431561315] [log_localization]:   95.0 s   222.6 m  err 0.015 m (along +0.015 cross -0.003) yaw  -0.14 deg  m->o yaw  +0.23 deg | fit true 0.003 est 0.004 (x1.42)  enc/true 1.013  dr_err 12.97 m[0m
[pure_pursuit-10] [0m[INFO] [1789730183.426847793] [pure_pursuit]: lap 5: 23.07 s[0m
[localization_error-7] [0m[INFO] [1789730186.138786198] [localization_error]: now[200] 0.253 m / 1.09 deg  |  session[n=1937] mean 2.847 p95 9.075 max 9.973 m, heading mean 4.31 max 150.78 deg[0m
[log_localization-8] [0m[INFO] [1789730186.432803147] [log_localization]:  100.0 s   248.1 m  err 0.191 m (along -0.189 cross +0.028) yaw  -0.63 deg  m->o yaw  -0.14 deg | fit true 0.004 est 0.057 (x15.67)  enc/true 1.013  dr_err 12.49 m[0m
[localization_error-7] [0m[INFO] [1789730191.138641004] [localization_error]: now[200] 0.297 m / 1.76 deg  |  session[n=2037] mean 2.719 p95 9.075 max 9.973 m, heading mean 4.21 max 150.78 deg[0m
[log_localization-8] [0m[INFO] [1789730191.431423151] [log_localization]:  105.0 s   269.9 m  err 0.073 m (along +0.073 cross -0.005) yaw  -0.81 deg  m->o yaw  -0.81 deg | fit true 0.013 est 0.010 (x0.78)  enc/true 1.014  dr_err 12.88 m[0m
[pure_pursuit-10] [0m[INFO] [1789730192.497555723] [pure_pursuit]: lap 6: 9.07 s[0m
[localization_error-7] [0m[INFO] [1789730196.138909731] [localization_error]: now[200] 0.250 m / 1.79 deg  |  session[n=2137] mean 2.604 p95 9.059 max 9.973 m, heading mean 4.07 max 150.78 deg[0m
[log_localization-8] [0m[INFO] [1789730196.432745131] [log_localization]:  110.0 s   293.9 m  err 0.188 m (along +0.185 cross +0.031) yaw  +1.08 deg  m->o yaw  +0.10 deg | fit true 0.002 est 0.024 (x10.55)  enc/true 1.015  dr_err 12.61 m[0m
[localization_error-7] [0m[INFO] [1789730201.139772356] [localization_error]: now[200] 0.244 m / 1.69 deg  |  session[n=2237] mean 2.498 p95 9.038 max 9.973 m, heading mean 3.98 max 150.78 deg[0m
[log_localization-8] [0m[INFO] [1789730201.431014863] [log_localization]:  114.9 s   315.9 m  err 0.034 m (along -0.020 cross +0.028) yaw  -1.31 deg  m->o yaw  -1.48 deg | fit true 0.033 est 0.020 (x0.60)  enc/true 1.014  dr_err 12.72 m[0m
[pure_pursuit-10] [0m[INFO] [1789730201.632301022] [pure_pursuit]: lap 7: 9.14 s[0m
[localization_error-7] [0m[INFO] [1789730206.139041400] [localization_error]: now[200] 0.301 m / 1.81 deg  |  session[n=2337] mean 2.407 p95 8.970 max 9.973 m, heading mean 3.88 max 150.78 deg[0m
[log_localization-8] [0m[INFO] [1789730206.432433794] [log_localization]:  120.0 s   340.8 m  err 0.129 m (along -0.127 cross +0.020) yaw  -1.91 deg  m->o yaw  -1.20 deg | fit true 0.013 est 0.048 (x3.68)  enc/true 1.015  dr_err 12.40 m[0m
[pure_pursuit-10] [0m[INFO] [1789730210.606151279] [pure_pursuit]: lap 8: 8.96 s[0m
[localization_error-7] [0m[INFO] [1789730211.138768437] [localization_error]: now[200] 0.290 m / 1.74 deg  |  session[n=2437] mean 2.317 p95 8.951 max 9.973 m, heading mean 3.80 max 150.78 deg[0m
[log_localization-8] [0m[INFO] [1789730211.431430640] [log_localization]:  124.9 s   363.0 m  err 0.308 m (along +0.308 cross -0.006) yaw  -0.15 deg  m->o yaw  -0.16 deg | fit true 0.014 est 0.002 (x0.11)  enc/true 1.016  dr_err 12.33 m[0m
[localization_error-7] [0m[INFO] [1789730216.141069333] [localization_error]: now[200] 0.293 m / 1.63 deg  |  session[n=2537] mean 2.240 p95 8.909 max 9.973 m, heading mean 3.70 max 150.78 deg[0m
[log_localization-8] [0m[INFO] [1789730216.431306055] [log_localization]:  130.0 s   388.3 m  err 0.046 m (along -0.019 cross -0.042) yaw  -1.52 deg  m->o yaw  -1.56 deg | fit true 0.011 est 0.039 (x3.56)  enc/true 1.016  dr_err 12.48 m[0m
[pure_pursuit-10] [0m[INFO] [1789730219.670853472] [pure_pursuit]: lap 9: 9.07 s[0m
[localization_error-7] [0m[INFO] [1789730221.139144351] [localization_error]: now[200] 0.326 m / 1.52 deg  |  session[n=2637] mean 2.166 p95 8.806 max 9.973 m, heading mean 3.62 max 150.78 deg[0m
[log_localization-8] [0m[INFO] [1789730221.431030307] [log_localization]:  134.9 s   414.0 m  err 0.128 m (along +0.128 cross +0.003) yaw  -0.15 deg  m->o yaw  -0.27 deg | fit true 0.012 est 0.013 (x1.03)  enc/true 1.017  dr_err 12.15 m[0m
[localization_error-7] [0m[INFO] [1789730226.140849085] [localization_error]: now[200] 0.299 m / 1.61 deg  |  session[n=2737] mean 2.098 p95 8.670 max 9.973 m, heading mean 3.55 max 150.78 deg[0m
[log_localization-8] [0m[INFO] [1789730226.431665296] [log_localization]:  140.0 s   437.8 m  err 0.065 m (along -0.065 cross +0.000) yaw  +2.28 deg  m->o yaw  +2.61 deg | fit true 0.002 est 0.022 (x10.90)  enc/true 1.017  dr_err 12.53 m[0m
[pure_pursuit-10] [0m[INFO] [1789730228.689002361] [pure_pursuit]: lap 10: 9.02 s[0m
[localization_error-7] [0m[INFO] [1789730231.138688293] [localization_error]: now[200] 0.317 m / 1.56 deg  |  session[n=2837] mean 2.036 p95 8.652 max 9.973 m, heading mean 3.48 max 150.78 deg[0m
[log_localization-8] [0m[INFO] [1789730231.431539939] [log_localization]:  144.9 s   464.1 m  err 0.220 m (along -0.220 cross +0.013) yaw  +0.02 deg  m->o yaw  -0.21 deg | fit true 0.003 est 0.024 (x7.39)  enc/true 1.017  dr_err 11.84 m[0m
[localization_bootstrap-6] [33m[WARN] [1789730232.605069201] [localization_bootstrap]: RESET detected: heading stepped -13 deg in one tick[0m
[localization_bootstrap-6] [33m[WARN] [1789730232.633663617] [localization_bootstrap]: recovery #7: follower held; prior (+1.71, -15.77, +15 deg) -- checkpoint 0.7 m behind the last pose along the track[0m
[pure_pursuit-10] [33m[WARN] [1789730232.633667875] [pure_pursuit]: localization lost after a reset: holding until it is re-confirmed[0m
[localization_bootstrap-6] [0m[INFO] [1789730232.684454301] [localization_bootstrap]: seed 1/3: x=+1.713 y=-15.770 yaw=+16.2 deg -- awaiting confirmation[0m
[localization_bootstrap-6] [0m[INFO] [1789730232.686298619] [localization_bootstrap]: not reporting a spawn constant: the car is moving at 2.1 m/s, so this pose is not the spawn[0m
[amcl-4] [0m[INFO] [1789730232.688896502] [amcl]: initialPoseReceived[0m
[amcl-4] [0m[INFO] [1789730232.689030071] [amcl]: Setting pose (1789730232.689030): 1.703 -15.773 0.285[0m
[amcl-4] [0m[INFO] [1789730232.732229214] [amcl]: Requesting no-motion update[0m
[amcl-4] [0m[INFO] [1789730233.183603609] [amcl]: Requesting no-motion update[0m
[amcl-4] [0m[INFO] [1789730233.632105950] [amcl]: Requesting no-motion update[0m
[amcl-4] [0m[INFO] [1789730234.032310935] [amcl]: Requesting no-motion update[0m
[localization_bootstrap-6] [0m[INFO] [1789730234.183395799] [localization_bootstrap]: recovery #7: seed, attempt 1[0m
[amcl-4] [0m[INFO] [1789730234.482324514] [amcl]: Requesting no-motion update[0m
[localization_bootstrap-6] [33m[WARN] [1789730234.733899061] [localization_bootstrap]: seed 1 not adopted -- the estimate is 0.61 m / 11.7 deg from the seed, tolerance 0.40 m / 15.0 deg (speed 0.0 m/s); failed: position, 34% of beams on a wall within 10 cm (min 50%); re-seeding[0m
[amcl-4] [0m[INFO] [1789730234.734610177] [amcl]: initialPoseReceived[0m
[amcl-4] [0m[INFO] [1789730234.734702509] [amcl]: Setting pose (1789730234.734702): 1.713 -15.770 0.283[0m
[localization_bootstrap-6] [0m[INFO] [1789730234.736319263] [localization_bootstrap]: seed 2/3: x=+1.713 y=-15.770 yaw=+16.2 deg -- awaiting confirmation[0m
[amcl-4] [0m[INFO] [1789730234.932445032] [amcl]: Requesting no-motion update[0m
[amcl-4] [0m[INFO] [1789730235.382178098] [amcl]: Requesting no-motion update[0m
[amcl-4] [0m[INFO] [1789730235.782297203] [amcl]: Requesting no-motion update[0m
[localization_error-7] [0m[INFO] [1789730236.139023625] [localization_error]: now[200] 0.422 m / 2.90 deg  |  session[n=2937] mean 1.984 p95 8.625 max 9.973 m, heading mean 3.50 max 150.78 deg[0m
[localization_bootstrap-6] [0m[INFO] [1789730236.183394802] [localization_bootstrap]: recovery #7: seed, attempt 2[0m
[amcl-4] [0m[INFO] [1789730236.233325453] [amcl]: Requesting no-motion update[0m
[log_localization-8] [0m[INFO] [1789730236.431115184] [log_localization]:  150.0 s   468.2 m  err 0.035 m (along +0.028 cross +0.021) yaw  +0.31 deg  m->o yaw  +0.31 deg | fit true 0.002 est 0.000 (x0.17)  enc/true 1.015  dr_err 13.89 m[0m
[amcl-4] [0m[INFO] [1789730236.682127232] [amcl]: Requesting no-motion update[0m
[localization_bootstrap-6] [0m[INFO] [1789730236.783658999] [localization_bootstrap]: recovery: 100% of beams on a wall within 10 cm (min 50%). seed CONFIRMED on attempt 2: the estimate is 7.1 cm / 0.4 deg from truth (pos std 0.121 m). Tracking is now lidar + map + dead reckoning only.[0m
[localization_bootstrap-6] [0m[INFO] [1789730236.785315146] [localization_bootstrap]: CHECKPOINT CANDIDATE (converged after reset): ('1.771', '-15.730', '0.290')[0m
[localization_bootstrap-6] [0m[INFO] [1789730238.183023734] [localization_bootstrap]: recovery #7: creep, attempt 2[0m
[localization_bootstrap-6] [0m[INFO] [1789730239.833284062] [localization_bootstrap]: recovery #7 complete in 7.2 s; follower resumes[0m
[pure_pursuit-10] [0m[INFO] [1789730239.833696170] [pure_pursuit]: localization converged, taking over[0m
[localization_error-7] [0m[INFO] [1789730241.138933062] [localization_error]: now[200] 0.321 m / 2.77 deg  |  session[n=3037] mean 1.923 p95 8.608 max 9.973 m, heading mean 3.43 max 150.78 deg[0m
[log_localization-8] [0m[INFO] [1789730241.431553698] [log_localization]:  155.0 s   479.4 m  err 0.129 m (along +0.129 cross +0.003) yaw  +1.49 deg  m->o yaw  +1.77 deg | fit true 0.008 est 0.027 (x3.55)  enc/true 1.016  dr_err 14.06 m[0m
[pure_pursuit-10] [0m[INFO] [1789730244.275875623] [pure_pursuit]: lap 11: 15.59 s[0m
