[INFO] [launch]: All log files can be found below /root/.ros/log/2026-09-18-11-05-07-331301-adil-laptop-220
[INFO] [launch]: Default logging verbosity is set to INFO
[INFO] [launch.user]: [race] mode=dev  localizer=amcl  instruments=ON  bootstrap=truth
[INFO] [dead_reckoning-1]: process started with pid [237]
[INFO] [amcl-4]: process started with pid [243]
[INFO] [localization_bootstrap-6]: process started with pid [247]
[INFO] [localization_error-7]: process started with pid [249]
[INFO] [log_localization-8]: process started with pid [251]
[INFO] [static_transform_publisher-2]: process started with pid [239]
[INFO] [map_server-3]: process started with pid [241]
[INFO] [lifecycle_manager-5]: process started with pid [245]
[INFO] [static_transform_publisher-9]: process started with pid [253]
[static_transform_publisher-2] 1789729507.416241 [0] static_tra: selected interface "lo" is not multicast-capable: disabling multicast
[amcl-4] 1789729507.424562 [0]       amcl: selected interface "lo" is not multicast-capable: disabling multicast
[static_transform_publisher-2] [INFO] [1789729507.426448323] [lidar_tf]: Spinning until stopped - publishing transform
[static_transform_publisher-2] translation: ('0.273300', '0.000000', '0.096000')
[static_transform_publisher-2] rotation: ('0.000000', '0.000000', '0.000000', '1.000000')
[static_transform_publisher-2] from 'roboracer_1' to 'lidar'
[lifecycle_manager-5] 1789729507.427118 [0] lifecycle_: selected interface "lo" is not multicast-capable: disabling multicast
[static_transform_publisher-9] 1789729507.427501 [0] static_tra: selected interface "lo" is not multicast-capable: disabling multicast
[map_server-3] 1789729507.429645 [0] map_server: selected interface "lo" is not multicast-capable: disabling multicast
[amcl-4] [0m[INFO] [1789729507.439030043] [amcl]: 
[amcl-4] 	amcl lifecycle node launched. 
[amcl-4] 	Waiting on external lifecycle transitions to activate
[amcl-4] 	See https://design.ros2.org/articles/node_lifecycle.html for more information.[0m
[amcl-4] [0m[INFO] [1789729507.440054934] [amcl]: Creating[0m
[map_server-3] [INFO] [1789729507.442380019] [map_server]: 
[map_server-3] 	map_server lifecycle node launched. 
[map_server-3] 	Waiting on external lifecycle transitions to activate
[map_server-3] 	See https://design.ros2.org/articles/node_lifecycle.html for more information.
[map_server-3] [INFO] [1789729507.442528686] [map_server]: Creating
[static_transform_publisher-9] [INFO] [1789729507.446076752] [map_world_tf]: Spinning until stopped - publishing transform
[static_transform_publisher-9] translation: ('0.000000', '0.000000', '0.000000')
[static_transform_publisher-9] rotation: ('0.000000', '0.000000', '0.000000', '1.000000')
[static_transform_publisher-9] from 'map' to 'world'
[lifecycle_manager-5] [INFO] [1789729507.447475420] [lifecycle_manager_localization]: Creating
[lifecycle_manager-5] [INFO] [1789729507.452858978] [lifecycle_manager_localization]: [34m[1mCreating and initializing lifecycle service clients[0m[0m
[lifecycle_manager-5] [INFO] [1789729507.457125674] [lifecycle_manager_localization]: [34m[1mStarting managed nodes bringup...[0m[0m
[lifecycle_manager-5] [INFO] [1789729507.457225881] [lifecycle_manager_localization]: [34m[1mConfiguring map_server[0m[0m
[map_server-3] [INFO] [1789729507.457495704] [map_server]: Configuring
[map_server-3] [INFO] [1789729507.457598836] [map_io]: Loading yaml file: /root/Documents/roboracer/devkit_ws/src/racer_mapping/maps/iros2026/track_clean.yaml
[map_server-3] [INFO] [1789729507.458016244] [map_io]: resolution: 0.025
[map_server-3] [INFO] [1789729507.458048013] [map_io]: origin[0]: 0.00427
[map_server-3] [INFO] [1789729507.458058483] [map_io]: origin[1]: -16.8
[map_server-3] [INFO] [1789729507.458067009] [map_io]: origin[2]: 0
[map_server-3] [INFO] [1789729507.458077168] [map_io]: free_thresh: 0.25
[map_server-3] [INFO] [1789729507.458085463] [map_io]: occupied_thresh: 0.65
[map_server-3] [INFO] [1789729507.458096013] [map_io]: mode: trinary
[map_server-3] [INFO] [1789729507.458106192] [map_io]: negate: 0
[map_server-3] [INFO] [1789729507.458843156] [map_io]: Loading image_file: /root/Documents/roboracer/devkit_ws/src/racer_mapping/maps/iros2026/track_clean.pgm
[map_server-3] [INFO] [1789729507.497392265] [map_io]: Read map /root/Documents/roboracer/devkit_ws/src/racer_mapping/maps/iros2026/track_clean.pgm: 241 X 901 map @ 0.025 m/cell
[lifecycle_manager-5] [INFO] [1789729507.503157254] [lifecycle_manager_localization]: [34m[1mConfiguring amcl[0m[0m
[amcl-4] [0m[INFO] [1789729507.504035562] [amcl]: Configuring[0m
[amcl-4] [0m[INFO] [1789729507.504215928] [amcl]: initTransforms[0m
[amcl-4] [0m[INFO] [1789729507.522338229] [amcl]: initPubSub[0m
[amcl-4] [0m[INFO] [1789729507.528413507] [amcl]: Subscribed to map topic.[0m
[lifecycle_manager-5] [INFO] [1789729507.538171361] [lifecycle_manager_localization]: [34m[1mActivating map_server[0m[0m
[map_server-3] [INFO] [1789729507.538542493] [map_server]: Activating
[map_server-3] [INFO] [1789729507.539310415] [map_server]: Creating bond (map_server) to lifecycle manager.
[amcl-4] [0m[INFO] [1789729507.540108443] [amcl]: Received a 241 X 901 map @ 0.025 m/pix[0m
[lifecycle_manager-5] [INFO] [1789729507.646184973] [lifecycle_manager_localization]: Server map_server connected with bond.
[lifecycle_manager-5] [INFO] [1789729507.646253631] [lifecycle_manager_localization]: [34m[1mActivating amcl[0m[0m
[amcl-4] [0m[INFO] [1789729507.646494009] [amcl]: Activating[0m
[amcl-4] [0m[INFO] [1789729507.646562056] [amcl]: initialPoseReceived[0m
[amcl-4] [0m[INFO] [1789729507.646700173] [amcl]: Setting pose (1789729507.646700): 0.818 3.158 -1.571[0m
[amcl-4] [0m[INFO] [1789729507.650000427] [amcl]: Creating bond (amcl) to lifecycle manager.[0m
[dead_reckoning-1] 1789729507.729809 [0] dead_recko: selected interface "lo" is not multicast-capable: disabling multicast
[localization_error-7] 1789729507.734960 [0] localizati: selected interface "lo" is not multicast-capable: disabling multicast
[lifecycle_manager-5] [INFO] [1789729507.752750845] [lifecycle_manager_localization]: Server amcl connected with bond.
[lifecycle_manager-5] [INFO] [1789729507.752837947] [lifecycle_manager_localization]: [34m[1mManaged nodes are active[0m[0m
[lifecycle_manager-5] [INFO] [1789729507.752861241] [lifecycle_manager_localization]: [34m[1mCreating bond timer...[0m[0m
[localization_bootstrap-6] 1789729507.761221 [0] localizati: selected interface "lo" is not multicast-capable: disabling multicast
[localization_error-7] [31m[ERROR] [1789729507.845252212] [localization_error]: RESTRICTED TOPIC: reading /autodrive/roboracer_1/odom (simulator ground-truth pose and twist) -- continuous comparison against TF map -> roboracer_1. This run is NOT race-legal; any lap time from it is a development number. See racer_common/restricted.py.[0m
[dead_reckoning-1] [0m[INFO] [1789729507.845728240] [dead_reckoning]: dead reckoning: odom -> roboracer_1, wheel r=0.0581 m, scale=1.0, 200 Hz, tf +20 ms, extrapolate yaw=True pos=True, distance from slip (k=0.27, k_brake=1.1, yaw gate 0.5 rad/s)[0m
[localization_error-7] [0m[INFO] [1789729507.846454173] [localization_error]: sampling starts 1.0 s after /localization_ready; bootstrap is excluded (require_ready:=false to include it)[0m
[localization_error-7] [0m[INFO] [1789729507.848015615] [localization_error]: waiting for TF map -> roboracer_1: "map" passed to lookupTransform argument target_frame does not exist. [0m
[log_localization-8] 1789729507.862845 [0] log_locali: selected interface "lo" is not multicast-capable: disabling multicast
[localization_bootstrap-6] [0m[INFO] [1789729507.874770632] [localization_bootstrap]: centreline runs against the lap; arc length reversed for checkpoint ordering[0m
[localization_bootstrap-6] [0m[INFO] [1789729507.892162531] [localization_bootstrap]: WARMUP SEED: reading /autodrive/roboracer_1/ips (simulator ground-truth position) ONCE -- initial pose seed. Legal: the first lap is warmup, this is read before the car moves, and it is released immediately after. Nothing reads ground truth afterwards.[0m
[localization_bootstrap-6] [0m[INFO] [1789729507.893136768] [localization_bootstrap]: mode=truth: seeding the initial pose from /ips + /imu before the car moves, then releasing /ips. Tracking is lidar + map + dead reckoning from there on.[0m
[localization_bootstrap-6] [0m[INFO] [1789729507.893976022] [localization_bootstrap]: waiting for amcl to reach the active state before sending anything[0m
[amcl-4] [0m[INFO] [1789729507.898384633] [amcl]: Message Filter dropping message: frame 'lidar' at time 1789729507.528 for reason 'discarding message because the queue is full'[0m
[amcl-4] [0m[INFO] [1789729507.898535584] [amcl]: createLaserObject[0m
[localization_bootstrap-6] [0m[INFO] [1789729507.947140853] [localization_bootstrap]: amcl is ACTIVE -- an initial pose will now be accepted[0m
[localization_bootstrap-6] [0m[INFO] [1789729507.996760043] [localization_bootstrap]: seed 1/5: x=+0.800 y=+3.158 yaw=-90.0 deg -- awaiting confirmation[0m
[localization_bootstrap-6] [0m[INFO] [1789729507.997772912] [localization_bootstrap]: MEASURED SPAWN x=+0.800 y=+3.158 yaw=-90.0 deg -- within 2 cm of racer_common.frames.SPAWN_*, so the fallback is sound too. Nothing to change.[0m
[log_localization-8] [31m[ERROR] [1789729508.059655918] [log_localization]: RESTRICTED TOPIC: reading /autodrive/roboracer_1/ips (simulator ground-truth position) -- continuous logging against the estimate. This run is NOT race-legal; any lap time from it is a development number. See racer_common/restricted.py.[0m
[log_localization-8] [31m[ERROR] [1789729508.060957766] [log_localization]: RESTRICTED TOPIC: reading /autodrive/roboracer_1/odom (simulator ground-truth pose and twist) -- continuous logging against the estimate. This run is NOT race-legal; any lap time from it is a development number. See racer_common/restricted.py.[0m
[log_localization-8] [0m[INFO] [1789729508.062488380] [log_localization]: logging to /root/Documents/roboracer/logs/mt_m06.csv at 20 Hz until Ctrl-C[0m
[log_localization-8] [0m[INFO] [1789729508.112433948] [log_localization]: waiting for TF map -> roboracer_1 ...[0m
[amcl-4] [0m[INFO] [1789729508.193536651] [amcl]: initialPoseReceived[0m
[amcl-4] [0m[INFO] [1789729508.193659931] [amcl]: Setting pose (1789729508.193660): 0.800 3.158 -1.571[0m
[amcl-4] [0m[INFO] [1789729508.197605799] [amcl]: Requesting no-motion update[0m
[amcl-4] [0m[INFO] [1789729508.494698206] [amcl]: Requesting no-motion update[0m
[amcl-4] [0m[INFO] [1789729508.895071019] [amcl]: Requesting no-motion update[0m
[amcl-4] [0m[INFO] [1789729509.295332183] [amcl]: Requesting no-motion update[0m
[pure_pursuit] launch overrides: {'exit_guard_from': 0.0, 'exit_guard_full': 0.0, 'lqr_k_lat': 0.03, 'lqr_k_head': 0.05, 'lqr_k_yaw': 0.0, 'lqr_max_correction_rad': 0.02, 'v_max': 9.0, 'warmup_v_max': 2.0, 'warmup_dist_m': 21.0, 'target_lead_s': 0.0, 'enc_rate_window_s': 0.05, 'slip_circle': 0.12, 'accel_ff': 1.0, 'control_hz': 45.0, 'controller_mode': 'hybrid_lqr'}
[INFO] [pure_pursuit-10]: process started with pid [399]
[pure_pursuit-10] 1789729509.726826 [0] pure_pursu: selected interface "lo" is not multicast-capable: disabling multicast
[amcl-4] [0m[INFO] [1789729509.744746248] [amcl]: Requesting no-motion update[0m
[pure_pursuit-10] [0m[INFO] [1789729509.836603034] [pure_pursuit]: path: 435 points, 43.41 m lap, from /root/Documents/roboracer/raceline/iros2026/rl_mt_b0.05_ell_L65_v9.0.csv[0m
[pure_pursuit-10] [0m[INFO] [1789729509.842135319] [pure_pursuit]: pose from TF map -> roboracer_1 (continuous); /amcl_pose kept as a fallback[0m
[pure_pursuit-10] [0m[INFO] [1789729509.843827985] [pure_pursuit]: steering on /amcl_pose[0m
[pure_pursuit-10] [0m[INFO] [1789729509.844528852] [pure_pursuit]: warmup cap: speed target held at 2.00 m/s for the first 21.0 m of driving, then released[0m
[pure_pursuit-10] [0m[INFO] [1789729509.848623377] [pure_pursuit]: speed_source=tire  throttle_mode=slip  slip band [-0.08, +0.08]  u_launch 0.4 m/s  lookahead 0.8-2.2 m (k 0.55)  latency_comp 0.05 s[0m
[pure_pursuit-10] [0m[INFO] [1789729509.849409473] [pure_pursuit]: slip band: circle 0.12 x sqrt(1 - (a_lat/7)^2), replacing the fixed band above  |  plan-acceleration feedforward ON[0m
[pure_pursuit-10] [33m[WARN] [1789729509.850147058] [pure_pursuit]: dev_lap_telemetry ON: subscribing to RESTRICTED lap topics[0m
[pure_pursuit-10] [0m[INFO] [1789729509.853218405] [pure_pursuit]: holding until /localization_ready[0m
[pure_pursuit-10] [0m[INFO] [1789729509.862592524] [pure_pursuit]: lap 0: inf s[0m
[localization_bootstrap-6] [0m[INFO] [1789729509.896068232] [localization_bootstrap]: seed 1/5 sent, awaiting a fresh /amcl_pose to confirm it[0m
[localization_bootstrap-6] [0m[INFO] [1789729509.999497796] [localization_bootstrap]: localization_bootstrap: released /autodrive/roboracer_1/ips -- no restricted topic is read from here on; the timed laps are clean.[0m
[localization_bootstrap-6] [0m[INFO] [1789729510.001523634] [localization_bootstrap]: 100% of beams on a wall within 10 cm (min 50%). seed CONFIRMED on attempt 1: the estimate is 0.9 cm / 0.2 deg from truth (pos std 0.048 m). Tracking is now lidar + map + dead reckoning only.[0m
[pure_pursuit-10] [0m[INFO] [1789729510.001598553] [pure_pursuit]: localization converged, taking over[0m
[localization_error-7] [0m[INFO] [1789729510.002017444] [localization_error]: /localization_ready latched -- sampling opens in 1.0 s (33 bootstrap samples discarded)[0m
[localization_bootstrap-6] [0m[INFO] [1789729510.003310826] [localization_bootstrap]: /localization_ready = true, follower may take over[0m
[localization_bootstrap-6] [0m[INFO] [1789729510.004942038] [localization_bootstrap]: recovery armed: watching encoders + IMU for a reset; 15 checkpoint(s) known for this track[0m
[localization_error-7] [0m[INFO] [1789729512.796066843] [localization_error]: now[ 36] 0.355 m / 0.43 deg  |  session[n=36] mean 0.355 p95 0.392 max 0.415 m, heading mean 0.43 max 1.71 deg[0m
[log_localization-8] [0m[INFO] [1789729513.162785415] [log_localization]:    4.9 s     6.0 m  err 0.241 m (along +0.241 cross +0.013) yaw  -0.07 deg  m->o yaw  -0.07 deg | fit true 0.013 est 0.001 (x0.04)  enc/true 1.046  dr_err 0.38 m[0m
[localization_error-7] [0m[INFO] [1789729517.795676257] [localization_error]: now[136] 0.274 m / 0.27 deg  |  session[n=136] mean 0.274 p95 0.382 max 0.415 m, heading mean 0.27 max 1.71 deg[0m
[log_localization-8] [0m[INFO] [1789729518.163236778] [log_localization]:    9.9 s    16.0 m  err 0.012 m (along +0.010 cross -0.007) yaw  -0.27 deg  m->o yaw  -0.27 deg | fit true 0.002 est 0.002 (x1.03)  enc/true 1.010  dr_err 0.46 m[0m
[pure_pursuit-10] [0m[INFO] [1789729520.883336771] [pure_pursuit]: warmup cap released after 21.0 m; v_max back to 9.00 m/s[0m
[localization_bootstrap-6] [33m[WARN] [1789729522.246806029] [localization_bootstrap]: RESET detected: heading stepped +14 deg in one tick[0m
[localization_bootstrap-6] [33m[WARN] [1789729522.295840796] [localization_bootstrap]: recovery #1: follower held; prior (+3.73, -9.94, +135 deg) -- checkpoint 0.8 m behind the last pose along the track[0m
[pure_pursuit-10] [33m[WARN] [1789729522.296022956] [pure_pursuit]: localization lost after a reset: holding until it is re-confirmed[0m
[localization_bootstrap-6] [0m[INFO] [1789729522.346154559] [localization_bootstrap]: seed 1/3: x=+3.728 y=-9.942 yaw=+134.8 deg -- awaiting confirmation[0m
[localization_bootstrap-6] [0m[INFO] [1789729522.348001774] [localization_bootstrap]: not reporting a spawn constant: the car is moving at 3.4 m/s, so this pose is not the spawn[0m
[amcl-4] [0m[INFO] [1789729522.350298477] [amcl]: initialPoseReceived[0m
[amcl-4] [0m[INFO] [1789729522.350430764] [amcl]: Setting pose (1789729522.350430): 3.702 -9.916 2.351[0m
[amcl-4] [0m[INFO] [1789729522.394964357] [amcl]: Requesting no-motion update[0m
[localization_error-7] [0m[INFO] [1789729522.795801671] [localization_error]: now[200] 0.313 m / 0.71 deg  |  session[n=236] mean 0.319 p95 0.401 max 3.426 m, heading mean 0.67 max 4.47 deg[0m
[amcl-4] [0m[INFO] [1789729522.844645482] [amcl]: Requesting no-motion update[0m
[log_localization-8] [0m[INFO] [1789729523.162938053] [log_localization]:   14.9 s    26.7 m  err 2.018 m (along +2.003 cross -0.239) yaw -12.80 deg  m->o yaw -12.80 deg | fit true 0.006 est 0.247 (x39.56)  enc/true 1.025  dr_err 3.75 m[0m
[amcl-4] [0m[INFO] [1789729523.294651443] [amcl]: Requesting no-motion update[0m
[amcl-4] [0m[INFO] [1789729523.694665541] [amcl]: Requesting no-motion update[0m
[localization_bootstrap-6] [0m[INFO] [1789729523.895110181] [localization_bootstrap]: recovery #1: seed, attempt 1[0m
[amcl-4] [0m[INFO] [1789729524.094774366] [amcl]: Requesting no-motion update[0m
[localization_bootstrap-6] [33m[WARN] [1789729524.395223800] [localization_bootstrap]: seed 1 not adopted -- the estimate is 2.02 m / 17.8 deg from the seed, tolerance 0.40 m / 15.0 deg (speed 0.0 m/s); failed: position; re-seeding[0m
[amcl-4] [0m[INFO] [1789729524.395519392] [amcl]: initialPoseReceived[0m
[amcl-4] [0m[INFO] [1789729524.395577810] [amcl]: Setting pose (1789729524.395578): 3.728 -9.942 2.351[0m
[localization_bootstrap-6] [0m[INFO] [1789729524.395957939] [localization_bootstrap]: seed 2/3: x=+3.728 y=-9.942 yaw=+134.7 deg -- awaiting confirmation[0m
[amcl-4] [0m[INFO] [1789729524.544911371] [amcl]: Requesting no-motion update[0m
[amcl-4] [0m[INFO] [1789729524.945749035] [amcl]: Requesting no-motion update[0m
[amcl-4] [0m[INFO] [1789729525.394753848] [amcl]: Requesting no-motion update[0m
[amcl-4] [0m[INFO] [1789729525.844851029] [amcl]: Requesting no-motion update[0m
[localization_bootstrap-6] [0m[INFO] [1789729525.896032380] [localization_bootstrap]: recovery #1: seed, attempt 2[0m
[amcl-4] [0m[INFO] [1789729526.244987836] [amcl]: Requesting no-motion update[0m
[localization_bootstrap-6] [0m[INFO] [1789729526.446175091] [localization_bootstrap]: recovery: 100% of beams on a wall within 10 cm (min 50%). seed CONFIRMED on attempt 2: the estimate is 0.7 cm / 1.2 deg from truth (pos std 0.147 m). Tracking is now lidar + map + dead reckoning only.[0m
[localization_bootstrap-6] [0m[INFO] [1789729526.447608054] [localization_bootstrap]: CHECKPOINT CANDIDATE (converged after reset): ('3.732', '-9.936', '2.371')[0m
[localization_error-7] [0m[INFO] [1789729527.796679381] [localization_error]: now[200] 0.654 m / 3.42 deg  |  session[n=336] mean 0.500 p95 2.170 max 3.426 m, heading mean 2.14 max 17.84 deg[0m
[localization_bootstrap-6] [0m[INFO] [1789729527.895990291] [localization_bootstrap]: recovery #1: creep, attempt 2[0m
[log_localization-8] [0m[INFO] [1789729528.162918029] [log_localization]:   19.9 s    29.6 m  err 0.005 m (along +0.005 cross -0.001) yaw  -0.29 deg  m->o yaw  -0.25 deg | fit true 0.011 est 0.010 (x0.94)  enc/true 1.034  dr_err 4.10 m[0m
[pure_pursuit-10] [0m[INFO] [1789729529.496270771] [pure_pursuit]: localization converged, taking over[0m
[localization_bootstrap-6] [0m[INFO] [1789729529.497296665] [localization_bootstrap]: recovery #1 complete in 7.2 s; follower resumes[0m
[localization_error-7] [0m[INFO] [1789729532.795884151] [localization_error]: now[200] 0.519 m / 3.41 deg  |  session[n=436] mean 0.411 p95 2.069 max 3.426 m, heading mean 1.92 max 17.84 deg[0m
[pure_pursuit-10] [0m[INFO] [1789729532.909587082] [pure_pursuit]: lap 1: 39.49 s[0m
[log_localization-8] [0m[INFO] [1789729533.164054642] [log_localization]:   25.0 s    44.1 m  err 0.115 m (along +0.109 cross +0.037) yaw  +0.69 deg  m->o yaw  +0.87 deg | fit true 0.032 est 0.035 (x1.08)  enc/true 1.028  dr_err 4.16 m[0m
[localization_error-7] [0m[INFO] [1789729537.795555621] [localization_error]: now[200] 0.224 m / 1.53 deg  |  session[n=536] mean 0.397 p95 2.021 max 3.426 m, heading mean 1.91 max 17.84 deg[0m
[log_localization-8] [0m[INFO] [1789729538.162929116] [log_localization]:   29.9 s    69.7 m  err 0.154 m (along +0.150 cross +0.036) yaw  +0.26 deg  m->o yaw  -0.11 deg | fit true 0.010 est 0.020 (x2.00)  enc/true 1.026  dr_err 3.92 m[0m
[pure_pursuit-10] [0m[INFO] [1789729541.875113943] [pure_pursuit]: lap 2: 8.96 s[0m
[localization_error-7] [0m[INFO] [1789729542.796280557] [localization_error]: now[200] 0.297 m / 1.86 deg  |  session[n=636] mean 0.375 p95 2.021 max 3.426 m, heading mean 1.91 max 17.84 deg[0m
[log_localization-8] [0m[INFO] [1789729543.164148504] [log_localization]:   34.9 s    93.4 m  err 0.380 m (along +0.380 cross +0.018) yaw  +0.76 deg  m->o yaw  +0.84 deg | fit true 0.013 est 0.012 (x0.97)  enc/true 1.028  dr_err 3.95 m[0m
[localization_error-7] [0m[INFO] [1789729547.796102518] [localization_error]: now[200] 0.327 m / 1.80 deg  |  session[n=736] mean 0.378 p95 1.995 max 3.426 m, heading mean 1.88 max 17.84 deg[0m
[log_localization-8] [0m[INFO] [1789729548.163283824] [log_localization]:   40.0 s   118.8 m  err 0.142 m (along +0.136 cross +0.040) yaw  +2.06 deg  m->o yaw  +2.09 deg | fit true 0.014 est 0.056 (x3.95)  enc/true 1.025  dr_err 4.02 m[0m
[pure_pursuit-10] [0m[INFO] [1789729550.793364566] [pure_pursuit]: lap 3: 8.93 s[0m
[localization_error-7] [0m[INFO] [1789729552.797288102] [localization_error]: now[200] 0.346 m / 1.72 deg  |  session[n=836] mean 0.368 p95 1.978 max 3.426 m, heading mean 1.86 max 17.84 deg[0m
[log_localization-8] [0m[INFO] [1789729553.163070329] [log_localization]:   44.9 s   145.3 m  err 0.261 m (along +0.260 cross -0.010) yaw  +0.34 deg  m->o yaw  +0.34 deg | fit true 0.009 est 0.015 (x1.63)  enc/true 1.024  dr_err 3.87 m[0m
[localization_error-7] [0m[INFO] [1789729557.795549794] [localization_error]: now[200] 0.296 m / 1.77 deg  |  session[n=936] mean 0.360 p95 1.973 max 3.426 m, heading mean 1.86 max 17.84 deg[0m
[log_localization-8] [0m[INFO] [1789729558.162836637] [log_localization]:   49.9 s   167.5 m  err 0.017 m (along -0.017 cross +0.005) yaw  -1.86 deg  m->o yaw  -2.03 deg | fit true 0.026 est 0.015 (x0.60)  enc/true 1.022  dr_err 4.04 m[0m
[pure_pursuit-10] [0m[INFO] [1789729559.748960816] [pure_pursuit]: lap 4: 8.98 s[0m
[localization_error-7] [0m[INFO] [1789729562.796061361] [localization_error]: now[200] 0.317 m / 1.57 deg  |  session[n=1036] mean 0.358 p95 0.967 max 3.426 m, heading mean 1.80 max 17.84 deg[0m
[log_localization-8] [0m[INFO] [1789729563.163153641] [log_localization]:   54.9 s   192.6 m  err 0.047 m (along -0.026 cross +0.039) yaw  -0.89 deg  m->o yaw  -1.12 deg | fit true 0.025 est 0.017 (x0.68)  enc/true 1.022  dr_err 3.84 m[0m
[localization_error-7] [0m[INFO] [1789729567.795798494] [localization_error]: now[200] 0.290 m / 1.75 deg  |  session[n=1136] mean 0.348 p95 0.793 max 3.426 m, heading mean 1.84 max 17.84 deg[0m
