[INFO] [launch]: All log files can be found below /root/.ros/log/2026-09-17-15-23-59-255880-adil-laptop-159
[INFO] [launch]: Default logging verbosity is set to INFO
[INFO] [launch.user]: [race] mode=dev  localizer=amcl  instruments=ON  bootstrap=truth
[INFO] [dead_reckoning-1]: process started with pid [185]
[INFO] [amcl-4]: process started with pid [191]
[INFO] [localization_bootstrap-6]: process started with pid [195]
[INFO] [localization_error-7]: process started with pid [197]
[INFO] [log_localization-8]: process started with pid [199]
[INFO] [static_transform_publisher-2]: process started with pid [187]
[INFO] [map_server-3]: process started with pid [189]
[INFO] [lifecycle_manager-5]: process started with pid [193]
[INFO] [static_transform_publisher-9]: process started with pid [201]
[static_transform_publisher-2] 1789658639.369105 [0] static_tra: selected interface "lo" is not multicast-capable: disabling multicast
[amcl-4] 1789658639.375698 [0]       amcl: selected interface "lo" is not multicast-capable: disabling multicast
[static_transform_publisher-9] 1789658639.377434 [0] static_tra: selected interface "lo" is not multicast-capable: disabling multicast
[lifecycle_manager-5] 1789658639.377443 [0] lifecycle_: selected interface "lo" is not multicast-capable: disabling multicast
[static_transform_publisher-2] [INFO] [1789658639.378672973] [lidar_tf]: Spinning until stopped - publishing transform
[static_transform_publisher-2] translation: ('0.273300', '0.000000', '0.096000')
[static_transform_publisher-2] rotation: ('0.000000', '0.000000', '0.000000', '1.000000')
[static_transform_publisher-2] from 'roboracer_1' to 'lidar'
[map_server-3] 1789658639.387305 [0] map_server: selected interface "lo" is not multicast-capable: disabling multicast
[lifecycle_manager-5] [INFO] [1789658639.389012215] [lifecycle_manager_localization]: Creating
[static_transform_publisher-9] [INFO] [1789658639.390477193] [map_world_tf]: Spinning until stopped - publishing transform
[static_transform_publisher-9] translation: ('0.000000', '0.000000', '0.000000')
[static_transform_publisher-9] rotation: ('0.000000', '0.000000', '0.000000', '1.000000')
[static_transform_publisher-9] from 'map' to 'world'
[amcl-4] [0m[INFO] [1789658639.391129993] [amcl]: 
[amcl-4] 	amcl lifecycle node launched. 
[amcl-4] 	Waiting on external lifecycle transitions to activate
[amcl-4] 	See https://design.ros2.org/articles/node_lifecycle.html for more information.[0m
[amcl-4] [0m[INFO] [1789658639.392716718] [amcl]: Creating[0m
[lifecycle_manager-5] [INFO] [1789658639.392855688] [lifecycle_manager_localization]: [34m[1mCreating and initializing lifecycle service clients[0m[0m
[map_server-3] [INFO] [1789658639.400805976] [map_server]: 
[map_server-3] 	map_server lifecycle node launched. 
[map_server-3] 	Waiting on external lifecycle transitions to activate
[map_server-3] 	See https://design.ros2.org/articles/node_lifecycle.html for more information.
[map_server-3] [INFO] [1789658639.400919628] [map_server]: Creating
[lifecycle_manager-5] [INFO] [1789658639.406269316] [lifecycle_manager_localization]: [34m[1mStarting managed nodes bringup...[0m[0m
[lifecycle_manager-5] [INFO] [1789658639.406366667] [lifecycle_manager_localization]: [34m[1mConfiguring map_server[0m[0m
[map_server-3] [INFO] [1789658639.418165467] [map_server]: Configuring
[map_server-3] [INFO] [1789658639.418251699] [map_io]: Loading yaml file: /root/Documents/roboracer/devkit_ws/src/racer_mapping/maps/iros2026/track_clean.yaml
[map_server-3] [INFO] [1789658639.418536851] [map_io]: resolution: 0.025
[map_server-3] [INFO] [1789658639.418547491] [map_io]: origin[0]: 0.00427
[map_server-3] [INFO] [1789658639.418554585] [map_io]: origin[1]: -16.8
[map_server-3] [INFO] [1789658639.418560576] [map_io]: origin[2]: 0
[map_server-3] [INFO] [1789658639.418566938] [map_io]: free_thresh: 0.25
[map_server-3] [INFO] [1789658639.418572849] [map_io]: occupied_thresh: 0.65
[map_server-3] [INFO] [1789658639.418579201] [map_io]: mode: trinary
[map_server-3] [INFO] [1789658639.418586534] [map_io]: negate: 0
[map_server-3] [INFO] [1789658639.418885333] [map_io]: Loading image_file: /root/Documents/roboracer/devkit_ws/src/racer_mapping/maps/iros2026/track_clean.pgm
[map_server-3] [INFO] [1789658639.453861377] [map_io]: Read map /root/Documents/roboracer/devkit_ws/src/racer_mapping/maps/iros2026/track_clean.pgm: 241 X 901 map @ 0.025 m/cell
[lifecycle_manager-5] [INFO] [1789658639.461860115] [lifecycle_manager_localization]: [34m[1mConfiguring amcl[0m[0m
[amcl-4] [0m[INFO] [1789658639.462198307] [amcl]: Configuring[0m
[amcl-4] [0m[INFO] [1789658639.462329673] [amcl]: initTransforms[0m
[amcl-4] [0m[INFO] [1789658639.481289515] [amcl]: initPubSub[0m
[amcl-4] [0m[INFO] [1789658639.488809399] [amcl]: Subscribed to map topic.[0m
[amcl-4] [0m[INFO] [1789658639.499824404] [amcl]: Received a 241 X 901 map @ 0.025 m/pix[0m
[lifecycle_manager-5] [INFO] [1789658639.497064015] [lifecycle_manager_localization]: [34m[1mActivating map_server[0m[0m
[map_server-3] [INFO] [1789658639.497291701] [map_server]: Activating
[map_server-3] [INFO] [1789658639.497881854] [map_server]: Creating bond (map_server) to lifecycle manager.
[lifecycle_manager-5] [INFO] [1789658639.607747603] [lifecycle_manager_localization]: Server map_server connected with bond.
[lifecycle_manager-5] [INFO] [1789658639.607815671] [lifecycle_manager_localization]: [34m[1mActivating amcl[0m[0m
[amcl-4] [0m[INFO] [1789658639.608196222] [amcl]: Activating[0m
[amcl-4] [0m[INFO] [1789658639.608274107] [amcl]: initialPoseReceived[0m
[amcl-4] [0m[INFO] [1789658639.608421763] [amcl]: Setting pose (1789658639.608422): 0.818 3.158 -1.571[0m
[amcl-4] [0m[INFO] [1789658639.611535242] [amcl]: Creating bond (amcl) to lifecycle manager.[0m
[lifecycle_manager-5] [INFO] [1789658639.714921793] [lifecycle_manager_localization]: Server amcl connected with bond.
[lifecycle_manager-5] [INFO] [1789658639.715119904] [lifecycle_manager_localization]: [34m[1mManaged nodes are active[0m[0m
[lifecycle_manager-5] [INFO] [1789658639.715168765] [lifecycle_manager_localization]: [34m[1mCreating bond timer...[0m[0m
[dead_reckoning-1] 1789658639.787140 [0] dead_recko: selected interface "lo" is not multicast-capable: disabling multicast
[localization_bootstrap-6] 1789658639.788272 [0] localizati: selected interface "lo" is not multicast-capable: disabling multicast
[localization_error-7] 1789658639.788734 [0] localizati: selected interface "lo" is not multicast-capable: disabling multicast
[log_localization-8] 1789658639.865780 [0] log_locali: selected interface "lo" is not multicast-capable: disabling multicast
[dead_reckoning-1] [0m[INFO] [1789658639.886838085] [dead_reckoning]: dead reckoning: odom -> roboracer_1, wheel r=0.0581 m, scale=1.0, 200 Hz, tf +20 ms, extrapolate yaw=True pos=True[0m
[localization_error-7] [31m[ERROR] [1789658639.887680069] [localization_error]: RESTRICTED TOPIC: reading /autodrive/roboracer_1/odom (simulator ground-truth pose and twist) -- continuous comparison against TF map -> roboracer_1. This run is NOT race-legal; any lap time from it is a development number. See racer_common/restricted.py.[0m
[localization_error-7] [0m[INFO] [1789658639.888878789] [localization_error]: sampling starts 1.0 s after /localization_ready; bootstrap is excluded (require_ready:=false to include it)[0m
[localization_error-7] [0m[INFO] [1789658639.893055364] [localization_error]: waiting for TF map -> roboracer_1: Could not find a connection between 'map' and 'roboracer_1' because they are not part of the same tree.Tf has two or more unconnected trees.[0m
[localization_bootstrap-6] [0m[INFO] [1789658639.897005636] [localization_bootstrap]: centreline runs against the lap; arc length reversed for checkpoint ordering[0m
[amcl-4] [0m[INFO] [1789658639.913672083] [amcl]: Message Filter dropping message: frame 'lidar' at time 1789658639.520 for reason 'discarding message because the queue is full'[0m
[localization_bootstrap-6] [0m[INFO] [1789658639.914846718] [localization_bootstrap]: WARMUP SEED: reading /autodrive/roboracer_1/ips (simulator ground-truth position) ONCE -- initial pose seed. Legal: the first lap is warmup, this is read before the car moves, and it is released immediately after. Nothing reads ground truth afterwards.[0m
[localization_bootstrap-6] [0m[INFO] [1789658639.915763802] [localization_bootstrap]: mode=truth: seeding the initial pose from /ips + /imu before the car moves, then releasing /ips. Tracking is lidar + map + dead reckoning from there on.[0m
[localization_bootstrap-6] [0m[INFO] [1789658639.916595697] [localization_bootstrap]: waiting for amcl to reach the active state before sending anything[0m
[amcl-4] [0m[INFO] [1789658639.951462266] [amcl]: createLaserObject[0m
[localization_bootstrap-6] [0m[INFO] [1789658639.969208291] [localization_bootstrap]: amcl is ACTIVE -- an initial pose will now be accepted[0m
[log_localization-8] [31m[ERROR] [1789658640.010696836] [log_localization]: RESTRICTED TOPIC: reading /autodrive/roboracer_1/ips (simulator ground-truth position) -- continuous logging against the estimate. This run is NOT race-legal; any lap time from it is a development number. See racer_common/restricted.py.[0m
[log_localization-8] [31m[ERROR] [1789658640.011454692] [log_localization]: RESTRICTED TOPIC: reading /autodrive/roboracer_1/odom (simulator ground-truth pose and twist) -- continuous logging against the estimate. This run is NOT race-legal; any lap time from it is a development number. See racer_common/restricted.py.[0m
[log_localization-8] [0m[INFO] [1789658640.012352309] [log_localization]: logging to /root/Documents/roboracer/experiments/iros2026/T14_kb11c2_hp50_a50b55v85/run.csv at 20 Hz until Ctrl-C[0m
[localization_bootstrap-6] [0m[INFO] [1789658640.018740077] [localization_bootstrap]: seed 1/5: x=+0.800 y=+3.158 yaw=-90.0 deg -- awaiting confirmation[0m
[localization_bootstrap-6] [0m[INFO] [1789658640.019518752] [localization_bootstrap]: MEASURED SPAWN x=+0.800 y=+3.158 yaw=-90.0 deg -- within 2 cm of racer_common.frames.SPAWN_*, so the fallback is sound too. Nothing to change.[0m
[log_localization-8] [0m[INFO] [1789658640.062781042] [log_localization]: waiting for TF map -> roboracer_1 ...[0m
[amcl-4] [0m[INFO] [1789658640.143964049] [amcl]: initialPoseReceived[0m
[amcl-4] [0m[INFO] [1789658640.144214888] [amcl]: Setting pose (1789658640.144215): 0.800 3.158 -1.571[0m
[amcl-4] [0m[INFO] [1789658640.147594814] [amcl]: Requesting no-motion update[0m
[amcl-4] [0m[INFO] [1789658640.517475807] [amcl]: Requesting no-motion update[0m
[amcl-4] [0m[INFO] [1789658640.967587628] [amcl]: Requesting no-motion update[0m
[pure_pursuit] launch overrides: {'v_max': 8.5, 'warmup_v_max': 2.0, 'warmup_dist_m': 21.0, 'target_lead_s': 0.0, 'slip_circle': 0.12, 'accel_ff': 1.0, 'control_hz': 45.0}
[INFO] [pure_pursuit-10]: process started with pid [348]
[amcl-4] [0m[INFO] [1789658641.418170679] [amcl]: Requesting no-motion update[0m
[pure_pursuit-10] 1789658641.703075 [0] pure_pursu: selected interface "lo" is not multicast-capable: disabling multicast
[pure_pursuit-10] [0m[INFO] [1789658641.810675693] [pure_pursuit]: path: 436 points, 43.56 m lap, from /root/Documents/roboracer/raceline/iros2026/raceline_kb11c2_hp50_a50_b55_v85.csv[0m
[pure_pursuit-10] [0m[INFO] [1789658641.816455234] [pure_pursuit]: pose from TF map -> roboracer_1 (continuous); /amcl_pose kept as a fallback[0m
[pure_pursuit-10] [0m[INFO] [1789658641.818515624] [pure_pursuit]: steering on /amcl_pose[0m
[pure_pursuit-10] [0m[INFO] [1789658641.819520302] [pure_pursuit]: warmup cap: speed target held at 2.00 m/s for the first 21.0 m of driving, then released[0m
[pure_pursuit-10] [0m[INFO] [1789658641.824080394] [pure_pursuit]: speed_source=tire  throttle_mode=slip  slip band [-0.08, +0.08]  u_launch 0.4 m/s  lookahead 0.8-2.2 m (k 0.55)  latency_comp 0.05 s[0m
[pure_pursuit-10] [0m[INFO] [1789658641.824851645] [pure_pursuit]: slip band: circle 0.12 x sqrt(1 - (a_lat/7)^2), replacing the fixed band above  |  plan-acceleration feedforward ON[0m
[pure_pursuit-10] [33m[WARN] [1789658641.825805217] [pure_pursuit]: dev_lap_telemetry ON: subscribing to RESTRICTED lap topics[0m
[pure_pursuit-10] [0m[INFO] [1789658641.829348579] [pure_pursuit]: holding until /localization_ready[0m
[pure_pursuit-10] [0m[INFO] [1789658641.837695188] [pure_pursuit]: lap 0: inf s[0m
[amcl-4] [0m[INFO] [1789658641.867221678] [amcl]: Requesting no-motion update[0m
[localization_bootstrap-6] [0m[INFO] [1789658641.918581841] [localization_bootstrap]: seed 1/5 sent, awaiting a fresh /amcl_pose to confirm it[0m
[localization_bootstrap-6] [0m[INFO] [1789658642.069972704] [localization_bootstrap]: localization_bootstrap: released /autodrive/roboracer_1/ips -- no restricted topic is read from here on; the timed laps are clean.[0m
[localization_bootstrap-6] [0m[INFO] [1789658642.071248248] [localization_bootstrap]: seed CONFIRMED on attempt 1: the estimate is 0.9 cm / 0.4 deg from truth (pos std 0.052 m). Tracking is now lidar + map + dead reckoning only.[0m
[localization_bootstrap-6] [0m[INFO] [1789658642.072113425] [localization_bootstrap]: /localization_ready = true, follower may take over[0m
[pure_pursuit-10] [0m[INFO] [1789658642.072224382] [pure_pursuit]: localization converged, taking over[0m
[localization_error-7] [0m[INFO] [1789658642.073008678] [localization_error]: /localization_ready latched -- sampling opens in 1.0 s (33 bootstrap samples discarded)[0m
[localization_bootstrap-6] [0m[INFO] [1789658642.073574495] [localization_bootstrap]: recovery armed: watching encoders + IMU for a reset; 15 checkpoint(s) known for this track[0m
[localization_error-7] [0m[INFO] [1789658644.845363707] [localization_error]: now[ 36] 0.202 m / 0.84 deg  |  session[n=36] mean 0.202 p95 0.268 max 0.291 m, heading mean 0.84 max 2.56 deg[0m
[log_localization-8] [0m[INFO] [1789658645.113882142] [log_localization]:    4.9 s     5.7 m  err 0.066 m (along +0.065 cross +0.013) yaw  +0.42 deg  m->o yaw  +0.43 deg | fit true 0.013 est 0.007 (x0.57)  enc/true 1.021  dr_err 0.14 m[0m
[localization_error-7] [0m[INFO] [1789658649.846146040] [localization_error]: now[136] 0.130 m / 0.41 deg  |  session[n=136] mean 0.130 p95 0.245 max 0.291 m, heading mean 0.41 max 2.56 deg[0m
[log_localization-8] [0m[INFO] [1789658650.113187555] [log_localization]:    9.9 s    15.7 m  err 0.290 m (along -0.289 cross -0.005) yaw  +0.16 deg  m->o yaw  +0.15 deg | fit true 0.002 est 0.026 (x14.36)  enc/true 1.004  dr_err 0.05 m[0m
[pure_pursuit-10] [0m[INFO] [1789658652.925775032] [pure_pursuit]: warmup cap released after 21.0 m; v_max back to 8.50 m/s[0m
[localization_error-7] [0m[INFO] [1789658654.845274322] [localization_error]: now[200] 0.160 m / 0.89 deg  |  session[n=236] mean 0.166 p95 0.314 max 0.459 m, heading mean 0.88 max 5.26 deg[0m
[log_localization-8] [0m[INFO] [1789658655.114787385] [log_localization]:   15.0 s    30.3 m  err 0.101 m (along +0.100 cross -0.007) yaw  +2.47 deg  m->o yaw  +2.45 deg | fit true 0.009 est 0.033 (x3.55)  enc/true 1.017  dr_err 0.38 m[0m
[pure_pursuit-10] [0m[INFO] [1789658658.312546601] [pure_pursuit]: lap 1: 22.18 s[0m
[localization_error-7] [0m[INFO] [1789658659.846250697] [localization_error]: now[200] 0.242 m / 1.83 deg  |  session[n=336] mean 0.197 p95 0.440 max 0.913 m, heading mean 1.25 max 7.92 deg[0m
[log_localization-8] [0m[INFO] [1789658660.113028479] [log_localization]:   19.9 s    51.8 m  err 0.534 m (along +0.531 cross +0.049) yaw  -0.77 deg  m->o yaw  -0.05 deg | fit true 0.016 est 0.014 (x0.91)  enc/true 1.019  dr_err 0.45 m[0m
[localization_error-7] [0m[INFO] [1789658664.844880538] [localization_error]: now[200] 0.325 m / 2.05 deg  |  session[n=436] mean 0.239 p95 0.576 max 1.106 m, heading mean 1.42 max 10.04 deg[0m
[log_localization-8] [0m[INFO] [1789658665.113187677] [log_localization]:   24.9 s    73.0 m  err 0.052 m (along +0.048 cross -0.018) yaw  +1.33 deg  m->o yaw  +1.23 deg | fit true 0.011 est 0.016 (x1.51)  enc/true 1.016  dr_err 0.26 m[0m
[pure_pursuit-10] [0m[INFO] [1789658668.416654452] [pure_pursuit]: lap 2: 10.10 s[0m
[localization_error-7] [0m[INFO] [1789658669.846143579] [localization_error]: now[200] 0.337 m / 2.02 deg  |  session[n=536] mean 0.249 p95 0.608 max 1.106 m, heading mean 1.54 max 10.04 deg[0m
[log_localization-8] [0m[INFO] [1789658670.115458001] [log_localization]:   30.0 s    94.8 m  err 0.483 m (along +0.482 cross +0.033) yaw  +1.47 deg  m->o yaw  +1.38 deg | fit true 0.015 est 0.025 (x1.63)  enc/true 1.018  dr_err 0.42 m[0m
[localization_error-7] [0m[INFO] [1789658674.846291215] [localization_error]: now[200] 0.327 m / 1.89 deg  |  session[n=636] mean 0.267 p95 0.735 max 1.121 m, heading mean 1.57 max 10.04 deg[0m
[log_localization-8] [0m[INFO] [1789658675.113066121] [log_localization]:   34.9 s   116.5 m  err 0.182 m (along +0.178 cross -0.037) yaw  +0.60 deg  m->o yaw  +1.16 deg | fit true 0.008 est 0.020 (x2.55)  enc/true 1.016  dr_err 0.29 m[0m
[pure_pursuit-10] [0m[INFO] [1789658678.453741142] [pure_pursuit]: lap 3: 10.04 s[0m
[localization_error-7] [0m[INFO] [1789658679.846089489] [localization_error]: now[200] 0.325 m / 2.01 deg  |  session[n=736] mean 0.270 p95 0.714 max 1.121 m, heading mean 1.67 max 10.04 deg[0m
[log_localization-8] [0m[INFO] [1789658680.114470106] [log_localization]:   39.9 s   137.9 m  err 0.527 m (along +0.526 cross +0.036) yaw  +0.44 deg  m->o yaw  +0.50 deg | fit true 0.013 est 0.014 (x1.09)  enc/true 1.017  dr_err 0.43 m[0m
[localization_error-7] [0m[INFO] [1789658684.846661009] [localization_error]: now[200] 0.362 m / 2.06 deg  |  session[n=836] mean 0.289 p95 0.783 max 1.155 m, heading mean 1.68 max 10.04 deg[0m
[log_localization-8] [0m[INFO] [1789658685.113130724] [log_localization]:   44.9 s   159.3 m  err 0.154 m (along +0.148 cross -0.044) yaw  +0.27 deg  m->o yaw  +0.37 deg | fit true 0.009 est 0.029 (x3.29)  enc/true 1.016  dr_err 0.28 m[0m
[pure_pursuit-10] [0m[INFO] [1789658688.670785162] [pure_pursuit]: lap 4: 10.22 s[0m
[localization_error-7] [0m[INFO] [1789658689.845104350] [localization_error]: now[200] 0.347 m / 2.01 deg  |  session[n=936] mean 0.286 p95 0.746 max 1.155 m, heading mean 1.74 max 10.04 deg[0m
[log_localization-8] [0m[INFO] [1789658690.114010419] [log_localization]:   49.9 s   180.1 m  err 0.117 m (along +0.115 cross +0.019) yaw  +0.44 deg  m->o yaw  +1.01 deg | fit true 0.013 est 0.008 (x0.64)  enc/true 1.016  dr_err 0.40 m[0m
[localization_error-7] [0m[INFO] [1789658694.844959590] [localization_error]: now[200] 0.296 m / 1.98 deg  |  session[n=1036] mean 0.291 p95 0.733 max 1.155 m, heading mean 1.74 max 10.04 deg[0m
[log_localization-8] [0m[INFO] [1789658695.114768506] [log_localization]:   55.0 s   202.4 m  err 0.134 m (along +0.132 cross -0.022) yaw  -2.54 deg  m->o yaw  -2.37 deg | fit true 0.026 est 0.040 (x1.56)  enc/true 1.016  dr_err 0.31 m[0m
[pure_pursuit-10] [0m[INFO] [1789658698.853547124] [pure_pursuit]: lap 5: 10.17 s[0m
[localization_error-7] [0m[INFO] [1789658699.845988895] [localization_error]: now[200] 0.303 m / 2.23 deg  |  session[n=1136] mean 0.289 p95 0.714 max 1.155 m, heading mean 1.83 max 10.04 deg[0m
[log_localization-8] [0m[INFO] [1789658700.113473457] [log_localization]:   59.9 s   223.3 m  err 0.349 m (along +0.349 cross +0.023) yaw  +1.19 deg  m->o yaw  +1.13 deg | fit true 0.015 est 0.020 (x1.27)  enc/true 1.016  dr_err 0.46 m[0m
[localization_error-7] [0m[INFO] [1789658704.845868581] [localization_error]: now[200] 0.314 m / 2.28 deg  |  session[n=1236] mean 0.295 p95 0.718 max 1.155 m, heading mean 1.83 max 10.04 deg[0m
[log_localization-8] [0m[INFO] [1789658705.114250530] [log_localization]:   65.0 s   245.6 m  err 0.061 m (along +0.060 cross +0.008) yaw  -1.18 deg  m->o yaw  -1.18 deg | fit true 0.027 est 0.027 (x1.01)  enc/true 1.016  dr_err 0.28 m[0m
[localization_bootstrap-6] [33m[WARN] [1789658706.363799210] [localization_bootstrap]: RESET detected: heading stepped +14 deg in one tick[0m
[pure_pursuit-10] [33m[WARN] [1789658706.368807710] [pure_pursuit]: localization lost after a reset: holding until it is re-confirmed[0m
[localization_bootstrap-6] [33m[WARN] [1789658706.369395719] [localization_bootstrap]: recovery #1: follower held; prior (+2.50, -4.65, +74 deg) -- checkpoint 1.7 m behind the last pose along the track[0m
[localization_bootstrap-6] [0m[INFO] [1789658706.418092715] [localization_bootstrap]: seed 1/3: x=+2.500 y=-4.653 yaw=+73.7 deg -- awaiting confirmation[0m
[localization_bootstrap-6] [0m[INFO] [1789658706.419098614] [localization_bootstrap]: not reporting a spawn constant: the car is moving at 5.4 m/s, so this pose is not the spawn[0m
[amcl-4] [0m[INFO] [1789658706.421839507] [amcl]: initialPoseReceived[0m
[amcl-4] [0m[INFO] [1789658706.421969670] [amcl]: Setting pose (1789658706.421969): 2.461 -4.785 1.286[0m
[amcl-4] [0m[INFO] [1789658706.467395563] [amcl]: Requesting no-motion update[0m
[amcl-4] [0m[INFO] [1789658706.867546165] [amcl]: Requesting no-motion update[0m
[amcl-4] [0m[INFO] [1789658707.317524667] [amcl]: Requesting no-motion update[0m
[localization_bootstrap-6] [0m[INFO] [1789658707.468481950] [localization_bootstrap]: recovery: seed CONFIRMED on attempt 1: the estimate is 34.3 cm / 2.6 deg from truth (pos std 0.194 m). Tracking is now lidar + map + dead reckoning only.[0m
[localization_bootstrap-6] [0m[INFO] [1789658707.469374197] [localization_bootstrap]: CHECKPOINT CANDIDATE (converged after reset): ('2.375', '-4.972', '1.332')[0m
[localization_bootstrap-6] [0m[INFO] [1789658707.919917224] [localization_bootstrap]: recovery #1: creep, attempt 1[0m
[localization_bootstrap-6] [33m[WARN] [1789658708.483598506] [localization_bootstrap]: RESET detected: heading stepped -13 deg in one tick[0m
[localization_bootstrap-6] [33m[WARN] [1789658708.518166668] [localization_bootstrap]: recovery #2: follower held; prior (+2.50, -4.65, +74 deg) -- checkpoint -0.3 m behind the last pose along the track[0m
[amcl-4] [0m[INFO] [1789658708.567591484] [amcl]: initialPoseReceived[0m
[amcl-4] [0m[INFO] [1789658708.567673197] [amcl]: Setting pose (1789658708.567673): 2.500 -4.653 1.286[0m
[localization_bootstrap-6] [0m[INFO] [1789658708.569512074] [localization_bootstrap]: seed 1/3: x=+2.500 y=-4.653 yaw=+73.7 deg -- awaiting confirmation[0m
[localization_bootstrap-6] [33m[WARN] [1789658708.571908151] [localization_bootstrap]: MEASURED SPAWN is 7.990 m / 163.7 deg from racer_common.frames.SPAWN_* -- OUTSIDE slam_toolbox's +-0.5 m seed search, so any run that falls back to it CANNOT recover and the offset is frozen for the whole run. This run is seeded and therefore fine; the FALLBACK is what is wrong.
[localization_bootstrap-6]     Paste into racer_common/frames.py so bootstrap:=false and bootstrap_mode:=global start somewhere real:
[localization_bootstrap-6]         SPAWN_X = '2.500'
[localization_bootstrap-6]         SPAWN_Y = '-4.653'
[localization_bootstrap-6]         SPAWN_YAW = '1.2865'[0m
[amcl-4] [0m[INFO] [1789658708.617471101] [amcl]: Requesting no-motion update[0m
[amcl-4] [0m[INFO] [1789658709.067492232] [amcl]: Requesting no-motion update[0m
[amcl-4] [0m[INFO] [1789658709.517517160] [amcl]: Requesting no-motion update[0m
[localization_bootstrap-6] [0m[INFO] [1789658709.619247066] [localization_bootstrap]: recovery: seed CONFIRMED on attempt 1: the estimate is 5.4 cm / 1.7 deg from truth (pos std 0.161 m). Tracking is now lidar + map + dead reckoning only.[0m
[localization_bootstrap-6] [0m[INFO] [1789658709.621301114] [localization_bootstrap]: CHECKPOINT CANDIDATE (converged after reset): ('2.446', '-4.655', '1.315')[0m
[localization_error-7] [0m[INFO] [1789658709.847972554] [localization_error]: now[200] 0.774 m / 3.35 deg  |  session[n=1336] mean 0.362 p95 0.935 max 2.184 m, heading mean 2.06 max 26.91 deg[0m
[localization_bootstrap-6] [0m[INFO] [1789658709.919165441] [localization_bootstrap]: recovery #2: creep, attempt 1[0m
[log_localization-8] [0m[INFO] [1789658710.114581029] [log_localization]:   69.9 s   255.9 m  err 1.510 m (along -1.463 cross -0.373) yaw  +6.22 deg  m->o yaw  +6.35 deg | fit true 0.003 est 0.311 (x105.84)  enc/true 1.013  dr_err 2.51 m[0m
[localization_bootstrap-6] [33m[WARN] [1789658710.603889351] [localization_bootstrap]: RESET detected: heading stepped -12 deg in one tick[0m
[localization_bootstrap-6] [33m[WARN] [1789658710.619489635] [localization_bootstrap]: recovery #3: follower held; prior (+2.50, -4.65, +74 deg) -- checkpoint 0.0 m behind the last pose along the track[0m
[amcl-4] [0m[INFO] [1789658710.667425128] [amcl]: initialPoseReceived[0m
[amcl-4] [0m[INFO] [1789658710.667533180] [amcl]: Setting pose (1789658710.667533): 2.500 -4.653 1.287[0m
[localization_bootstrap-6] [0m[INFO] [1789658710.668865851] [localization_bootstrap]: seed 1/3: x=+2.500 y=-4.653 yaw=+73.7 deg -- awaiting confirmation[0m
[localization_bootstrap-6] [33m[WARN] [1789658710.670110196] [localization_bootstrap]: MEASURED SPAWN is 7.990 m / 163.7 deg from racer_common.frames.SPAWN_* -- OUTSIDE slam_toolbox's +-0.5 m seed search, so any run that falls back to it CANNOT recover and the offset is frozen for the whole run. This run is seeded and therefore fine; the FALLBACK is what is wrong.
[localization_bootstrap-6]     Paste into racer_common/frames.py so bootstrap:=false and bootstrap_mode:=global start somewhere real:
[localization_bootstrap-6]         SPAWN_X = '2.500'
[localization_bootstrap-6]         SPAWN_Y = '-4.653'
[localization_bootstrap-6]         SPAWN_YAW = '1.2867'[0m
[amcl-4] [0m[INFO] [1789658710.717623110] [amcl]: Requesting no-motion update[0m
[amcl-4] [0m[INFO] [1789658711.167781437] [amcl]: Requesting no-motion update[0m
[amcl-4] [0m[INFO] [1789658711.617404304] [amcl]: Requesting no-motion update[0m
[localization_bootstrap-6] [0m[INFO] [1789658711.718892488] [localization_bootstrap]: recovery: seed CONFIRMED on attempt 1: the estimate is 5.6 cm / 1.9 deg from truth (pos std 0.191 m). Tracking is now lidar + map + dead reckoning only.[0m
[localization_bootstrap-6] [0m[INFO] [1789658711.720365321] [localization_bootstrap]: CHECKPOINT CANDIDATE (converged after reset): ('2.446', '-4.666', '1.320')[0m
[localization_bootstrap-6] [0m[INFO] [1789658711.918761599] [localization_bootstrap]: recovery #3: creep, attempt 1[0m
[localization_bootstrap-6] [33m[WARN] [1789658712.744156909] [localization_bootstrap]: RESET detected: heading stepped -12 deg in one tick[0m
[localization_bootstrap-6] [33m[WARN] [1789658712.769779874] [localization_bootstrap]: recovery #4: follower held; prior (+2.50, -4.65, +74 deg) -- checkpoint 0.0 m behind the last pose along the track[0m
[amcl-4] [0m[INFO] [1789658712.817590834] [amcl]: initialPoseReceived[0m
[amcl-4] [0m[INFO] [1789658712.817700419] [amcl]: Setting pose (1789658712.817700): 2.500 -4.653 1.286[0m
[localization_bootstrap-6] [0m[INFO] [1789658712.818978177] [localization_bootstrap]: seed 1/3: x=+2.500 y=-4.653 yaw=+73.7 deg -- awaiting confirmation[0m
[localization_bootstrap-6] [33m[WARN] [1789658712.820846518] [localization_bootstrap]: MEASURED SPAWN is 7.990 m / 163.7 deg from racer_common.frames.SPAWN_* -- OUTSIDE slam_toolbox's +-0.5 m seed search, so any run that falls back to it CANNOT recover and the offset is frozen for the whole run. This run is seeded and therefore fine; the FALLBACK is what is wrong.
[localization_bootstrap-6]     Paste into racer_common/frames.py so bootstrap:=false and bootstrap_mode:=global start somewhere real:
[localization_bootstrap-6]         SPAWN_X = '2.500'
[localization_bootstrap-6]         SPAWN_Y = '-4.653'
[localization_bootstrap-6]         SPAWN_YAW = '1.2865'[0m
[amcl-4] [0m[INFO] [1789658712.867480469] [amcl]: Requesting no-motion update[0m
[amcl-4] [0m[INFO] [1789658713.317444383] [amcl]: Requesting no-motion update[0m
[amcl-4] [0m[INFO] [1789658713.717498265] [amcl]: Requesting no-motion update[0m
[localization_bootstrap-6] [0m[INFO] [1789658713.868265482] [localization_bootstrap]: recovery: seed CONFIRMED on attempt 1: the estimate is 7.5 cm / 0.8 deg from truth (pos std 0.183 m). Tracking is now lidar + map + dead reckoning only.[0m
[localization_bootstrap-6] [0m[INFO] [1789658713.869016746] [localization_bootstrap]: CHECKPOINT CANDIDATE (converged after reset): ('2.430', '-4.681', '1.300')[0m
[localization_bootstrap-6] [0m[INFO] [1789658713.918603025] [localization_bootstrap]: recovery #4: creep, attempt 1[0m
[localization_error-7] [0m[INFO] [1789658714.846768365] [localization_error]: now[200] 1.278 m / 5.50 deg  |  session[n=1436] mean 0.432 p95 1.737 max 2.184 m, heading mean 2.34 max 27.19 deg[0m
[localization_bootstrap-6] [0m[INFO] [1789658714.868762668] [localization_bootstrap]: recovery #4 complete in 2.1 s; follower resumes[0m
[pure_pursuit-10] [0m[INFO] [1789658714.869287820] [pure_pursuit]: localization converged, taking over[0m
[localization_bootstrap-6] [33m[WARN] [1789658714.942695445] [localization_bootstrap]: RESET detected: heading stepped -12 deg in one tick[0m
[pure_pursuit-10] [33m[WARN] [1789658714.969950841] [pure_pursuit]: localization lost after a reset: holding until it is re-confirmed[0m
[localization_bootstrap-6] [33m[WARN] [1789658714.970627866] [localization_bootstrap]: recovery #5: follower held; prior (+2.50, -4.65, +74 deg) -- checkpoint 0.0 m behind the last pose along the track[0m
[amcl-4] [0m[INFO] [1789658715.017483161] [amcl]: initialPoseReceived[0m
[amcl-4] [0m[INFO] [1789658715.017598516] [amcl]: Setting pose (1789658715.017598): 2.500 -4.653 1.283[0m
[localization_bootstrap-6] [0m[INFO] [1789658715.019021836] [localization_bootstrap]: seed 1/3: x=+2.500 y=-4.653 yaw=+73.5 deg -- awaiting confirmation[0m
[localization_bootstrap-6] [0m[INFO] [1789658715.020559320] [localization_bootstrap]: not reporting a spawn constant: the car is moving at 0.5 m/s, so this pose is not the spawn[0m
[log_localization-8] [0m[INFO] [1789658715.113801944] [log_localization]:   75.0 s   263.0 m  err 0.399 m (along -0.350 cross +0.192) yaw +28.65 deg  m->o yaw +28.65 deg | fit true 0.005 est 0.188 (x39.21)  enc/true 1.000  dr_err 6.63 m[0m
[amcl-4] [0m[INFO] [1789658715.117283450] [amcl]: Requesting no-motion update[0m
[amcl-4] [0m[INFO] [1789658715.517469779] [amcl]: Requesting no-motion update[0m
[amcl-4] [0m[INFO] [1789658715.917425126] [amcl]: Requesting no-motion update[0m
[localization_bootstrap-6] [0m[INFO] [1789658715.918992796] [localization_bootstrap]: recovery #5: seed, attempt 1[0m
[localization_bootstrap-6] [0m[INFO] [1789658716.070105639] [localization_bootstrap]: recovery: seed CONFIRMED on attempt 1: the estimate is 6.8 cm / 2.2 deg from truth (pos std 0.177 m). Tracking is now lidar + map + dead reckoning only.[0m
[localization_bootstrap-6] [0m[INFO] [1789658716.071403966] [localization_bootstrap]: CHECKPOINT CANDIDATE (converged after reset): ('2.441', '-4.688', '1.314')[0m
[localization_bootstrap-6] [33m[WARN] [1789658717.089536699] [localization_bootstrap]: RESET detected: heading stepped -12 deg in one tick[0m
[localization_bootstrap-6] [33m[WARN] [1789658717.118384460] [localization_bootstrap]: recovery #6: follower held; prior (+2.50, -4.65, +74 deg) -- checkpoint -0.1 m behind the last pose along the track[0m
[amcl-4] [0m[INFO] [1789658717.167676699] [amcl]: initialPoseReceived[0m
[amcl-4] [0m[INFO] [1789658717.167806211] [amcl]: Setting pose (1789658717.167806): 2.500 -4.653 1.285[0m
[localization_bootstrap-6] [0m[INFO] [1789658717.169233769] [localization_bootstrap]: seed 1/3: x=+2.500 y=-4.653 yaw=+73.7 deg -- awaiting confirmation[0m
[localization_bootstrap-6] [33m[WARN] [1789658717.171105086] [localization_bootstrap]: MEASURED SPAWN is 7.990 m / 163.6 deg from racer_common.frames.SPAWN_* -- OUTSIDE slam_toolbox's +-0.5 m seed search, so any run that falls back to it CANNOT recover and the offset is frozen for the whole run. This run is seeded and therefore fine; the FALLBACK is what is wrong.
[localization_bootstrap-6]     Paste into racer_common/frames.py so bootstrap:=false and bootstrap_mode:=global start somewhere real:
[localization_bootstrap-6]         SPAWN_X = '2.500'
[localization_bootstrap-6]         SPAWN_Y = '-4.653'
[localization_bootstrap-6]         SPAWN_YAW = '1.2855'[0m
[amcl-4] [0m[INFO] [1789658717.217501894] [amcl]: Requesting no-motion update[0m
[amcl-4] [0m[INFO] [1789658717.667255124] [amcl]: Requesting no-motion update[0m
[localization_bootstrap-6] [0m[INFO] [1789658717.918709479] [localization_bootstrap]: recovery #6: seed, attempt 1[0m
[amcl-4] [0m[INFO] [1789658718.067388263] [amcl]: Requesting no-motion update[0m
[localization_bootstrap-6] [0m[INFO] [1789658718.220175757] [localization_bootstrap]: recovery: seed CONFIRMED on attempt 1: the estimate is 6.6 cm / 1.5 deg from truth (pos std 0.179 m). Tracking is now lidar + map + dead reckoning only.[0m
[localization_bootstrap-6] [0m[INFO] [1789658718.221754968] [localization_bootstrap]: CHECKPOINT CANDIDATE (converged after reset): ('2.434', '-4.652', '1.312')[0m
[localization_bootstrap-6] [33m[WARN] [1789658719.211546296] [localization_bootstrap]: RESET detected: heading stepped -12 deg in one tick[0m
[localization_bootstrap-6] [33m[WARN] [1789658719.219515880] [localization_bootstrap]: recovery #7: follower held; prior (+2.50, -4.65, +74 deg) -- checkpoint 0.0 m behind the last pose along the track[0m
[amcl-4] [0m[INFO] [1789658719.267387473] [amcl]: initialPoseReceived[0m
[amcl-4] [0m[INFO] [1789658719.267506025] [amcl]: Setting pose (1789658719.267506): 2.500 -4.654 1.286[0m
[localization_bootstrap-6] [0m[INFO] [1789658719.268028892] [localization_bootstrap]: seed 1/3: x=+2.500 y=-4.653 yaw=+73.7 deg -- awaiting confirmation[0m
[localization_bootstrap-6] [33m[WARN] [1789658719.270252347] [localization_bootstrap]: MEASURED SPAWN is 7.990 m / 163.7 deg from racer_common.frames.SPAWN_* -- OUTSIDE slam_toolbox's +-0.5 m seed search, so any run that falls back to it CANNOT recover and the offset is frozen for the whole run. This run is seeded and therefore fine; the FALLBACK is what is wrong.
[localization_bootstrap-6]     Paste into racer_common/frames.py so bootstrap:=false and bootstrap_mode:=global start somewhere real:
[localization_bootstrap-6]         SPAWN_X = '2.500'
[localization_bootstrap-6]         SPAWN_Y = '-4.653'
[localization_bootstrap-6]         SPAWN_YAW = '1.2865'[0m
[amcl-4] [0m[INFO] [1789658719.317699869] [amcl]: Requesting no-motion update[0m
[amcl-4] [0m[INFO] [1789658719.767481572] [amcl]: Requesting no-motion update[0m
[localization_error-7] [0m[INFO] [1789658719.846449941] [localization_error]: now[200] 1.295 m / 7.67 deg  |  session[n=1536] mean 0.483 p95 1.830 max 2.184 m, heading mean 2.79 max 28.65 deg[0m
[localization_bootstrap-6] [0m[INFO] [1789658719.917764315] [localization_bootstrap]: recovery #7: seed, attempt 1[0m
[log_localization-8] [0m[INFO] [1789658720.113688122] [log_localization]:   79.9 s   267.8 m  err 1.839 m (along -1.778 cross -0.471) yaw  +0.98 deg  m->o yaw  +0.98 deg | fit true 0.006 est 0.243 (x42.45)  enc/true 0.993  dr_err 9.59 m[0m
[amcl-4] [0m[INFO] [1789658720.167511308] [amcl]: Requesting no-motion update[0m
[localization_bootstrap-6] [0m[INFO] [1789658720.317792347] [localization_bootstrap]: recovery: seed CONFIRMED on attempt 1: the estimate is 6.2 cm / 1.8 deg from truth (pos std 0.161 m). Tracking is now lidar + map + dead reckoning only.[0m
[localization_bootstrap-6] [0m[INFO] [1789658720.318761278] [localization_bootstrap]: CHECKPOINT CANDIDATE (converged after reset): ('2.438', '-4.656', '1.317')[0m
