[INFO] [launch]: All log files can be found below /root/.ros/log/2026-09-17-15-08-11-153480-adil-laptop-159
[INFO] [launch]: Default logging verbosity is set to INFO
[INFO] [launch.user]: [race] mode=dev  localizer=amcl  instruments=ON  bootstrap=truth
[INFO] [dead_reckoning-1]: process started with pid [185]
[INFO] [amcl-4]: process started with pid [191]
[INFO] [localization_bootstrap-6]: process started with pid [195]
[INFO] [localization_error-7]: process started with pid [197]
[INFO] [log_localization-8]: process started with pid [199]
[INFO] [static_transform_publisher-2]: process started with pid [187]
[INFO] [map_server-3]: process started with pid [189]
[INFO] [lifecycle_manager-5]: process started with pid [193]
[INFO] [static_transform_publisher-9]: process started with pid [201]
[static_transform_publisher-2] 1789657691.266193 [0] static_tra: selected interface "lo" is not multicast-capable: disabling multicast
[lifecycle_manager-5] 1789657691.269177 [0] lifecycle_: selected interface "lo" is not multicast-capable: disabling multicast
[amcl-4] 1789657691.274008 [0]       amcl: selected interface "lo" is not multicast-capable: disabling multicast
[static_transform_publisher-2] [INFO] [1789657691.278004364] [lidar_tf]: Spinning until stopped - publishing transform
[static_transform_publisher-2] translation: ('0.273300', '0.000000', '0.096000')
[static_transform_publisher-2] rotation: ('0.000000', '0.000000', '0.000000', '1.000000')
[static_transform_publisher-2] from 'roboracer_1' to 'lidar'
[static_transform_publisher-9] 1789657691.278370 [0] static_tra: selected interface "lo" is not multicast-capable: disabling multicast
[lifecycle_manager-5] [INFO] [1789657691.280035296] [lifecycle_manager_localization]: Creating
[lifecycle_manager-5] [INFO] [1789657691.282936923] [lifecycle_manager_localization]: [34m[1mCreating and initializing lifecycle service clients[0m[0m
[amcl-4] [0m[INFO] [1789657691.287218246] [amcl]: 
[amcl-4] 	amcl lifecycle node launched. 
[amcl-4] 	Waiting on external lifecycle transitions to activate
[amcl-4] 	See https://design.ros2.org/articles/node_lifecycle.html for more information.[0m
[amcl-4] [0m[INFO] [1789657691.288318992] [amcl]: Creating[0m
[static_transform_publisher-9] [INFO] [1789657691.290932561] [map_world_tf]: Spinning until stopped - publishing transform
[static_transform_publisher-9] translation: ('0.000000', '0.000000', '0.000000')
[static_transform_publisher-9] rotation: ('0.000000', '0.000000', '0.000000', '1.000000')
[static_transform_publisher-9] from 'map' to 'world'
[map_server-3] 1789657691.290996 [0] map_server: selected interface "lo" is not multicast-capable: disabling multicast
[map_server-3] [INFO] [1789657691.302012939] [map_server]: 
[map_server-3] 	map_server lifecycle node launched. 
[map_server-3] 	Waiting on external lifecycle transitions to activate
[map_server-3] 	See https://design.ros2.org/articles/node_lifecycle.html for more information.
[map_server-3] [INFO] [1789657691.302165664] [map_server]: Creating
[lifecycle_manager-5] [INFO] [1789657691.304363287] [lifecycle_manager_localization]: [34m[1mStarting managed nodes bringup...[0m[0m
[lifecycle_manager-5] [INFO] [1789657691.304458475] [lifecycle_manager_localization]: [34m[1mConfiguring map_server[0m[0m
[map_server-3] [INFO] [1789657691.316589404] [map_server]: Configuring
[map_server-3] [INFO] [1789657691.316668000] [map_io]: Loading yaml file: /root/Documents/roboracer/devkit_ws/src/racer_mapping/maps/iros2026/track_clean.yaml
[map_server-3] [INFO] [1789657691.316975825] [map_io]: resolution: 0.025
[map_server-3] [INFO] [1789657691.316987697] [map_io]: origin[0]: 0.00427
[map_server-3] [INFO] [1789657691.316994760] [map_io]: origin[1]: -16.8
[map_server-3] [INFO] [1789657691.317000641] [map_io]: origin[2]: 0
[map_server-3] [INFO] [1789657691.317006803] [map_io]: free_thresh: 0.25
[map_server-3] [INFO] [1789657691.317012664] [map_io]: occupied_thresh: 0.65
[map_server-3] [INFO] [1789657691.317018885] [map_io]: mode: trinary
[map_server-3] [INFO] [1789657691.317025287] [map_io]: negate: 0
[map_server-3] [INFO] [1789657691.317345335] [map_io]: Loading image_file: /root/Documents/roboracer/devkit_ws/src/racer_mapping/maps/iros2026/track_clean.pgm
[map_server-3] [INFO] [1789657691.349045480] [map_io]: Read map /root/Documents/roboracer/devkit_ws/src/racer_mapping/maps/iros2026/track_clean.pgm: 241 X 901 map @ 0.025 m/cell
[lifecycle_manager-5] [INFO] [1789657691.354325348] [lifecycle_manager_localization]: [34m[1mConfiguring amcl[0m[0m
[amcl-4] [0m[INFO] [1789657691.355207405] [amcl]: Configuring[0m
[amcl-4] [0m[INFO] [1789657691.355345643] [amcl]: initTransforms[0m
[amcl-4] [0m[INFO] [1789657691.368960231] [amcl]: initPubSub[0m
[amcl-4] [0m[INFO] [1789657691.372663626] [amcl]: Subscribed to map topic.[0m
[lifecycle_manager-5] [INFO] [1789657691.378990238] [lifecycle_manager_localization]: [34m[1mActivating map_server[0m[0m
[map_server-3] [INFO] [1789657691.379233202] [map_server]: Activating
[map_server-3] [INFO] [1789657691.379811952] [map_server]: Creating bond (map_server) to lifecycle manager.
[amcl-4] [0m[INFO] [1789657691.382298084] [amcl]: Received a 241 X 901 map @ 0.025 m/pix[0m
[lifecycle_manager-5] [INFO] [1789657691.487177357] [lifecycle_manager_localization]: Server map_server connected with bond.
[lifecycle_manager-5] [INFO] [1789657691.487268267] [lifecycle_manager_localization]: [34m[1mActivating amcl[0m[0m
[amcl-4] [0m[INFO] [1789657691.487617038] [amcl]: Activating[0m
[amcl-4] [0m[INFO] [1789657691.487728987] [amcl]: initialPoseReceived[0m
[amcl-4] [0m[INFO] [1789657691.487957033] [amcl]: Setting pose (1789657691.487957): 0.818 3.158 -1.571[0m
[amcl-4] [0m[INFO] [1789657691.490945272] [amcl]: Creating bond (amcl) to lifecycle manager.[0m
[lifecycle_manager-5] [INFO] [1789657691.593770530] [lifecycle_manager_localization]: Server amcl connected with bond.
[lifecycle_manager-5] [INFO] [1789657691.593855228] [lifecycle_manager_localization]: [34m[1mManaged nodes are active[0m[0m
[lifecycle_manager-5] [INFO] [1789657691.593894982] [lifecycle_manager_localization]: [34m[1mCreating bond timer...[0m[0m
[dead_reckoning-1] 1789657691.672402 [0] dead_recko: selected interface "lo" is not multicast-capable: disabling multicast
[localization_error-7] 1789657691.673655 [0] localizati: selected interface "lo" is not multicast-capable: disabling multicast
[localization_bootstrap-6] 1789657691.673793 [0] localizati: selected interface "lo" is not multicast-capable: disabling multicast
[log_localization-8] 1789657691.759202 [0] log_locali: selected interface "lo" is not multicast-capable: disabling multicast
[dead_reckoning-1] [0m[INFO] [1789657691.776438928] [dead_reckoning]: dead reckoning: odom -> roboracer_1, wheel r=0.0581 m, scale=1.0, 200 Hz, tf +20 ms, extrapolate yaw=True pos=True[0m
[localization_bootstrap-6] [0m[INFO] [1789657691.781578724] [localization_bootstrap]: centreline runs against the lap; arc length reversed for checkpoint ordering[0m
[localization_error-7] [31m[ERROR] [1789657691.785777824] [localization_error]: RESTRICTED TOPIC: reading /autodrive/roboracer_1/odom (simulator ground-truth pose and twist) -- continuous comparison against TF map -> roboracer_1. This run is NOT race-legal; any lap time from it is a development number. See racer_common/restricted.py.[0m
[localization_error-7] [0m[INFO] [1789657691.786867749] [localization_error]: sampling starts 1.0 s after /localization_ready; bootstrap is excluded (require_ready:=false to include it)[0m
[localization_error-7] [0m[INFO] [1789657691.788798454] [localization_error]: waiting for TF map -> roboracer_1: "map" passed to lookupTransform argument target_frame does not exist. [0m
[localization_bootstrap-6] [0m[INFO] [1789657691.799422199] [localization_bootstrap]: WARMUP SEED: reading /autodrive/roboracer_1/ips (simulator ground-truth position) ONCE -- initial pose seed. Legal: the first lap is warmup, this is read before the car moves, and it is released immediately after. Nothing reads ground truth afterwards.[0m
[localization_bootstrap-6] [0m[INFO] [1789657691.800176507] [localization_bootstrap]: mode=truth: seeding the initial pose from /ips + /imu before the car moves, then releasing /ips. Tracking is lidar + map + dead reckoning from there on.[0m
[localization_bootstrap-6] [0m[INFO] [1789657691.800855655] [localization_bootstrap]: waiting for amcl to reach the active state before sending anything[0m
[amcl-4] [0m[INFO] [1789657691.834991518] [amcl]: Message Filter dropping message: frame 'lidar' at time 1789657691.391 for reason 'discarding message because the queue is full'[0m
[amcl-4] [0m[INFO] [1789657691.835191200] [amcl]: createLaserObject[0m
[localization_bootstrap-6] [0m[INFO] [1789657691.853341478] [localization_bootstrap]: amcl is ACTIVE -- an initial pose will now be accepted[0m
[localization_bootstrap-6] [0m[INFO] [1789657691.902298762] [localization_bootstrap]: seed 1/5: x=+0.800 y=+3.158 yaw=-90.0 deg -- awaiting confirmation[0m
[localization_bootstrap-6] [0m[INFO] [1789657691.903082947] [localization_bootstrap]: MEASURED SPAWN x=+0.800 y=+3.158 yaw=-90.0 deg -- within 2 cm of racer_common.frames.SPAWN_*, so the fallback is sound too. Nothing to change.[0m
[log_localization-8] [31m[ERROR] [1789657691.904991079] [log_localization]: RESTRICTED TOPIC: reading /autodrive/roboracer_1/ips (simulator ground-truth position) -- continuous logging against the estimate. This run is NOT race-legal; any lap time from it is a development number. See racer_common/restricted.py.[0m
[log_localization-8] [31m[ERROR] [1789657691.905786304] [log_localization]: RESTRICTED TOPIC: reading /autodrive/roboracer_1/odom (simulator ground-truth pose and twist) -- continuous logging against the estimate. This run is NOT race-legal; any lap time from it is a development number. See racer_common/restricted.py.[0m
[log_localization-8] [0m[INFO] [1789657691.906825033] [log_localization]: logging to /root/Documents/roboracer/experiments/iros2026/T08b_h70b_warm20/run.csv at 20 Hz until Ctrl-C[0m
[log_localization-8] [0m[INFO] [1789657691.956981337] [log_localization]: waiting for TF map -> roboracer_1 ...[0m
[amcl-4] [0m[INFO] [1789657692.026741401] [amcl]: initialPoseReceived[0m
[amcl-4] [0m[INFO] [1789657692.026913512] [amcl]: Setting pose (1789657692.026913): 0.800 3.158 -1.571[0m
[amcl-4] [0m[INFO] [1789657692.032746613] [amcl]: Requesting no-motion update[0m
[amcl-4] [0m[INFO] [1789657692.351805387] [amcl]: Requesting no-motion update[0m
[amcl-4] [0m[INFO] [1789657692.801871946] [amcl]: Requesting no-motion update[0m
[amcl-4] [0m[INFO] [1789657693.201800336] [amcl]: Requesting no-motion update[0m
[pure_pursuit] launch overrides: {'v_max': 8.5, 'warmup_v_max': 2.0, 'warmup_dist_m': 21.0, 'target_lead_s': 0.0, 'slip_circle': 0.12, 'accel_ff': 1.0, 'control_hz': 45.0}
[INFO] [pure_pursuit-10]: process started with pid [348]
[pure_pursuit-10] 1789657693.586819 [0] pure_pursu: selected interface "lo" is not multicast-capable: disabling multicast
[amcl-4] [0m[INFO] [1789657693.651676880] [amcl]: Requesting no-motion update[0m
[pure_pursuit-10] [0m[INFO] [1789657693.689016875] [pure_pursuit]: path: 435 points, 43.41 m lap, from /root/Documents/roboracer/raceline/iros2026/raceline_tum_iqp_h7.0_a7.0b.csv[0m
[pure_pursuit-10] [0m[INFO] [1789657693.694820661] [pure_pursuit]: pose from TF map -> roboracer_1 (continuous); /amcl_pose kept as a fallback[0m
[pure_pursuit-10] [0m[INFO] [1789657693.696665005] [pure_pursuit]: steering on /amcl_pose[0m
[pure_pursuit-10] [0m[INFO] [1789657693.697498621] [pure_pursuit]: warmup cap: speed target held at 2.00 m/s for the first 21.0 m of driving, then released[0m
[pure_pursuit-10] [0m[INFO] [1789657693.701686961] [pure_pursuit]: speed_source=tire  throttle_mode=slip  slip band [-0.08, +0.08]  u_launch 0.4 m/s  lookahead 0.8-2.2 m (k 0.55)  latency_comp 0.05 s[0m
[pure_pursuit-10] [0m[INFO] [1789657693.702401365] [pure_pursuit]: slip band: circle 0.12 x sqrt(1 - (a_lat/7)^2), replacing the fixed band above  |  plan-acceleration feedforward ON[0m
[pure_pursuit-10] [33m[WARN] [1789657693.703213762] [pure_pursuit]: dev_lap_telemetry ON: subscribing to RESTRICTED lap topics[0m
[pure_pursuit-10] [0m[INFO] [1789657693.705897803] [pure_pursuit]: holding until /localization_ready[0m
[pure_pursuit-10] [0m[INFO] [1789657693.726055117] [pure_pursuit]: lap 0: inf s[0m
[localization_bootstrap-6] [0m[INFO] [1789657693.803219085] [localization_bootstrap]: seed 1/5 sent, awaiting a fresh /amcl_pose to confirm it[0m
[localization_bootstrap-6] [0m[INFO] [1789657693.952717684] [localization_bootstrap]: localization_bootstrap: released /autodrive/roboracer_1/ips -- no restricted topic is read from here on; the timed laps are clean.[0m
[localization_bootstrap-6] [0m[INFO] [1789657693.953576006] [localization_bootstrap]: seed CONFIRMED on attempt 1: the estimate is 0.9 cm / 0.3 deg from truth (pos std 0.050 m). Tracking is now lidar + map + dead reckoning only.[0m
[localization_bootstrap-6] [0m[INFO] [1789657693.954325125] [localization_bootstrap]: /localization_ready = true, follower may take over[0m
[localization_error-7] [0m[INFO] [1789657693.955311576] [localization_error]: /localization_ready latched -- sampling opens in 1.0 s (33 bootstrap samples discarded)[0m
[pure_pursuit-10] [0m[INFO] [1789657693.955371338] [pure_pursuit]: localization converged, taking over[0m
[localization_bootstrap-6] [0m[INFO] [1789657693.955543149] [localization_bootstrap]: recovery armed: watching encoders + IMU for a reset; 15 checkpoint(s) known for this track[0m
[localization_error-7] [0m[INFO] [1789657696.737525614] [localization_error]: now[ 36] 0.316 m / 0.26 deg  |  session[n=36] mean 0.316 p95 0.354 max 0.367 m, heading mean 0.26 max 0.68 deg[0m
[log_localization-8] [0m[INFO] [1789657697.007806257] [log_localization]:    5.0 s     5.7 m  err 0.197 m (along +0.195 cross +0.024) yaw  +0.19 deg  m->o yaw  +0.23 deg | fit true 0.013 est 0.007 (x0.59)  enc/true 1.041  dr_err 0.25 m[0m
[localization_error-7] [0m[INFO] [1789657701.735916798] [localization_error]: now[136] 0.286 m / 0.31 deg  |  session[n=136] mean 0.286 p95 0.427 max 0.463 m, heading mean 0.31 max 0.80 deg[0m
[log_localization-8] [0m[INFO] [1789657702.007603026] [log_localization]:   10.0 s    15.7 m  err 0.045 m (along +0.045 cross -0.006) yaw  -0.20 deg  m->o yaw  -0.16 deg | fit true 0.003 est 0.002 (x0.78)  enc/true 1.010  dr_err 0.11 m[0m
[pure_pursuit-10] [0m[INFO] [1789657704.758850528] [pure_pursuit]: warmup cap released after 21.0 m; v_max back to 8.50 m/s[0m
[localization_error-7] [0m[INFO] [1789657706.736504364] [localization_error]: now[200] 0.229 m / 1.07 deg  |  session[n=236] mean 0.242 p95 0.427 max 0.480 m, heading mean 0.95 max 10.46 deg[0m
[log_localization-8] [0m[INFO] [1789657707.008160425] [log_localization]:   15.0 s    30.1 m  err 0.126 m (along +0.126 cross +0.011) yaw  +1.25 deg  m->o yaw  +1.81 deg | fit true 0.007 est 0.032 (x4.87)  enc/true 1.022  dr_err 0.33 m[0m
[pure_pursuit-10] [0m[INFO] [1789657710.039502102] [pure_pursuit]: lap 1: 22.00 s[0m
[localization_error-7] [0m[INFO] [1789657711.738147500] [localization_error]: now[200] 0.249 m / 1.85 deg  |  session[n=336] mean 0.264 p95 0.543 max 0.991 m, heading mean 1.23 max 10.46 deg[0m
[log_localization-8] [0m[INFO] [1789657712.007540897] [log_localization]:   19.9 s    53.7 m  err 0.232 m (along +0.230 cross +0.029) yaw  +0.07 deg  m->o yaw  -0.71 deg | fit true 0.012 est 0.011 (x0.90)  enc/true 1.025  dr_err 0.66 m[0m
[localization_error-7] [0m[INFO] [1789657716.735877931] [localization_error]: now[200] 0.321 m / 2.33 deg  |  session[n=436] mean 0.279 p95 0.632 max 1.024 m, heading mean 1.58 max 10.46 deg[0m
[log_localization-8] [0m[INFO] [1789657717.007461868] [log_localization]:   24.9 s    76.0 m  err 0.089 m (along +0.023 cross +0.086) yaw  +1.67 deg  m->o yaw  +1.84 deg | fit true 0.070 est 0.047 (x0.67)  enc/true 1.021  dr_err 0.26 m[0m
[pure_pursuit-10] [0m[INFO] [1789657719.725728613] [pure_pursuit]: lap 2: 9.67 s[0m
[localization_error-7] [0m[INFO] [1789657721.737679012] [localization_error]: now[200] 0.353 m / 2.38 deg  |  session[n=536] mean 0.297 p95 0.726 max 1.073 m, heading mean 1.66 max 10.46 deg[0m
[log_localization-8] [0m[INFO] [1789657722.008091371] [log_localization]:   30.0 s    99.8 m  err 0.041 m (along +0.039 cross +0.009) yaw  +0.89 deg  m->o yaw  -0.40 deg | fit true 0.013 est 0.009 (x0.72)  enc/true 1.024  dr_err 0.73 m[0m
[pure_pursuit-10] [33m[WARN] [1789657724.861721745] [pure_pursuit]: heading jumped -35 deg in one tick: respawn. Speed estimate 3.63 -> 0, pose history cleared.[0m
[localization_bootstrap-6] [33m[WARN] [1789657724.864027951] [localization_bootstrap]: RESET detected: heading stepped -32 deg in one tick[0m
[pure_pursuit-10] [33m[WARN] [1789657724.903380654] [pure_pursuit]: localization lost after a reset: holding until it is re-confirmed[0m
[localization_bootstrap-6] [33m[WARN] [1789657724.904472773] [localization_bootstrap]: recovery #1: follower held; prior (+3.02, -13.62, +70 deg) -- checkpoint 1.5 m behind the last pose along the track[0m
[amcl-4] [0m[INFO] [1789657724.951787742] [amcl]: initialPoseReceived[0m
[amcl-4] [0m[INFO] [1789657724.951849918] [amcl]: Setting pose (1789657724.951850): 3.018 -13.623 1.249[0m
[localization_bootstrap-6] [0m[INFO] [1789657724.953231517] [localization_bootstrap]: seed 1/3: x=+3.018 y=-13.624 yaw=+71.5 deg -- awaiting confirmation[0m
[localization_bootstrap-6] [0m[INFO] [1789657724.954763327] [localization_bootstrap]: not reporting a spawn constant: the car is moving at 3.6 m/s, so this pose is not the spawn[0m
[amcl-4] [0m[INFO] [1789657725.001628055] [amcl]: Requesting no-motion update[0m
[amcl-4] [0m[INFO] [1789657725.401717986] [amcl]: Requesting no-motion update[0m
[amcl-4] [0m[INFO] [1789657725.801775708] [amcl]: Requesting no-motion update[0m
[localization_bootstrap-6] [0m[INFO] [1789657725.803225865] [localization_bootstrap]: recovery #1: seed, attempt 1[0m
[localization_bootstrap-6] [0m[INFO] [1789657726.003381933] [localization_bootstrap]: recovery: seed CONFIRMED on attempt 1: the estimate is 8.5 cm / 0.0 deg from truth (pos std 0.159 m). Tracking is now lidar + map + dead reckoning only.[0m
[localization_bootstrap-6] [0m[INFO] [1789657726.005206790] [localization_bootstrap]: CHECKPOINT CANDIDATE (converged after reset): ('2.951', '-13.676', '1.247')[0m
[localization_error-7] [0m[INFO] [1789657726.736215559] [localization_error]: now[200] 0.571 m / 2.63 deg  |  session[n=636] mean 0.371 p95 1.079 max 2.267 m, heading mean 1.91 max 17.46 deg[0m
[localization_bootstrap-6] [33m[WARN] [1789657726.756960069] [localization_bootstrap]: RESET detected: heading stepped -13 deg in one tick[0m
[localization_bootstrap-6] [33m[WARN] [1789657726.803959228] [localization_bootstrap]: recovery #2: follower held; prior (+3.02, -13.62, +70 deg) -- checkpoint -0.1 m behind the last pose along the track[0m
[amcl-4] [0m[INFO] [1789657726.851859039] [amcl]: initialPoseReceived[0m
[amcl-4] [0m[INFO] [1789657726.851976849] [amcl]: Setting pose (1789657726.851977): 3.018 -13.624 1.222[0m
[localization_bootstrap-6] [0m[INFO] [1789657726.853407340] [localization_bootstrap]: seed 1/3: x=+3.018 y=-13.624 yaw=+70.0 deg -- awaiting confirmation[0m
[localization_bootstrap-6] [33m[WARN] [1789657726.855515475] [localization_bootstrap]: MEASURED SPAWN is 16.926 m / 160.0 deg from racer_common.frames.SPAWN_* -- OUTSIDE slam_toolbox's +-0.5 m seed search, so any run that falls back to it CANNOT recover and the offset is frozen for the whole run. This run is seeded and therefore fine; the FALLBACK is what is wrong.
[localization_bootstrap-6]     Paste into racer_common/frames.py so bootstrap:=false and bootstrap_mode:=global start somewhere real:
[localization_bootstrap-6]         SPAWN_X = '3.018'
[localization_bootstrap-6]         SPAWN_Y = '-13.624'
[localization_bootstrap-6]         SPAWN_YAW = '1.2219'[0m
[amcl-4] [0m[INFO] [1789657726.901986949] [amcl]: Requesting no-motion update[0m
[log_localization-8] [0m[INFO] [1789657727.009222512] [log_localization]:   35.0 s   112.3 m  err 0.012 m (along +0.012 cross +0.001) yaw  -0.13 deg  m->o yaw  -0.13 deg | fit true 0.002 est 0.000 (x0.15)  enc/true 1.020  dr_err 2.63 m[0m
[amcl-4] [0m[INFO] [1789657727.302207685] [amcl]: Requesting no-motion update[0m
[amcl-4] [0m[INFO] [1789657727.751696716] [amcl]: Requesting no-motion update[0m
[localization_bootstrap-6] [0m[INFO] [1789657727.802497393] [localization_bootstrap]: recovery #2: seed, attempt 1[0m
[localization_bootstrap-6] [0m[INFO] [1789657727.901964732] [localization_bootstrap]: recovery: seed CONFIRMED on attempt 1: the estimate is 0.7 cm / 0.3 deg from truth (pos std 0.122 m). Tracking is now lidar + map + dead reckoning only.[0m
[localization_bootstrap-6] [0m[INFO] [1789657727.903073081] [localization_bootstrap]: CHECKPOINT CANDIDATE (converged after reset): ('3.014', '-13.619', '1.216')[0m
[localization_bootstrap-6] [33m[WARN] [1789657728.717366274] [localization_bootstrap]: RESET detected: heading stepped -11 deg in one tick[0m
[localization_bootstrap-6] [33m[WARN] [1789657728.754210183] [localization_bootstrap]: recovery #3: follower held; prior (+3.02, -13.62, +70 deg) -- checkpoint 0.0 m behind the last pose along the track[0m
[amcl-4] [0m[INFO] [1789657728.802344601] [amcl]: initialPoseReceived[0m
[amcl-4] [0m[INFO] [1789657728.802523445] [amcl]: Setting pose (1789657728.802523): 3.018 -13.624 1.224[0m
[localization_bootstrap-6] [0m[INFO] [1789657728.803526668] [localization_bootstrap]: seed 1/3: x=+3.018 y=-13.624 yaw=+70.2 deg -- awaiting confirmation[0m
[localization_bootstrap-6] [33m[WARN] [1789657728.805435111] [localization_bootstrap]: MEASURED SPAWN is 16.926 m / 160.1 deg from racer_common.frames.SPAWN_* -- OUTSIDE slam_toolbox's +-0.5 m seed search, so any run that falls back to it CANNOT recover and the offset is frozen for the whole run. This run is seeded and therefore fine; the FALLBACK is what is wrong.
[localization_bootstrap-6]     Paste into racer_common/frames.py so bootstrap:=false and bootstrap_mode:=global start somewhere real:
[localization_bootstrap-6]         SPAWN_X = '3.018'
[localization_bootstrap-6]         SPAWN_Y = '-13.624'
[localization_bootstrap-6]         SPAWN_YAW = '1.2244'[0m
[amcl-4] [0m[INFO] [1789657728.851700069] [amcl]: Requesting no-motion update[0m
[amcl-4] [0m[INFO] [1789657729.251741190] [amcl]: Requesting no-motion update[0m
[amcl-4] [0m[INFO] [1789657729.701427239] [amcl]: Requesting no-motion update[0m
[localization_bootstrap-6] [0m[INFO] [1789657729.802980532] [localization_bootstrap]: recovery #3: seed, attempt 1[0m
[localization_bootstrap-6] [0m[INFO] [1789657729.852931272] [localization_bootstrap]: recovery: seed CONFIRMED on attempt 1: the estimate is 1.6 cm / 0.1 deg from truth (pos std 0.136 m). Tracking is now lidar + map + dead reckoning only.[0m
[localization_bootstrap-6] [0m[INFO] [1789657729.854500912] [localization_bootstrap]: CHECKPOINT CANDIDATE (converged after reset): ('3.021', '-13.608', '1.222')[0m
[localization_bootstrap-6] [33m[WARN] [1789657730.629379286] [localization_bootstrap]: RESET detected: heading stepped -11 deg in one tick[0m
[localization_bootstrap-6] [33m[WARN] [1789657730.653414591] [localization_bootstrap]: recovery #4: follower held; prior (+3.02, -13.62, +70 deg) -- checkpoint 0.0 m behind the last pose along the track[0m
[amcl-4] [0m[INFO] [1789657730.701787655] [amcl]: initialPoseReceived[0m
[amcl-4] [0m[INFO] [1789657730.701895667] [amcl]: Setting pose (1789657730.701895): 3.018 -13.624 1.221[0m
[localization_bootstrap-6] [0m[INFO] [1789657730.702408755] [localization_bootstrap]: seed 1/3: x=+3.018 y=-13.624 yaw=+70.0 deg -- awaiting confirmation[0m
[localization_bootstrap-6] [33m[WARN] [1789657730.703579661] [localization_bootstrap]: MEASURED SPAWN is 16.926 m / 160.0 deg from racer_common.frames.SPAWN_* -- OUTSIDE slam_toolbox's +-0.5 m seed search, so any run that falls back to it CANNOT recover and the offset is frozen for the whole run. This run is seeded and therefore fine; the FALLBACK is what is wrong.
[localization_bootstrap-6]     Paste into racer_common/frames.py so bootstrap:=false and bootstrap_mode:=global start somewhere real:
[localization_bootstrap-6]         SPAWN_X = '3.018'
[localization_bootstrap-6]         SPAWN_Y = '-13.624'
[localization_bootstrap-6]         SPAWN_YAW = '1.2215'[0m
[amcl-4] [0m[INFO] [1789657730.751551766] [amcl]: Requesting no-motion update[0m
[amcl-4] [0m[INFO] [1789657731.151610610] [amcl]: Requesting no-motion update[0m
[amcl-4] [0m[INFO] [1789657731.601567605] [amcl]: Requesting no-motion update[0m
[localization_error-7] [0m[INFO] [1789657731.737438059] [localization_error]: now[200] 0.606 m / 2.35 deg  |  session[n=736] mean 0.381 p95 1.109 max 2.267 m, heading mean 1.85 max 17.46 deg[0m
[localization_bootstrap-6] [0m[INFO] [1789657731.752728618] [localization_bootstrap]: recovery: seed CONFIRMED on attempt 1: the estimate is 1.2 cm / 0.3 deg from truth (pos std 0.141 m). Tracking is now lidar + map + dead reckoning only.[0m
[localization_bootstrap-6] [0m[INFO] [1789657731.754334566] [localization_bootstrap]: CHECKPOINT CANDIDATE (converged after reset): ('3.020', '-13.612', '1.227')[0m
[localization_bootstrap-6] [0m[INFO] [1789657731.802622150] [localization_bootstrap]: recovery #4: creep, attempt 1[0m
[log_localization-8] [0m[INFO] [1789657732.007609809] [log_localization]:   40.0 s   115.9 m  err 0.228 m (along +0.228 cross -0.008) yaw  -1.16 deg  m->o yaw  -1.13 deg | fit true 0.000 est 0.064 (x145.38)  enc/true 1.012  dr_err 5.24 m[0m
[localization_bootstrap-6] [33m[WARN] [1789657732.550241892] [localization_bootstrap]: RESET detected: heading stepped -12 deg in one tick[0m
[localization_bootstrap-6] [33m[WARN] [1789657732.553137648] [localization_bootstrap]: recovery #5: follower held; prior (+3.02, -13.62, +70 deg) -- checkpoint 0.0 m behind the last pose along the track[0m
[localization_bootstrap-6] [0m[INFO] [1789657732.603113174] [localization_bootstrap]: seed 1/3: x=+3.018 y=-13.624 yaw=+70.1 deg -- awaiting confirmation[0m
[localization_bootstrap-6] [33m[WARN] [1789657732.604747025] [localization_bootstrap]: MEASURED SPAWN is 16.926 m / 160.1 deg from racer_common.frames.SPAWN_* -- OUTSIDE slam_toolbox's +-0.5 m seed search, so any run that falls back to it CANNOT recover and the offset is frozen for the whole run. This run is seeded and therefore fine; the FALLBACK is what is wrong.
[localization_bootstrap-6]     Paste into racer_common/frames.py so bootstrap:=false and bootstrap_mode:=global start somewhere real:
[localization_bootstrap-6]         SPAWN_X = '3.018'
[localization_bootstrap-6]         SPAWN_Y = '-13.624'
[localization_bootstrap-6]         SPAWN_YAW = '1.2237'[0m
[amcl-4] [0m[INFO] [1789657732.607618355] [amcl]: initialPoseReceived[0m
[amcl-4] [0m[INFO] [1789657732.607720396] [amcl]: Setting pose (1789657732.607720): 3.018 -13.623 1.224[0m
[amcl-4] [0m[INFO] [1789657732.651763556] [amcl]: Requesting no-motion update[0m
[amcl-4] [0m[INFO] [1789657733.101920204] [amcl]: Requesting no-motion update[0m
[amcl-4] [0m[INFO] [1789657733.551495446] [amcl]: Requesting no-motion update[0m
[localization_bootstrap-6] [0m[INFO] [1789657733.652852042] [localization_bootstrap]: recovery: seed CONFIRMED on attempt 1: the estimate is 1.2 cm / 0.2 deg from truth (pos std 0.131 m). Tracking is now lidar + map + dead reckoning only.[0m
[localization_bootstrap-6] [0m[INFO] [1789657733.653695076] [localization_bootstrap]: CHECKPOINT CANDIDATE (converged after reset): ('3.008', '-13.618', '1.219')[0m
[localization_bootstrap-6] [0m[INFO] [1789657733.803275257] [localization_bootstrap]: recovery #5: creep, attempt 1[0m
[localization_bootstrap-6] [33m[WARN] [1789657734.452877025] [localization_bootstrap]: RESET detected: heading stepped -11 deg in one tick[0m
[localization_bootstrap-6] [33m[WARN] [1789657734.455976102] [localization_bootstrap]: recovery #6: follower held; prior (+3.02, -13.62, +70 deg) -- checkpoint 0.0 m behind the last pose along the track[0m
[localization_bootstrap-6] [0m[INFO] [1789657734.503176566] [localization_bootstrap]: seed 1/3: x=+3.018 y=-13.624 yaw=+70.1 deg -- awaiting confirmation[0m
[localization_bootstrap-6] [0m[INFO] [1789657734.505263974] [localization_bootstrap]: not reporting a spawn constant: the car is moving at 0.1 m/s, so this pose is not the spawn[0m
[amcl-4] [0m[INFO] [1789657734.506449958] [amcl]: initialPoseReceived[0m
[amcl-4] [0m[INFO] [1789657734.506535728] [amcl]: Setting pose (1789657734.506536): 3.018 -13.623 1.224[0m
[amcl-4] [0m[INFO] [1789657734.551493456] [amcl]: Requesting no-motion update[0m
[amcl-4] [0m[INFO] [1789657734.951747944] [amcl]: Requesting no-motion update[0m
[amcl-4] [0m[INFO] [1789657735.351803111] [amcl]: Requesting no-motion update[0m
[localization_bootstrap-6] [0m[INFO] [1789657735.552773519] [localization_bootstrap]: recovery: seed CONFIRMED on attempt 1: the estimate is 1.2 cm / 0.1 deg from truth (pos std 0.144 m). Tracking is now lidar + map + dead reckoning only.[0m
[localization_bootstrap-6] [0m[INFO] [1789657735.554715595] [localization_bootstrap]: CHECKPOINT CANDIDATE (converged after reset): ('3.011', '-13.614', '1.224')[0m
[localization_bootstrap-6] [0m[INFO] [1789657735.802704108] [localization_bootstrap]: recovery #6: creep, attempt 1[0m
