[INFO] [launch]: All log files can be found below /root/.ros/log/2026-09-11-22-41-04-465431-theflash-ASUS-TUF-Gaming-F15-FX507ZI4-FX507ZI-26
[INFO] [launch]: Default logging verbosity is set to INFO
[INFO] [launch.user]: [race] mode=dev  localizer=amcl  instruments=ON  bootstrap=spawn
[INFO] [autodrive_bridge-1]: process started with pid [44]
[INFO] [dead_reckoning-2]: process started with pid [46]
[INFO] [amcl-5]: process started with pid [52]
[INFO] [localization_bootstrap-7]: process started with pid [56]
[INFO] [localization_error-8]: process started with pid [58]
[INFO] [log_localization-9]: process started with pid [60]
[INFO] [static_transform_publisher-3]: process started with pid [48]
[INFO] [map_server-4]: process started with pid [50]
[INFO] [lifecycle_manager-6]: process started with pid [54]
[INFO] [static_transform_publisher-10]: process started with pid [62]
[static_transform_publisher-3] 1789166464.535872 [0] static_tra: selected interface "lo" is not multicast-capable: disabling multicast
[static_transform_publisher-3] [INFO] [1789166464.538986078] [lidar_tf]: Spinning until stopped - publishing transform
[static_transform_publisher-3] translation: ('0.273300', '0.000000', '0.096000')
[static_transform_publisher-3] rotation: ('0.000000', '0.000000', '0.000000', '1.000000')
[static_transform_publisher-3] from 'roboracer_1' to 'lidar'
[lifecycle_manager-6] 1789166464.539010 [0] lifecycle_: selected interface "lo" is not multicast-capable: disabling multicast
[static_transform_publisher-10] 1789166464.539016 [0] static_tra: selected interface "lo" is not multicast-capable: disabling multicast
[map_server-4] 1789166464.541928 [0] map_server: selected interface "lo" is not multicast-capable: disabling multicast
[amcl-5] 1789166464.543541 [0]       amcl: selected interface "lo" is not multicast-capable: disabling multicast
[static_transform_publisher-10] [INFO] [1789166464.544171460] [map_world_tf]: Spinning until stopped - publishing transform
[static_transform_publisher-10] translation: ('0.000000', '0.000000', '0.000000')
[static_transform_publisher-10] rotation: ('0.000000', '0.000000', '0.000000', '1.000000')
[static_transform_publisher-10] from 'map' to 'world'
[lifecycle_manager-6] [INFO] [1789166464.546151361] [lifecycle_manager_localization]: Creating
[amcl-5] [0m[INFO] [1789166464.548463883] [amcl]: 
[amcl-5] 	amcl lifecycle node launched. 
[amcl-5] 	Waiting on external lifecycle transitions to activate
[amcl-5] 	See https://design.ros2.org/articles/node_lifecycle.html for more information.[0m
[lifecycle_manager-6] [INFO] [1789166464.548897548] [lifecycle_manager_localization]: [34m[1mCreating and initializing lifecycle service clients[0m[0m
[amcl-5] [0m[INFO] [1789166464.549313759] [amcl]: Creating[0m
[map_server-4] [INFO] [1789166464.549327093] [map_server]: 
[map_server-4] 	map_server lifecycle node launched. 
[map_server-4] 	Waiting on external lifecycle transitions to activate
[map_server-4] 	See https://design.ros2.org/articles/node_lifecycle.html for more information.
[map_server-4] [INFO] [1789166464.549461298] [map_server]: Creating
[lifecycle_manager-6] [INFO] [1789166464.550588535] [lifecycle_manager_localization]: [34m[1mStarting managed nodes bringup...[0m[0m
[lifecycle_manager-6] [INFO] [1789166464.550674832] [lifecycle_manager_localization]: [34m[1mConfiguring map_server[0m[0m
[map_server-4] [INFO] [1789166464.564988200] [map_server]: Configuring
[map_server-4] [INFO] [1789166464.565075545] [map_io]: Loading yaml file: /home/autodrive_devkit/install/roboracer_stack/share/roboracer_stack/maps/track_clean.yaml
[map_server-4] [INFO] [1789166464.565473552] [map_io]: resolution: 0.05
[map_server-4] [INFO] [1789166464.565489336] [map_io]: origin[0]: -3.71
[map_server-4] [INFO] [1789166464.565497029] [map_io]: origin[1]: -8.61
[map_server-4] [INFO] [1789166464.565508402] [map_io]: origin[2]: 0
[map_server-4] [INFO] [1789166464.565515906] [map_io]: free_thresh: 0.25
[map_server-4] [INFO] [1789166464.565521896] [map_io]: occupied_thresh: 0.65
[map_server-4] [INFO] [1789166464.565528164] [map_io]: mode: trinary
[map_server-4] [INFO] [1789166464.565534926] [map_io]: negate: 0
[map_server-4] [INFO] [1789166464.566056026] [map_io]: Loading image_file: /home/autodrive_devkit/install/roboracer_stack/share/roboracer_stack/maps/track_clean.pgm
[map_server-4] [INFO] [1789166464.568642689] [map_io]: Read map /home/autodrive_devkit/install/roboracer_stack/share/roboracer_stack/maps/track_clean.pgm: 108 X 316 map @ 0.05 m/cell
[lifecycle_manager-6] [INFO] [1789166464.570421532] [lifecycle_manager_localization]: [34m[1mConfiguring amcl[0m[0m
[amcl-5] [0m[INFO] [1789166464.570576363] [amcl]: Configuring[0m
[amcl-5] [0m[INFO] [1789166464.570648989] [amcl]: initTransforms[0m
[amcl-5] [0m[INFO] [1789166464.574521648] [amcl]: initPubSub[0m
[amcl-5] [0m[INFO] [1789166464.575722144] [amcl]: Subscribed to map topic.[0m
[lifecycle_manager-6] [INFO] [1789166464.576963486] [lifecycle_manager_localization]: [34m[1mActivating map_server[0m[0m
[map_server-4] [INFO] [1789166464.577085372] [map_server]: Activating
[map_server-4] [INFO] [1789166464.577199853] [map_server]: Creating bond (map_server) to lifecycle manager.
[amcl-5] [0m[INFO] [1789166464.577551278] [amcl]: Received a 108 X 316 map @ 0.050 m/pix[0m
[lifecycle_manager-6] [INFO] [1789166464.678929988] [lifecycle_manager_localization]: Server map_server connected with bond.
[lifecycle_manager-6] [INFO] [1789166464.678981230] [lifecycle_manager_localization]: [34m[1mActivating amcl[0m[0m
[amcl-5] [0m[INFO] [1789166464.679198238] [amcl]: Activating[0m
[amcl-5] [0m[INFO] [1789166464.679248266] [amcl]: initialPoseReceived[0m
[amcl-5] [0m[INFO] [1789166464.679359672] [amcl]: Setting pose (1789166464.679360): 0.800 3.158 -1.571[0m
[amcl-5] [0m[INFO] [1789166464.681293486] [amcl]: Creating bond (amcl) to lifecycle manager.[0m
[lifecycle_manager-6] [INFO] [1789166464.783669272] [lifecycle_manager_localization]: Server amcl connected with bond.
[lifecycle_manager-6] [INFO] [1789166464.783720919] [lifecycle_manager_localization]: [34m[1mManaged nodes are active[0m[0m
[lifecycle_manager-6] [INFO] [1789166464.783739359] [lifecycle_manager_localization]: [34m[1mCreating bond timer...[0m[0m
[dead_reckoning-2] 1789166464.868845 [0] dead_recko: selected interface "lo" is not multicast-capable: disabling multicast
[localization_error-8] 1789166464.869884 [0] localizati: selected interface "lo" is not multicast-capable: disabling multicast
[localization_bootstrap-7] 1789166464.870478 [0] localizati: selected interface "lo" is not multicast-capable: disabling multicast
[log_localization-9] 1789166464.873627 [0] log_locali: selected interface "lo" is not multicast-capable: disabling multicast
[log_localization-9] Traceback (most recent call last):
[log_localization-9]   File "/home/autodrive_devkit/install/roboracer_stack/lib/roboracer_stack/log_localization", line 33, in <module>
[log_localization-9]     sys.exit(load_entry_point('roboracer-stack==0.1.0', 'console_scripts', 'log_localization')())
[log_localization-9]   File "/home/autodrive_devkit/install/roboracer_stack/lib/python3.10/site-packages/roboracer_stack/localization/log_localization.py", line 478, in main
[log_localization-9]     node = Logger(*cli)
[log_localization-9]   File "/home/autodrive_devkit/install/roboracer_stack/lib/python3.10/site-packages/roboracer_stack/localization/log_localization.py", line 199, in __init__
[log_localization-9]     self.dist_field = _distance_field(img, self.res)
[log_localization-9]   File "/home/autodrive_devkit/install/roboracer_stack/lib/python3.10/site-packages/roboracer_stack/localization/log_localization.py", line 109, in _distance_field
[log_localization-9]     from scipy import ndimage
[log_localization-9] ModuleNotFoundError: No module named 'scipy'
[localization_bootstrap-7] [0m[INFO] [1789166464.925265399] [localization_bootstrap]: localization_bootstrap: race-legal inputs only[0m
[localization_bootstrap-7] [0m[INFO] [1789166464.926088197] [localization_bootstrap]: mode=spawn: seeding the initial pose from the measured spawn x=+0.800 y=+3.158 yaw=-90.0 deg (heading from /imu). No restricted topic is read at any point.[0m
[localization_bootstrap-7] [0m[INFO] [1789166464.926467263] [localization_bootstrap]: waiting for amcl to reach the active state before sending anything[0m
[dead_reckoning-2] [0m[INFO] [1789166464.926582906] [dead_reckoning]: dead reckoning: odom -> roboracer_1, wheel r=0.0581 m, scale=1.0, 200 Hz, tf +20 ms, extrapolate yaw=True pos=True[0m
[localization_error-8] [31m[ERROR] [1789166464.930216217] [localization_error]: RESTRICTED TOPIC: reading /autodrive/roboracer_1/odom (simulator ground-truth pose and twist) -- continuous comparison against TF map -> roboracer_1. This run is NOT race-legal; any lap time from it is a development number. See common/restricted.py.[0m
[localization_error-8] [0m[INFO] [1789166464.930732386] [localization_error]: sampling starts 1.0 s after /localization_ready; bootstrap is excluded (require_ready:=false to include it)[0m
[localization_error-8] [0m[INFO] [1789166464.960352686] [localization_error]: waiting for TF map -> roboracer_1: Could not find a connection between 'map' and 'roboracer_1' because they are not part of the same tree.Tf has two or more unconnected trees.[0m
[localization_bootstrap-7] [0m[INFO] [1789166464.978343964] [localization_bootstrap]: amcl is ACTIVE -- an initial pose will now be accepted[0m
[autodrive_bridge-1] 1789166465.104320 [0] autodrive_: selected interface "lo" is not multicast-capable: disabling multicast
[ERROR] [log_localization-9]: process has died [pid 60, exit code 1, cmd '/home/autodrive_devkit/install/roboracer_stack/lib/roboracer_stack/log_localization --ros-args -r __node:=log_localization --params-file /tmp/launch_params_gm07u7i0'].
[pure_pursuit] launch overrides: {'control_hz': 40.0}
[INFO] [pure_pursuit-11]: process started with pid [254]
[pure_pursuit-11] 1789166466.726137 [0] pure_pursu: selected interface "lo" is not multicast-capable: disabling multicast
[pure_pursuit-11] [0m[INFO] [1789166466.766047202] [pure_pursuit]: path: 400 points, 27.57 m lap, from /home/autodrive_devkit/install/roboracer_stack/share/roboracer_stack/raceline/raceline_a7.0_rec_6.36.csv[0m
[pure_pursuit-11] [0m[INFO] [1789166466.768729361] [pure_pursuit]: pose from TF map -> roboracer_1 (continuous); /amcl_pose kept as a fallback[0m
[pure_pursuit-11] [0m[INFO] [1789166466.769366417] [pure_pursuit]: steering on /amcl_pose[0m
[pure_pursuit-11] [0m[INFO] [1789166466.770743480] [pure_pursuit]: speed_source=tire  throttle_mode=slip  slip band [-0.08, +0.08]  u_launch 0.4 m/s  lookahead 0.8-2.2 m (k 0.55)  latency_comp 0.05 s[0m
[pure_pursuit-11] [33m[WARN] [1789166466.770999399] [pure_pursuit]: dev_lap_telemetry ON: subscribing to RESTRICTED lap topics[0m
[pure_pursuit-11] [0m[INFO] [1789166466.771780380] [pure_pursuit]: holding until /localization_ready[0m
[localization_bootstrap-7] [0m[INFO] [1789166466.927558109] [localization_bootstrap]: waiting for the seed inputs: position=ok (spawn constant) heading=-- (/imu)[0m
[autodrive_bridge-1] Connected!
[pure_pursuit-11] [0m[INFO] [1789166468.572636053] [pure_pursuit]: lap 0: inf s[0m
[amcl-5] [0m[INFO] [1789166468.576913244] [amcl]: initialPoseReceived[0m
[amcl-5] [0m[INFO] [1789166468.576995634] [amcl]: Setting pose (1789166468.576996): 0.800 3.158 -1.571[0m
[localization_bootstrap-7] [0m[INFO] [1789166468.577207432] [localization_bootstrap]: seed 1/5: x=+0.800 y=+3.158 yaw=-90.0 deg -- awaiting confirmation[0m
[amcl-5] [0m[INFO] [1789166468.627031958] [amcl]: Requesting no-motion update[0m
[amcl-5] [0m[INFO] [1789166468.627461974] [amcl]: createLaserObject[0m
[localization_bootstrap-7] [0m[INFO] [1789166468.927009818] [localization_bootstrap]: seed 1/5 sent, awaiting a fresh /amcl_pose to confirm it[0m
[amcl-5] [0m[INFO] [1789166469.026845133] [amcl]: Requesting no-motion update[0m
[amcl-5] [0m[INFO] [1789166469.071738660] [amcl]: Message Filter dropping message: frame 'lidar' at time 1789166468.571 for reason 'the timestamp on the message is earlier than all the data in the transform cache'[0m
[amcl-5] [0m[INFO] [1789166469.426797353] [amcl]: Requesting no-motion update[0m
[amcl-5] [0m[INFO] [1789166469.826893127] [amcl]: Requesting no-motion update[0m
[localization_error-8] [0m[INFO] [1789166469.910942950] [localization_error]: holding: waiting for /localization_ready (17 samples discarded so far). Pass require_ready:=false when localization_bootstrap is not running.[0m
[amcl-5] [0m[INFO] [1789166470.276916266] [amcl]: Requesting no-motion update[0m
[localization_error-8] [0m[INFO] [1789166470.627270346] [localization_error]: /localization_ready latched -- sampling opens in 1.0 s (31 bootstrap samples discarded)[0m
[pure_pursuit-11] [0m[INFO] [1789166470.627300030] [pure_pursuit]: localization converged, taking over[0m
[localization_bootstrap-7] [0m[INFO] [1789166470.627385283] [localization_bootstrap]: seed CONFIRMED on attempt 1: the estimate is 0.2 cm / 0.2 deg from the seed (pos std 0.058 m). Tracking is now lidar + map + dead reckoning only.[0m
[localization_bootstrap-7] [0m[INFO] [1789166470.627846072] [localization_bootstrap]: /localization_ready = true, follower may take over[0m
[localization_error-8] [0m[INFO] [1789166474.913452799] [localization_error]: now[ 66] 0.579 m / 2.56 deg  |  session[n=66] mean 0.579 p95 1.459 max 1.517 m, heading mean 2.56 max 6.36 deg[0m
[pure_pursuit-11] [0m[INFO] [1789166477.573858054] [pure_pursuit]: lap 1: 21.56 s[0m
[localization_error-8] [0m[INFO] [1789166479.911417258] [localization_error]: now[166] 0.381 m / 2.02 deg  |  session[n=166] mean 0.381 p95 1.364 max 1.517 m, heading mean 2.02 max 6.36 deg[0m
[pure_pursuit-11] [0m[INFO] [1789166483.848617018] [pure_pursuit]: lap 2: 6.29 s[0m
[localization_error-8] [0m[INFO] [1789166484.911213688] [localization_error]: now[200] 0.265 m / 1.75 deg  |  session[n=266] mean 0.343 p95 1.291 max 1.517 m, heading mean 1.95 max 6.36 deg[0m
[localization_error-8] [0m[INFO] [1789166489.911067609] [localization_error]: now[200] 0.240 m / 1.86 deg  |  session[n=366] mean 0.304 p95 1.058 max 1.517 m, heading mean 1.93 max 6.36 deg[0m
[pure_pursuit-11] [0m[INFO] [1789166490.152485727] [pure_pursuit]: lap 3: 6.30 s[0m
[localization_error-8] [0m[INFO] [1789166494.911048711] [localization_error]: now[200] 0.247 m / 1.77 deg  |  session[n=466] mean 0.302 p95 0.648 max 1.517 m, heading mean 1.87 max 6.36 deg[0m
[pure_pursuit-11] [0m[INFO] [1789166496.544513501] [pure_pursuit]: lap 4: 6.38 s[0m
[localization_error-8] [0m[INFO] [1789166499.911173820] [localization_error]: now[200] 0.261 m / 1.70 deg  |  session[n=566] mean 0.289 p95 0.614 max 1.517 m, heading mean 1.85 max 6.36 deg[0m
[pure_pursuit-11] [0m[INFO] [1789166502.895920488] [pure_pursuit]: lap 5: 6.35 s[0m
[localization_error-8] [0m[INFO] [1789166504.911078040] [localization_error]: now[200] 0.247 m / 1.63 deg  |  session[n=666] mean 0.285 p95 0.593 max 1.517 m, heading mean 1.80 max 6.36 deg[0m
[pure_pursuit-11] [0m[INFO] [1789166509.223004811] [pure_pursuit]: lap 6: 6.34 s[0m
[localization_error-8] [0m[INFO] [1789166509.911045857] [localization_error]: now[200] 0.251 m / 1.70 deg  |  session[n=766] mean 0.279 p95 0.576 max 1.517 m, heading mean 1.81 max 6.36 deg[0m
[localization_error-8] [0m[INFO] [1789166514.911420942] [localization_error]: now[200] 0.247 m / 1.87 deg  |  session[n=866] mean 0.276 p95 0.576 max 1.517 m, heading mean 1.82 max 6.36 deg[0m
[pure_pursuit-11] [0m[INFO] [1789166515.571871298] [pure_pursuit]: lap 7: 6.33 s[0m
[localization_error-8] [0m[INFO] [1789166519.911384173] [localization_error]: now[200] 0.265 m / 1.95 deg  |  session[n=966] mean 0.276 p95 0.569 max 1.517 m, heading mean 1.84 max 6.36 deg[0m
[pure_pursuit-11] [0m[INFO] [1789166521.903886094] [pure_pursuit]: lap 8: 6.34 s[0m
[localization_error-8] [0m[INFO] [1789166524.911617623] [localization_error]: now[200] 0.245 m / 1.78 deg  |  session[n=1066] mean 0.271 p95 0.562 max 1.517 m, heading mean 1.81 max 6.36 deg[0m
[pure_pursuit-11] [0m[INFO] [1789166528.274607309] [pure_pursuit]: lap 9: 6.37 s[0m
[localization_error-8] [0m[INFO] [1789166529.911128364] [localization_error]: now[200] 0.263 m / 1.66 deg  |  session[n=1166] mean 0.274 p95 0.565 max 1.517 m, heading mean 1.81 max 6.36 deg[0m
[pure_pursuit-11] [0m[INFO] [1789166534.619569918] [pure_pursuit]: lap 10: 6.35 s[0m
[localization_error-8] [0m[INFO] [1789166534.911544533] [localization_error]: now[200] 0.264 m / 1.89 deg  |  session[n=1266] mean 0.270 p95 0.555 max 1.517 m, heading mean 1.82 max 6.36 deg[0m
[localization_error-8] [0m[INFO] [1789166539.911077024] [localization_error]: now[200] 0.247 m / 1.97 deg  |  session[n=1366] mean 0.270 p95 0.556 max 1.517 m, heading mean 1.83 max 6.36 deg[0m
[pure_pursuit-11] [0m[INFO] [1789166540.972064786] [pure_pursuit]: lap 11: 6.34 s[0m
[localization_error-8] [0m[INFO] [1789166544.911469276] [localization_error]: now[200] 0.272 m / 1.93 deg  |  session[n=1466] mean 0.270 p95 0.560 max 1.517 m, heading mean 1.84 max 6.36 deg[0m
[pure_pursuit-11] [0m[INFO] [1789166547.273191373] [pure_pursuit]: lap 12: 6.30 s[0m
[localization_error-8] [0m[INFO] [1789166549.911497473] [localization_error]: now[200] 0.257 m / 1.69 deg  |  session[n=1566] mean 0.268 p95 0.558 max 1.517 m, heading mean 1.81 max 6.36 deg[0m
[pure_pursuit-11] [0m[INFO] [1789166553.618378698] [pure_pursuit]: lap 13: 6.34 s[0m
[localization_error-8] [0m[INFO] [1789166554.911510648] [localization_error]: now[200] 0.278 m / 1.74 deg  |  session[n=1666] mean 0.271 p95 0.558 max 1.517 m, heading mean 1.83 max 6.36 deg[0m
[localization_error-8] [0m[INFO] [1789166559.911307739] [localization_error]: now[200] 0.249 m / 1.85 deg  |  session[n=1766] mean 0.266 p95 0.553 max 1.517 m, heading mean 1.82 max 6.36 deg[0m
[pure_pursuit-11] [0m[INFO] [1789166559.921189357] [pure_pursuit]: lap 14: 6.30 s[0m
[localization_error-8] [0m[INFO] [1789166564.911552364] [localization_error]: now[200] 0.255 m / 1.75 deg  |  session[n=1866] mean 0.269 p95 0.559 max 1.517 m, heading mean 1.82 max 6.36 deg[0m
[pure_pursuit-11] [0m[INFO] [1789166566.196697636] [pure_pursuit]: lap 15: 6.28 s[0m
[localization_error-8] [0m[INFO] [1789166569.911652742] [localization_error]: now[200] 0.293 m / 1.94 deg  |  session[n=1966] mean 0.269 p95 0.567 max 1.517 m, heading mean 1.83 max 7.88 deg[0m
[pure_pursuit-11] [0m[INFO] [1789166572.499911376] [pure_pursuit]: lap 16: 6.29 s[0m
[localization_error-8] [0m[INFO] [1789166574.911115188] [localization_error]: now[200] 0.255 m / 1.77 deg  |  session[n=2066] mean 0.268 p95 0.567 max 1.517 m, heading mean 1.81 max 7.88 deg[0m
[pure_pursuit-11] [0m[INFO] [1789166578.767443662] [pure_pursuit]: lap 17: 6.28 s[0m
[localization_error-8] [0m[INFO] [1789166579.911186817] [localization_error]: now[200] 0.269 m / 1.64 deg  |  session[n=2166] mean 0.269 p95 0.569 max 1.517 m, heading mean 1.81 max 7.88 deg[0m
[localization_error-8] [0m[INFO] [1789166584.911395127] [localization_error]: now[200] 0.249 m / 1.92 deg  |  session[n=2266] mean 0.266 p95 0.565 max 1.517 m, heading mean 1.82 max 7.88 deg[0m
[pure_pursuit-11] [0m[INFO] [1789166585.096808350] [pure_pursuit]: lap 18: 6.32 s[0m
[localization_error-8] [0m[INFO] [1789166589.911340082] [localization_error]: now[200] 0.259 m / 2.03 deg  |  session[n=2366] mean 0.268 p95 0.561 max 1.517 m, heading mean 1.83 max 7.88 deg[0m
[pure_pursuit-11] [0m[INFO] [1789166591.420671826] [pure_pursuit]: lap 19: 6.33 s[0m
[localization_error-8] [0m[INFO] [1789166594.911513500] [localization_error]: now[200] 0.278 m / 2.01 deg  |  session[n=2466] mean 0.267 p95 0.567 max 1.517 m, heading mean 1.84 max 7.88 deg[0m
[pure_pursuit-11] [0m[INFO] [1789166597.743311127] [pure_pursuit]: lap 20: 6.31 s[0m
[localization_error-8] [0m[INFO] [1789166599.911148817] [localization_error]: now[200] 0.258 m / 1.78 deg  |  session[n=2566] mean 0.267 p95 0.567 max 1.517 m, heading mean 1.83 max 7.88 deg[0m
[pure_pursuit-11] [0m[INFO] [1789166604.049508734] [pure_pursuit]: lap 21: 6.30 s[0m
[localization_error-8] [0m[INFO] [1789166604.911327849] [localization_error]: now[200] 0.273 m / 1.79 deg  |  session[n=2666] mean 0.268 p95 0.567 max 1.517 m, heading mean 1.83 max 7.88 deg[0m
[localization_error-8] [0m[INFO] [1789166609.911175249] [localization_error]: now[200] 0.260 m / 2.08 deg  |  session[n=2766] mean 0.267 p95 0.567 max 1.517 m, heading mean 1.85 max 7.88 deg[0m
[pure_pursuit-11] [0m[INFO] [1789166610.325362840] [pure_pursuit]: lap 22: 6.29 s[0m
[localization_error-8] [0m[INFO] [1789166614.911212288] [localization_error]: now[200] 0.275 m / 2.07 deg  |  session[n=2866] mean 0.268 p95 0.568 max 1.517 m, heading mean 1.85 max 7.88 deg[0m
[pure_pursuit-11] [0m[INFO] [1789166616.677095736] [pure_pursuit]: lap 23: 6.33 s[0m
[localization_error-8] [0m[INFO] [1789166619.911799736] [localization_error]: now[200] 0.275 m / 2.03 deg  |  session[n=2966] mean 0.267 p95 0.567 max 1.517 m, heading mean 1.86 max 7.88 deg[0m
[pure_pursuit-11] [0m[INFO] [1789166622.972855313] [pure_pursuit]: lap 24: 6.31 s[0m
[localization_error-8] [0m[INFO] [1789166624.911178650] [localization_error]: now[200] 0.268 m / 1.86 deg  |  session[n=3066] mean 0.268 p95 0.569 max 1.517 m, heading mean 1.85 max 7.88 deg[0m
[pure_pursuit-11] [0m[INFO] [1789166629.274668232] [pure_pursuit]: lap 25: 6.29 s[0m
[localization_error-8] [0m[INFO] [1789166629.911621526] [localization_error]: now[200] 0.270 m / 1.83 deg  |  session[n=3166] mean 0.267 p95 0.568 max 1.517 m, heading mean 1.86 max 7.88 deg[0m
[localization_error-8] [0m[INFO] [1789166634.911732700] [localization_error]: now[200] 0.252 m / 2.05 deg  |  session[n=3266] mean 0.267 p95 0.569 max 1.517 m, heading mean 1.86 max 7.88 deg[0m
[pure_pursuit-11] [0m[INFO] [1789166635.567459057] [pure_pursuit]: lap 26: 6.31 s[0m
[localization_error-8] [0m[INFO] [1789166639.911650134] [localization_error]: now[200] 0.266 m / 1.93 deg  |  session[n=3366] mean 0.267 p95 0.569 max 1.517 m, heading mean 1.86 max 7.88 deg[0m
[pure_pursuit-11] [0m[INFO] [1789166641.846438232] [pure_pursuit]: lap 27: 6.27 s[0m
[localization_error-8] [0m[INFO] [1789166644.911304360] [localization_error]: now[200] 0.267 m / 1.97 deg  |  session[n=3466] mean 0.267 p95 0.568 max 1.517 m, heading mean 1.87 max 7.88 deg[0m
[pure_pursuit-11] [0m[INFO] [1789166648.197160899] [pure_pursuit]: lap 28: 6.35 s[0m
[localization_error-8] [0m[INFO] [1789166649.911236334] [localization_error]: now[200] 0.294 m / 2.16 deg  |  session[n=3566] mean 0.269 p95 0.569 max 1.517 m, heading mean 1.88 max 7.88 deg[0m
[pure_pursuit-11] [0m[INFO] [1789166654.500183503] [pure_pursuit]: lap 29: 6.31 s[0m
[localization_error-8] [0m[INFO] [1789166654.911701487] [localization_error]: now[200] 0.281 m / 2.19 deg  |  session[n=3666] mean 0.268 p95 0.567 max 1.517 m, heading mean 1.89 max 7.88 deg[0m
[localization_error-8] [0m[INFO] [1789166659.911760782] [localization_error]: now[200] 0.257 m / 2.25 deg  |  session[n=3766] mean 0.268 p95 0.569 max 1.517 m, heading mean 1.90 max 7.88 deg[0m
[pure_pursuit-11] [0m[INFO] [1789166660.796207722] [pure_pursuit]: lap 30: 6.29 s[0m
[localization_error-8] [0m[INFO] [1789166664.911627969] [localization_error]: now[200] 0.295 m / 2.38 deg  |  session[n=3866] mean 0.269 p95 0.572 max 1.517 m, heading mean 1.91 max 7.88 deg[0m
[pure_pursuit-11] [0m[INFO] [1789166667.098731264] [pure_pursuit]: lap 31: 6.30 s[0m
[localization_error-8] [0m[INFO] [1789166669.911255455] [localization_error]: now[200] 0.291 m / 2.21 deg  |  session[n=3966] mean 0.269 p95 0.574 max 1.517 m, heading mean 1.91 max 7.88 deg[0m
[pure_pursuit-11] [0m[INFO] [1789166673.428404980] [pure_pursuit]: lap 32: 6.32 s[0m
[localization_error-8] [0m[INFO] [1789166674.911266291] [localization_error]: now[200] 0.303 m / 2.06 deg  |  session[n=4066] mean 0.271 p95 0.579 max 1.517 m, heading mean 1.92 max 7.88 deg[0m
[pure_pursuit-11] [0m[INFO] [1789166679.726442463] [pure_pursuit]: lap 33: 6.31 s[0m
[localization_error-8] [0m[INFO] [1789166679.911266344] [localization_error]: now[200] 0.273 m / 2.11 deg  |  session[n=4166] mean 0.270 p95 0.576 max 1.517 m, heading mean 1.92 max 7.88 deg[0m
[localization_error-8] [0m[INFO] [1789166684.911308262] [localization_error]: now[200] 0.251 m / 2.01 deg  |  session[n=4266] mean 0.270 p95 0.575 max 1.517 m, heading mean 1.92 max 7.88 deg[0m
[pure_pursuit-11] [0m[INFO] [1789166686.102040597] [pure_pursuit]: lap 34: 6.36 s[0m
[localization_error-8] [0m[INFO] [1789166689.911244365] [localization_error]: now[200] 0.286 m / 2.21 deg  |  session[n=4366] mean 0.270 p95 0.576 max 1.517 m, heading mean 1.94 max 7.88 deg[0m
[pure_pursuit-11] [0m[INFO] [1789166692.442348693] [pure_pursuit]: lap 35: 6.35 s[0m
[localization_error-8] [0m[INFO] [1789166694.911692846] [localization_error]: now[200] 0.275 m / 2.12 deg  |  session[n=4466] mean 0.270 p95 0.578 max 1.517 m, heading mean 1.93 max 7.88 deg[0m
[pure_pursuit-11] [0m[INFO] [1789166698.746224645] [pure_pursuit]: lap 36: 6.30 s[0m
[localization_error-8] [0m[INFO] [1789166699.911307798] [localization_error]: now[200] 0.294 m / 1.99 deg  |  session[n=4566] mean 0.271 p95 0.579 max 1.517 m, heading mean 1.94 max 7.88 deg[0m
[localization_error-8] [0m[INFO] [1789166704.911775912] [localization_error]: now[200] 0.261 m / 2.02 deg  |  session[n=4666] mean 0.270 p95 0.577 max 1.517 m, heading mean 1.94 max 7.88 deg[0m
[pure_pursuit-11] [0m[INFO] [1789166705.020331561] [pure_pursuit]: lap 37: 6.28 s[0m
[localization_error-8] [0m[INFO] [1789166709.911342965] [localization_error]: now[200] 0.244 m / 1.99 deg  |  session[n=4766] mean 0.270 p95 0.576 max 1.517 m, heading mean 1.94 max 7.88 deg[0m
[pure_pursuit-11] [0m[INFO] [1789166711.421456570] [pure_pursuit]: lap 38: 6.40 s[0m
[localization_error-8] [0m[INFO] [1789166714.911678322] [localization_error]: now[200] 0.261 m / 2.03 deg  |  session[n=4866] mean 0.269 p95 0.576 max 1.517 m, heading mean 1.94 max 7.88 deg[0m
[pure_pursuit-11] [0m[INFO] [1789166717.745389553] [pure_pursuit]: lap 39: 6.33 s[0m
[localization_error-8] [0m[INFO] [1789166719.911432296] [localization_error]: now[200] 0.251 m / 1.69 deg  |  session[n=4966] mean 0.269 p95 0.574 max 1.517 m, heading mean 1.93 max 7.88 deg[0m
[pure_pursuit-11] [0m[INFO] [1789166724.097078160] [pure_pursuit]: lap 40: 6.34 s[0m
[localization_error-8] [0m[INFO] [1789166724.911534798] [localization_error]: now[200] 0.268 m / 1.89 deg  |  session[n=5066] mean 0.269 p95 0.573 max 1.517 m, heading mean 1.94 max 7.88 deg[0m
[localization_error-8] [0m[INFO] [1789166729.911324484] [localization_error]: now[200] 0.255 m / 2.35 deg  |  session[n=5166] mean 0.269 p95 0.572 max 1.517 m, heading mean 1.95 max 7.88 deg[0m
[pure_pursuit-11] [0m[INFO] [1789166730.421128927] [pure_pursuit]: lap 41: 6.33 s[0m
[localization_error-8] [0m[INFO] [1789166734.911769417] [localization_error]: now[200] 0.268 m / 2.08 deg  |  session[n=5266] mean 0.269 p95 0.572 max 1.517 m, heading mean 1.94 max 7.88 deg[0m
[pure_pursuit-11] [0m[INFO] [1789166736.797234803] [pure_pursuit]: lap 42: 6.36 s[0m
[localization_error-8] [0m[INFO] [1789166739.911288142] [localization_error]: now[200] 0.277 m / 2.05 deg  |  session[n=5366] mean 0.269 p95 0.573 max 1.517 m, heading mean 1.95 max 7.88 deg[0m
[pure_pursuit-11] [0m[INFO] [1789166743.171962588] [pure_pursuit]: lap 43: 6.37 s[0m
[localization_error-8] [0m[INFO] [1789166744.911300290] [localization_error]: now[200] 0.285 m / 2.13 deg  |  session[n=5466] mean 0.270 p95 0.573 max 1.517 m, heading mean 1.95 max 7.88 deg[0m
[pure_pursuit-11] [0m[INFO] [1789166749.496596504] [pure_pursuit]: lap 44: 6.33 s[0m
[localization_error-8] [0m[INFO] [1789166749.911409495] [localization_error]: now[200] 0.286 m / 2.16 deg  |  session[n=5566] mean 0.270 p95 0.572 max 1.517 m, heading mean 1.96 max 7.88 deg[0m
[localization_error-8] [0m[INFO] [1789166754.911553545] [localization_error]: now[200] 0.269 m / 2.21 deg  |  session[n=5666] mean 0.270 p95 0.572 max 1.517 m, heading mean 1.96 max 7.88 deg[0m
[pure_pursuit-11] [0m[INFO] [1789166755.798639413] [pure_pursuit]: lap 45: 6.32 s[0m
[localization_error-8] [0m[INFO] [1789166759.911318814] [localization_error]: now[200] 0.267 m / 2.11 deg  |  session[n=5766] mean 0.270 p95 0.571 max 1.517 m, heading mean 1.96 max 7.88 deg[0m
[pure_pursuit-11] [0m[INFO] [1789166762.219479699] [pure_pursuit]: lap 46: 6.42 s[0m
[localization_error-8] [0m[INFO] [1789166764.911307690] [localization_error]: now[200] 0.251 m / 1.82 deg  |  session[n=5866] mean 0.269 p95 0.571 max 1.517 m, heading mean 1.96 max 7.88 deg[0m
[pure_pursuit-11] [0m[INFO] [1789166768.552564205] [pure_pursuit]: lap 47: 6.33 s[0m
[localization_error-8] [0m[INFO] [1789166769.911457249] [localization_error]: now[200] 0.275 m / 1.83 deg  |  session[n=5966] mean 0.270 p95 0.571 max 1.517 m, heading mean 1.96 max 7.88 deg[0m
[localization_error-8] [0m[INFO] [1789166774.912434349] [localization_error]: now[200] 0.264 m / 2.27 deg  |  session[n=6066] mean 0.269 p95 0.570 max 1.517 m, heading mean 1.97 max 7.88 deg[0m
[pure_pursuit-11] [0m[INFO] [1789166774.916566179] [pure_pursuit]: lap 48: 6.36 s[0m
[localization_error-8] [0m[INFO] [1789166779.911295505] [localization_error]: now[200] 0.268 m / 2.28 deg  |  session[n=6166] mean 0.270 p95 0.570 max 1.517 m, heading mean 1.97 max 7.88 deg[0m
[pure_pursuit-11] [0m[INFO] [1789166781.245424772] [pure_pursuit]: lap 49: 6.34 s[0m
[localization_error-8] [0m[INFO] [1789166784.911374424] [localization_error]: now[200] 0.280 m / 2.01 deg  |  session[n=6266] mean 0.269 p95 0.570 max 1.517 m, heading mean 1.97 max 7.88 deg[0m
[pure_pursuit-11] [0m[INFO] [1789166787.598188158] [pure_pursuit]: lap 50: 6.34 s[0m
[localization_error-8] [0m[INFO] [1789166789.911425426] [localization_error]: now[200] 0.245 m / 1.75 deg  |  session[n=6366] mean 0.269 p95 0.569 max 1.517 m, heading mean 1.96 max 7.88 deg[0m
[pure_pursuit-11] [0m[INFO] [1789166794.074430338] [pure_pursuit]: lap 51: 6.47 s[0m
[localization_error-8] [0m[INFO] [1789166794.911913241] [localization_error]: now[200] 0.262 m / 1.88 deg  |  session[n=6466] mean 0.269 p95 0.569 max 1.517 m, heading mean 1.96 max 7.88 deg[0m
[localization_error-8] [0m[INFO] [1789166799.911571576] [localization_error]: now[200] 0.256 m / 1.90 deg  |  session[n=6566] mean 0.269 p95 0.568 max 1.517 m, heading mean 1.96 max 7.88 deg[0m
[pure_pursuit-11] [0m[INFO] [1789166800.371588224] [pure_pursuit]: lap 52: 6.31 s[0m
[localization_error-8] [0m[INFO] [1789166804.911673500] [localization_error]: now[200] 0.269 m / 1.75 deg  |  session[n=6666] mean 0.269 p95 0.569 max 1.517 m, heading mean 1.96 max 7.88 deg[0m
[pure_pursuit-11] [0m[INFO] [1789166806.673246454] [pure_pursuit]: lap 53: 6.30 s[0m
[localization_error-8] [0m[INFO] [1789166809.911882603] [localization_error]: now[200] 0.276 m / 1.90 deg  |  session[n=6766] mean 0.269 p95 0.570 max 1.517 m, heading mean 1.96 max 7.88 deg[0m
[pure_pursuit-11] [0m[INFO] [1789166813.020604832] [pure_pursuit]: lap 54: 6.36 s[0m
[localization_error-8] [0m[INFO] [1789166814.911902362] [localization_error]: now[200] 0.270 m / 1.80 deg  |  session[n=6866] mean 0.269 p95 0.571 max 1.517 m, heading mean 1.95 max 7.88 deg[0m
[pure_pursuit-11] [0m[INFO] [1789166819.348562521] [pure_pursuit]: lap 55: 6.31 s[0m
[localization_error-8] [0m[INFO] [1789166819.911435583] [localization_error]: now[200] 0.276 m / 1.86 deg  |  session[n=6966] mean 0.269 p95 0.570 max 1.517 m, heading mean 1.96 max 7.88 deg[0m
[localization_error-8] [0m[INFO] [1789166824.911867444] [localization_error]: now[200] 0.263 m / 2.05 deg  |  session[n=7066] mean 0.269 p95 0.569 max 1.517 m, heading mean 1.96 max 7.88 deg[0m
[pure_pursuit-11] [0m[INFO] [1789166825.703593302] [pure_pursuit]: lap 56: 6.37 s[0m
[localization_error-8] [0m[INFO] [1789166829.911784484] [localization_error]: now[200] 0.279 m / 1.97 deg  |  session[n=7166] mean 0.269 p95 0.570 max 1.517 m, heading mean 1.96 max 7.88 deg[0m
[pure_pursuit-11] [0m[INFO] [1789166832.052843765] [pure_pursuit]: lap 57: 6.35 s[0m
[localization_error-8] [0m[INFO] [1789166834.911965579] [localization_error]: now[200] 0.270 m / 1.87 deg  |  session[n=7266] mean 0.269 p95 0.572 max 1.517 m, heading mean 1.95 max 7.88 deg[0m
[pure_pursuit-11] [0m[INFO] [1789166838.374790951] [pure_pursuit]: lap 58: 6.32 s[0m
[localization_error-8] [0m[INFO] [1789166839.911780414] [localization_error]: now[200] 0.281 m / 1.84 deg  |  session[n=7366] mean 0.270 p95 0.573 max 1.517 m, heading mean 1.95 max 7.88 deg[0m
[pure_pursuit-11] [0m[INFO] [1789166844.698805405] [pure_pursuit]: lap 59: 6.32 s[0m
[localization_error-8] [0m[INFO] [1789166844.911446298] [localization_error]: now[200] 0.263 m / 1.98 deg  |  session[n=7466] mean 0.269 p95 0.572 max 1.517 m, heading mean 1.95 max 7.88 deg[0m
[localization_error-8] [0m[INFO] [1789166849.911969069] [localization_error]: now[200] 0.254 m / 1.94 deg  |  session[n=7566] mean 0.269 p95 0.573 max 1.517 m, heading mean 1.95 max 7.88 deg[0m
[pure_pursuit-11] [0m[INFO] [1789166851.046661338] [pure_pursuit]: lap 60: 6.34 s[0m
[localization_error-8] [0m[INFO] [1789166854.912041062] [localization_error]: now[200] 0.266 m / 1.87 deg  |  session[n=7666] mean 0.269 p95 0.572 max 1.517 m, heading mean 1.95 max 7.88 deg[0m
[pure_pursuit-11] [0m[INFO] [1789166857.499582237] [pure_pursuit]: lap 61: 6.46 s[0m
[localization_error-8] [0m[INFO] [1789166859.911365926] [localization_error]: now[200] 0.255 m / 1.81 deg  |  session[n=7766] mean 0.269 p95 0.572 max 1.517 m, heading mean 1.95 max 7.88 deg[0m
[pure_pursuit-11] [0m[INFO] [1789166863.900312116] [pure_pursuit]: lap 62: 6.39 s[0m
[localization_error-8] [0m[INFO] [1789166864.912293510] [localization_error]: now[200] 0.275 m / 1.75 deg  |  session[n=7866] mean 0.269 p95 0.573 max 1.517 m, heading mean 1.95 max 7.88 deg[0m
[localization_error-8] [0m[INFO] [1789166869.911628474] [localization_error]: now[200] 0.245 m / 1.86 deg  |  session[n=7966] mean 0.268 p95 0.572 max 1.517 m, heading mean 1.95 max 7.88 deg[0m
[pure_pursuit-11] [0m[INFO] [1789166870.222451529] [pure_pursuit]: lap 63: 6.33 s[0m
[localization_error-8] [0m[INFO] [1789166874.912031313] [localization_error]: now[200] 0.255 m / 1.98 deg  |  session[n=8066] mean 0.269 p95 0.571 max 1.517 m, heading mean 1.95 max 7.88 deg[0m
[pure_pursuit-11] [0m[INFO] [1789166876.577163276] [pure_pursuit]: lap 64: 6.36 s[0m
[localization_error-8] [0m[INFO] [1789166879.911964012] [localization_error]: now[200] 0.270 m / 2.07 deg  |  session[n=8166] mean 0.268 p95 0.570 max 1.517 m, heading mean 1.95 max 7.88 deg[0m
[pure_pursuit-11] [0m[INFO] [1789166882.975484566] [pure_pursuit]: lap 65: 6.40 s[0m
[localization_error-8] [0m[INFO] [1789166884.911521093] [localization_error]: now[200] 0.274 m / 1.85 deg  |  session[n=8266] mean 0.269 p95 0.571 max 1.517 m, heading mean 1.95 max 7.88 deg[0m
[pure_pursuit-11] [0m[INFO] [1789166889.346644757] [pure_pursuit]: lap 66: 6.36 s[0m
[localization_error-8] [0m[INFO] [1789166889.911611893] [localization_error]: now[200] 0.274 m / 1.88 deg  |  session[n=8366] mean 0.268 p95 0.569 max 1.517 m, heading mean 1.95 max 7.88 deg[0m
[localization_error-8] [0m[INFO] [1789166894.911467738] [localization_error]: now[200] 0.244 m / 2.07 deg  |  session[n=8466] mean 0.268 p95 0.569 max 1.517 m, heading mean 1.95 max 7.88 deg[0m
[pure_pursuit-11] [0m[INFO] [1789166895.699969030] [pure_pursuit]: lap 67: 6.36 s[0m
[localization_error-8] [0m[INFO] [1789166899.911460975] [localization_error]: now[200] 0.276 m / 2.06 deg  |  session[n=8566] mean 0.269 p95 0.571 max 1.517 m, heading mean 1.95 max 7.88 deg[0m
[pure_pursuit-11] [0m[INFO] [1789166902.049744438] [pure_pursuit]: lap 68: 6.33 s[0m
[localization_error-8] [0m[INFO] [1789166904.911471907] [localization_error]: now[200] 0.267 m / 1.83 deg  |  session[n=8666] mean 0.268 p95 0.570 max 1.517 m, heading mean 1.95 max 7.88 deg[0m
[pure_pursuit-11] [0m[INFO] [1789166908.373782513] [pure_pursuit]: lap 69: 6.34 s[0m
[localization_error-8] [0m[INFO] [1789166909.911979808] [localization_error]: now[200] 0.274 m / 1.81 deg  |  session[n=8766] mean 0.269 p95 0.571 max 1.517 m, heading mean 1.95 max 7.88 deg[0m
[pure_pursuit-11] [0m[INFO] [1789166914.746465714] [pure_pursuit]: lap 70: 6.36 s[0m
[localization_error-8] [0m[INFO] [1789166914.912013921] [localization_error]: now[200] 0.258 m / 1.96 deg  |  session[n=8866] mean 0.268 p95 0.570 max 1.517 m, heading mean 1.95 max 7.88 deg[0m
[localization_error-8] [0m[INFO] [1789166919.911544204] [localization_error]: now[200] 0.249 m / 1.95 deg  |  session[n=8966] mean 0.268 p95 0.569 max 1.517 m, heading mean 1.95 max 7.88 deg[0m
[pure_pursuit-11] [0m[INFO] [1789166921.071010091] [pure_pursuit]: lap 71: 6.33 s[0m
[localization_error-8] [0m[INFO] [1789166924.912216424] [localization_error]: now[200] 0.280 m / 1.98 deg  |  session[n=9066] mean 0.268 p95 0.570 max 1.517 m, heading mean 1.95 max 7.88 deg[0m
[pure_pursuit-11] [0m[INFO] [1789166927.373577529] [pure_pursuit]: lap 72: 6.29 s[0m
[localization_error-8] [0m[INFO] [1789166929.911969160] [localization_error]: now[200] 0.251 m / 1.66 deg  |  session[n=9166] mean 0.268 p95 0.570 max 1.517 m, heading mean 1.94 max 7.88 deg[0m
[pure_pursuit-11] [0m[INFO] [1789166933.699795926] [pure_pursuit]: lap 73: 6.33 s[0m
[localization_error-8] [0m[INFO] [1789166934.911489507] [localization_error]: now[200] 0.274 m / 1.72 deg  |  session[n=9266] mean 0.268 p95 0.570 max 1.517 m, heading mean 1.94 max 7.88 deg[0m
[localization_error-8] [0m[INFO] [1789166939.911486696] [localization_error]: now[200] 0.254 m / 1.89 deg  |  session[n=9366] mean 0.268 p95 0.569 max 1.517 m, heading mean 1.94 max 7.88 deg[0m
[pure_pursuit-11] [0m[INFO] [1789166940.027109459] [pure_pursuit]: lap 74: 6.33 s[0m
[localization_error-8] [0m[INFO] [1789166944.911453074] [localization_error]: now[200] 0.252 m / 1.78 deg  |  session[n=9466] mean 0.268 p95 0.570 max 1.517 m, heading mean 1.94 max 7.88 deg[0m
[pure_pursuit-11] [0m[INFO] [1789166946.374650881] [pure_pursuit]: lap 75: 6.34 s[0m
[localization_error-8] [0m[INFO] [1789166949.911494548] [localization_error]: now[200] 0.270 m / 1.86 deg  |  session[n=9566] mean 0.268 p95 0.569 max 1.517 m, heading mean 1.94 max 7.88 deg[0m
[pure_pursuit-11] [0m[INFO] [1789166952.725083339] [pure_pursuit]: lap 76: 6.36 s[0m
[localization_error-8] [0m[INFO] [1789166954.912278602] [localization_error]: now[200] 0.257 m / 1.66 deg  |  session[n=9666] mean 0.268 p95 0.569 max 1.517 m, heading mean 1.93 max 7.88 deg[0m
[pure_pursuit-11] [0m[INFO] [1789166959.075510749] [pure_pursuit]: lap 77: 6.33 s[0m
[localization_error-8] [0m[INFO] [1789166959.912221085] [localization_error]: now[200] 0.268 m / 1.56 deg  |  session[n=9766] mean 0.268 p95 0.569 max 1.517 m, heading mean 1.93 max 7.88 deg[0m
[localization_error-8] [0m[INFO] [1789166964.911534566] [localization_error]: now[200] 0.251 m / 1.92 deg  |  session[n=9866] mean 0.267 p95 0.569 max 1.517 m, heading mean 1.93 max 7.88 deg[0m
[pure_pursuit-11] [0m[INFO] [1789166965.370732521] [pure_pursuit]: lap 78: 6.31 s[0m
[localization_error-8] [0m[INFO] [1789166969.912149397] [localization_error]: now[200] 0.271 m / 2.07 deg  |  session[n=9966] mean 0.268 p95 0.569 max 1.517 m, heading mean 1.93 max 7.88 deg[0m
[pure_pursuit-11] [0m[INFO] [1789166971.724558614] [pure_pursuit]: lap 79: 6.36 s[0m
[localization_error-8] [0m[INFO] [1789166974.911620851] [localization_error]: now[200] 0.269 m / 1.82 deg  |  session[n=10066] mean 0.267 p95 0.569 max 1.517 m, heading mean 1.93 max 7.88 deg[0m
[pure_pursuit-11] [0m[INFO] [1789166978.102865745] [pure_pursuit]: lap 80: 6.35 s[0m
[localization_error-8] [0m[INFO] [1789166979.911564271] [localization_error]: now[200] 0.255 m / 1.57 deg  |  session[n=10166] mean 0.267 p95 0.570 max 1.517 m, heading mean 1.93 max 7.88 deg[0m
[pure_pursuit-11] [0m[INFO] [1789166984.426148352] [pure_pursuit]: lap 81: 6.32 s[0m
[localization_error-8] [0m[INFO] [1789166984.911566064] [localization_error]: now[200] 0.247 m / 1.72 deg  |  session[n=10266] mean 0.267 p95 0.569 max 1.517 m, heading mean 1.93 max 7.88 deg[0m
[localization_error-8] [0m[INFO] [1789166989.912168901] [localization_error]: now[200] 0.241 m / 1.72 deg  |  session[n=10366] mean 0.267 p95 0.569 max 1.517 m, heading mean 1.92 max 7.88 deg[0m
[pure_pursuit-11] [0m[INFO] [1789166990.748082281] [pure_pursuit]: lap 82: 6.34 s[0m
[localization_error-8] [0m[INFO] [1789166994.911935042] [localization_error]: now[200] 0.271 m / 1.62 deg  |  session[n=10466] mean 0.267 p95 0.569 max 1.517 m, heading mean 1.92 max 7.88 deg[0m
[pure_pursuit-11] [0m[INFO] [1789166997.073794560] [pure_pursuit]: lap 83: 6.32 s[0m
[localization_error-8] [0m[INFO] [1789166999.911537034] [localization_error]: now[200] 0.270 m / 1.51 deg  |  session[n=10566] mean 0.267 p95 0.570 max 1.517 m, heading mean 1.91 max 7.88 deg[0m
[pure_pursuit-11] [0m[INFO] [1789167003.453512972] [pure_pursuit]: lap 84: 6.37 s[0m
[localization_error-8] [0m[INFO] [1789167004.911714168] [localization_error]: now[200] 0.284 m / 1.68 deg  |  session[n=10666] mean 0.267 p95 0.570 max 1.517 m, heading mean 1.92 max 7.88 deg[0m
[pure_pursuit-11] [0m[INFO] [1789167009.825491750] [pure_pursuit]: lap 85: 6.37 s[0m
[localization_error-8] [0m[INFO] [1789167009.911556995] [localization_error]: now[200] 0.256 m / 1.97 deg  |  session[n=10766] mean 0.267 p95 0.569 max 1.517 m, heading mean 1.92 max 7.88 deg[0m
[localization_error-8] [0m[INFO] [1789167014.912090100] [localization_error]: now[200] 0.251 m / 1.84 deg  |  session[n=10866] mean 0.267 p95 0.570 max 1.517 m, heading mean 1.91 max 7.88 deg[0m
[pure_pursuit-11] [0m[INFO] [1789167016.147944227] [pure_pursuit]: lap 86: 6.34 s[0m
[localization_error-8] [0m[INFO] [1789167019.911662951] [localization_error]: now[200] 0.281 m / 1.79 deg  |  session[n=10966] mean 0.267 p95 0.570 max 1.517 m, heading mean 1.91 max 7.88 deg[0m
[pure_pursuit-11] [0m[INFO] [1789167022.530090904] [pure_pursuit]: lap 87: 6.36 s[0m
[localization_error-8] [0m[INFO] [1789167024.912096365] [localization_error]: now[200] 0.259 m / 1.62 deg  |  session[n=11066] mean 0.267 p95 0.570 max 1.517 m, heading mean 1.91 max 7.88 deg[0m
[pure_pursuit-11] [0m[INFO] [1789167028.872727961] [pure_pursuit]: lap 88: 6.36 s[0m
[localization_error-8] [0m[INFO] [1789167029.911637546] [localization_error]: now[200] 0.269 m / 1.61 deg  |  session[n=11166] mean 0.267 p95 0.571 max 1.517 m, heading mean 1.91 max 7.88 deg[0m
[localization_error-8] [0m[INFO] [1789167034.912000837] [localization_error]: now[200] 0.246 m / 1.85 deg  |  session[n=11266] mean 0.267 p95 0.570 max 1.517 m, heading mean 1.91 max 7.88 deg[0m
[pure_pursuit-11] [0m[INFO] [1789167035.169944742] [pure_pursuit]: lap 89: 6.30 s[0m
[localization_error-8] [0m[INFO] [1789167039.911486886] [localization_error]: now[200] 0.252 m / 1.75 deg  |  session[n=11366] mean 0.267 p95 0.570 max 1.517 m, heading mean 1.91 max 7.88 deg[0m
[pure_pursuit-11] [0m[INFO] [1789167041.547328019] [pure_pursuit]: lap 90: 6.39 s[0m
[localization_error-8] [0m[INFO] [1789167044.911573591] [localization_error]: now[200] 0.269 m / 1.55 deg  |  session[n=11466] mean 0.267 p95 0.571 max 1.517 m, heading mean 1.90 max 7.88 deg[0m
[pure_pursuit-11] [0m[INFO] [1789167047.879569238] [pure_pursuit]: lap 91: 6.33 s[0m
[localization_error-8] [0m[INFO] [1789167049.911626697] [localization_error]: now[200] 0.269 m / 1.49 deg  |  session[n=11566] mean 0.267 p95 0.571 max 1.517 m, heading mean 1.90 max 7.88 deg[0m
[pure_pursuit-11] [0m[INFO] [1789167054.298793705] [pure_pursuit]: lap 92: 6.41 s[0m
[localization_error-8] [0m[INFO] [1789167054.911762509] [localization_error]: now[200] 0.259 m / 1.58 deg  |  session[n=11666] mean 0.267 p95 0.571 max 1.517 m, heading mean 1.90 max 7.88 deg[0m
[localization_error-8] [0m[INFO] [1789167059.912148244] [localization_error]: now[200] 0.235 m / 1.56 deg  |  session[n=11766] mean 0.266 p95 0.571 max 1.517 m, heading mean 1.89 max 7.88 deg[0m
[pure_pursuit-11] [0m[INFO] [1789167060.652737962] [pure_pursuit]: lap 93: 6.36 s[0m
[localization_error-8] [0m[INFO] [1789167064.911485609] [localization_error]: now[200] 0.249 m / 1.44 deg  |  session[n=11866] mean 0.266 p95 0.570 max 1.517 m, heading mean 1.89 max 7.88 deg[0m
[pure_pursuit-11] [0m[INFO] [1789167067.053756634] [pure_pursuit]: lap 94: 6.38 s[0m
[localization_error-8] [0m[INFO] [1789167069.912274174] [localization_error]: now[200] 0.240 m / 1.28 deg  |  session[n=11966] mean 0.266 p95 0.571 max 1.517 m, heading mean 1.88 max 7.88 deg[0m
[pure_pursuit-11] [0m[INFO] [1789167073.404280612] [pure_pursuit]: lap 95: 6.37 s[0m
[localization_error-8] [0m[INFO] [1789167074.911671439] [localization_error]: now[200] 0.256 m / 1.33 deg  |  session[n=12066] mean 0.266 p95 0.570 max 1.517 m, heading mean 1.88 max 7.88 deg[0m
[pure_pursuit-11] [0m[INFO] [1789167079.802304168] [pure_pursuit]: lap 96: 6.39 s[0m
[localization_error-8] [0m[INFO] [1789167079.911642672] [localization_error]: now[200] 0.232 m / 1.47 deg  |  session[n=12166] mean 0.265 p95 0.569 max 1.517 m, heading mean 1.88 max 7.88 deg[0m
[localization_error-8] [0m[INFO] [1789167084.911674382] [localization_error]: now[200] 0.235 m / 1.68 deg  |  session[n=12266] mean 0.266 p95 0.569 max 1.517 m, heading mean 1.88 max 7.88 deg[0m
[pure_pursuit-11] [0m[INFO] [1789167086.171376873] [pure_pursuit]: lap 97: 6.38 s[0m
[localization_error-8] [0m[INFO] [1789167089.912525428] [localization_error]: now[200] 0.273 m / 1.74 deg  |  session[n=12366] mean 0.265 p95 0.569 max 1.517 m, heading mean 1.87 max 7.88 deg[0m
[pure_pursuit-11] [0m[INFO] [1789167092.600738131] [pure_pursuit]: lap 98: 6.42 s[0m
[localization_error-8] [0m[INFO] [1789167094.911538308] [localization_error]: now[200] 0.249 m / 1.43 deg  |  session[n=12466] mean 0.265 p95 0.569 max 1.517 m, heading mean 1.87 max 7.88 deg[0m
