[INFO] [launch]: All log files can be found below /root/.ros/log/2026-09-11-22-39-24-507794-theflash-ASUS-TUF-Gaming-F15-FX507ZI4-FX507ZI-26
[INFO] [launch]: Default logging verbosity is set to INFO
[INFO] [launch.user]: [race] mode=dev  localizer=amcl  instruments=ON  bootstrap=spawn
[INFO] [autodrive_bridge-1]: process started with pid [44]
[INFO] [dead_reckoning-2]: process started with pid [46]
[INFO] [amcl-5]: process started with pid [52]
[INFO] [localization_bootstrap-7]: process started with pid [56]
[INFO] [localization_error-8]: process started with pid [58]
[INFO] [log_localization-9]: process started with pid [60]
[INFO] [static_transform_publisher-3]: process started with pid [48]
[INFO] [map_server-4]: process started with pid [50]
[INFO] [lifecycle_manager-6]: process started with pid [54]
[INFO] [static_transform_publisher-10]: process started with pid [62]
[lifecycle_manager-6] 1789166364.592720 [0] lifecycle_: selected interface "lo" is not multicast-capable: disabling multicast
[amcl-5] 1789166364.593796 [0]       amcl: selected interface "lo" is not multicast-capable: disabling multicast
[static_transform_publisher-10] 1789166364.594196 [0] static_tra: selected interface "lo" is not multicast-capable: disabling multicast
[static_transform_publisher-3] 1789166364.594200 [0] static_tra: selected interface "lo" is not multicast-capable: disabling multicast
[lifecycle_manager-6] [INFO] [1789166364.597215200] [lifecycle_manager_localization]: Creating
[static_transform_publisher-10] [INFO] [1789166364.598322027] [map_world_tf]: Spinning until stopped - publishing transform
[static_transform_publisher-10] translation: ('0.000000', '0.000000', '0.000000')
[static_transform_publisher-10] rotation: ('0.000000', '0.000000', '0.000000', '1.000000')
[static_transform_publisher-10] from 'map' to 'world'
[static_transform_publisher-3] [INFO] [1789166364.598445750] [lidar_tf]: Spinning until stopped - publishing transform
[static_transform_publisher-3] translation: ('0.273300', '0.000000', '0.096000')
[static_transform_publisher-3] rotation: ('0.000000', '0.000000', '0.000000', '1.000000')
[static_transform_publisher-3] from 'roboracer_1' to 'lidar'
[lifecycle_manager-6] [INFO] [1789166364.599180304] [lifecycle_manager_localization]: [34m[1mCreating and initializing lifecycle service clients[0m[0m
[amcl-5] [0m[INFO] [1789166364.600272360] [amcl]: 
[amcl-5] 	amcl lifecycle node launched. 
[amcl-5] 	Waiting on external lifecycle transitions to activate
[amcl-5] 	See https://design.ros2.org/articles/node_lifecycle.html for more information.[0m
[amcl-5] [0m[INFO] [1789166364.600728809] [amcl]: Creating[0m
[map_server-4] 1789166364.613389 [0] map_server: selected interface "lo" is not multicast-capable: disabling multicast
[map_server-4] [INFO] [1789166364.618211815] [map_server]: 
[map_server-4] 	map_server lifecycle node launched. 
[map_server-4] 	Waiting on external lifecycle transitions to activate
[map_server-4] 	See https://design.ros2.org/articles/node_lifecycle.html for more information.
[map_server-4] [INFO] [1789166364.618412372] [map_server]: Creating
[lifecycle_manager-6] [INFO] [1789166364.618712505] [lifecycle_manager_localization]: [34m[1mStarting managed nodes bringup...[0m[0m
[lifecycle_manager-6] [INFO] [1789166364.618753109] [lifecycle_manager_localization]: [34m[1mConfiguring map_server[0m[0m
[map_server-4] [INFO] [1789166364.636338257] [map_server]: Configuring
[map_server-4] [INFO] [1789166364.636417360] [map_io]: Loading yaml file: /home/autodrive_devkit/install/roboracer_stack/share/roboracer_stack/maps/track_clean.yaml
[map_server-4] [INFO] [1789166364.636748690] [map_io]: resolution: 0.05
[map_server-4] [INFO] [1789166364.636760596] [map_io]: origin[0]: -3.71
[map_server-4] [INFO] [1789166364.636766542] [map_io]: origin[1]: -8.61
[map_server-4] [INFO] [1789166364.636770989] [map_io]: origin[2]: 0
[map_server-4] [INFO] [1789166364.636775544] [map_io]: free_thresh: 0.25
[map_server-4] [INFO] [1789166364.636780081] [map_io]: occupied_thresh: 0.65
[map_server-4] [INFO] [1789166364.636785568] [map_io]: mode: trinary
[map_server-4] [INFO] [1789166364.636793376] [map_io]: negate: 0
[map_server-4] [INFO] [1789166364.637110322] [map_io]: Loading image_file: /home/autodrive_devkit/install/roboracer_stack/share/roboracer_stack/maps/track_clean.pgm
[map_server-4] [INFO] [1789166364.641790262] [map_io]: Read map /home/autodrive_devkit/install/roboracer_stack/share/roboracer_stack/maps/track_clean.pgm: 108 X 316 map @ 0.05 m/cell
[lifecycle_manager-6] [INFO] [1789166364.645528882] [lifecycle_manager_localization]: [34m[1mConfiguring amcl[0m[0m
[amcl-5] [0m[INFO] [1789166364.646222893] [amcl]: Configuring[0m
[amcl-5] [0m[INFO] [1789166364.646314512] [amcl]: initTransforms[0m
[amcl-5] [0m[INFO] [1789166364.656399460] [amcl]: initPubSub[0m
[amcl-5] [0m[INFO] [1789166364.658719185] [amcl]: Subscribed to map topic.[0m
[lifecycle_manager-6] [INFO] [1789166364.660896238] [lifecycle_manager_localization]: [34m[1mActivating map_server[0m[0m
[map_server-4] [INFO] [1789166364.661024418] [map_server]: Activating
[map_server-4] [INFO] [1789166364.661176050] [map_server]: Creating bond (map_server) to lifecycle manager.
[amcl-5] [0m[INFO] [1789166364.662170833] [amcl]: Received a 108 X 316 map @ 0.050 m/pix[0m
[lifecycle_manager-6] [INFO] [1789166364.763494695] [lifecycle_manager_localization]: Server map_server connected with bond.
[lifecycle_manager-6] [INFO] [1789166364.763537213] [lifecycle_manager_localization]: [34m[1mActivating amcl[0m[0m
[amcl-5] [0m[INFO] [1789166364.763688978] [amcl]: Activating[0m
[amcl-5] [0m[INFO] [1789166364.763730561] [amcl]: initialPoseReceived[0m
[amcl-5] [0m[INFO] [1789166364.763834480] [amcl]: Setting pose (1789166364.763834): 0.800 3.158 -1.571[0m
[amcl-5] [0m[INFO] [1789166364.765938745] [amcl]: Creating bond (amcl) to lifecycle manager.[0m
[lifecycle_manager-6] [INFO] [1789166364.868253429] [lifecycle_manager_localization]: Server amcl connected with bond.
[lifecycle_manager-6] [INFO] [1789166364.868351777] [lifecycle_manager_localization]: [34m[1mManaged nodes are active[0m[0m
[lifecycle_manager-6] [INFO] [1789166364.868370987] [lifecycle_manager_localization]: [34m[1mCreating bond timer...[0m[0m
[dead_reckoning-2] 1789166364.914315 [0] dead_recko: selected interface "lo" is not multicast-capable: disabling multicast
[localization_error-8] 1789166364.916520 [0] localizati: selected interface "lo" is not multicast-capable: disabling multicast
[localization_bootstrap-7] 1789166364.918408 [0] localizati: selected interface "lo" is not multicast-capable: disabling multicast
[log_localization-9] 1789166364.924682 [0] log_locali: selected interface "lo" is not multicast-capable: disabling multicast
[log_localization-9] Traceback (most recent call last):
[log_localization-9]   File "/home/autodrive_devkit/install/roboracer_stack/lib/roboracer_stack/log_localization", line 33, in <module>
[log_localization-9]     sys.exit(load_entry_point('roboracer-stack==0.1.0', 'console_scripts', 'log_localization')())
[log_localization-9]   File "/home/autodrive_devkit/install/roboracer_stack/lib/python3.10/site-packages/roboracer_stack/localization/log_localization.py", line 478, in main
[log_localization-9]     node = Logger(*cli)
[log_localization-9]   File "/home/autodrive_devkit/install/roboracer_stack/lib/python3.10/site-packages/roboracer_stack/localization/log_localization.py", line 199, in __init__
[log_localization-9]     self.dist_field = _distance_field(img, self.res)
[log_localization-9]   File "/home/autodrive_devkit/install/roboracer_stack/lib/python3.10/site-packages/roboracer_stack/localization/log_localization.py", line 109, in _distance_field
[log_localization-9]     from scipy import ndimage
[log_localization-9] ModuleNotFoundError: No module named 'scipy'
[dead_reckoning-2] [0m[INFO] [1789166364.973491349] [dead_reckoning]: dead reckoning: odom -> roboracer_1, wheel r=0.0581 m, scale=1.0, 200 Hz, tf +20 ms, extrapolate yaw=True pos=True[0m
[localization_bootstrap-7] [0m[INFO] [1789166364.979108747] [localization_bootstrap]: localization_bootstrap: race-legal inputs only[0m
[localization_bootstrap-7] [0m[INFO] [1789166364.979670667] [localization_bootstrap]: mode=spawn: seeding the initial pose from the measured spawn x=+0.800 y=+3.158 yaw=-90.0 deg (heading from /imu). No restricted topic is read at any point.[0m
[localization_bootstrap-7] [0m[INFO] [1789166364.979925544] [localization_bootstrap]: waiting for amcl to reach the active state before sending anything[0m
[localization_error-8] [31m[ERROR] [1789166364.982567123] [localization_error]: RESTRICTED TOPIC: reading /autodrive/roboracer_1/odom (simulator ground-truth pose and twist) -- continuous comparison against TF map -> roboracer_1. This run is NOT race-legal; any lap time from it is a development number. See common/restricted.py.[0m
[localization_error-8] [0m[INFO] [1789166364.983200402] [localization_error]: sampling starts 1.0 s after /localization_ready; bootstrap is excluded (require_ready:=false to include it)[0m
[localization_error-8] [0m[INFO] [1789166365.007843631] [localization_error]: waiting for TF map -> roboracer_1: Could not find a connection between 'map' and 'roboracer_1' because they are not part of the same tree.Tf has two or more unconnected trees.[0m
[localization_bootstrap-7] [0m[INFO] [1789166365.031489914] [localization_bootstrap]: amcl is ACTIVE -- an initial pose will now be accepted[0m
[autodrive_bridge-1] 1789166365.130326 [0] autodrive_: selected interface "lo" is not multicast-capable: disabling multicast
[ERROR] [log_localization-9]: process has died [pid 60, exit code 1, cmd '/home/autodrive_devkit/install/roboracer_stack/lib/roboracer_stack/log_localization --ros-args -r __node:=log_localization --params-file /tmp/launch_params_m_dsvwz6'].
[pure_pursuit] launch overrides: {'control_hz': 40.0}
[INFO] [pure_pursuit-11]: process started with pid [255]
[pure_pursuit-11] 1789166366.763523 [0] pure_pursu: selected interface "lo" is not multicast-capable: disabling multicast
[pure_pursuit-11] [0m[INFO] [1789166366.800124290] [pure_pursuit]: path: 400 points, 27.57 m lap, from /home/autodrive_devkit/install/roboracer_stack/share/roboracer_stack/raceline/raceline_a7.0_rec_6.36.csv[0m
[pure_pursuit-11] [0m[INFO] [1789166366.802832795] [pure_pursuit]: pose from TF map -> roboracer_1 (continuous); /amcl_pose kept as a fallback[0m
[pure_pursuit-11] [0m[INFO] [1789166366.803656653] [pure_pursuit]: steering on /amcl_pose[0m
[pure_pursuit-11] [0m[INFO] [1789166366.805515798] [pure_pursuit]: speed_source=tire  throttle_mode=slip  slip band [-0.08, +0.08]  u_launch 0.4 m/s  lookahead 0.8-2.2 m (k 0.55)  latency_comp 0.05 s[0m
[pure_pursuit-11] [33m[WARN] [1789166366.805792837] [pure_pursuit]: dev_lap_telemetry ON: subscribing to RESTRICTED lap topics[0m
[pure_pursuit-11] [0m[INFO] [1789166366.806659177] [pure_pursuit]: holding until /localization_ready[0m
[localization_bootstrap-7] [0m[INFO] [1789166366.980679410] [localization_bootstrap]: waiting for the seed inputs: position=ok (spawn constant) heading=-- (/imu)[0m
[autodrive_bridge-1] Connected!
[pure_pursuit-11] [0m[INFO] [1789166367.921274447] [pure_pursuit]: lap 0: inf s[0m
[amcl-5] [0m[INFO] [1789166367.930386476] [amcl]: initialPoseReceived[0m
[amcl-5] [0m[INFO] [1789166367.930462927] [amcl]: Setting pose (1789166367.930463): 0.800 3.158 -1.571[0m
[localization_bootstrap-7] [0m[INFO] [1789166367.930637242] [localization_bootstrap]: seed 1/5: x=+0.800 y=+3.158 yaw=-90.0 deg -- awaiting confirmation[0m
[amcl-5] [0m[INFO] [1789166367.980403196] [amcl]: Requesting no-motion update[0m
[amcl-5] [0m[INFO] [1789166367.983593323] [amcl]: createLaserObject[0m
[amcl-5] [0m[INFO] [1789166368.420758744] [amcl]: Message Filter dropping message: frame 'lidar' at time 1789166367.920 for reason 'the timestamp on the message is earlier than all the data in the transform cache'[0m
[amcl-5] [0m[INFO] [1789166368.430426451] [amcl]: Requesting no-motion update[0m
[amcl-5] [0m[INFO] [1789166368.880400347] [amcl]: Requesting no-motion update[0m
[localization_bootstrap-7] [0m[INFO] [1789166368.980641969] [localization_bootstrap]: seed 1/5 sent, awaiting a fresh /amcl_pose to confirm it[0m
[amcl-5] [0m[INFO] [1789166369.280558471] [amcl]: Requesting no-motion update[0m
[amcl-5] [0m[INFO] [1789166369.730580467] [amcl]: Requesting no-motion update[0m
[localization_error-8] [0m[INFO] [1789166369.958297707] [localization_error]: holding: waiting for /localization_ready (30 samples discarded so far). Pass require_ready:=false when localization_bootstrap is not running.[0m
[localization_error-8] [0m[INFO] [1789166369.981113583] [localization_error]: /localization_ready latched -- sampling opens in 1.0 s (30 bootstrap samples discarded)[0m
[localization_bootstrap-7] [0m[INFO] [1789166369.981152871] [localization_bootstrap]: seed CONFIRMED on attempt 1: the estimate is 0.7 cm / 0.0 deg from the seed (pos std 0.052 m). Tracking is now lidar + map + dead reckoning only.[0m
[pure_pursuit-11] [0m[INFO] [1789166369.981282595] [pure_pursuit]: localization converged, taking over[0m
[localization_bootstrap-7] [0m[INFO] [1789166369.981641605] [localization_bootstrap]: /localization_ready = true, follower may take over[0m
[localization_error-8] [0m[INFO] [1789166374.959364710] [localization_error]: now[ 80] 0.356 m / 2.60 deg  |  session[n=80] mean 0.356 p95 0.610 max 0.692 m, heading mean 2.60 max 6.51 deg[0m
[pure_pursuit-11] [0m[INFO] [1789166376.978886399] [pure_pursuit]: lap 1: 14.93 s[0m
[localization_error-8] [0m[INFO] [1789166379.958918861] [localization_error]: now[180] 0.328 m / 2.37 deg  |  session[n=180] mean 0.328 p95 0.685 max 0.799 m, heading mean 2.37 max 7.05 deg[0m
[pure_pursuit-11] [0m[INFO] [1789166383.330362460] [pure_pursuit]: lap 2: 6.35 s[0m
[localization_error-8] [0m[INFO] [1789166384.958572562] [localization_error]: now[200] 0.354 m / 2.43 deg  |  session[n=280] mean 0.354 p95 0.702 max 0.799 m, heading mean 2.48 max 7.05 deg[0m
[pure_pursuit-11] [0m[INFO] [1789166389.681827394] [pure_pursuit]: lap 3: 6.37 s[0m
[localization_error-8] [0m[INFO] [1789166389.958608730] [localization_error]: now[200] 0.352 m / 2.76 deg  |  session[n=380] mean 0.341 p95 0.681 max 0.799 m, heading mean 2.58 max 7.05 deg[0m
[localization_error-8] [0m[INFO] [1789166394.958890402] [localization_error]: now[200] 0.349 m / 2.81 deg  |  session[n=480] mean 0.352 p95 0.702 max 0.852 m, heading mean 2.62 max 7.05 deg[0m
[pure_pursuit-11] [0m[INFO] [1789166396.082012506] [pure_pursuit]: lap 4: 6.39 s[0m
[localization_error-8] [0m[INFO] [1789166399.958548234] [localization_error]: now[200] 0.386 m / 2.79 deg  |  session[n=580] mean 0.356 p95 0.720 max 0.852 m, heading mean 2.65 max 7.05 deg[0m
[pure_pursuit-11] [0m[INFO] [1789166402.483649576] [pure_pursuit]: lap 5: 6.39 s[0m
[localization_error-8] [0m[INFO] [1789166404.958575550] [localization_error]: now[200] 0.363 m / 2.59 deg  |  session[n=680] mean 0.355 p95 0.725 max 0.852 m, heading mean 2.61 max 7.05 deg[0m
