[INFO] [launch]: All log files can be found below /root/.ros/log/2026-09-11-23-36-36-624586-theflash-ASUS-TUF-Gaming-F15-FX507ZI4-FX507ZI-26
[INFO] [launch]: Default logging verbosity is set to INFO
[INFO] [launch.user]: [race] mode=dev  localizer=amcl  instruments=ON  bootstrap=spawn
[INFO] [autodrive_bridge-1]: process started with pid [27]
[INFO] [dead_reckoning-2]: process started with pid [29]
[INFO] [amcl-5]: process started with pid [35]
[INFO] [localization_bootstrap-7]: process started with pid [39]
[INFO] [localization_error-8]: process started with pid [41]
[INFO] [log_localization-9]: process started with pid [43]
[INFO] [static_transform_publisher-3]: process started with pid [31]
[INFO] [map_server-4]: process started with pid [33]
[INFO] [lifecycle_manager-6]: process started with pid [37]
[INFO] [static_transform_publisher-10]: process started with pid [45]
[lifecycle_manager-6] 1789169796.677738 [0] lifecycle_: selected interface "lo" is not multicast-capable: disabling multicast
[static_transform_publisher-10] 1789169796.678689 [0] static_tra: selected interface "lo" is not multicast-capable: disabling multicast
[amcl-5] 1789169796.679378 [0]       amcl: selected interface "lo" is not multicast-capable: disabling multicast
[static_transform_publisher-3] 1789169796.680368 [0] static_tra: selected interface "lo" is not multicast-capable: disabling multicast
[amcl-5] [0m[INFO] [1789169796.682853211] [amcl]: 
[amcl-5] 	amcl lifecycle node launched. 
[amcl-5] 	Waiting on external lifecycle transitions to activate
[amcl-5] 	See https://design.ros2.org/articles/node_lifecycle.html for more information.[0m
[amcl-5] [0m[INFO] [1789169796.683190400] [amcl]: Creating[0m
[lifecycle_manager-6] [INFO] [1789169796.683198319] [lifecycle_manager_localization]: Creating
[static_transform_publisher-10] [INFO] [1789169796.683657978] [map_world_tf]: Spinning until stopped - publishing transform
[static_transform_publisher-10] translation: ('0.000000', '0.000000', '0.000000')
[static_transform_publisher-10] rotation: ('0.000000', '0.000000', '0.000000', '1.000000')
[static_transform_publisher-10] from 'map' to 'world'
[static_transform_publisher-3] [INFO] [1789169796.685202805] [lidar_tf]: Spinning until stopped - publishing transform
[static_transform_publisher-3] translation: ('0.273300', '0.000000', '0.096000')
[static_transform_publisher-3] rotation: ('0.000000', '0.000000', '0.000000', '1.000000')
[static_transform_publisher-3] from 'roboracer_1' to 'lidar'
[lifecycle_manager-6] [INFO] [1789169796.685701151] [lifecycle_manager_localization]: [34m[1mCreating and initializing lifecycle service clients[0m[0m
[map_server-4] 1789169796.686105 [0] map_server: selected interface "lo" is not multicast-capable: disabling multicast
[map_server-4] [INFO] [1789169796.690911216] [map_server]: 
[map_server-4] 	map_server lifecycle node launched. 
[map_server-4] 	Waiting on external lifecycle transitions to activate
[map_server-4] 	See https://design.ros2.org/articles/node_lifecycle.html for more information.
[lifecycle_manager-6] [INFO] [1789169796.690998261] [lifecycle_manager_localization]: [34m[1mStarting managed nodes bringup...[0m[0m
[lifecycle_manager-6] [INFO] [1789169796.691044037] [lifecycle_manager_localization]: [34m[1mConfiguring map_server[0m[0m
[map_server-4] [INFO] [1789169796.691024741] [map_server]: Creating
[map_server-4] [INFO] [1789169796.708890197] [map_server]: Configuring
[map_server-4] [INFO] [1789169796.708977312] [map_io]: Loading yaml file: /home/autodrive_devkit/install/roboracer_stack/share/roboracer_stack/maps/track_clean.yaml
[map_server-4] [INFO] [1789169796.709278236] [map_io]: resolution: 0.05
[map_server-4] [INFO] [1789169796.709294773] [map_io]: origin[0]: -3.71
[map_server-4] [INFO] [1789169796.709302477] [map_io]: origin[1]: -8.61
[map_server-4] [INFO] [1789169796.709308985] [map_io]: origin[2]: 0
[map_server-4] [INFO] [1789169796.709316193] [map_io]: free_thresh: 0.25
[map_server-4] [INFO] [1789169796.709322670] [map_io]: occupied_thresh: 0.65
[map_server-4] [INFO] [1789169796.709329548] [map_io]: mode: trinary
[map_server-4] [INFO] [1789169796.709336916] [map_io]: negate: 0
[map_server-4] [INFO] [1789169796.709562450] [map_io]: Loading image_file: /home/autodrive_devkit/install/roboracer_stack/share/roboracer_stack/maps/track_clean.pgm
[map_server-4] [INFO] [1789169796.713381631] [map_io]: Read map /home/autodrive_devkit/install/roboracer_stack/share/roboracer_stack/maps/track_clean.pgm: 108 X 316 map @ 0.05 m/cell
[lifecycle_manager-6] [INFO] [1789169796.717641395] [lifecycle_manager_localization]: [34m[1mConfiguring amcl[0m[0m
[amcl-5] [0m[INFO] [1789169796.717878813] [amcl]: Configuring[0m
[amcl-5] [0m[INFO] [1789169796.717992957] [amcl]: initTransforms[0m
[amcl-5] [0m[INFO] [1789169796.728242153] [amcl]: initPubSub[0m
[amcl-5] [0m[INFO] [1789169796.731386454] [amcl]: Subscribed to map topic.[0m
[lifecycle_manager-6] [INFO] [1789169796.734162866] [lifecycle_manager_localization]: [34m[1mActivating map_server[0m[0m
[amcl-5] [0m[INFO] [1789169796.734998856] [amcl]: Received a 108 X 316 map @ 0.050 m/pix[0m
[map_server-4] [INFO] [1789169796.734699436] [map_server]: Activating
[map_server-4] [INFO] [1789169796.734827136] [map_server]: Creating bond (map_server) to lifecycle manager.
[lifecycle_manager-6] [INFO] [1789169796.836445855] [lifecycle_manager_localization]: Server map_server connected with bond.
[lifecycle_manager-6] [INFO] [1789169796.836496103] [lifecycle_manager_localization]: [34m[1mActivating amcl[0m[0m
[amcl-5] [0m[INFO] [1789169796.836765858] [amcl]: Activating[0m
[amcl-5] [0m[INFO] [1789169796.836825812] [amcl]: initialPoseReceived[0m
[amcl-5] [0m[INFO] [1789169796.836947742] [amcl]: Setting pose (1789169796.836948): 0.800 3.158 -1.571[0m
[amcl-5] [0m[INFO] [1789169796.840066449] [amcl]: Creating bond (amcl) to lifecycle manager.[0m
[lifecycle_manager-6] [INFO] [1789169796.941692725] [lifecycle_manager_localization]: Server amcl connected with bond.
[lifecycle_manager-6] [INFO] [1789169796.941792149] [lifecycle_manager_localization]: [34m[1mManaged nodes are active[0m[0m
[lifecycle_manager-6] [INFO] [1789169796.941815530] [lifecycle_manager_localization]: [34m[1mCreating bond timer...[0m[0m
[dead_reckoning-2] 1789169796.952226 [0] dead_recko: selected interface "lo" is not multicast-capable: disabling multicast
[localization_bootstrap-7] 1789169796.953362 [0] localizati: selected interface "lo" is not multicast-capable: disabling multicast
[localization_error-8] 1789169796.953394 [0] localizati: selected interface "lo" is not multicast-capable: disabling multicast
[log_localization-9] 1789169796.954369 [0] log_locali: selected interface "lo" is not multicast-capable: disabling multicast
[localization_error-8] [31m[ERROR] [1789169796.999839169] [localization_error]: RESTRICTED TOPIC: reading /autodrive/roboracer_1/odom (simulator ground-truth pose and twist) -- continuous comparison against TF map -> roboracer_1. This run is NOT race-legal; any lap time from it is a development number. See common/restricted.py.[0m
[localization_error-8] [0m[INFO] [1789169797.000274130] [localization_error]: sampling starts 1.0 s after /localization_ready; bootstrap is excluded (require_ready:=false to include it)[0m
[localization_bootstrap-7] [0m[INFO] [1789169797.002441937] [localization_bootstrap]: localization_bootstrap: race-legal inputs only[0m
[localization_bootstrap-7] [0m[INFO] [1789169797.002906606] [localization_bootstrap]: mode=spawn: seeding the initial pose from the measured spawn x=+0.800 y=+3.158 yaw=-90.0 deg (heading from /imu). No restricted topic is read at any point.[0m
[localization_bootstrap-7] [0m[INFO] [1789169797.003176519] [localization_bootstrap]: waiting for amcl to reach the active state before sending anything[0m
[dead_reckoning-2] [0m[INFO] [1789169797.009486478] [dead_reckoning]: dead reckoning: odom -> roboracer_1, wheel r=0.0581 m, scale=1.0, 200 Hz, tf +20 ms, extrapolate yaw=True pos=True[0m
[localization_error-8] [0m[INFO] [1789169797.032940308] [localization_error]: waiting for TF map -> roboracer_1: Could not find a connection between 'map' and 'roboracer_1' because they are not part of the same tree.Tf has two or more unconnected trees.[0m
[log_localization-9] [31m[ERROR] [1789169797.054434610] [log_localization]: RESTRICTED TOPIC: reading /autodrive/roboracer_1/ips (simulator ground-truth position) -- continuous logging against the estimate. This run is NOT race-legal; any lap time from it is a development number. See common/restricted.py.[0m
[log_localization-9] [31m[ERROR] [1789169797.054919800] [log_localization]: RESTRICTED TOPIC: reading /autodrive/roboracer_1/odom (simulator ground-truth pose and twist) -- continuous logging against the estimate. This run is NOT race-legal; any lap time from it is a development number. See common/restricted.py.[0m
[localization_bootstrap-7] [0m[INFO] [1789169797.055172342] [localization_bootstrap]: amcl is ACTIVE -- an initial pose will now be accepted[0m
[log_localization-9] [0m[INFO] [1789169797.055482950] [log_localization]: logging to /home/autodrive_devkit/log/run_cap80.csv at 20 Hz until Ctrl-C[0m
[autodrive_bridge-1] 1789169797.194669 [0] autodrive_: selected interface "lo" is not multicast-capable: disabling multicast
[pure_pursuit] launch overrides: {'control_hz': 40.0}
[INFO] [pure_pursuit-11]: process started with pid [238]
[pure_pursuit-11] 1789169798.864122 [0] pure_pursu: selected interface "lo" is not multicast-capable: disabling multicast
[pure_pursuit-11] [0m[INFO] [1789169798.906839489] [pure_pursuit]: path: 400 points, 27.57 m lap, from /home/autodrive_devkit/install/roboracer_stack/share/roboracer_stack/raceline/raceline_a7.0_rec_6.36.csv[0m
[pure_pursuit-11] [0m[INFO] [1789169798.909359448] [pure_pursuit]: pose from TF map -> roboracer_1 (continuous); /amcl_pose kept as a fallback[0m
[pure_pursuit-11] [0m[INFO] [1789169798.910265292] [pure_pursuit]: steering on /amcl_pose[0m
[pure_pursuit-11] [0m[INFO] [1789169798.911875292] [pure_pursuit]: speed_source=tire  throttle_mode=slip  slip band [-0.08, +0.08]  u_launch 0.4 m/s  lookahead 0.8-2.2 m (k 0.55)  latency_comp 0.05 s[0m
[pure_pursuit-11] [33m[WARN] [1789169798.912126967] [pure_pursuit]: dev_lap_telemetry ON: subscribing to RESTRICTED lap topics[0m
[pure_pursuit-11] [0m[INFO] [1789169798.912940753] [pure_pursuit]: holding until /localization_ready[0m
[localization_bootstrap-7] [0m[INFO] [1789169799.004024293] [localization_bootstrap]: waiting for the seed inputs: position=ok (spawn constant) heading=-- (/imu)[0m
[autodrive_bridge-1] Connected!
[pure_pursuit-11] [0m[INFO] [1789169800.740310603] [pure_pursuit]: lap 0: inf s[0m
[amcl-5] [0m[INFO] [1789169800.753644098] [amcl]: initialPoseReceived[0m
[amcl-5] [0m[INFO] [1789169800.753732203] [amcl]: Setting pose (1789169800.753732): 0.800 3.158 -1.571[0m
[localization_bootstrap-7] [0m[INFO] [1789169800.753938617] [localization_bootstrap]: seed 1/5: x=+0.800 y=+3.158 yaw=-90.0 deg -- awaiting confirmation[0m
[log_localization-9] [0m[INFO] [1789169800.755694879] [log_localization]: waiting for TF map -> roboracer_1 ...[0m
[amcl-5] [0m[INFO] [1789169800.783694159] [amcl]: createLaserObject[0m
[amcl-5] [0m[INFO] [1789169800.803572340] [amcl]: Requesting no-motion update[0m
[localization_bootstrap-7] [0m[INFO] [1789169801.004139232] [localization_bootstrap]: seed 1/5 sent, awaiting a fresh /amcl_pose to confirm it[0m
[amcl-5] [0m[INFO] [1789169801.203665209] [amcl]: Requesting no-motion update[0m
[amcl-5] [0m[INFO] [1789169801.239393706] [amcl]: Message Filter dropping message: frame 'lidar' at time 1789169800.739 for reason 'the timestamp on the message is earlier than all the data in the transform cache'[0m
[amcl-5] [0m[INFO] [1789169801.603782345] [amcl]: Requesting no-motion update[0m
[localization_error-8] [0m[INFO] [1789169801.983265248] [localization_error]: holding: waiting for /localization_ready (15 samples discarded so far). Pass require_ready:=false when localization_bootstrap is not running.[0m
[amcl-5] [0m[INFO] [1789169802.004163014] [amcl]: Requesting no-motion update[0m
[amcl-5] [0m[INFO] [1789169802.453605787] [amcl]: Requesting no-motion update[0m
[localization_bootstrap-7] [0m[INFO] [1789169802.803837181] [localization_bootstrap]: seed CONFIRMED on attempt 1: the estimate is 0.3 cm / 0.1 deg from the seed (pos std 0.051 m). Tracking is now lidar + map + dead reckoning only.[0m
[pure_pursuit-11] [0m[INFO] [1789169802.803986371] [pure_pursuit]: localization converged, taking over[0m
[localization_error-8] [0m[INFO] [1789169802.804142240] [localization_error]: /localization_ready latched -- sampling opens in 1.0 s (31 bootstrap samples discarded)[0m
[localization_bootstrap-7] [0m[INFO] [1789169802.804182269] [localization_bootstrap]: /localization_ready = true, follower may take over[0m
[log_localization-9] [0m[INFO] [1789169805.806425193] [log_localization]:    4.9 s    11.3 m  err 0.035 m (along +0.034 cross -0.007) yaw  -0.17 deg  m->o yaw  -0.11 deg | fit true 0.014 est 0.020 (x1.45)  enc/true 1.052  dr_err 0.54 m[0m
[localization_error-8] [0m[INFO] [1789169806.984350916] [localization_error]: now[ 64] 0.325 m / 1.71 deg  |  session[n=64] mean 0.325 p95 0.813 max 0.852 m, heading mean 1.71 max 5.23 deg[0m
[pure_pursuit-11] [0m[INFO] [1789169809.709141654] [pure_pursuit]: lap 1: 16.95 s[0m
[log_localization-9] [0m[INFO] [1789169810.806206118] [log_localization]:    9.9 s    32.7 m  err 0.092 m (along +0.092 cross -0.002) yaw  +0.30 deg  m->o yaw  +0.16 deg | fit true 0.004 est 0.012 (x2.74)  enc/true 1.040  dr_err 0.66 m[0m
[localization_error-8] [0m[INFO] [1789169811.983892305] [localization_error]: now[164] 0.264 m / 1.46 deg  |  session[n=164] mean 0.264 p95 0.749 max 0.852 m, heading mean 1.46 max 5.23 deg[0m
[log_localization-9] [0m[INFO] [1789169815.806088455] [log_localization]:   14.9 s    52.9 m  err 0.032 m (along +0.030 cross -0.011) yaw  +0.38 deg  m->o yaw  +0.28 deg | fit true 0.017 est 0.017 (x0.97)  enc/true 1.029  dr_err 0.40 m[0m
[pure_pursuit-11] [0m[INFO] [1789169816.180718297] [pure_pursuit]: lap 2: 6.47 s[0m
[localization_error-8] [0m[INFO] [1789169816.983937073] [localization_error]: now[200] 0.222 m / 1.50 deg  |  session[n=264] mean 0.247 p95 0.664 max 0.852 m, heading mean 1.55 max 5.23 deg[0m
[log_localization-9] [0m[INFO] [1789169820.806587923] [log_localization]:   20.0 s    75.7 m  err 0.097 m (along +0.095 cross +0.018) yaw  +0.16 deg  m->o yaw  +0.09 deg | fit true 0.007 est 0.030 (x4.40)  enc/true 1.027  dr_err 0.36 m[0m
[localization_error-8] [0m[INFO] [1789169821.985010725] [localization_error]: now[200] 0.201 m / 1.58 deg  |  session[n=364] mean 0.230 p95 0.525 max 0.852 m, heading mean 1.53 max 5.23 deg[0m
[pure_pursuit-11] [0m[INFO] [1789169822.700606693] [pure_pursuit]: lap 3: 6.52 s[0m
[log_localization-9] [0m[INFO] [1789169825.806185177] [log_localization]:   25.0 s    96.7 m  err 0.105 m (along +0.100 cross -0.033) yaw  -2.66 deg  m->o yaw  -2.30 deg | fit true 0.058 est 0.079 (x1.37)  enc/true 1.025  dr_err 0.56 m[0m
[localization_error-8] [0m[INFO] [1789169826.985638666] [localization_error]: now[200] 0.213 m / 1.65 deg  |  session[n=464] mean 0.232 p95 0.515 max 0.852 m, heading mean 1.59 max 7.09 deg[0m
[pure_pursuit-11] [0m[INFO] [1789169829.173150506] [pure_pursuit]: lap 4: 6.48 s[0m
[log_localization-9] [0m[INFO] [1789169830.805913499] [log_localization]:   29.9 s   119.6 m  err 0.092 m (along -0.092 cross -0.002) yaw  +1.36 deg  m->o yaw  +1.07 deg | fit true 0.032 est 0.019 (x0.60)  enc/true 1.024  dr_err 0.83 m[0m
[localization_error-8] [0m[INFO] [1789169831.984182766] [localization_error]: now[200] 0.237 m / 1.58 deg  |  session[n=564] mean 0.232 p95 0.542 max 0.852 m, heading mean 1.55 max 7.09 deg[0m
[pure_pursuit-11] [0m[INFO] [1789169835.660925800] [pure_pursuit]: lap 5: 6.48 s[0m
[log_localization-9] [0m[INFO] [1789169835.806391186] [log_localization]:   34.9 s   138.7 m  err 0.125 m (along +0.118 cross -0.042) yaw  -0.78 deg  m->o yaw  -0.75 deg | fit true 0.012 est 0.028 (x2.25)  enc/true 1.023  dr_err 0.87 m[0m
[localization_error-8] [0m[INFO] [1789169836.983474263] [localization_error]: now[200] 0.243 m / 1.49 deg  |  session[n=664] mean 0.236 p95 0.517 max 0.852 m, heading mean 1.56 max 7.09 deg[0m
[log_localization-9] [0m[INFO] [1789169840.805964023] [log_localization]:   39.9 s   161.5 m  err 0.017 m (along -0.011 cross +0.013) yaw  +0.55 deg  m->o yaw  +0.63 deg | fit true 0.008 est 0.013 (x1.65)  enc/true 1.022  dr_err 0.82 m[0m
[localization_error-8] [0m[INFO] [1789169841.983586843] [localization_error]: now[200] 0.211 m / 1.64 deg  |  session[n=764] mean 0.227 p95 0.514 max 0.852 m, heading mean 1.57 max 7.09 deg[0m
[pure_pursuit-11] [0m[INFO] [1789169842.380238766] [pure_pursuit]: lap 6: 6.73 s[0m
[pure_pursuit-11] [33m[WARN] [1789169844.323804473] [pure_pursuit]: heading jumped +36 deg in one tick: respawn. Speed estimate 4.05 -> 0, pose history cleared.[0m
[pure_pursuit-11] [33m[WARN] [1789169845.177828213] [pure_pursuit]: heading jumped +34 deg in one tick: respawn. Speed estimate 1.98 -> 0, pose history cleared.[0m
[log_localization-9] [0m[INFO] [1789169845.805883061] [log_localization]:   44.9 s   177.8 m  err 3.384 m (along -3.254 cross +0.926) yaw +30.68 deg  m->o yaw +30.90 deg | fit true 0.048 est 0.154 (x3.22)  enc/true 1.030  dr_err 5.93 m[0m
[pure_pursuit-11] [33m[WARN] [1789169845.821676859] [pure_pursuit]: heading jumped -58 deg in one tick: respawn. Speed estimate 2.01 -> 0, pose history cleared.[0m
[pure_pursuit-11] [33m[WARN] [1789169846.547571126] [pure_pursuit]: heading jumped +52 deg in one tick: respawn. Speed estimate 2.66 -> 0, pose history cleared.[0m
[localization_error-8] [0m[INFO] [1789169846.983810578] [localization_error]: now[200] 1.359 m / 11.98 deg  |  session[n=864] mean 0.496 p95 2.948 max 4.963 m, heading mean 3.97 max 168.19 deg[0m
[pure_pursuit-11] [33m[WARN] [1789169847.246951492] [pure_pursuit]: heading jumped -52 deg in one tick: respawn. Speed estimate 1.41 -> 0, pose history cleared.[0m
[pure_pursuit-11] [33m[WARN] [1789169848.034616004] [pure_pursuit]: heading jumped +70 deg in one tick: respawn. Speed estimate 1.91 -> 0, pose history cleared.[0m
[pure_pursuit-11] [33m[WARN] [1789169848.649306433] [pure_pursuit]: heading jumped -60 deg in one tick: respawn. Speed estimate 2.10 -> 0, pose history cleared.[0m
[pure_pursuit-11] [33m[WARN] [1789169849.267346034] [pure_pursuit]: heading jumped +60 deg in one tick: respawn. Speed estimate 2.91 -> 0, pose history cleared.[0m
[pure_pursuit-11] [33m[WARN] [1789169849.856053025] [pure_pursuit]: heading jumped -51 deg in one tick: respawn. Speed estimate 2.96 -> 0, pose history cleared.[0m
