[INFO] [launch]: All log files can be found below /root/.ros/log/2026-09-12-00-21-28-003788-theflash-ASUS-TUF-Gaming-F15-FX507ZI4-FX507ZI-26
[INFO] [launch]: Default logging verbosity is set to INFO
[INFO] [launch.user]: [race] mode=dev  localizer=amcl  instruments=ON  bootstrap=truth
[INFO] [autodrive_bridge-1]: process started with pid [27]
[INFO] [dead_reckoning-2]: process started with pid [29]
[INFO] [amcl-5]: process started with pid [35]
[INFO] [localization_bootstrap-7]: process started with pid [39]
[INFO] [localization_error-8]: process started with pid [41]
[INFO] [log_localization-9]: process started with pid [43]
[INFO] [static_transform_publisher-3]: process started with pid [31]
[INFO] [map_server-4]: process started with pid [33]
[INFO] [lifecycle_manager-6]: process started with pid [37]
[INFO] [static_transform_publisher-10]: process started with pid [45]
[lifecycle_manager-6] 1789172488.058740 [0] lifecycle_: selected interface "lo" is not multicast-capable: disabling multicast
[amcl-5] 1789172488.059367 [0]       amcl: selected interface "lo" is not multicast-capable: disabling multicast
[static_transform_publisher-3] 1789172488.059657 [0] static_tra: selected interface "lo" is not multicast-capable: disabling multicast
[static_transform_publisher-10] 1789172488.060112 [0] static_tra: selected interface "lo" is not multicast-capable: disabling multicast
[lifecycle_manager-6] [INFO] [1789172488.062043996] [lifecycle_manager_localization]: Creating
[amcl-5] [0m[INFO] [1789172488.062698361] [amcl]: 
[amcl-5] 	amcl lifecycle node launched. 
[amcl-5] 	Waiting on external lifecycle transitions to activate
[amcl-5] 	See https://design.ros2.org/articles/node_lifecycle.html for more information.[0m
[amcl-5] [0m[INFO] [1789172488.063052862] [amcl]: Creating[0m
[lifecycle_manager-6] [INFO] [1789172488.063553830] [lifecycle_manager_localization]: [34m[1mCreating and initializing lifecycle service clients[0m[0m
[static_transform_publisher-10] [INFO] [1789172488.063768418] [map_world_tf]: Spinning until stopped - publishing transform
[static_transform_publisher-10] translation: ('0.000000', '0.000000', '0.000000')
[static_transform_publisher-10] rotation: ('0.000000', '0.000000', '0.000000', '1.000000')
[static_transform_publisher-10] from 'map' to 'world'
[static_transform_publisher-3] [INFO] [1789172488.064695333] [lidar_tf]: Spinning until stopped - publishing transform
[static_transform_publisher-3] translation: ('0.273300', '0.000000', '0.096000')
[static_transform_publisher-3] rotation: ('0.000000', '0.000000', '0.000000', '1.000000')
[static_transform_publisher-3] from 'roboracer_1' to 'lidar'
[map_server-4] 1789172488.068806 [0] map_server: selected interface "lo" is not multicast-capable: disabling multicast
[map_server-4] [INFO] [1789172488.072692582] [map_server]: 
[map_server-4] 	map_server lifecycle node launched. 
[map_server-4] 	Waiting on external lifecycle transitions to activate
[map_server-4] 	See https://design.ros2.org/articles/node_lifecycle.html for more information.
[map_server-4] [INFO] [1789172488.072768398] [map_server]: Creating
[lifecycle_manager-6] [INFO] [1789172488.073154551] [lifecycle_manager_localization]: [34m[1mStarting managed nodes bringup...[0m[0m
[lifecycle_manager-6] [INFO] [1789172488.073201481] [lifecycle_manager_localization]: [34m[1mConfiguring map_server[0m[0m
[map_server-4] [INFO] [1789172488.091055665] [map_server]: Configuring
[map_server-4] [INFO] [1789172488.091208861] [map_io]: Loading yaml file: /home/autodrive_devkit/install/roboracer_stack/share/roboracer_stack/maps/track_clean.yaml
[map_server-4] [INFO] [1789172488.091619872] [map_io]: resolution: 0.05
[map_server-4] [INFO] [1789172488.091635639] [map_io]: origin[0]: -3.71
[map_server-4] [INFO] [1789172488.091642813] [map_io]: origin[1]: -8.61
[map_server-4] [INFO] [1789172488.091648651] [map_io]: origin[2]: 0
[map_server-4] [INFO] [1789172488.091655013] [map_io]: free_thresh: 0.25
[map_server-4] [INFO] [1789172488.091661556] [map_io]: occupied_thresh: 0.65
[map_server-4] [INFO] [1789172488.091667867] [map_io]: mode: trinary
[map_server-4] [INFO] [1789172488.091675897] [map_io]: negate: 0
[map_server-4] [INFO] [1789172488.091922495] [map_io]: Loading image_file: /home/autodrive_devkit/install/roboracer_stack/share/roboracer_stack/maps/track_clean.pgm
[map_server-4] [INFO] [1789172488.095414364] [map_io]: Read map /home/autodrive_devkit/install/roboracer_stack/share/roboracer_stack/maps/track_clean.pgm: 108 X 316 map @ 0.05 m/cell
[lifecycle_manager-6] [INFO] [1789172488.099929942] [lifecycle_manager_localization]: [34m[1mConfiguring amcl[0m[0m
[amcl-5] [0m[INFO] [1789172488.100190845] [amcl]: Configuring[0m
[amcl-5] [0m[INFO] [1789172488.100296518] [amcl]: initTransforms[0m
[amcl-5] [0m[INFO] [1789172488.109399928] [amcl]: initPubSub[0m
[amcl-5] [0m[INFO] [1789172488.112393911] [amcl]: Subscribed to map topic.[0m
[lifecycle_manager-6] [INFO] [1789172488.115074945] [lifecycle_manager_localization]: [34m[1mActivating map_server[0m[0m
[map_server-4] [INFO] [1789172488.116187635] [map_server]: Activating
[map_server-4] [INFO] [1789172488.116317972] [map_server]: Creating bond (map_server) to lifecycle manager.
[amcl-5] [0m[INFO] [1789172488.117862781] [amcl]: Received a 108 X 316 map @ 0.050 m/pix[0m
[lifecycle_manager-6] [INFO] [1789172488.220740810] [lifecycle_manager_localization]: Server map_server connected with bond.
[lifecycle_manager-6] [INFO] [1789172488.220792442] [lifecycle_manager_localization]: [34m[1mActivating amcl[0m[0m
[amcl-5] [0m[INFO] [1789172488.221624779] [amcl]: Activating[0m
[amcl-5] [0m[INFO] [1789172488.221669424] [amcl]: initialPoseReceived[0m
[amcl-5] [0m[INFO] [1789172488.221777159] [amcl]: Setting pose (1789172488.221777): 0.710 0.020 -1.599[0m
[amcl-5] [0m[INFO] [1789172488.223598053] [amcl]: Creating bond (amcl) to lifecycle manager.[0m
[lifecycle_manager-6] [INFO] [1789172488.326657247] [lifecycle_manager_localization]: Server amcl connected with bond.
[lifecycle_manager-6] [INFO] [1789172488.326724758] [lifecycle_manager_localization]: [34m[1mManaged nodes are active[0m[0m
[lifecycle_manager-6] [INFO] [1789172488.326735597] [lifecycle_manager_localization]: [34m[1mCreating bond timer...[0m[0m
[localization_bootstrap-7] 1789172488.352388 [0] localizati: selected interface "lo" is not multicast-capable: disabling multicast
[dead_reckoning-2] 1789172488.352460 [0] dead_recko: selected interface "lo" is not multicast-capable: disabling multicast
[localization_error-8] 1789172488.353473 [0] localizati: selected interface "lo" is not multicast-capable: disabling multicast
[log_localization-9] 1789172488.362650 [0] log_locali: selected interface "lo" is not multicast-capable: disabling multicast
[localization_error-8] [31m[ERROR] [1789172488.406561567] [localization_error]: RESTRICTED TOPIC: reading /autodrive/roboracer_1/odom (simulator ground-truth pose and twist) -- continuous comparison against TF map -> roboracer_1. This run is NOT race-legal; any lap time from it is a development number. See common/restricted.py.[0m
[localization_error-8] [0m[INFO] [1789172488.407103824] [localization_error]: sampling starts 1.0 s after /localization_ready; bootstrap is excluded (require_ready:=false to include it)[0m
[localization_bootstrap-7] [0m[INFO] [1789172488.410617874] [localization_bootstrap]: WARMUP SEED: reading /autodrive/roboracer_1/ips (simulator ground-truth position) ONCE -- initial pose seed. Legal: the first lap is warmup, this is read before the car moves, and it is released immediately after. Nothing reads ground truth afterwards.[0m
[localization_bootstrap-7] [0m[INFO] [1789172488.411006762] [localization_bootstrap]: mode=truth: seeding the initial pose from /ips + /imu before the car moves, then releasing /ips. Tracking is lidar + map + dead reckoning from there on.[0m
[localization_bootstrap-7] [0m[INFO] [1789172488.411237029] [localization_bootstrap]: waiting for amcl to reach the active state before sending anything[0m
[dead_reckoning-2] [0m[INFO] [1789172488.418332678] [dead_reckoning]: dead reckoning: odom -> roboracer_1, wheel r=0.0581 m, scale=1.0, 200 Hz, tf +20 ms, extrapolate yaw=True pos=True[0m
[localization_error-8] [0m[INFO] [1789172488.436628685] [localization_error]: waiting for TF map -> roboracer_1: Could not find a connection between 'map' and 'roboracer_1' because they are not part of the same tree.Tf has two or more unconnected trees.[0m
[localization_bootstrap-7] [0m[INFO] [1789172488.463531983] [localization_bootstrap]: amcl is ACTIVE -- an initial pose will now be accepted[0m
[log_localization-9] [31m[ERROR] [1789172488.489569398] [log_localization]: RESTRICTED TOPIC: reading /autodrive/roboracer_1/ips (simulator ground-truth position) -- continuous logging against the estimate. This run is NOT race-legal; any lap time from it is a development number. See common/restricted.py.[0m
[log_localization-9] [31m[ERROR] [1789172488.490085984] [log_localization]: RESTRICTED TOPIC: reading /autodrive/roboracer_1/odom (simulator ground-truth pose and twist) -- continuous logging against the estimate. This run is NOT race-legal; any lap time from it is a development number. See common/restricted.py.[0m
[log_localization-9] [0m[INFO] [1789172488.490733965] [log_localization]: logging to /home/autodrive_devkit/log/run_cap20.csv at 20 Hz until Ctrl-C[0m
[autodrive_bridge-1] 1789172488.615352 [0] autodrive_: selected interface "lo" is not multicast-capable: disabling multicast
[pure_pursuit] launch overrides: {'control_hz': 40.0}
[INFO] [pure_pursuit-11]: process started with pid [238]
[pure_pursuit-11] 1789172490.245005 [0] pure_pursu: selected interface "lo" is not multicast-capable: disabling multicast
[pure_pursuit-11] [0m[INFO] [1789172490.283753005] [pure_pursuit]: path: 400 points, 27.57 m lap, from /home/autodrive_devkit/install/roboracer_stack/share/roboracer_stack/raceline/raceline_a7.0_rec_6.36.csv[0m
[pure_pursuit-11] [0m[INFO] [1789172490.286387045] [pure_pursuit]: pose from TF map -> roboracer_1 (continuous); /amcl_pose kept as a fallback[0m
[pure_pursuit-11] [0m[INFO] [1789172490.286978609] [pure_pursuit]: steering on /amcl_pose[0m
[pure_pursuit-11] [0m[INFO] [1789172490.288654044] [pure_pursuit]: speed_source=tire  throttle_mode=slip  slip band [-0.08, +0.08]  u_launch 0.4 m/s  lookahead 0.8-2.2 m (k 0.55)  latency_comp 0.05 s[0m
[pure_pursuit-11] [33m[WARN] [1789172490.288933139] [pure_pursuit]: dev_lap_telemetry ON: subscribing to RESTRICTED lap topics[0m
[pure_pursuit-11] [0m[INFO] [1789172490.290296457] [pure_pursuit]: holding until /localization_ready[0m
[localization_bootstrap-7] [0m[INFO] [1789172490.412056876] [localization_bootstrap]: waiting for ground truth: ips=-- imu=--[0m
[autodrive_bridge-1] Connected!
[pure_pursuit-11] [0m[INFO] [1789172491.027025651] [pure_pursuit]: lap 0: inf s[0m
[log_localization-9] [0m[INFO] [1789172491.041381316] [log_localization]: waiting for TF map -> roboracer_1 ...[0m
[amcl-5] [0m[INFO] [1789172491.061831030] [amcl]: initialPoseReceived[0m
[amcl-5] [0m[INFO] [1789172491.061889659] [amcl]: Setting pose (1789172491.061890): 0.800 3.158 -1.571[0m
[localization_bootstrap-7] [0m[INFO] [1789172491.062296484] [localization_bootstrap]: seed 1/5: x=+0.800 y=+3.158 yaw=-90.0 deg -- awaiting confirmation[0m
[localization_bootstrap-7] [33m[WARN] [1789172491.062879382] [localization_bootstrap]: MEASURED SPAWN is 3.140 m / 1.6 deg from roboracer_stack.common.frames.SPAWN_* -- OUTSIDE slam_toolbox's +-0.5 m seed search, so any run that falls back to it CANNOT recover and the offset is frozen for the whole run. This run is seeded and therefore fine; the FALLBACK is what is wrong.
[localization_bootstrap-7]     Paste into common/frames.py so bootstrap:=false and bootstrap_mode:=global start somewhere real:
[localization_bootstrap-7]         SPAWN_X = '0.800'
[localization_bootstrap-7]         SPAWN_Y = '3.158'
[localization_bootstrap-7]         SPAWN_YAW = '-1.5707'[0m
[amcl-5] [0m[INFO] [1789172491.079583885] [amcl]: createLaserObject[0m
[amcl-5] [0m[INFO] [1789172491.111706711] [amcl]: Requesting no-motion update[0m
[amcl-5] [0m[INFO] [1789172491.525847367] [amcl]: Message Filter dropping message: frame 'lidar' at time 1789172491.025 for reason 'the timestamp on the message is earlier than all the data in the transform cache'[0m
[amcl-5] [0m[INFO] [1789172491.561727655] [amcl]: Requesting no-motion update[0m
[amcl-5] [0m[INFO] [1789172491.961999663] [amcl]: Requesting no-motion update[0m
[amcl-5] [0m[INFO] [1789172492.411927314] [amcl]: Requesting no-motion update[0m
[localization_bootstrap-7] [0m[INFO] [1789172492.412257860] [localization_bootstrap]: seed 1/5 sent, awaiting a fresh /amcl_pose to confirm it[0m
[amcl-5] [0m[INFO] [1789172492.861758666] [amcl]: Requesting no-motion update[0m
[localization_bootstrap-7] [0m[INFO] [1789172493.112527784] [localization_bootstrap]: localization_bootstrap: released /autodrive/roboracer_1/ips -- no restricted topic is read from here on; the timed laps are clean.[0m
[localization_bootstrap-7] [0m[INFO] [1789172493.113108801] [localization_bootstrap]: seed CONFIRMED on attempt 1: the estimate is 0.6 cm / 0.2 deg from truth (pos std 0.052 m). Tracking is now lidar + map + dead reckoning only.[0m
[pure_pursuit-11] [0m[INFO] [1789172493.113199014] [pure_pursuit]: localization converged, taking over[0m
[localization_error-8] [0m[INFO] [1789172493.113418648] [localization_error]: /localization_ready latched -- sampling opens in 1.0 s (31 bootstrap samples discarded)[0m
[localization_bootstrap-7] [0m[INFO] [1789172493.113569829] [localization_bootstrap]: /localization_ready = true, follower may take over[0m
[localization_error-8] [0m[INFO] [1789172493.386395797] [localization_error]: holding: waiting for /localization_ready (37 samples discarded so far). Pass require_ready:=false when localization_bootstrap is not running.[0m
[log_localization-9] [0m[INFO] [1789172496.091185692] [log_localization]:    4.9 s    11.2 m  err 0.024 m (along +0.020 cross -0.012) yaw  +1.37 deg  m->o yaw  +1.31 deg | fit true 0.015 est 0.026 (x1.73)  enc/true 1.023  dr_err 0.18 m[0m
[localization_error-8] [0m[INFO] [1789172498.387019470] [localization_error]: now[ 86] 0.286 m / 1.39 deg  |  session[n=86] mean 0.286 p95 0.516 max 0.712 m, heading mean 1.39 max 4.22 deg[0m
[pure_pursuit-11] [0m[INFO] [1789172500.035431210] [pure_pursuit]: lap 1: 19.62 s[0m
[log_localization-9] [0m[INFO] [1789172501.091596904] [log_localization]:   10.0 s    33.1 m  err 0.021 m (along -0.020 cross +0.004) yaw  +0.89 deg  m->o yaw  +0.88 deg | fit true 0.012 est 0.007 (x0.55)  enc/true 1.030  dr_err 0.38 m[0m
[localization_error-8] [0m[INFO] [1789172503.386764829] [localization_error]: now[186] 0.266 m / 1.56 deg  |  session[n=186] mean 0.266 p95 0.574 max 0.760 m, heading mean 1.56 max 4.47 deg[0m
[log_localization-9] [0m[INFO] [1789172506.091083132] [log_localization]:   14.9 s    53.1 m  err 0.058 m (along +0.048 cross -0.033) yaw  +0.89 deg  m->o yaw  +0.68 deg | fit true 0.015 est 0.004 (x0.25)  enc/true 1.023  dr_err 0.23 m[0m
[pure_pursuit-11] [0m[INFO] [1789172506.434174496] [pure_pursuit]: lap 2: 6.38 s[0m
[localization_error-8] [0m[INFO] [1789172508.387029409] [localization_error]: now[200] 0.248 m / 1.48 deg  |  session[n=286] mean 0.259 p95 0.533 max 0.760 m, heading mean 1.46 max 4.47 deg[0m
[log_localization-9] [0m[INFO] [1789172511.091240494] [log_localization]:   20.0 s    76.4 m  err 0.012 m (along +0.005 cross +0.011) yaw  +0.72 deg  m->o yaw  +0.49 deg | fit true 0.009 est 0.020 (x2.12)  enc/true 1.022  dr_err 0.33 m[0m
[pure_pursuit-11] [0m[INFO] [1789172512.729984501] [pure_pursuit]: lap 3: 6.34 s[0m
[localization_error-8] [0m[INFO] [1789172513.386747709] [localization_error]: now[200] 0.234 m / 1.28 deg  |  session[n=386] mean 0.249 p95 0.516 max 0.760 m, heading mean 1.41 max 4.47 deg[0m
[log_localization-9] [0m[INFO] [1789172516.091307088] [log_localization]:   25.0 s    97.4 m  err 0.172 m (along +0.161 cross -0.060) yaw  -0.19 deg  m->o yaw  -0.16 deg | fit true 0.059 est 0.061 (x1.04)  enc/true 1.023  dr_err 0.48 m[0m
[localization_error-8] [0m[INFO] [1789172518.386635525] [localization_error]: now[200] 0.239 m / 1.28 deg  |  session[n=486] mean 0.251 p95 0.528 max 0.760 m, heading mean 1.38 max 6.70 deg[0m
[pure_pursuit-11] [0m[INFO] [1789172519.129341016] [pure_pursuit]: lap 4: 6.39 s[0m
[log_localization-9] [0m[INFO] [1789172521.091065491] [log_localization]:   29.9 s   120.5 m  err 0.062 m (along -0.061 cross -0.011) yaw  +3.39 deg  m->o yaw  +3.21 deg | fit true 0.033 est 0.027 (x0.81)  enc/true 1.021  dr_err 0.45 m[0m
[localization_error-8] [0m[INFO] [1789172523.386598266] [localization_error]: now[200] 0.277 m / 1.30 deg  |  session[n=586] mean 0.259 p95 0.546 max 0.885 m, heading mean 1.37 max 7.47 deg[0m
[pure_pursuit-11] [0m[INFO] [1789172525.482287963] [pure_pursuit]: lap 5: 6.33 s[0m
[log_localization-9] [0m[INFO] [1789172526.091124285] [log_localization]:   35.0 s   140.8 m  err 0.223 m (along +0.223 cross +0.002) yaw  -0.46 deg  m->o yaw  +0.10 deg | fit true 0.009 est 0.043 (x4.70)  enc/true 1.023  dr_err 0.65 m[0m
[localization_error-8] [0m[INFO] [1789172528.386971214] [localization_error]: now[200] 0.265 m / 1.21 deg  |  session[n=686] mean 0.255 p95 0.536 max 0.885 m, heading mean 1.33 max 7.47 deg[0m
[log_localization-9] [0m[INFO] [1789172531.091790719] [log_localization]:   40.0 s   162.5 m  err 0.033 m (along -0.012 cross -0.030) yaw  +3.55 deg  m->o yaw  +3.35 deg | fit true 0.020 est 0.012 (x0.63)  enc/true 1.021  dr_err 0.75 m[0m
[pure_pursuit-11] [0m[INFO] [1789172531.832725430] [pure_pursuit]: lap 6: 6.34 s[0m
[localization_error-8] [0m[INFO] [1789172533.387070487] [localization_error]: now[200] 0.258 m / 1.24 deg  |  session[n=786] mean 0.259 p95 0.538 max 0.885 m, heading mean 1.34 max 7.47 deg[0m
[log_localization-9] [0m[INFO] [1789172536.091088868] [log_localization]:   44.9 s   184.7 m  err 0.058 m (along +0.054 cross +0.022) yaw  +0.25 deg  m->o yaw  +0.18 deg | fit true 0.006 est 0.014 (x2.13)  enc/true 1.022  dr_err 0.83 m[0m
[pure_pursuit-11] [0m[INFO] [1789172538.232004884] [pure_pursuit]: lap 7: 6.40 s[0m
[localization_error-8] [0m[INFO] [1789172538.387163658] [localization_error]: now[200] 0.241 m / 1.46 deg  |  session[n=886] mean 0.252 p95 0.533 max 0.885 m, heading mean 1.36 max 7.47 deg[0m
[log_localization-9] [0m[INFO] [1789172541.091017184] [log_localization]:   49.9 s   206.2 m  err 0.101 m (along +0.090 cross -0.046) yaw  -0.64 deg  m->o yaw  -0.61 deg | fit true 0.047 est 0.058 (x1.25)  enc/true 1.021  dr_err 0.84 m[0m
[localization_error-8] [0m[INFO] [1789172543.386866382] [localization_error]: now[200] 0.251 m / 1.51 deg  |  session[n=986] mean 0.257 p95 0.538 max 0.903 m, heading mean 1.38 max 7.75 deg[0m
[pure_pursuit-11] [0m[INFO] [1789172544.583684972] [pure_pursuit]: lap 8: 6.38 s[0m
[log_localization-9] [0m[INFO] [1789172546.091658928] [log_localization]:   55.0 s   229.2 m  err 0.257 m (along -0.256 cross -0.027) yaw  +3.52 deg  m->o yaw  +2.91 deg | fit true 0.026 est 0.026 (x1.01)  enc/true 1.021  dr_err 0.99 m[0m
[localization_error-8] [0m[INFO] [1789172548.386581995] [localization_error]: now[200] 0.280 m / 1.35 deg  |  session[n=1086] mean 0.257 p95 0.544 max 0.909 m, heading mean 1.36 max 7.75 deg[0m
[pure_pursuit-11] [0m[INFO] [1789172550.983351633] [pure_pursuit]: lap 9: 6.39 s[0m
[log_localization-9] [0m[INFO] [1789172551.091101753] [log_localization]:   59.9 s   248.7 m  err 0.152 m (along +0.139 cross -0.060) yaw  -0.58 deg  m->o yaw  -0.76 deg | fit true 0.011 est 0.026 (x2.30)  enc/true 1.021  dr_err 1.18 m[0m
[localization_error-8] [0m[INFO] [1789172553.386819831] [localization_error]: now[200] 0.250 m / 1.29 deg  |  session[n=1186] mean 0.256 p95 0.538 max 0.909 m, heading mean 1.36 max 7.75 deg[0m
[log_localization-9] [0m[INFO] [1789172556.091174638] [log_localization]:   65.0 s   271.8 m  err 0.100 m (along -0.100 cross -0.001) yaw  +2.73 deg  m->o yaw  +2.56 deg | fit true 0.021 est 0.007 (x0.36)  enc/true 1.021  dr_err 1.21 m[0m
[pure_pursuit-11] [0m[INFO] [1789172557.432016477] [pure_pursuit]: lap 10: 6.43 s[0m
[localization_error-8] [0m[INFO] [1789172558.386561888] [localization_error]: now[200] 0.253 m / 1.59 deg  |  session[n=1286] mean 0.256 p95 0.540 max 0.909 m, heading mean 1.40 max 7.75 deg[0m
[log_localization-9] [0m[INFO] [1789172561.091477441] [log_localization]:   70.0 s   293.1 m  err 0.088 m (along +0.087 cross -0.013) yaw  +1.54 deg  m->o yaw  +1.68 deg | fit true 0.027 est 0.020 (x0.76)  enc/true 1.021  dr_err 1.34 m[0m
[localization_error-8] [0m[INFO] [1789172563.386581006] [localization_error]: now[200] 0.239 m / 1.70 deg  |  session[n=1386] mean 0.253 p95 0.537 max 0.909 m, heading mean 1.41 max 7.75 deg[0m
[pure_pursuit-11] [0m[INFO] [1789172563.783296139] [pure_pursuit]: lap 11: 6.35 s[0m
[log_localization-9] [0m[INFO] [1789172566.091097374] [log_localization]:   74.9 s   315.6 m  err 0.022 m (along -0.021 cross -0.006) yaw  +2.48 deg  m->o yaw  +2.75 deg | fit true 0.023 est 0.032 (x1.37)  enc/true 1.021  dr_err 1.32 m[0m
[localization_error-8] [0m[INFO] [1789172568.386668252] [localization_error]: now[200] 0.252 m / 1.45 deg  |  session[n=1486] mean 0.256 p95 0.535 max 0.909 m, heading mean 1.40 max 7.75 deg[0m
[pure_pursuit-11] [0m[INFO] [1789172570.183932563] [pure_pursuit]: lap 12: 6.41 s[0m
[log_localization-9] [0m[INFO] [1789172571.091090116] [log_localization]:   80.0 s   337.1 m  err 0.254 m (along +0.254 cross -0.004) yaw  -0.32 deg  m->o yaw  -0.74 deg | fit true 0.002 est 0.014 (x6.74)  enc/true 1.022  dr_err 1.51 m[0m
[localization_error-8] [0m[INFO] [1789172573.386664872] [localization_error]: now[200] 0.262 m / 1.31 deg  |  session[n=1586] mean 0.255 p95 0.536 max 0.909 m, heading mean 1.40 max 7.75 deg[0m
[log_localization-9] [0m[INFO] [1789172576.091151767] [log_localization]:   85.0 s   357.5 m  err 0.047 m (along +0.030 cross -0.036) yaw  +1.29 deg  m->o yaw  +1.06 deg | fit true 0.018 est 0.006 (x0.32)  enc/true 1.021  dr_err 1.69 m[0m
[pure_pursuit-11] [0m[INFO] [1789172576.536328275] [pure_pursuit]: lap 13: 6.39 s[0m
[localization_error-8] [0m[INFO] [1789172578.386600183] [localization_error]: now[200] 0.252 m / 1.37 deg  |  session[n=1686] mean 0.255 p95 0.538 max 0.909 m, heading mean 1.40 max 7.75 deg[0m
[log_localization-9] [0m[INFO] [1789172581.091355052] [log_localization]:   90.0 s   380.5 m  err 0.074 m (along +0.067 cross +0.031) yaw  -1.10 deg  m->o yaw  -1.15 deg | fit true 0.009 est 0.020 (x2.15)  enc/true 1.021  dr_err 1.71 m[0m
[pure_pursuit-11] [0m[INFO] [1789172582.880355258] [pure_pursuit]: lap 14: 6.35 s[0m
[localization_error-8] [0m[INFO] [1789172583.387165825] [localization_error]: now[200] 0.250 m / 1.42 deg  |  session[n=1786] mean 0.254 p95 0.536 max 0.909 m, heading mean 1.40 max 7.75 deg[0m
[log_localization-9] [0m[INFO] [1789172586.091011174] [log_localization]:   94.9 s   401.6 m  err 0.094 m (along +0.082 cross -0.045) yaw  -0.55 deg  m->o yaw  -0.60 deg | fit true 0.071 est 0.072 (x1.01)  enc/true 1.021  dr_err 1.81 m[0m
[localization_error-8] [0m[INFO] [1789172588.387120475] [localization_error]: now[200] 0.233 m / 1.33 deg  |  session[n=1886] mean 0.253 p95 0.536 max 0.909 m, heading mean 1.39 max 7.75 deg[0m
[pure_pursuit-11] [0m[INFO] [1789172589.287633980] [pure_pursuit]: lap 15: 6.36 s[0m
[log_localization-9] [0m[INFO] [1789172591.091151755] [log_localization]:  100.0 s   424.8 m  err 0.120 m (along -0.116 cross -0.032) yaw  +2.94 deg  m->o yaw  +2.88 deg | fit true 0.038 est 0.037 (x0.97)  enc/true 1.021  dr_err 1.86 m[0m
[localization_error-8] [0m[INFO] [1789172593.387053660] [localization_error]: now[200] 0.248 m / 1.28 deg  |  session[n=1986] mean 0.253 p95 0.536 max 0.915 m, heading mean 1.39 max 7.75 deg[0m
[pure_pursuit-11] [0m[INFO] [1789172595.681520048] [pure_pursuit]: lap 16: 6.41 s[0m
[log_localization-9] [0m[INFO] [1789172596.091700742] [log_localization]:  105.0 s   444.5 m  err 0.258 m (along +0.256 cross -0.036) yaw  +1.55 deg  m->o yaw  +1.51 deg | fit true 0.013 est 0.020 (x1.56)  enc/true 1.021  dr_err 2.05 m[0m
[localization_error-8] [0m[INFO] [1789172598.387147839] [localization_error]: now[200] 0.254 m / 1.46 deg  |  session[n=2086] mean 0.253 p95 0.537 max 0.915 m, heading mean 1.40 max 7.75 deg[0m
[log_localization-9] [0m[INFO] [1789172601.091508106] [log_localization]:  110.0 s   467.0 m  err 0.077 m (along -0.075 cross -0.018) yaw  +5.22 deg  m->o yaw  +4.82 deg | fit true 0.020 est 0.018 (x0.89)  enc/true 1.021  dr_err 2.14 m[0m
[pure_pursuit-11] [0m[INFO] [1789172602.030422597] [pure_pursuit]: lap 17: 6.34 s[0m
[localization_error-8] [0m[INFO] [1789172603.387125903] [localization_error]: now[200] 0.277 m / 1.60 deg  |  session[n=2186] mean 0.256 p95 0.540 max 0.915 m, heading mean 1.41 max 7.75 deg[0m
[log_localization-9] [0m[INFO] [1789172606.091246516] [log_localization]:  114.9 s   488.7 m  err 0.083 m (along +0.083 cross +0.006) yaw  -0.48 deg  m->o yaw  -0.51 deg | fit true 0.010 est 0.021 (x2.07)  enc/true 1.021  dr_err 2.23 m[0m
[pure_pursuit-11] [0m[INFO] [1789172608.381180366] [pure_pursuit]: lap 18: 6.37 s[0m
[localization_error-8] [0m[INFO] [1789172608.386672017] [localization_error]: now[200] 0.234 m / 1.46 deg  |  session[n=2286] mean 0.251 p95 0.536 max 0.915 m, heading mean 1.40 max 7.75 deg[0m
[log_localization-9] [0m[INFO] [1789172611.091149994] [log_localization]:  119.9 s   510.6 m  err 0.057 m (along +0.044 cross -0.036) yaw  +1.31 deg  m->o yaw  +1.26 deg | fit true 0.015 est 0.034 (x2.27)  enc/true 1.021  dr_err 2.24 m[0m
[localization_error-8] [0m[INFO] [1789172613.387150947] [localization_error]: now[200] 0.226 m / 1.26 deg  |  session[n=2386] mean 0.253 p95 0.543 max 0.915 m, heading mean 1.39 max 7.75 deg[0m
[pure_pursuit-11] [0m[INFO] [1789172614.782453445] [pure_pursuit]: lap 19: 6.39 s[0m
[log_localization-9] [0m[INFO] [1789172616.091550098] [log_localization]:  125.0 s   533.3 m  err 0.190 m (along -0.190 cross -0.009) yaw  +0.76 deg  m->o yaw  +0.91 deg | fit true 0.011 est 0.022 (x1.95)  enc/true 1.021  dr_err 2.39 m[0m
[localization_error-8] [0m[INFO] [1789172618.387117357] [localization_error]: now[200] 0.267 m / 1.33 deg  |  session[n=2486] mean 0.253 p95 0.545 max 0.915 m, heading mean 1.40 max 7.75 deg[0m
[log_localization-9] [0m[INFO] [1789172621.091253123] [log_localization]:  130.0 s   552.8 m  err 0.182 m (along +0.167 cross -0.074) yaw  -3.27 deg  m->o yaw  -2.44 deg | fit true 0.012 est 0.051 (x4.16)  enc/true 1.021  dr_err 2.58 m[0m
[pure_pursuit-11] [0m[INFO] [1789172621.133153842] [pure_pursuit]: lap 20: 6.39 s[0m
[localization_error-8] [0m[INFO] [1789172623.387322257] [localization_error]: now[200] 0.258 m / 1.46 deg  |  session[n=2586] mean 0.253 p95 0.547 max 0.956 m, heading mean 1.40 max 7.75 deg[0m
[log_localization-9] [0m[INFO] [1789172626.091179634] [log_localization]:  135.0 s   576.2 m  err 0.080 m (along -0.080 cross +0.001) yaw  +1.37 deg  m->o yaw  +1.44 deg | fit true 0.012 est 0.006 (x0.48)  enc/true 1.021  dr_err 2.59 m[0m
[pure_pursuit-11] [0m[INFO] [1789172627.478812825] [pure_pursuit]: lap 21: 6.32 s[0m
[localization_error-8] [0m[INFO] [1789172628.386798585] [localization_error]: now[200] 0.273 m / 1.53 deg  |  session[n=2686] mean 0.254 p95 0.547 max 0.956 m, heading mean 1.41 max 7.75 deg[0m
[log_localization-9] [0m[INFO] [1789172631.091142914] [log_localization]:  140.0 s   597.4 m  err 0.161 m (along +0.159 cross -0.026) yaw  +0.09 deg  m->o yaw  +0.87 deg | fit true 0.033 est 0.031 (x0.93)  enc/true 1.021  dr_err 2.74 m[0m
[localization_error-8] [0m[INFO] [1789172633.386681853] [localization_error]: now[200] 0.252 m / 1.58 deg  |  session[n=2786] mean 0.253 p95 0.545 max 0.956 m, heading mean 1.41 max 7.75 deg[0m
[pure_pursuit-11] [0m[INFO] [1789172633.884773932] [pure_pursuit]: lap 22: 6.39 s[0m
[log_localization-9] [0m[INFO] [1789172636.091159739] [log_localization]:  144.9 s   620.1 m  err 0.034 m (along -0.034 cross -0.002) yaw  +2.53 deg  m->o yaw  +2.40 deg | fit true 0.027 est 0.028 (x1.02)  enc/true 1.021  dr_err 2.70 m[0m
[localization_error-8] [0m[INFO] [1789172638.386705274] [localization_error]: now[200] 0.257 m / 1.57 deg  |  session[n=2886] mean 0.254 p95 0.545 max 0.956 m, heading mean 1.42 max 7.75 deg[0m
[pure_pursuit-11] [0m[INFO] [1789172640.230922880] [pure_pursuit]: lap 23: 6.35 s[0m
[log_localization-9] [0m[INFO] [1789172641.091382207] [log_localization]:  150.0 s   641.3 m  err 0.200 m (along +0.200 cross -0.002) yaw  +0.02 deg  m->o yaw  -0.57 deg | fit true 0.014 est 0.013 (x0.95)  enc/true 1.021  dr_err 2.83 m[0m
[localization_error-8] [0m[INFO] [1789172643.386703021] [localization_error]: now[200] 0.272 m / 1.49 deg  |  session[n=2986] mean 0.255 p95 0.550 max 0.956 m, heading mean 1.42 max 7.75 deg[0m
[log_localization-9] [0m[INFO] [1789172646.091120784] [log_localization]:  155.0 s   662.0 m  err 0.034 m (along -0.019 cross -0.029) yaw  +2.90 deg  m->o yaw  +3.03 deg | fit true 0.015 est 0.005 (x0.32)  enc/true 1.021  dr_err 3.03 m[0m
[pure_pursuit-11] [0m[INFO] [1789172646.582186491] [pure_pursuit]: lap 24: 6.38 s[0m
[localization_error-8] [0m[INFO] [1789172648.387453671] [localization_error]: now[200] 0.263 m / 1.38 deg  |  session[n=3086] mean 0.255 p95 0.550 max 0.956 m, heading mean 1.42 max 7.75 deg[0m
[log_localization-9] [0m[INFO] [1789172651.091471969] [log_localization]:  159.9 s   684.8 m  err 0.089 m (along +0.083 cross +0.034) yaw  -0.23 deg  m->o yaw  -0.46 deg | fit true 0.011 est 0.022 (x2.02)  enc/true 1.021  dr_err 3.04 m[0m
[pure_pursuit-11] [0m[INFO] [1789172652.933251035] [pure_pursuit]: lap 25: 6.35 s[0m
[localization_error-8] [0m[INFO] [1789172653.386669979] [localization_error]: now[200] 0.235 m / 1.34 deg  |  session[n=3186] mean 0.253 p95 0.547 max 0.956 m, heading mean 1.41 max 7.75 deg[0m
[log_localization-9] [0m[INFO] [1789172656.091277945] [log_localization]:  165.0 s   705.9 m  err 0.122 m (along +0.112 cross -0.047) yaw  -1.80 deg  m->o yaw  -0.76 deg | fit true 0.068 est 0.078 (x1.14)  enc/true 1.021  dr_err 3.14 m[0m
[localization_error-8] [0m[INFO] [1789172658.386687251] [localization_error]: now[200] 0.235 m / 1.17 deg  |  session[n=3286] mean 0.254 p95 0.548 max 0.956 m, heading mean 1.40 max 7.75 deg[0m
[pure_pursuit-11] [0m[INFO] [1789172659.332364238] [pure_pursuit]: lap 26: 6.38 s[0m
[log_localization-9] [0m[INFO] [1789172661.091159946] [log_localization]:  170.0 s   729.2 m  err 0.163 m (along -0.155 cross -0.050) yaw  +3.24 deg  m->o yaw  +3.26 deg | fit true 0.037 est 0.041 (x1.11)  enc/true 1.021  dr_err 3.16 m[0m
[localization_error-8] [0m[INFO] [1789172663.386878606] [localization_error]: now[200] 0.269 m / 1.26 deg  |  session[n=3386] mean 0.254 p95 0.550 max 0.956 m, heading mean 1.40 max 7.75 deg[0m
[pure_pursuit-11] [0m[INFO] [1789172665.730777894] [pure_pursuit]: lap 27: 6.38 s[0m
[log_localization-9] [0m[INFO] [1789172666.091118439] [log_localization]:  175.0 s   749.0 m  err 0.257 m (along +0.251 cross -0.052) yaw  +0.66 deg  m->o yaw  +1.07 deg | fit true 0.014 est 0.033 (x2.36)  enc/true 1.021  dr_err 3.35 m[0m
[localization_error-8] [0m[INFO] [1789172668.387153443] [localization_error]: now[200] 0.258 m / 1.39 deg  |  session[n=3486] mean 0.254 p95 0.550 max 0.956 m, heading mean 1.40 max 7.75 deg[0m
[log_localization-9] [0m[INFO] [1789172671.091218285] [log_localization]:  179.9 s   771.6 m  err 0.142 m (along -0.139 cross -0.027) yaw  +6.40 deg  m->o yaw  +6.00 deg | fit true 0.021 est 0.016 (x0.74)  enc/true 1.021  dr_err 3.44 m[0m
[pure_pursuit-11] [0m[INFO] [1789172672.083893081] [pure_pursuit]: lap 28: 6.38 s[0m
[localization_error-8] [0m[INFO] [1789172673.386730409] [localization_error]: now[200] 0.253 m / 1.35 deg  |  session[n=3586] mean 0.254 p95 0.549 max 0.956 m, heading mean 1.40 max 7.75 deg[0m
[log_localization-9] [0m[INFO] [1789172676.091197048] [log_localization]:  185.0 s   793.1 m  err 0.132 m (along +0.132 cross +0.003) yaw  -0.00 deg  m->o yaw  -0.02 deg | fit true 0.010 est 0.034 (x3.44)  enc/true 1.021  dr_err 3.55 m[0m
[localization_error-8] [0m[INFO] [1789172678.386825838] [localization_error]: now[200] 0.231 m / 1.49 deg  |  session[n=3686] mean 0.253 p95 0.547 max 0.956 m, heading mean 1.41 max 7.75 deg[0m
[pure_pursuit-11] [0m[INFO] [1789172678.482634086] [pure_pursuit]: lap 29: 6.39 s[0m
[log_localization-9] [0m[INFO] [1789172681.091074448] [log_localization]:  189.9 s   815.2 m  err 0.061 m (along +0.052 cross -0.033) yaw  -0.44 deg  m->o yaw  -0.28 deg | fit true 0.012 est 0.022 (x1.88)  enc/true 1.021  dr_err 3.55 m[0m
[localization_error-8] [0m[INFO] [1789172683.387203146] [localization_error]: now[200] 0.244 m / 1.46 deg  |  session[n=3786] mean 0.254 p95 0.548 max 0.968 m, heading mean 1.40 max 7.95 deg[0m
[pure_pursuit-11] [0m[INFO] [1789172684.883250389] [pure_pursuit]: lap 30: 6.38 s[0m
[log_localization-9] [0m[INFO] [1789172686.091182952] [log_localization]:  195.0 s   837.7 m  err 0.094 m (along -0.094 cross -0.002) yaw  +1.04 deg  m->o yaw  +1.00 deg | fit true 0.021 est 0.010 (x0.46)  enc/true 1.021  dr_err 3.66 m[0m
[localization_error-8] [0m[INFO] [1789172688.387132174] [localization_error]: now[200] 0.258 m / 1.43 deg  |  session[n=3886] mean 0.253 p95 0.550 max 0.968 m, heading mean 1.41 max 7.95 deg[0m
[log_localization-9] [0m[INFO] [1789172691.091777010] [log_localization]:  200.0 s   857.4 m  err 0.084 m (along +0.071 cross -0.044) yaw  -0.10 deg  m->o yaw  -0.15 deg | fit true 0.013 est 0.012 (x0.92)  enc/true 1.021  dr_err 3.92 m[0m
[pure_pursuit-11] [0m[INFO] [1789172691.235118639] [pure_pursuit]: lap 31: 6.38 s[0m
