[INFO] [launch]: All log files can be found below /root/.ros/log/2026-09-12-00-06-44-034746-theflash-ASUS-TUF-Gaming-F15-FX507ZI4-FX507ZI-26
[INFO] [launch]: Default logging verbosity is set to INFO
[INFO] [launch.user]: [race] mode=dev  localizer=amcl  instruments=ON  bootstrap=truth
[INFO] [autodrive_bridge-1]: process started with pid [27]
[INFO] [dead_reckoning-2]: process started with pid [29]
[INFO] [amcl-5]: process started with pid [35]
[INFO] [localization_bootstrap-7]: process started with pid [39]
[INFO] [localization_error-8]: process started with pid [41]
[INFO] [log_localization-9]: process started with pid [43]
[INFO] [static_transform_publisher-3]: process started with pid [31]
[INFO] [map_server-4]: process started with pid [33]
[INFO] [lifecycle_manager-6]: process started with pid [37]
[INFO] [static_transform_publisher-10]: process started with pid [45]
[lifecycle_manager-6] 1789171604.088201 [0] lifecycle_: selected interface "lo" is not multicast-capable: disabling multicast
[static_transform_publisher-3] 1789171604.090520 [0] static_tra: selected interface "lo" is not multicast-capable: disabling multicast
[lifecycle_manager-6] [INFO] [1789171604.091123718] [lifecycle_manager_localization]: Creating
[amcl-5] 1789171604.091274 [0]       amcl: selected interface "lo" is not multicast-capable: disabling multicast
[lifecycle_manager-6] [INFO] [1789171604.092436348] [lifecycle_manager_localization]: [34m[1mCreating and initializing lifecycle service clients[0m[0m
[static_transform_publisher-10] 1789171604.092711 [0] static_tra: selected interface "lo" is not multicast-capable: disabling multicast
[static_transform_publisher-3] [INFO] [1789171604.094011545] [lidar_tf]: Spinning until stopped - publishing transform
[static_transform_publisher-3] translation: ('0.273300', '0.000000', '0.096000')
[static_transform_publisher-3] rotation: ('0.000000', '0.000000', '0.000000', '1.000000')
[static_transform_publisher-3] from 'roboracer_1' to 'lidar'
[map_server-4] 1789171604.094688 [0] map_server: selected interface "lo" is not multicast-capable: disabling multicast
[static_transform_publisher-10] [INFO] [1789171604.096749809] [map_world_tf]: Spinning until stopped - publishing transform
[static_transform_publisher-10] translation: ('0.000000', '0.000000', '0.000000')
[static_transform_publisher-10] rotation: ('0.000000', '0.000000', '0.000000', '1.000000')
[static_transform_publisher-10] from 'map' to 'world'
[amcl-5] [0m[INFO] [1789171604.096799461] [amcl]: 
[amcl-5] 	amcl lifecycle node launched. 
[amcl-5] 	Waiting on external lifecycle transitions to activate
[amcl-5] 	See https://design.ros2.org/articles/node_lifecycle.html for more information.[0m
[amcl-5] [0m[INFO] [1789171604.097143447] [amcl]: Creating[0m
[map_server-4] [INFO] [1789171604.100537309] [map_server]: 
[map_server-4] 	map_server lifecycle node launched. 
[map_server-4] 	Waiting on external lifecycle transitions to activate
[map_server-4] 	See https://design.ros2.org/articles/node_lifecycle.html for more information.
[map_server-4] [INFO] [1789171604.100714595] [map_server]: Creating
[lifecycle_manager-6] [INFO] [1789171604.101020605] [lifecycle_manager_localization]: [34m[1mStarting managed nodes bringup...[0m[0m
[lifecycle_manager-6] [INFO] [1789171604.101085708] [lifecycle_manager_localization]: [34m[1mConfiguring map_server[0m[0m
[map_server-4] [INFO] [1789171604.116869226] [map_server]: Configuring
[map_server-4] [INFO] [1789171604.116969739] [map_io]: Loading yaml file: /home/autodrive_devkit/install/roboracer_stack/share/roboracer_stack/maps/track_clean.yaml
[map_server-4] [INFO] [1789171604.117355870] [map_io]: resolution: 0.05
[map_server-4] [INFO] [1789171604.117376642] [map_io]: origin[0]: -3.71
[map_server-4] [INFO] [1789171604.117383931] [map_io]: origin[1]: -8.61
[map_server-4] [INFO] [1789171604.117389768] [map_io]: origin[2]: 0
[map_server-4] [INFO] [1789171604.117396348] [map_io]: free_thresh: 0.25
[map_server-4] [INFO] [1789171604.117402412] [map_io]: occupied_thresh: 0.65
[map_server-4] [INFO] [1789171604.117409043] [map_io]: mode: trinary
[map_server-4] [INFO] [1789171604.117416660] [map_io]: negate: 0
[map_server-4] [INFO] [1789171604.117660516] [map_io]: Loading image_file: /home/autodrive_devkit/install/roboracer_stack/share/roboracer_stack/maps/track_clean.pgm
[map_server-4] [INFO] [1789171604.121046804] [map_io]: Read map /home/autodrive_devkit/install/roboracer_stack/share/roboracer_stack/maps/track_clean.pgm: 108 X 316 map @ 0.05 m/cell
[lifecycle_manager-6] [INFO] [1789171604.124175748] [lifecycle_manager_localization]: [34m[1mConfiguring amcl[0m[0m
[amcl-5] [0m[INFO] [1789171604.124322706] [amcl]: Configuring[0m
[amcl-5] [0m[INFO] [1789171604.124418634] [amcl]: initTransforms[0m
[amcl-5] [0m[INFO] [1789171604.129215560] [amcl]: initPubSub[0m
[amcl-5] [0m[INFO] [1789171604.130789379] [amcl]: Subscribed to map topic.[0m
[lifecycle_manager-6] [INFO] [1789171604.131949029] [lifecycle_manager_localization]: [34m[1mActivating map_server[0m[0m
[map_server-4] [INFO] [1789171604.132126775] [map_server]: Activating
[map_server-4] [INFO] [1789171604.132251424] [map_server]: Creating bond (map_server) to lifecycle manager.
[amcl-5] [0m[INFO] [1789171604.133151149] [amcl]: Received a 108 X 316 map @ 0.050 m/pix[0m
[amcl-5] [0m[INFO] [1789171604.234709747] [amcl]: Activating[0m
[amcl-5] [0m[INFO] [1789171604.234798193] [amcl]: initialPoseReceived[0m
[amcl-5] [0m[INFO] [1789171604.234926400] [amcl]: Setting pose (1789171604.234926): 0.710 0.020 -1.599[0m
[lifecycle_manager-6] [INFO] [1789171604.234276619] [lifecycle_manager_localization]: Server map_server connected with bond.
[lifecycle_manager-6] [INFO] [1789171604.234378132] [lifecycle_manager_localization]: [34m[1mActivating amcl[0m[0m
[amcl-5] [0m[INFO] [1789171604.241270288] [amcl]: Creating bond (amcl) to lifecycle manager.[0m
[lifecycle_manager-6] [INFO] [1789171604.344438981] [lifecycle_manager_localization]: Server amcl connected with bond.
[lifecycle_manager-6] [INFO] [1789171604.344488880] [lifecycle_manager_localization]: [34m[1mManaged nodes are active[0m[0m
[lifecycle_manager-6] [INFO] [1789171604.344518365] [lifecycle_manager_localization]: [34m[1mCreating bond timer...[0m[0m
[dead_reckoning-2] 1789171604.385183 [0] dead_recko: selected interface "lo" is not multicast-capable: disabling multicast
[localization_error-8] 1789171604.386105 [0] localizati: selected interface "lo" is not multicast-capable: disabling multicast
[localization_bootstrap-7] 1789171604.390827 [0] localizati: selected interface "lo" is not multicast-capable: disabling multicast
[log_localization-9] 1789171604.396722 [0] log_locali: selected interface "lo" is not multicast-capable: disabling multicast
[dead_reckoning-2] [0m[INFO] [1789171604.433660130] [dead_reckoning]: dead reckoning: odom -> roboracer_1, wheel r=0.0581 m, scale=1.0, 200 Hz, tf +20 ms, extrapolate yaw=True pos=True[0m
[localization_error-8] [31m[ERROR] [1789171604.443101548] [localization_error]: RESTRICTED TOPIC: reading /autodrive/roboracer_1/odom (simulator ground-truth pose and twist) -- continuous comparison against TF map -> roboracer_1. This run is NOT race-legal; any lap time from it is a development number. See common/restricted.py.[0m
[localization_error-8] [0m[INFO] [1789171604.443938025] [localization_error]: sampling starts 1.0 s after /localization_ready; bootstrap is excluded (require_ready:=false to include it)[0m
[localization_bootstrap-7] [0m[INFO] [1789171604.449017172] [localization_bootstrap]: WARMUP SEED: reading /autodrive/roboracer_1/ips (simulator ground-truth position) ONCE -- initial pose seed. Legal: the first lap is warmup, this is read before the car moves, and it is released immediately after. Nothing reads ground truth afterwards.[0m
[localization_bootstrap-7] [0m[INFO] [1789171604.449393448] [localization_bootstrap]: mode=truth: seeding the initial pose from /ips + /imu before the car moves, then releasing /ips. Tracking is lidar + map + dead reckoning from there on.[0m
[localization_bootstrap-7] [0m[INFO] [1789171604.449613121] [localization_bootstrap]: waiting for amcl to reach the active state before sending anything[0m
[localization_error-8] [0m[INFO] [1789171604.473127819] [localization_error]: waiting for TF map -> roboracer_1: Could not find a connection between 'map' and 'roboracer_1' because they are not part of the same tree.Tf has two or more unconnected trees.[0m
[localization_bootstrap-7] [0m[INFO] [1789171604.501124945] [localization_bootstrap]: amcl is ACTIVE -- an initial pose will now be accepted[0m
[log_localization-9] [31m[ERROR] [1789171604.507284682] [log_localization]: RESTRICTED TOPIC: reading /autodrive/roboracer_1/ips (simulator ground-truth position) -- continuous logging against the estimate. This run is NOT race-legal; any lap time from it is a development number. See common/restricted.py.[0m
[log_localization-9] [31m[ERROR] [1789171604.507763049] [log_localization]: RESTRICTED TOPIC: reading /autodrive/roboracer_1/odom (simulator ground-truth pose and twist) -- continuous logging against the estimate. This run is NOT race-legal; any lap time from it is a development number. See common/restricted.py.[0m
[log_localization-9] [0m[INFO] [1789171604.508140523] [log_localization]: logging to /home/autodrive_devkit/log/run_cap60.csv at 20 Hz until Ctrl-C[0m
[autodrive_bridge-1] 1789171604.595798 [0] autodrive_: selected interface "lo" is not multicast-capable: disabling multicast
[pure_pursuit] launch overrides: {'control_hz': 40.0}
[INFO] [pure_pursuit-11]: process started with pid [238]
[pure_pursuit-11] 1789171606.264107 [0] pure_pursu: selected interface "lo" is not multicast-capable: disabling multicast
[pure_pursuit-11] [0m[INFO] [1789171606.305995190] [pure_pursuit]: path: 400 points, 27.57 m lap, from /home/autodrive_devkit/install/roboracer_stack/share/roboracer_stack/raceline/raceline_a7.0_rec_6.36.csv[0m
[pure_pursuit-11] [0m[INFO] [1789171606.310283920] [pure_pursuit]: pose from TF map -> roboracer_1 (continuous); /amcl_pose kept as a fallback[0m
[pure_pursuit-11] [0m[INFO] [1789171606.311305257] [pure_pursuit]: steering on /amcl_pose[0m
[pure_pursuit-11] [0m[INFO] [1789171606.314120673] [pure_pursuit]: speed_source=tire  throttle_mode=slip  slip band [-0.08, +0.08]  u_launch 0.4 m/s  lookahead 0.8-2.2 m (k 0.55)  latency_comp 0.05 s[0m
[pure_pursuit-11] [33m[WARN] [1789171606.314721919] [pure_pursuit]: dev_lap_telemetry ON: subscribing to RESTRICTED lap topics[0m
[pure_pursuit-11] [0m[INFO] [1789171606.316305985] [pure_pursuit]: holding until /localization_ready[0m
[localization_bootstrap-7] [0m[INFO] [1789171606.450200857] [localization_bootstrap]: waiting for ground truth: ips=-- imu=--[0m
[autodrive_bridge-1] Connected!
[pure_pursuit-11] [0m[INFO] [1789171608.344456985] [pure_pursuit]: lap 0: inf s[0m
[amcl-5] [0m[INFO] [1789171608.350070770] [amcl]: initialPoseReceived[0m
[amcl-5] [0m[INFO] [1789171608.350143183] [amcl]: Setting pose (1789171608.350143): 0.801 3.158 -1.571[0m
[localization_bootstrap-7] [0m[INFO] [1789171608.350290290] [localization_bootstrap]: seed 1/5: x=+0.801 y=+3.158 yaw=-90.0 deg -- awaiting confirmation[0m
[localization_bootstrap-7] [33m[WARN] [1789171608.350653830] [localization_bootstrap]: MEASURED SPAWN is 3.140 m / 1.6 deg from roboracer_stack.common.frames.SPAWN_* -- OUTSIDE slam_toolbox's +-0.5 m seed search, so any run that falls back to it CANNOT recover and the offset is frozen for the whole run. This run is seeded and therefore fine; the FALLBACK is what is wrong.
[localization_bootstrap-7]     Paste into common/frames.py so bootstrap:=false and bootstrap_mode:=global start somewhere real:
[localization_bootstrap-7]         SPAWN_X = '0.801'
[localization_bootstrap-7]         SPAWN_Y = '3.158'
[localization_bootstrap-7]         SPAWN_YAW = '-1.5707'[0m
[log_localization-9] [0m[INFO] [1789171608.358897931] [log_localization]: waiting for TF map -> roboracer_1 ...[0m
[amcl-5] [0m[INFO] [1789171608.388712789] [amcl]: createLaserObject[0m
[amcl-5] [0m[INFO] [1789171608.400036995] [amcl]: Requesting no-motion update[0m
[localization_bootstrap-7] [0m[INFO] [1789171608.450189210] [localization_bootstrap]: seed 1/5 sent, awaiting a fresh /amcl_pose to confirm it[0m
[amcl-5] [0m[INFO] [1789171608.799990530] [amcl]: Requesting no-motion update[0m
[amcl-5] [0m[INFO] [1789171608.843744583] [amcl]: Message Filter dropping message: frame 'lidar' at time 1789171608.343 for reason 'the timestamp on the message is earlier than all the data in the transform cache'[0m
[amcl-5] [0m[INFO] [1789171609.200070812] [amcl]: Requesting no-motion update[0m
[localization_error-8] [0m[INFO] [1789171609.423312632] [localization_error]: holding: waiting for /localization_ready (11 samples discarded so far). Pass require_ready:=false when localization_bootstrap is not running.[0m
[amcl-5] [0m[INFO] [1789171609.649995385] [amcl]: Requesting no-motion update[0m
[amcl-5] [0m[INFO] [1789171610.099993264] [amcl]: Requesting no-motion update[0m
[localization_bootstrap-7] [0m[INFO] [1789171610.400637888] [localization_bootstrap]: localization_bootstrap: released /autodrive/roboracer_1/ips -- no restricted topic is read from here on; the timed laps are clean.[0m
[localization_bootstrap-7] [0m[INFO] [1789171610.400954318] [localization_bootstrap]: seed CONFIRMED on attempt 1: the estimate is 1.2 cm / 0.1 deg from truth (pos std 0.056 m). Tracking is now lidar + map + dead reckoning only.[0m
[localization_bootstrap-7] [0m[INFO] [1789171610.401190337] [localization_bootstrap]: /localization_ready = true, follower may take over[0m
[pure_pursuit-11] [0m[INFO] [1789171610.401213450] [pure_pursuit]: localization converged, taking over[0m
[localization_error-8] [0m[INFO] [1789171610.401499361] [localization_error]: /localization_ready latched -- sampling opens in 1.0 s (30 bootstrap samples discarded)[0m
[log_localization-9] [0m[INFO] [1789171613.408818004] [log_localization]:    4.9 s    11.2 m  err 0.016 m (along +0.014 cross -0.009) yaw  -0.51 deg  m->o yaw  -0.64 deg | fit true 0.011 est 0.014 (x1.22)  enc/true 1.058  dr_err 0.60 m[0m
[localization_error-8] [0m[INFO] [1789171614.423535886] [localization_error]: now[ 61] 0.383 m / 1.96 deg  |  session[n=61] mean 0.383 p95 0.892 max 0.993 m, heading mean 1.96 max 4.60 deg[0m
[pure_pursuit-11] [0m[INFO] [1789171617.270242303] [pure_pursuit]: lap 1: 26.11 s[0m
[log_localization-9] [0m[INFO] [1789171618.409236573] [log_localization]:    9.9 s    32.7 m  err 0.023 m (along -0.023 cross +0.002) yaw  +0.39 deg  m->o yaw  +0.35 deg | fit true 0.006 est 0.003 (x0.51)  enc/true 1.042  dr_err 0.77 m[0m
[localization_error-8] [0m[INFO] [1789171619.423849310] [localization_error]: now[161] 0.278 m / 1.39 deg  |  session[n=161] mean 0.278 p95 0.824 max 0.993 m, heading mean 1.39 max 4.60 deg[0m
[log_localization-9] [0m[INFO] [1789171623.408897163] [log_localization]:   14.9 s    52.9 m  err 0.049 m (along +0.040 cross -0.028) yaw  -0.87 deg  m->o yaw  -1.01 deg | fit true 0.013 est 0.013 (x0.96)  enc/true 1.030  dr_err 0.43 m[0m
[pure_pursuit-11] [0m[INFO] [1789171623.763064279] [pure_pursuit]: lap 2: 6.50 s[0m
[localization_error-8] [0m[INFO] [1789171624.423955775] [localization_error]: now[200] 0.204 m / 1.29 deg  |  session[n=261] mean 0.246 p95 0.747 max 0.993 m, heading mean 1.45 max 5.00 deg[0m
[log_localization-9] [0m[INFO] [1789171628.408786153] [log_localization]:   19.9 s    74.4 m  err 0.084 m (along +0.081 cross +0.022) yaw  +1.52 deg  m->o yaw  +1.42 deg | fit true 0.004 est 0.027 (x7.12)  enc/true 1.027  dr_err 0.34 m[0m
[localization_error-8] [0m[INFO] [1789171629.423693879] [localization_error]: now[200] 0.194 m / 1.31 deg  |  session[n=361] mean 0.232 p95 0.508 max 0.993 m, heading mean 1.35 max 5.00 deg[0m
[pure_pursuit-11] [0m[INFO] [1789171630.468844144] [pure_pursuit]: lap 3: 6.71 s[0m
[log_localization-9] [0m[INFO] [1789171633.408697604] [log_localization]:   24.9 s    95.2 m  err 0.045 m (along +0.032 cross -0.031) yaw  -1.38 deg  m->o yaw  -1.34 deg | fit true 0.023 est 0.020 (x0.85)  enc/true 1.024  dr_err 0.56 m[0m
[localization_error-8] [0m[INFO] [1789171634.423481093] [localization_error]: now[200] 0.203 m / 1.08 deg  |  session[n=461] mean 0.227 p95 0.484 max 0.993 m, heading mean 1.29 max 5.00 deg[0m
[pure_pursuit-11] [0m[INFO] [1789171637.068559330] [pure_pursuit]: lap 4: 6.59 s[0m
[log_localization-9] [0m[INFO] [1789171638.409269149] [log_localization]:   29.9 s   116.9 m  err 0.034 m (along -0.033 cross +0.010) yaw  +1.13 deg  m->o yaw  +1.07 deg | fit true 0.010 est 0.000 (x0.00)  enc/true 1.024  dr_err 0.83 m[0m
[localization_error-8] [0m[INFO] [1789171639.424323039] [localization_error]: now[200] 0.197 m / 1.02 deg  |  session[n=561] mean 0.219 p95 0.465 max 0.993 m, heading mean 1.23 max 5.00 deg[0m
[log_localization-9] [0m[INFO] [1789171643.409002729] [log_localization]:   34.9 s   136.5 m  err 0.047 m (along +0.035 cross -0.032) yaw  -0.48 deg  m->o yaw  -0.46 deg | fit true 0.011 est 0.013 (x1.20)  enc/true 1.023  dr_err 0.74 m[0m
[pure_pursuit-11] [0m[INFO] [1789171643.614601144] [pure_pursuit]: lap 5: 6.54 s[0m
[localization_error-8] [0m[INFO] [1789171644.423518028] [localization_error]: now[200] 0.188 m / 1.10 deg  |  session[n=661] mean 0.215 p95 0.443 max 0.993 m, heading mean 1.23 max 5.00 deg[0m
[log_localization-9] [0m[INFO] [1789171648.409206764] [log_localization]:   39.9 s   158.8 m  err 0.031 m (along +0.024 cross +0.019) yaw  +0.12 deg  m->o yaw  -0.07 deg | fit true 0.006 est 0.018 (x2.85)  enc/true 1.022  dr_err 0.69 m[0m
[localization_error-8] [0m[INFO] [1789171649.423494745] [localization_error]: now[200] 0.189 m / 1.31 deg  |  session[n=761] mean 0.212 p95 0.422 max 0.993 m, heading mean 1.25 max 5.00 deg[0m
[pure_pursuit-11] [0m[INFO] [1789171650.148268500] [pure_pursuit]: lap 6: 6.54 s[0m
[log_localization-9] [0m[INFO] [1789171653.408830708] [log_localization]:   44.9 s   178.8 m  err 0.085 m (along +0.081 cross -0.026) yaw  -1.86 deg  m->o yaw  -2.11 deg | fit true 0.053 est 0.068 (x1.29)  enc/true 1.021  dr_err 0.84 m[0m
[localization_error-8] [0m[INFO] [1789171654.424091926] [localization_error]: now[200] 0.196 m / 1.35 deg  |  session[n=861] mean 0.211 p95 0.432 max 0.993 m, heading mean 1.26 max 5.00 deg[0m
[pure_pursuit-11] [0m[INFO] [1789171656.916293805] [pure_pursuit]: lap 7: 6.77 s[0m
[log_localization-9] [0m[INFO] [1789171658.409227728] [log_localization]:   49.9 s   200.6 m  err 0.110 m (along -0.110 cross +0.002) yaw  +1.99 deg  m->o yaw  +1.54 deg | fit true 0.015 est 0.005 (x0.33)  enc/true 1.021  dr_err 1.05 m[0m
[localization_error-8] [0m[INFO] [1789171659.423976892] [localization_error]: now[200] 0.207 m / 1.20 deg  |  session[n=961] mean 0.211 p95 0.445 max 0.993 m, heading mean 1.24 max 5.00 deg[0m
[log_localization-9] [0m[INFO] [1789171663.408758568] [log_localization]:   54.9 s   220.0 m  err 0.055 m (along +0.046 cross -0.031) yaw  -0.29 deg  m->o yaw  -0.16 deg | fit true 0.008 est 0.013 (x1.66)  enc/true 1.021  dr_err 1.12 m[0m
[pure_pursuit-11] [0m[INFO] [1789171663.418390408] [pure_pursuit]: lap 8: 6.51 s[0m
[localization_error-8] [0m[INFO] [1789171664.423521466] [localization_error]: now[200] 0.208 m / 1.13 deg  |  session[n=1061] mean 0.210 p95 0.443 max 0.993 m, heading mean 1.23 max 5.00 deg[0m
[log_localization-9] [0m[INFO] [1789171668.409339022] [log_localization]:   60.0 s   242.5 m  err 0.011 m (along -0.010 cross +0.004) yaw  +0.44 deg  m->o yaw  +0.60 deg | fit true 0.007 est 0.009 (x1.28)  enc/true 1.021  dr_err 1.07 m[0m
[localization_error-8] [0m[INFO] [1789171669.423500074] [localization_error]: now[200] 0.192 m / 1.13 deg  |  session[n=1161] mean 0.207 p95 0.434 max 0.993 m, heading mean 1.22 max 5.00 deg[0m
[pure_pursuit-11] [0m[INFO] [1789171670.001480619] [pure_pursuit]: lap 9: 6.58 s[0m
[log_localization-9] [0m[INFO] [1789171673.408966325] [log_localization]:   64.9 s   262.8 m  err 0.073 m (along +0.070 cross -0.020) yaw  -0.69 deg  m->o yaw  -0.44 deg | fit true 0.058 est 0.062 (x1.06)  enc/true 1.020  dr_err 1.23 m[0m
[localization_error-8] [0m[INFO] [1789171674.424057452] [localization_error]: now[200] 0.198 m / 1.02 deg  |  session[n=1261] mean 0.208 p95 0.438 max 0.993 m, heading mean 1.20 max 5.00 deg[0m
[pure_pursuit-11] [0m[INFO] [1789171676.551822057] [pure_pursuit]: lap 10: 6.54 s[0m
[log_localization-9] [0m[INFO] [1789171678.408578272] [log_localization]:   69.9 s   284.9 m  err 0.061 m (along -0.061 cross +0.010) yaw  +1.88 deg  m->o yaw  +2.14 deg | fit true 0.032 est 0.002 (x0.06)  enc/true 1.020  dr_err 1.37 m[0m
[localization_error-8] [0m[INFO] [1789171679.423845208] [localization_error]: now[200] 0.188 m / 1.05 deg  |  session[n=1361] mean 0.205 p95 0.430 max 0.993 m, heading mean 1.20 max 5.00 deg[0m
[pure_pursuit-11] [0m[INFO] [1789171683.180727853] [pure_pursuit]: lap 11: 6.63 s[0m
[log_localization-9] [0m[INFO] [1789171683.408785102] [log_localization]:   74.9 s   303.8 m  err 0.091 m (along +0.086 cross -0.029) yaw  -0.46 deg  m->o yaw  -0.51 deg | fit true 0.009 est 0.020 (x2.35)  enc/true 1.020  dr_err 1.51 m[0m
[localization_error-8] [0m[INFO] [1789171684.423953879] [localization_error]: now[200] 0.188 m / 1.37 deg  |  session[n=1461] mean 0.206 p95 0.422 max 0.993 m, heading mean 1.22 max 5.00 deg[0m
[log_localization-9] [0m[INFO] [1789171688.408774408] [log_localization]:   79.9 s   326.0 m  err 0.101 m (along -0.101 cross +0.001) yaw  +1.55 deg  m->o yaw  +1.52 deg | fit true 0.009 est 0.006 (x0.69)  enc/true 1.020  dr_err 1.48 m[0m
[localization_error-8] [0m[INFO] [1789171689.423995232] [localization_error]: now[200] 0.191 m / 1.43 deg  |  session[n=1561] mean 0.203 p95 0.417 max 0.993 m, heading mean 1.23 max 5.00 deg[0m
[pure_pursuit-11] [0m[INFO] [1789171689.816085848] [pure_pursuit]: lap 12: 6.64 s[0m
[log_localization-9] [0m[INFO] [1789171693.408662894] [log_localization]:   84.9 s   346.3 m  err 0.069 m (along +0.068 cross -0.016) yaw  +0.32 deg  m->o yaw  +0.62 deg | fit true 0.047 est 0.044 (x0.95)  enc/true 1.020  dr_err 1.64 m[0m
[localization_error-8] [0m[INFO] [1789171694.423598233] [localization_error]: now[200] 0.191 m / 1.34 deg  |  session[n=1661] mean 0.204 p95 0.416 max 0.993 m, heading mean 1.24 max 5.00 deg[0m
[pure_pursuit-11] [0m[INFO] [1789171696.431295962] [pure_pursuit]: lap 13: 6.61 s[0m
[log_localization-9] [0m[INFO] [1789171698.409272070] [log_localization]:   89.9 s   368.3 m  err 0.126 m (along -0.125 cross -0.020) yaw  +2.60 deg  m->o yaw  +2.56 deg | fit true 0.032 est 0.028 (x0.87)  enc/true 1.020  dr_err 1.75 m[0m
[localization_error-8] [0m[INFO] [1789171699.424010684] [localization_error]: now[200] 0.186 m / 1.17 deg  |  session[n=1761] mean 0.201 p95 0.408 max 0.993 m, heading mean 1.22 max 5.00 deg[0m
[pure_pursuit-11] [0m[INFO] [1789171702.984794143] [pure_pursuit]: lap 14: 6.55 s[0m
[log_localization-9] [0m[INFO] [1789171703.409427635] [log_localization]:   94.9 s   387.7 m  err 0.116 m (along +0.113 cross -0.025) yaw  +0.81 deg  m->o yaw  +0.76 deg | fit true 0.011 est 0.014 (x1.25)  enc/true 1.020  dr_err 1.89 m[0m
[localization_error-8] [0m[INFO] [1789171704.424166090] [localization_error]: now[200] 0.195 m / 1.22 deg  |  session[n=1861] mean 0.203 p95 0.411 max 0.993 m, heading mean 1.24 max 5.00 deg[0m
[log_localization-9] [0m[INFO] [1789171708.408778882] [log_localization]:   99.9 s   409.8 m  err 0.094 m (along -0.094 cross +0.001) yaw  +3.01 deg  m->o yaw  +3.29 deg | fit true 0.021 est 0.019 (x0.89)  enc/true 1.019  dr_err 1.90 m[0m
[localization_error-8] [0m[INFO] [1789171709.423620687] [localization_error]: now[200] 0.198 m / 1.38 deg  |  session[n=1961] mean 0.201 p95 0.405 max 0.993 m, heading mean 1.24 max 5.00 deg[0m
[pure_pursuit-11] [0m[INFO] [1789171709.561680985] [pure_pursuit]: lap 15: 6.58 s[0m
[log_localization-9] [0m[INFO] [1789171713.408717968] [log_localization]:  104.9 s   429.3 m  err 0.041 m (along +0.040 cross -0.008) yaw  +0.24 deg  m->o yaw  +0.17 deg | fit true 0.048 est 0.046 (x0.95)  enc/true 1.019  dr_err 2.03 m[0m
[localization_error-8] [0m[INFO] [1789171714.423697957] [localization_error]: now[200] 0.189 m / 1.49 deg  |  session[n=2061] mean 0.202 p95 0.401 max 0.993 m, heading mean 1.26 max 5.00 deg[0m
[pure_pursuit-11] [0m[INFO] [1789171716.366830023] [pure_pursuit]: lap 16: 6.81 s[0m
[log_localization-9] [0m[INFO] [1789171718.408721625] [log_localization]:  109.9 s   451.4 m  err 0.103 m (along -0.102 cross -0.009) yaw  +2.26 deg  m->o yaw  +2.43 deg | fit true 0.033 est 0.024 (x0.74)  enc/true 1.019  dr_err 2.14 m[0m
[localization_error-8] [0m[INFO] [1789171719.423735583] [localization_error]: now[200] 0.194 m / 1.46 deg  |  session[n=2161] mean 0.200 p95 0.401 max 0.993 m, heading mean 1.26 max 5.00 deg[0m
[pure_pursuit-11] [0m[INFO] [1789171722.960871056] [pure_pursuit]: lap 17: 6.58 s[0m
[log_localization-9] [0m[INFO] [1789171723.409131545] [log_localization]:  114.9 s   470.7 m  err 0.107 m (along +0.106 cross -0.015) yaw  +0.98 deg  m->o yaw  +1.04 deg | fit true 0.014 est 0.005 (x0.33)  enc/true 1.019  dr_err 2.29 m[0m
[localization_error-8] [0m[INFO] [1789171724.423573883] [localization_error]: now[200] 0.203 m / 1.42 deg  |  session[n=2261] mean 0.202 p95 0.401 max 0.993 m, heading mean 1.27 max 5.00 deg[0m
[log_localization-9] [0m[INFO] [1789171728.408651961] [log_localization]:  119.9 s   492.8 m  err 0.119 m (along -0.119 cross -0.001) yaw  +3.73 deg  m->o yaw  +3.59 deg | fit true 0.023 est 0.019 (x0.85)  enc/true 1.019  dr_err 2.30 m[0m
[localization_error-8] [0m[INFO] [1789171729.423706044] [localization_error]: now[200] 0.189 m / 1.40 deg  |  session[n=2361] mean 0.199 p95 0.399 max 0.993 m, heading mean 1.27 max 5.00 deg[0m
[pure_pursuit-11] [0m[INFO] [1789171729.569984025] [pure_pursuit]: lap 18: 6.62 s[0m
[log_localization-9] [0m[INFO] [1789171733.408744534] [log_localization]:  124.9 s   513.2 m  err 0.082 m (along +0.081 cross -0.009) yaw  -0.29 deg  m->o yaw  -0.12 deg | fit true 0.031 est 0.025 (x0.82)  enc/true 1.019  dr_err 2.44 m[0m
[localization_error-8] [0m[INFO] [1789171734.423724250] [localization_error]: now[200] 0.192 m / 1.27 deg  |  session[n=2461] mean 0.201 p95 0.399 max 0.993 m, heading mean 1.27 max 5.00 deg[0m
[pure_pursuit-11] [0m[INFO] [1789171736.184755252] [pure_pursuit]: lap 19: 6.60 s[0m
[log_localization-9] [0m[INFO] [1789171738.408778158] [log_localization]:  129.9 s   535.3 m  err 0.010 m (along -0.006 cross +0.007) yaw  +1.09 deg  m->o yaw  +1.30 deg | fit true 0.030 est 0.026 (x0.85)  enc/true 1.019  dr_err 2.53 m[0m
[localization_error-8] [0m[INFO] [1789171739.423579118] [localization_error]: now[200] 0.210 m / 1.40 deg  |  session[n=2561] mean 0.200 p95 0.398 max 0.993 m, heading mean 1.28 max 5.00 deg[0m
[pure_pursuit-11] [0m[INFO] [1789171742.762568178] [pure_pursuit]: lap 20: 6.58 s[0m
[log_localization-9] [0m[INFO] [1789171743.409204598] [log_localization]:  134.9 s   555.1 m  err 0.156 m (along +0.155 cross +0.005) yaw  -0.19 deg  m->o yaw  -0.16 deg | fit true 0.003 est 0.010 (x3.37)  enc/true 1.019  dr_err 2.70 m[0m
[localization_error-8] [0m[INFO] [1789171744.423632872] [localization_error]: now[200] 0.211 m / 1.39 deg  |  session[n=2661] mean 0.202 p95 0.400 max 0.993 m, heading mean 1.28 max 5.00 deg[0m
[log_localization-9] [0m[INFO] [1789171748.409002285] [log_localization]:  139.9 s   576.5 m  err 0.084 m (along -0.083 cross -0.013) yaw  +4.23 deg  m->o yaw  +3.93 deg | fit true 0.019 est 0.013 (x0.67)  enc/true 1.019  dr_err 2.73 m[0m
[pure_pursuit-11] [0m[INFO] [1789171749.311392250] [pure_pursuit]: lap 21: 6.55 s[0m
[localization_error-8] [0m[INFO] [1789171749.424236676] [localization_error]: now[200] 0.203 m / 1.45 deg  |  session[n=2761] mean 0.200 p95 0.399 max 0.993 m, heading mean 1.29 max 5.00 deg[0m
[log_localization-9] [0m[INFO] [1789171753.408701857] [log_localization]:  144.9 s   597.2 m  err 0.037 m (along +0.033 cross -0.016) yaw  -0.52 deg  m->o yaw  -0.52 deg | fit true 0.013 est 0.010 (x0.72)  enc/true 1.019  dr_err 2.86 m[0m
[localization_error-8] [0m[INFO] [1789171754.423664096] [localization_error]: now[200] 0.188 m / 1.31 deg  |  session[n=2861] mean 0.201 p95 0.397 max 0.993 m, heading mean 1.29 max 5.00 deg[0m
[pure_pursuit-11] [0m[INFO] [1789171755.932870376] [pure_pursuit]: lap 22: 6.63 s[0m
[log_localization-9] [0m[INFO] [1789171758.409120818] [log_localization]:  149.9 s   618.8 m  err 0.040 m (along -0.039 cross +0.010) yaw  +1.15 deg  m->o yaw  +1.20 deg | fit true 0.024 est 0.018 (x0.76)  enc/true 1.019  dr_err 2.98 m[0m
[localization_error-8] [0m[INFO] [1789171759.423573929] [localization_error]: now[200] 0.197 m / 1.18 deg  |  session[n=2961] mean 0.200 p95 0.397 max 0.993 m, heading mean 1.28 max 5.00 deg[0m
[pure_pursuit-11] [0m[INFO] [1789171762.550112113] [pure_pursuit]: lap 23: 6.60 s[0m
[log_localization-9] [0m[INFO] [1789171763.408776598] [log_localization]:  154.9 s   638.6 m  err 0.093 m (along +0.093 cross -0.004) yaw  -0.55 deg  m->o yaw  -0.43 deg | fit true 0.003 est 0.024 (x7.03)  enc/true 1.019  dr_err 3.08 m[0m
[localization_error-8] [0m[INFO] [1789171764.424372895] [localization_error]: now[200] 0.195 m / 1.15 deg  |  session[n=3061] mean 0.200 p95 0.395 max 0.993 m, heading mean 1.28 max 5.00 deg[0m
[log_localization-9] [0m[INFO] [1789171768.408789405] [log_localization]:  159.9 s   659.5 m  err 0.080 m (along -0.080 cross -0.002) yaw  +3.30 deg  m->o yaw  +3.36 deg | fit true 0.018 est 0.016 (x0.87)  enc/true 1.019  dr_err 3.11 m[0m
[pure_pursuit-11] [0m[INFO] [1789171769.268241007] [pure_pursuit]: lap 24: 6.72 s[0m
[localization_error-8] [0m[INFO] [1789171769.424101419] [localization_error]: now[200] 0.181 m / 1.13 deg  |  session[n=3161] mean 0.199 p95 0.394 max 0.993 m, heading mean 1.27 max 5.00 deg[0m
[log_localization-9] [0m[INFO] [1789171773.409211874] [log_localization]:  164.9 s   680.7 m  err 0.104 m (along +0.103 cross -0.014) yaw  +0.24 deg  m->o yaw  -0.12 deg | fit true 0.007 est 0.020 (x3.08)  enc/true 1.019  dr_err 3.27 m[0m
[localization_error-8] [0m[INFO] [1789171774.423727891] [localization_error]: now[200] 0.189 m / 1.25 deg  |  session[n=3261] mean 0.200 p95 0.395 max 0.993 m, heading mean 1.27 max 5.00 deg[0m
[pure_pursuit-11] [0m[INFO] [1789171775.751139667] [pure_pursuit]: lap 25: 6.49 s[0m
[log_localization-9] [0m[INFO] [1789171778.409013178] [log_localization]:  169.9 s   702.2 m  err 0.028 m (along +0.028 cross +0.000) yaw  +0.30 deg  m->o yaw  +0.20 deg | fit true 0.012 est 0.020 (x1.58)  enc/true 1.019  dr_err 3.34 m[0m
[localization_error-8] [0m[INFO] [1789171779.424328471] [localization_error]: now[200] 0.209 m / 1.33 deg  |  session[n=3361] mean 0.199 p95 0.396 max 0.993 m, heading mean 1.28 max 5.00 deg[0m
[pure_pursuit-11] [0m[INFO] [1789171782.386048475] [pure_pursuit]: lap 26: 6.63 s[0m
[log_localization-9] [0m[INFO] [1789171783.408757053] [log_localization]:  174.9 s   723.0 m  err 0.282 m (along +0.282 cross -0.010) yaw  -0.16 deg  m->o yaw  -0.25 deg | fit true 0.001 est 0.013 (x10.31)  enc/true 1.019  dr_err 3.49 m[0m
[localization_error-8] [0m[INFO] [1789171784.424149852] [localization_error]: now[200] 0.214 m / 1.23 deg  |  session[n=3461] mean 0.200 p95 0.398 max 0.993 m, heading mean 1.27 max 5.00 deg[0m
[log_localization-9] [0m[INFO] [1789171788.409152787] [log_localization]:  179.9 s   743.4 m  err 0.002 m (along +0.001 cross -0.002) yaw  +1.75 deg  m->o yaw  +1.57 deg | fit true 0.015 est 0.017 (x1.10)  enc/true 1.019  dr_err 3.62 m[0m
[pure_pursuit-11] [0m[INFO] [1789171788.883854543] [pure_pursuit]: lap 27: 6.50 s[0m
[localization_error-8] [0m[INFO] [1789171789.424114706] [localization_error]: now[200] 0.208 m / 1.28 deg  |  session[n=3561] mean 0.200 p95 0.397 max 0.993 m, heading mean 1.28 max 5.00 deg[0m
[log_localization-9] [0m[INFO] [1789171793.408835722] [log_localization]:  184.9 s   765.1 m  err 0.101 m (along +0.098 cross +0.022) yaw  +0.65 deg  m->o yaw  +0.48 deg | fit true 0.006 est 0.020 (x3.39)  enc/true 1.019  dr_err 3.66 m[0m
[localization_error-8] [0m[INFO] [1789171794.424336180] [localization_error]: now[200] 0.194 m / 1.24 deg  |  session[n=3661] mean 0.200 p95 0.398 max 0.993 m, heading mean 1.27 max 5.00 deg[0m
[pure_pursuit-11] [0m[INFO] [1789171795.435990135] [pure_pursuit]: lap 28: 6.55 s[0m
[log_localization-9] [0m[INFO] [1789171798.408946731] [log_localization]:  189.9 s   786.1 m  err 0.052 m (along +0.047 cross -0.021) yaw  -0.55 deg  m->o yaw  -0.69 deg | fit true 0.033 est 0.040 (x1.22)  enc/true 1.019  dr_err 3.76 m[0m
[localization_error-8] [0m[INFO] [1789171799.423867968] [localization_error]: now[200] 0.204 m / 1.18 deg  |  session[n=3761] mean 0.200 p95 0.398 max 0.993 m, heading mean 1.27 max 5.00 deg[0m
[pure_pursuit-11] [0m[INFO] [1789171802.011607876] [pure_pursuit]: lap 29: 6.58 s[0m
[log_localization-9] [0m[INFO] [1789171803.408670063] [log_localization]:  194.9 s   808.2 m  err 0.103 m (along -0.103 cross +0.005) yaw  +1.45 deg  m->o yaw  +1.31 deg | fit true 0.012 est 0.003 (x0.25)  enc/true 1.019  dr_err 3.93 m[0m
[localization_error-8] [0m[INFO] [1789171804.424162142] [localization_error]: now[200] 0.214 m / 1.25 deg  |  session[n=3861] mean 0.201 p95 0.401 max 0.993 m, heading mean 1.27 max 5.00 deg[0m
[log_localization-9] [0m[INFO] [1789171808.408646363] [log_localization]:  199.9 s   827.4 m  err 0.070 m (along +0.061 cross -0.034) yaw  +0.20 deg  m->o yaw  +0.32 deg | fit true 0.011 est 0.007 (x0.61)  enc/true 1.019  dr_err 4.10 m[0m
[pure_pursuit-11] [0m[INFO] [1789171808.534958268] [pure_pursuit]: lap 30: 6.52 s[0m
[localization_error-8] [0m[INFO] [1789171809.424473132] [localization_error]: now[200] 0.207 m / 1.24 deg  |  session[n=3961] mean 0.200 p95 0.401 max 0.993 m, heading mean 1.27 max 5.00 deg[0m
