[INFO] [launch]: All log files can be found below /root/.ros/log/2026-09-11-23-31-31-541029-theflash-ASUS-TUF-Gaming-F15-FX507ZI4-FX507ZI-26
[INFO] [launch]: Default logging verbosity is set to INFO
[INFO] [launch.user]: [race] mode=dev  localizer=amcl  instruments=ON  bootstrap=spawn
[INFO] [autodrive_bridge-1]: process started with pid [27]
[INFO] [dead_reckoning-2]: process started with pid [29]
[INFO] [amcl-5]: process started with pid [35]
[INFO] [localization_bootstrap-7]: process started with pid [39]
[INFO] [localization_error-8]: process started with pid [41]
[INFO] [log_localization-9]: process started with pid [43]
[INFO] [static_transform_publisher-3]: process started with pid [31]
[INFO] [map_server-4]: process started with pid [33]
[INFO] [lifecycle_manager-6]: process started with pid [37]
[INFO] [static_transform_publisher-10]: process started with pid [45]
[amcl-5] 1789169491.600529 [0]       amcl: selected interface "lo" is not multicast-capable: disabling multicast
[static_transform_publisher-10] 1789169491.601240 [0] static_tra: selected interface "lo" is not multicast-capable: disabling multicast
[static_transform_publisher-3] 1789169491.602084 [0] static_tra: selected interface "lo" is not multicast-capable: disabling multicast
[lifecycle_manager-6] 1789169491.603101 [0] lifecycle_: selected interface "lo" is not multicast-capable: disabling multicast
[static_transform_publisher-10] [INFO] [1789169491.604520096] [map_world_tf]: Spinning until stopped - publishing transform
[static_transform_publisher-10] translation: ('0.000000', '0.000000', '0.000000')
[static_transform_publisher-10] rotation: ('0.000000', '0.000000', '0.000000', '1.000000')
[static_transform_publisher-10] from 'map' to 'world'
[static_transform_publisher-3] [INFO] [1789169491.605999715] [lidar_tf]: Spinning until stopped - publishing transform
[static_transform_publisher-3] translation: ('0.273300', '0.000000', '0.096000')
[static_transform_publisher-3] rotation: ('0.000000', '0.000000', '0.000000', '1.000000')
[static_transform_publisher-3] from 'roboracer_1' to 'lidar'
[amcl-5] [0m[INFO] [1789169491.606422199] [amcl]: 
[amcl-5] 	amcl lifecycle node launched. 
[amcl-5] 	Waiting on external lifecycle transitions to activate
[amcl-5] 	See https://design.ros2.org/articles/node_lifecycle.html for more information.[0m
[amcl-5] [0m[INFO] [1789169491.606737256] [amcl]: Creating[0m
[lifecycle_manager-6] [INFO] [1789169491.606849879] [lifecycle_manager_localization]: Creating
[lifecycle_manager-6] [INFO] [1789169491.608816705] [lifecycle_manager_localization]: [34m[1mCreating and initializing lifecycle service clients[0m[0m
[map_server-4] 1789169491.611689 [0] map_server: selected interface "lo" is not multicast-capable: disabling multicast
[map_server-4] [INFO] [1789169491.617908838] [map_server]: 
[map_server-4] 	map_server lifecycle node launched. 
[map_server-4] 	Waiting on external lifecycle transitions to activate
[map_server-4] 	See https://design.ros2.org/articles/node_lifecycle.html for more information.
[map_server-4] [INFO] [1789169491.618056019] [map_server]: Creating
[lifecycle_manager-6] [INFO] [1789169491.618509895] [lifecycle_manager_localization]: [34m[1mStarting managed nodes bringup...[0m[0m
[lifecycle_manager-6] [INFO] [1789169491.618561242] [lifecycle_manager_localization]: [34m[1mConfiguring map_server[0m[0m
[map_server-4] [INFO] [1789169491.634342113] [map_server]: Configuring
[map_server-4] [INFO] [1789169491.634457066] [map_io]: Loading yaml file: /home/autodrive_devkit/install/roboracer_stack/share/roboracer_stack/maps/track_clean.yaml
[map_server-4] [INFO] [1789169491.634847168] [map_io]: resolution: 0.05
[map_server-4] [INFO] [1789169491.634862067] [map_io]: origin[0]: -3.71
[map_server-4] [INFO] [1789169491.634869508] [map_io]: origin[1]: -8.61
[map_server-4] [INFO] [1789169491.634875379] [map_io]: origin[2]: 0
[map_server-4] [INFO] [1789169491.634881473] [map_io]: free_thresh: 0.25
[map_server-4] [INFO] [1789169491.634887656] [map_io]: occupied_thresh: 0.65
[map_server-4] [INFO] [1789169491.634894216] [map_io]: mode: trinary
[map_server-4] [INFO] [1789169491.634901351] [map_io]: negate: 0
[map_server-4] [INFO] [1789169491.636424048] [map_io]: Loading image_file: /home/autodrive_devkit/install/roboracer_stack/share/roboracer_stack/maps/track_clean.pgm
[map_server-4] [INFO] [1789169491.641109433] [map_io]: Read map /home/autodrive_devkit/install/roboracer_stack/share/roboracer_stack/maps/track_clean.pgm: 108 X 316 map @ 0.05 m/cell
[lifecycle_manager-6] [INFO] [1789169491.647007166] [lifecycle_manager_localization]: [34m[1mConfiguring amcl[0m[0m
[amcl-5] [0m[INFO] [1789169491.647262845] [amcl]: Configuring[0m
[amcl-5] [0m[INFO] [1789169491.647378796] [amcl]: initTransforms[0m
[amcl-5] [0m[INFO] [1789169491.657830051] [amcl]: initPubSub[0m
[amcl-5] [0m[INFO] [1789169491.661500462] [amcl]: Subscribed to map topic.[0m
[lifecycle_manager-6] [INFO] [1789169491.663439703] [lifecycle_manager_localization]: [34m[1mActivating map_server[0m[0m
[map_server-4] [INFO] [1789169491.664183766] [map_server]: Activating
[map_server-4] [INFO] [1789169491.664309390] [map_server]: Creating bond (map_server) to lifecycle manager.
[amcl-5] [0m[INFO] [1789169491.665962689] [amcl]: Received a 108 X 316 map @ 0.050 m/pix[0m
[lifecycle_manager-6] [INFO] [1789169491.767885496] [lifecycle_manager_localization]: Server map_server connected with bond.
[lifecycle_manager-6] [INFO] [1789169491.767928299] [lifecycle_manager_localization]: [34m[1mActivating amcl[0m[0m
[amcl-5] [0m[INFO] [1789169491.768210518] [amcl]: Activating[0m
[amcl-5] [0m[INFO] [1789169491.768272078] [amcl]: initialPoseReceived[0m
[amcl-5] [0m[INFO] [1789169491.768396441] [amcl]: Setting pose (1789169491.768396): 0.800 3.158 -1.571[0m
[amcl-5] [0m[INFO] [1789169491.771675108] [amcl]: Creating bond (amcl) to lifecycle manager.[0m
[lifecycle_manager-6] [INFO] [1789169491.873794324] [lifecycle_manager_localization]: Server amcl connected with bond.
[lifecycle_manager-6] [INFO] [1789169491.873841140] [lifecycle_manager_localization]: [34m[1mManaged nodes are active[0m[0m
[lifecycle_manager-6] [INFO] [1789169491.873859015] [lifecycle_manager_localization]: [34m[1mCreating bond timer...[0m[0m
[localization_error-8] 1789169491.902616 [0] localizati: selected interface "lo" is not multicast-capable: disabling multicast
[dead_reckoning-2] 1789169491.902626 [0] dead_recko: selected interface "lo" is not multicast-capable: disabling multicast
[localization_bootstrap-7] 1789169491.904067 [0] localizati: selected interface "lo" is not multicast-capable: disabling multicast
[log_localization-9] 1789169491.914678 [0] log_locali: selected interface "lo" is not multicast-capable: disabling multicast
[localization_error-8] [31m[ERROR] [1789169491.955939939] [localization_error]: RESTRICTED TOPIC: reading /autodrive/roboracer_1/odom (simulator ground-truth pose and twist) -- continuous comparison against TF map -> roboracer_1. This run is NOT race-legal; any lap time from it is a development number. See common/restricted.py.[0m
[localization_error-8] [0m[INFO] [1789169491.956364845] [localization_error]: sampling starts 1.0 s after /localization_ready; bootstrap is excluded (require_ready:=false to include it)[0m
[localization_bootstrap-7] [0m[INFO] [1789169491.957791368] [localization_bootstrap]: localization_bootstrap: race-legal inputs only[0m
[localization_bootstrap-7] [0m[INFO] [1789169491.958265797] [localization_bootstrap]: mode=spawn: seeding the initial pose from the measured spawn x=+0.800 y=+3.158 yaw=-90.0 deg (heading from /imu). No restricted topic is read at any point.[0m
[localization_bootstrap-7] [0m[INFO] [1789169491.958508278] [localization_bootstrap]: waiting for amcl to reach the active state before sending anything[0m
[dead_reckoning-2] [0m[INFO] [1789169491.959356960] [dead_reckoning]: dead reckoning: odom -> roboracer_1, wheel r=0.0581 m, scale=1.0, 200 Hz, tf +20 ms, extrapolate yaw=True pos=True[0m
[localization_error-8] [0m[INFO] [1789169491.989680302] [localization_error]: waiting for TF map -> roboracer_1: Could not find a connection between 'map' and 'roboracer_1' because they are not part of the same tree.Tf has two or more unconnected trees.[0m
[localization_bootstrap-7] [0m[INFO] [1789169492.009845368] [localization_bootstrap]: amcl is ACTIVE -- an initial pose will now be accepted[0m
[log_localization-9] [31m[ERROR] [1789169492.033859636] [log_localization]: RESTRICTED TOPIC: reading /autodrive/roboracer_1/ips (simulator ground-truth position) -- continuous logging against the estimate. This run is NOT race-legal; any lap time from it is a development number. See common/restricted.py.[0m
[log_localization-9] [31m[ERROR] [1789169492.034291627] [log_localization]: RESTRICTED TOPIC: reading /autodrive/roboracer_1/odom (simulator ground-truth pose and twist) -- continuous logging against the estimate. This run is NOT race-legal; any lap time from it is a development number. See common/restricted.py.[0m
[log_localization-9] [0m[INFO] [1789169492.034735575] [log_localization]: logging to /home/autodrive_devkit/log/run_cap60.csv at 20 Hz until Ctrl-C[0m
[autodrive_bridge-1] 1789169492.115279 [0] autodrive_: selected interface "lo" is not multicast-capable: disabling multicast
[pure_pursuit] launch overrides: {'control_hz': 40.0}
[INFO] [pure_pursuit-11]: process started with pid [238]
[pure_pursuit-11] 1789169493.777137 [0] pure_pursu: selected interface "lo" is not multicast-capable: disabling multicast
[pure_pursuit-11] [0m[INFO] [1789169493.824440107] [pure_pursuit]: path: 400 points, 27.57 m lap, from /home/autodrive_devkit/install/roboracer_stack/share/roboracer_stack/raceline/raceline_a7.0_rec_6.36.csv[0m
[pure_pursuit-11] [0m[INFO] [1789169493.828160432] [pure_pursuit]: pose from TF map -> roboracer_1 (continuous); /amcl_pose kept as a fallback[0m
[pure_pursuit-11] [0m[INFO] [1789169493.828974518] [pure_pursuit]: steering on /amcl_pose[0m
[pure_pursuit-11] [0m[INFO] [1789169493.830580397] [pure_pursuit]: speed_source=tire  throttle_mode=slip  slip band [-0.08, +0.08]  u_launch 0.4 m/s  lookahead 0.8-2.2 m (k 0.55)  latency_comp 0.05 s[0m
[pure_pursuit-11] [33m[WARN] [1789169493.830850947] [pure_pursuit]: dev_lap_telemetry ON: subscribing to RESTRICTED lap topics[0m
[pure_pursuit-11] [0m[INFO] [1789169493.832249598] [pure_pursuit]: holding until /localization_ready[0m
[localization_bootstrap-7] [0m[INFO] [1789169493.959924734] [localization_bootstrap]: waiting for the seed inputs: position=ok (spawn constant) heading=-- (/imu)[0m
[autodrive_bridge-1] Connected!
[pure_pursuit-11] [0m[INFO] [1789169494.831475879] [pure_pursuit]: lap 0: inf s[0m
[log_localization-9] [0m[INFO] [1789169494.834959131] [log_localization]: waiting for TF map -> roboracer_1 ...[0m
[amcl-5] [0m[INFO] [1789169494.859097224] [amcl]: initialPoseReceived[0m
[amcl-5] [0m[INFO] [1789169494.859182798] [amcl]: Setting pose (1789169494.859183): 0.800 3.158 -1.571[0m
[localization_bootstrap-7] [0m[INFO] [1789169494.859642481] [localization_bootstrap]: seed 1/5: x=+0.800 y=+3.158 yaw=-90.0 deg -- awaiting confirmation[0m
[amcl-5] [0m[INFO] [1789169494.867934123] [amcl]: createLaserObject[0m
[amcl-5] [0m[INFO] [1789169494.909047928] [amcl]: Requesting no-motion update[0m
[amcl-5] [0m[INFO] [1789169495.330846911] [amcl]: Message Filter dropping message: frame 'lidar' at time 1789169494.830 for reason 'the timestamp on the message is earlier than all the data in the transform cache'[0m
[amcl-5] [0m[INFO] [1789169495.359005564] [amcl]: Requesting no-motion update[0m
[amcl-5] [0m[INFO] [1789169495.808800883] [amcl]: Requesting no-motion update[0m
[localization_bootstrap-7] [0m[INFO] [1789169495.959124971] [localization_bootstrap]: seed 1/5 sent, awaiting a fresh /amcl_pose to confirm it[0m
[amcl-5] [0m[INFO] [1789169496.258943303] [amcl]: Requesting no-motion update[0m
[amcl-5] [0m[INFO] [1789169496.659095017] [amcl]: Requesting no-motion update[0m
[localization_bootstrap-7] [0m[INFO] [1789169496.909374049] [localization_bootstrap]: seed CONFIRMED on attempt 1: the estimate is 0.4 cm / 0.1 deg from the seed (pos std 0.049 m). Tracking is now lidar + map + dead reckoning only.[0m
[localization_bootstrap-7] [0m[INFO] [1789169496.909618269] [localization_bootstrap]: /localization_ready = true, follower may take over[0m
[localization_error-8] [0m[INFO] [1789169496.909631278] [localization_error]: /localization_ready latched -- sampling opens in 1.0 s (31 bootstrap samples discarded)[0m
[pure_pursuit-11] [0m[INFO] [1789169496.909630988] [pure_pursuit]: localization converged, taking over[0m
[localization_error-8] [0m[INFO] [1789169496.940103346] [localization_error]: holding: waiting for /localization_ready (32 samples discarded so far). Pass require_ready:=false when localization_bootstrap is not running.[0m
[log_localization-9] [0m[INFO] [1789169499.885685988] [log_localization]:    5.0 s    11.2 m  err 0.007 m (along -0.005 cross -0.004) yaw  +0.67 deg  m->o yaw  +0.21 deg | fit true 0.011 est 0.014 (x1.25)  enc/true 1.061  dr_err 0.62 m[0m
[pure_pursuit-11] [33m[WARN] [1789169500.752527571] [pure_pursuit]: heading jumped -23 deg in one tick: respawn. Speed estimate 4.76 -> 0, pose history cleared.[0m
[pure_pursuit-11] [33m[WARN] [1789169501.766773927] [pure_pursuit]: heading jumped -22 deg in one tick: respawn. Speed estimate 3.81 -> 0, pose history cleared.[0m
[localization_error-8] [0m[INFO] [1789169501.941471219] [localization_error]: now[ 81] 0.613 m / 2.89 deg  |  session[n=81] mean 0.613 p95 1.128 max 2.303 m, heading mean 2.89 max 11.69 deg[0m
[pure_pursuit-11] [33m[WARN] [1789169502.453532755] [pure_pursuit]: heading jumped -21 deg in one tick: respawn. Speed estimate 3.30 -> 0, pose history cleared.[0m
[pure_pursuit-11] [33m[WARN] [1789169503.903863250] [pure_pursuit]: heading jumped +26 deg in one tick: respawn. Speed estimate 3.75 -> 0, pose history cleared.[0m
[pure_pursuit-11] [33m[WARN] [1789169504.500853681] [pure_pursuit]: heading jumped +43 deg in one tick: respawn. Speed estimate 2.10 -> 0, pose history cleared.[0m
[log_localization-9] [0m[INFO] [1789169504.885434369] [log_localization]:    9.9 s    24.9 m  err 4.994 m (along +4.651 cross +1.820) yaw  -3.10 deg  m->o yaw  -3.46 deg | fit true 0.000 est 0.410 (x885.85)  enc/true 1.025  dr_err 5.80 m[0m
[pure_pursuit-11] [33m[WARN] [1789169505.105188582] [pure_pursuit]: heading jumped +49 deg in one tick: respawn. Speed estimate 1.80 -> 0, pose history cleared.[0m
[pure_pursuit-11] [33m[WARN] [1789169505.683801990] [pure_pursuit]: heading jumped +55 deg in one tick: respawn. Speed estimate 1.81 -> 0, pose history cleared.[0m
[pure_pursuit-11] [33m[WARN] [1789169506.354112015] [pure_pursuit]: heading jumped +29 deg in one tick: respawn. Speed estimate 2.23 -> 0, pose history cleared.[0m
[localization_error-8] [0m[INFO] [1789169506.941232057] [localization_error]: now[181] 2.829 m / 5.96 deg  |  session[n=181] mean 2.829 p95 7.428 max 7.626 m, heading mean 5.96 max 22.57 deg[0m
[pure_pursuit-11] [33m[WARN] [1789169507.140757450] [pure_pursuit]: heading jumped +24 deg in one tick: respawn. Speed estimate 2.67 -> 0, pose history cleared.[0m
[pure_pursuit-11] [33m[WARN] [1789169508.142146073] [pure_pursuit]: heading jumped -45 deg in one tick: respawn. Speed estimate 3.16 -> 0, pose history cleared.[0m
[pure_pursuit-11] [33m[WARN] [1789169509.118302904] [pure_pursuit]: heading jumped -27 deg in one tick: respawn. Speed estimate 2.81 -> 0, pose history cleared.[0m
[log_localization-9] [0m[INFO] [1789169509.885936717] [log_localization]:   15.0 s    36.4 m  err 2.624 m (along -2.622 cross -0.115) yaw  +8.83 deg  m->o yaw  +9.11 deg | fit true 0.007 est 0.167 (x25.47)  enc/true 0.959  dr_err 10.47 m[0m
