[INFO] [launch]: All log files can be found below /root/.ros/log/2026-09-12-00-02-56-771088-theflash-ASUS-TUF-Gaming-F15-FX507ZI4-FX507ZI-26
[INFO] [launch]: Default logging verbosity is set to INFO
[INFO] [launch.user]: [race] mode=dev  localizer=amcl  instruments=ON  bootstrap=truth
[INFO] [autodrive_bridge-1]: process started with pid [27]
[INFO] [dead_reckoning-2]: process started with pid [29]
[INFO] [amcl-5]: process started with pid [35]
[INFO] [localization_bootstrap-7]: process started with pid [39]
[INFO] [localization_error-8]: process started with pid [41]
[INFO] [log_localization-9]: process started with pid [43]
[INFO] [static_transform_publisher-3]: process started with pid [31]
[INFO] [map_server-4]: process started with pid [33]
[INFO] [lifecycle_manager-6]: process started with pid [37]
[INFO] [static_transform_publisher-10]: process started with pid [45]
[lifecycle_manager-6] 1789171376.824570 [0] lifecycle_: selected interface "lo" is not multicast-capable: disabling multicast
[amcl-5] 1789171376.825690 [0]       amcl: selected interface "lo" is not multicast-capable: disabling multicast
[static_transform_publisher-3] 1789171376.826121 [0] static_tra: selected interface "lo" is not multicast-capable: disabling multicast
[static_transform_publisher-10] 1789171376.826998 [0] static_tra: selected interface "lo" is not multicast-capable: disabling multicast
[amcl-5] [0m[INFO] [1789171376.828966654] [amcl]: 
[amcl-5] 	amcl lifecycle node launched. 
[amcl-5] 	Waiting on external lifecycle transitions to activate
[amcl-5] 	See https://design.ros2.org/articles/node_lifecycle.html for more information.[0m
[amcl-5] [0m[INFO] [1789171376.829291405] [amcl]: Creating[0m
[map_server-4] 1789171376.830146 [0] map_server: selected interface "lo" is not multicast-capable: disabling multicast
[lifecycle_manager-6] [INFO] [1789171376.830139239] [lifecycle_manager_localization]: Creating
[static_transform_publisher-10] [INFO] [1789171376.830152145] [map_world_tf]: Spinning until stopped - publishing transform
[static_transform_publisher-10] translation: ('0.000000', '0.000000', '0.000000')
[static_transform_publisher-10] rotation: ('0.000000', '0.000000', '0.000000', '1.000000')
[static_transform_publisher-10] from 'map' to 'world'
[static_transform_publisher-3] [INFO] [1789171376.831112350] [lidar_tf]: Spinning until stopped - publishing transform
[static_transform_publisher-3] translation: ('0.273300', '0.000000', '0.096000')
[static_transform_publisher-3] rotation: ('0.000000', '0.000000', '0.000000', '1.000000')
[static_transform_publisher-3] from 'roboracer_1' to 'lidar'
[lifecycle_manager-6] [INFO] [1789171376.832117950] [lifecycle_manager_localization]: [34m[1mCreating and initializing lifecycle service clients[0m[0m
[map_server-4] [INFO] [1789171376.834385875] [map_server]: 
[map_server-4] 	map_server lifecycle node launched. 
[map_server-4] 	Waiting on external lifecycle transitions to activate
[map_server-4] 	See https://design.ros2.org/articles/node_lifecycle.html for more information.
[map_server-4] [INFO] [1789171376.834459477] [map_server]: Creating
[lifecycle_manager-6] [INFO] [1789171376.834533405] [lifecycle_manager_localization]: [34m[1mStarting managed nodes bringup...[0m[0m
[lifecycle_manager-6] [INFO] [1789171376.834563888] [lifecycle_manager_localization]: [34m[1mConfiguring map_server[0m[0m
[map_server-4] [INFO] [1789171376.852060280] [map_server]: Configuring
[map_server-4] [INFO] [1789171376.852159115] [map_io]: Loading yaml file: /home/autodrive_devkit/install/roboracer_stack/share/roboracer_stack/maps/track_clean.yaml
[map_server-4] [INFO] [1789171376.852472779] [map_io]: resolution: 0.05
[map_server-4] [INFO] [1789171376.852487174] [map_io]: origin[0]: -3.71
[map_server-4] [INFO] [1789171376.852493729] [map_io]: origin[1]: -8.61
[map_server-4] [INFO] [1789171376.852499403] [map_io]: origin[2]: 0
[map_server-4] [INFO] [1789171376.852514879] [map_io]: free_thresh: 0.25
[map_server-4] [INFO] [1789171376.852520954] [map_io]: occupied_thresh: 0.65
[map_server-4] [INFO] [1789171376.852526915] [map_io]: mode: trinary
[map_server-4] [INFO] [1789171376.852533654] [map_io]: negate: 0
[map_server-4] [INFO] [1789171376.852736651] [map_io]: Loading image_file: /home/autodrive_devkit/install/roboracer_stack/share/roboracer_stack/maps/track_clean.pgm
[map_server-4] [INFO] [1789171376.855734222] [map_io]: Read map /home/autodrive_devkit/install/roboracer_stack/share/roboracer_stack/maps/track_clean.pgm: 108 X 316 map @ 0.05 m/cell
[lifecycle_manager-6] [INFO] [1789171376.858304806] [lifecycle_manager_localization]: [34m[1mConfiguring amcl[0m[0m
[amcl-5] [0m[INFO] [1789171376.860572527] [amcl]: Configuring[0m
[amcl-5] [0m[INFO] [1789171376.860662517] [amcl]: initTransforms[0m
[amcl-5] [0m[INFO] [1789171376.872413308] [amcl]: initPubSub[0m
[amcl-5] [0m[INFO] [1789171376.875183695] [amcl]: Subscribed to map topic.[0m
[lifecycle_manager-6] [INFO] [1789171376.881055097] [lifecycle_manager_localization]: [34m[1mActivating map_server[0m[0m
[map_server-4] [INFO] [1789171376.881293104] [map_server]: Activating
[map_server-4] [INFO] [1789171376.881450544] [map_server]: Creating bond (map_server) to lifecycle manager.
[amcl-5] [0m[INFO] [1789171376.881606109] [amcl]: Received a 108 X 316 map @ 0.050 m/pix[0m
[lifecycle_manager-6] [INFO] [1789171376.984445199] [lifecycle_manager_localization]: Server map_server connected with bond.
[lifecycle_manager-6] [INFO] [1789171376.985144640] [lifecycle_manager_localization]: [34m[1mActivating amcl[0m[0m
[amcl-5] [0m[INFO] [1789171376.985381571] [amcl]: Activating[0m
[amcl-5] [0m[INFO] [1789171376.985442640] [amcl]: initialPoseReceived[0m
[amcl-5] [0m[INFO] [1789171376.985570675] [amcl]: Setting pose (1789171376.985571): 0.710 0.020 -1.599[0m
[amcl-5] [0m[INFO] [1789171376.988685121] [amcl]: Creating bond (amcl) to lifecycle manager.[0m
[lifecycle_manager-6] [INFO] [1789171377.091644438] [lifecycle_manager_localization]: Server amcl connected with bond.
[lifecycle_manager-6] [INFO] [1789171377.091692984] [lifecycle_manager_localization]: [34m[1mManaged nodes are active[0m[0m
[lifecycle_manager-6] [INFO] [1789171377.091710580] [lifecycle_manager_localization]: [34m[1mCreating bond timer...[0m[0m
[localization_bootstrap-7] 1789171377.097732 [0] localizati: selected interface "lo" is not multicast-capable: disabling multicast
[dead_reckoning-2] 1789171377.098467 [0] dead_recko: selected interface "lo" is not multicast-capable: disabling multicast
[localization_error-8] 1789171377.098921 [0] localizati: selected interface "lo" is not multicast-capable: disabling multicast
[log_localization-9] 1789171377.104984 [0] log_locali: selected interface "lo" is not multicast-capable: disabling multicast
[localization_error-8] [31m[ERROR] [1789171377.139852760] [localization_error]: RESTRICTED TOPIC: reading /autodrive/roboracer_1/odom (simulator ground-truth pose and twist) -- continuous comparison against TF map -> roboracer_1. This run is NOT race-legal; any lap time from it is a development number. See common/restricted.py.[0m
[localization_error-8] [0m[INFO] [1789171377.140255943] [localization_error]: sampling starts 1.0 s after /localization_ready; bootstrap is excluded (require_ready:=false to include it)[0m
[dead_reckoning-2] [0m[INFO] [1789171377.144595145] [dead_reckoning]: dead reckoning: odom -> roboracer_1, wheel r=0.0581 m, scale=1.0, 200 Hz, tf +20 ms, extrapolate yaw=True pos=True[0m
[localization_bootstrap-7] [0m[INFO] [1789171377.151519186] [localization_bootstrap]: WARMUP SEED: reading /autodrive/roboracer_1/ips (simulator ground-truth position) ONCE -- initial pose seed. Legal: the first lap is warmup, this is read before the car moves, and it is released immediately after. Nothing reads ground truth afterwards.[0m
[localization_bootstrap-7] [0m[INFO] [1789171377.151887629] [localization_bootstrap]: mode=truth: seeding the initial pose from /ips + /imu before the car moves, then releasing /ips. Tracking is lidar + map + dead reckoning from there on.[0m
[localization_bootstrap-7] [0m[INFO] [1789171377.152099886] [localization_bootstrap]: waiting for amcl to reach the active state before sending anything[0m
[localization_error-8] [0m[INFO] [1789171377.174736587] [localization_error]: waiting for TF map -> roboracer_1: Could not find a connection between 'map' and 'roboracer_1' because they are not part of the same tree.Tf has two or more unconnected trees.[0m
[log_localization-9] [31m[ERROR] [1789171377.186339677] [log_localization]: RESTRICTED TOPIC: reading /autodrive/roboracer_1/ips (simulator ground-truth position) -- continuous logging against the estimate. This run is NOT race-legal; any lap time from it is a development number. See common/restricted.py.[0m
[log_localization-9] [31m[ERROR] [1789171377.186713251] [log_localization]: RESTRICTED TOPIC: reading /autodrive/roboracer_1/odom (simulator ground-truth pose and twist) -- continuous logging against the estimate. This run is NOT race-legal; any lap time from it is a development number. See common/restricted.py.[0m
[log_localization-9] [0m[INFO] [1789171377.187102858] [log_localization]: logging to /home/autodrive_devkit/log/run_cap50.csv at 20 Hz until Ctrl-C[0m
[localization_bootstrap-7] [0m[INFO] [1789171377.203173551] [localization_bootstrap]: amcl is ACTIVE -- an initial pose will now be accepted[0m
[autodrive_bridge-1] 1789171377.286427 [0] autodrive_: selected interface "lo" is not multicast-capable: disabling multicast
[pure_pursuit] launch overrides: {'control_hz': 40.0}
[INFO] [pure_pursuit-11]: process started with pid [238]
[pure_pursuit-11] 1789171379.004206 [0] pure_pursu: selected interface "lo" is not multicast-capable: disabling multicast
[pure_pursuit-11] [0m[INFO] [1789171379.043524129] [pure_pursuit]: path: 400 points, 27.57 m lap, from /home/autodrive_devkit/install/roboracer_stack/share/roboracer_stack/raceline/raceline_a7.0_rec_6.36.csv[0m
[pure_pursuit-11] [0m[INFO] [1789171379.046330004] [pure_pursuit]: pose from TF map -> roboracer_1 (continuous); /amcl_pose kept as a fallback[0m
[pure_pursuit-11] [0m[INFO] [1789171379.047078727] [pure_pursuit]: steering on /amcl_pose[0m
[pure_pursuit-11] [0m[INFO] [1789171379.048517646] [pure_pursuit]: speed_source=tire  throttle_mode=slip  slip band [-0.08, +0.08]  u_launch 0.4 m/s  lookahead 0.8-2.2 m (k 0.55)  latency_comp 0.05 s[0m
[pure_pursuit-11] [33m[WARN] [1789171379.048775516] [pure_pursuit]: dev_lap_telemetry ON: subscribing to RESTRICTED lap topics[0m
[pure_pursuit-11] [0m[INFO] [1789171379.049575512] [pure_pursuit]: holding until /localization_ready[0m
[localization_bootstrap-7] [0m[INFO] [1789171379.152740309] [localization_bootstrap]: waiting for ground truth: ips=-- imu=--[0m
[autodrive_bridge-1] Connected!
[pure_pursuit-11] [0m[INFO] [1789171380.563007978] [pure_pursuit]: lap 0: inf s[0m
[amcl-5] [0m[INFO] [1789171380.587029756] [amcl]: createLaserObject[0m
[log_localization-9] [0m[INFO] [1789171380.588377017] [log_localization]: waiting for TF map -> roboracer_1 ...[0m
[localization_bootstrap-7] [0m[INFO] [1789171380.603157868] [localization_bootstrap]: seed 1/5: x=+0.801 y=+3.158 yaw=-90.0 deg -- awaiting confirmation[0m
[localization_bootstrap-7] [33m[WARN] [1789171380.603762674] [localization_bootstrap]: MEASURED SPAWN is 3.140 m / 1.6 deg from roboracer_stack.common.frames.SPAWN_* -- OUTSIDE slam_toolbox's +-0.5 m seed search, so any run that falls back to it CANNOT recover and the offset is frozen for the whole run. This run is seeded and therefore fine; the FALLBACK is what is wrong.
[localization_bootstrap-7]     Paste into common/frames.py so bootstrap:=false and bootstrap_mode:=global start somewhere real:
[localization_bootstrap-7]         SPAWN_X = '0.801'
[localization_bootstrap-7]         SPAWN_Y = '3.158'
[localization_bootstrap-7]         SPAWN_YAW = '-1.5707'[0m
[amcl-5] [0m[INFO] [1789171380.653092590] [amcl]: initialPoseReceived[0m
[amcl-5] [0m[INFO] [1789171380.653160406] [amcl]: Setting pose (1789171380.653160): 0.801 3.158 -1.571[0m
[amcl-5] [0m[INFO] [1789171380.654400548] [amcl]: Requesting no-motion update[0m
[amcl-5] [0m[INFO] [1789171381.060675721] [amcl]: Message Filter dropping message: frame 'lidar' at time 1789171380.560 for reason 'the timestamp on the message is earlier than all the data in the transform cache'[0m
[amcl-5] [0m[INFO] [1789171381.102479127] [amcl]: Requesting no-motion update[0m
[localization_bootstrap-7] [0m[INFO] [1789171381.152667279] [localization_bootstrap]: seed 1/5 sent, awaiting a fresh /amcl_pose to confirm it[0m
[amcl-5] [0m[INFO] [1789171381.502704998] [amcl]: Requesting no-motion update[0m
[amcl-5] [0m[INFO] [1789171381.952430774] [amcl]: Requesting no-motion update[0m
[localization_error-8] [0m[INFO] [1789171382.124970787] [localization_error]: holding: waiting for /localization_ready (22 samples discarded so far). Pass require_ready:=false when localization_bootstrap is not running.[0m
[amcl-5] [0m[INFO] [1789171382.352429049] [amcl]: Requesting no-motion update[0m
[localization_bootstrap-7] [0m[INFO] [1789171382.653259576] [localization_bootstrap]: localization_bootstrap: released /autodrive/roboracer_1/ips -- no restricted topic is read from here on; the timed laps are clean.[0m
[localization_error-8] [0m[INFO] [1789171382.653777308] [localization_error]: /localization_ready latched -- sampling opens in 1.0 s (32 bootstrap samples discarded)[0m
[pure_pursuit-11] [0m[INFO] [1789171382.653799557] [pure_pursuit]: localization converged, taking over[0m
[localization_bootstrap-7] [0m[INFO] [1789171382.653843199] [localization_bootstrap]: seed CONFIRMED on attempt 1: the estimate is 0.1 cm / 0.1 deg from truth (pos std 0.051 m). Tracking is now lidar + map + dead reckoning only.[0m
[localization_bootstrap-7] [0m[INFO] [1789171382.654286431] [localization_bootstrap]: /localization_ready = true, follower may take over[0m
[log_localization-9] [0m[INFO] [1789171385.638080430] [log_localization]:    5.0 s    11.2 m  err 0.017 m (along +0.010 cross -0.013) yaw  +0.09 deg  m->o yaw  +0.12 deg | fit true 0.014 est 0.017 (x1.20)  enc/true 1.055  dr_err 0.57 m[0m
[localization_error-8] [0m[INFO] [1789171387.125788292] [localization_error]: now[ 70] 0.331 m / 1.63 deg  |  session[n=70] mean 0.331 p95 0.882 max 0.975 m, heading mean 1.63 max 5.29 deg[0m
[pure_pursuit-11] [0m[INFO] [1789171389.486547858] [pure_pursuit]: lap 1: 26.37 s[0m
[log_localization-9] [0m[INFO] [1789171390.637731973] [log_localization]:   10.0 s    33.4 m  err 0.060 m (along -0.060 cross +0.002) yaw  +1.15 deg  m->o yaw  +1.06 deg | fit true 0.005 est 0.004 (x0.81)  enc/true 1.041  dr_err 0.73 m[0m
[localization_error-8] [0m[INFO] [1789171392.125129371] [localization_error]: now[170] 0.272 m / 1.41 deg  |  session[n=170] mean 0.272 p95 0.782 max 0.975 m, heading mean 1.41 max 5.29 deg[0m
[log_localization-9] [0m[INFO] [1789171395.637605223] [log_localization]:   14.9 s    53.3 m  err 0.061 m (along +0.055 cross -0.028) yaw  -0.09 deg  m->o yaw  +0.01 deg | fit true 0.028 est 0.027 (x0.94)  enc/true 1.030  dr_err 0.48 m[0m
[pure_pursuit-11] [0m[INFO] [1789171395.831116882] [pure_pursuit]: lap 2: 6.35 s[0m
[localization_error-8] [0m[INFO] [1789171397.125160377] [localization_error]: now[200] 0.243 m / 1.34 deg  |  session[n=270] mean 0.266 p95 0.639 max 0.975 m, heading mean 1.42 max 5.29 deg[0m
[log_localization-9] [0m[INFO] [1789171400.638120102] [log_localization]:   20.0 s    76.1 m  err 0.027 m (along +0.019 cross +0.019) yaw  +0.86 deg  m->o yaw  +0.81 deg | fit true 0.011 est 0.028 (x2.51)  enc/true 1.027  dr_err 0.35 m[0m
[localization_error-8] [0m[INFO] [1789171402.125267410] [localization_error]: now[200] 0.216 m / 1.49 deg  |  session[n=370] mean 0.242 p95 0.574 max 0.975 m, heading mean 1.45 max 5.29 deg[0m
[pure_pursuit-11] [0m[INFO] [1789171402.268553599] [pure_pursuit]: lap 3: 6.44 s[0m
[log_localization-9] [0m[INFO] [1789171405.638166364] [log_localization]:   25.0 s    96.8 m  err 0.145 m (along +0.143 cross -0.028) yaw  -0.93 deg  m->o yaw  -0.59 deg | fit true 0.052 est 0.060 (x1.14)  enc/true 1.026  dr_err 0.54 m[0m
[localization_error-8] [0m[INFO] [1789171407.125229062] [localization_error]: now[200] 0.225 m / 1.71 deg  |  session[n=470] mean 0.248 p95 0.543 max 0.975 m, heading mean 1.54 max 6.27 deg[0m
[pure_pursuit-11] [0m[INFO] [1789171408.708751793] [pure_pursuit]: lap 4: 6.44 s[0m
[log_localization-9] [0m[INFO] [1789171410.637581467] [log_localization]:   29.9 s   119.9 m  err 0.060 m (along -0.059 cross -0.009) yaw  +2.68 deg  m->o yaw  +2.63 deg | fit true 0.029 est 0.024 (x0.83)  enc/true 1.024  dr_err 0.79 m[0m
[localization_error-8] [0m[INFO] [1789171412.125578713] [localization_error]: now[200] 0.241 m / 1.74 deg  |  session[n=570] mean 0.242 p95 0.532 max 0.975 m, heading mean 1.55 max 6.27 deg[0m
[pure_pursuit-11] [0m[INFO] [1789171415.167737709] [pure_pursuit]: lap 5: 6.44 s[0m
[log_localization-9] [0m[INFO] [1789171415.637667984] [log_localization]:   35.0 s   139.4 m  err 0.152 m (along +0.152 cross -0.008) yaw  +1.16 deg  m->o yaw  +0.97 deg | fit true 0.010 est 0.014 (x1.37)  enc/true 1.025  dr_err 0.90 m[0m
[localization_error-8] [0m[INFO] [1789171417.125642326] [localization_error]: now[200] 0.224 m / 1.54 deg  |  session[n=670] mean 0.241 p95 0.526 max 0.975 m, heading mean 1.54 max 6.27 deg[0m
[log_localization-9] [0m[INFO] [1789171420.637706127] [log_localization]:   40.0 s   161.7 m  err 0.119 m (along -0.118 cross +0.011) yaw  +5.51 deg  m->o yaw  +5.50 deg | fit true 0.029 est 0.028 (x0.97)  enc/true 1.022  dr_err 0.82 m[0m
[pure_pursuit-11] [0m[INFO] [1789171421.683337580] [pure_pursuit]: lap 6: 6.53 s[0m
[localization_error-8] [0m[INFO] [1789171422.125373513] [localization_error]: now[200] 0.214 m / 1.62 deg  |  session[n=770] mean 0.234 p95 0.514 max 0.975 m, heading mean 1.57 max 6.27 deg[0m
[log_localization-9] [0m[INFO] [1789171425.637729579] [log_localization]:   44.9 s   183.0 m  err 0.063 m (along +0.060 cross -0.017) yaw  -0.63 deg  m->o yaw  -0.51 deg | fit true 0.010 est 0.015 (x1.55)  enc/true 1.023  dr_err 0.94 m[0m
[localization_error-8] [0m[INFO] [1789171427.125202118] [localization_error]: now[200] 0.230 m / 1.79 deg  |  session[n=870] mean 0.238 p95 0.525 max 0.975 m, heading mean 1.60 max 6.27 deg[0m
[pure_pursuit-11] [0m[INFO] [1789171428.087377858] [pure_pursuit]: lap 7: 6.40 s[0m
[log_localization-9] [0m[INFO] [1789171430.637627484] [log_localization]:   50.0 s   205.1 m  err 0.005 m (along +0.004 cross -0.003) yaw  -0.19 deg  m->o yaw  -0.34 deg | fit true 0.017 est 0.017 (x1.02)  enc/true 1.022  dr_err 1.12 m[0m
[localization_error-8] [0m[INFO] [1789171432.125898810] [localization_error]: now[200] 0.257 m / 1.78 deg  |  session[n=970] mean 0.239 p95 0.523 max 0.975 m, heading mean 1.62 max 6.27 deg[0m
[pure_pursuit-11] [0m[INFO] [1789171434.529350145] [pure_pursuit]: lap 8: 6.45 s[0m
[log_localization-9] [0m[INFO] [1789171435.637645126] [log_localization]:   55.0 s   226.5 m  err 0.049 m (along +0.049 cross -0.002) yaw  -0.55 deg  m->o yaw  -0.55 deg | fit true 0.005 est 0.012 (x2.45)  enc/true 1.023  dr_err 1.33 m[0m
[localization_error-8] [0m[INFO] [1789171437.125594385] [localization_error]: now[200] 0.228 m / 1.51 deg  |  session[n=1070] mean 0.236 p95 0.514 max 0.975 m, heading mean 1.58 max 6.27 deg[0m
[log_localization-9] [0m[INFO] [1789171440.637682342] [log_localization]:   60.0 s   246.8 m  err 0.071 m (along +0.070 cross -0.014) yaw  -0.74 deg  m->o yaw  +0.45 deg | fit true 0.006 est 0.007 (x1.21)  enc/true 1.022  dr_err 1.38 m[0m
[pure_pursuit-11] [0m[INFO] [1789171440.986470114] [pure_pursuit]: lap 9: 6.46 s[0m
[localization_error-8] [0m[INFO] [1789171442.125192414] [localization_error]: now[200] 0.235 m / 1.49 deg  |  session[n=1170] mean 0.238 p95 0.517 max 0.975 m, heading mean 1.59 max 6.27 deg[0m
[log_localization-9] [0m[INFO] [1789171445.638090335] [log_localization]:   65.0 s   269.6 m  err 0.083 m (along +0.081 cross +0.021) yaw  +0.29 deg  m->o yaw  +0.31 deg | fit true 0.016 est 0.038 (x2.34)  enc/true 1.022  dr_err 1.34 m[0m
[localization_error-8] [0m[INFO] [1789171447.125732482] [localization_error]: now[200] 0.219 m / 1.60 deg  |  session[n=1270] mean 0.234 p95 0.511 max 0.975 m, heading mean 1.59 max 6.27 deg[0m
[pure_pursuit-11] [0m[INFO] [1789171447.403908293] [pure_pursuit]: lap 10: 6.41 s[0m
[log_localization-9] [0m[INFO] [1789171450.637657120] [log_localization]:   70.0 s   290.3 m  err 0.068 m (along +0.061 cross -0.030) yaw  -1.04 deg  m->o yaw  -0.91 deg | fit true 0.072 est 0.077 (x1.06)  enc/true 1.022  dr_err 1.50 m[0m
[localization_error-8] [0m[INFO] [1789171452.125294741] [localization_error]: now[200] 0.221 m / 1.44 deg  |  session[n=1370] mean 0.236 p95 0.510 max 0.975 m, heading mean 1.57 max 6.27 deg[0m
[pure_pursuit-11] [0m[INFO] [1789171453.824449605] [pure_pursuit]: lap 11: 6.43 s[0m
[log_localization-9] [0m[INFO] [1789171455.638063029] [log_localization]:   75.0 s   313.6 m  err 0.051 m (along -0.051 cross -0.006) yaw  +2.30 deg  m->o yaw  +1.98 deg | fit true 0.048 est 0.033 (x0.69)  enc/true 1.021  dr_err 1.69 m[0m
[localization_error-8] [0m[INFO] [1789171457.125258703] [localization_error]: now[200] 0.239 m / 1.52 deg  |  session[n=1470] mean 0.234 p95 0.513 max 0.975 m, heading mean 1.58 max 6.27 deg[0m
[pure_pursuit-11] [0m[INFO] [1789171460.203887665] [pure_pursuit]: lap 12: 6.38 s[0m
[log_localization-9] [0m[INFO] [1789171460.637867716] [log_localization]:   80.0 s   332.9 m  err 0.155 m (along +0.154 cross -0.021) yaw  +0.88 deg  m->o yaw  +0.64 deg | fit true 0.017 est 0.017 (x1.00)  enc/true 1.022  dr_err 1.85 m[0m
[localization_error-8] [0m[INFO] [1789171462.125369957] [localization_error]: now[200] 0.237 m / 1.46 deg  |  session[n=1570] mean 0.236 p95 0.513 max 0.975 m, heading mean 1.56 max 6.27 deg[0m
[log_localization-9] [0m[INFO] [1789171465.637663192] [log_localization]:   85.0 s   355.4 m  err 0.074 m (along -0.074 cross -0.001) yaw  +3.51 deg  m->o yaw  +3.52 deg | fit true 0.028 est 0.021 (x0.75)  enc/true 1.021  dr_err 1.84 m[0m
[pure_pursuit-11] [0m[INFO] [1789171466.625382051] [pure_pursuit]: lap 13: 6.41 s[0m
[localization_error-8] [0m[INFO] [1789171467.125515849] [localization_error]: now[200] 0.243 m / 1.53 deg  |  session[n=1670] mean 0.235 p95 0.511 max 0.975 m, heading mean 1.57 max 6.27 deg[0m
[log_localization-9] [0m[INFO] [1789171470.638257975] [log_localization]:   90.0 s   376.8 m  err 0.054 m (along +0.054 cross -0.000) yaw  +0.41 deg  m->o yaw  +0.49 deg | fit true 0.015 est 0.020 (x1.33)  enc/true 1.021  dr_err 1.97 m[0m
[localization_error-8] [0m[INFO] [1789171472.125257245] [localization_error]: now[200] 0.235 m / 1.68 deg  |  session[n=1770] mean 0.236 p95 0.515 max 0.975 m, heading mean 1.57 max 6.27 deg[0m
[pure_pursuit-11] [0m[INFO] [1789171473.004124791] [pure_pursuit]: lap 14: 6.39 s[0m
[log_localization-9] [0m[INFO] [1789171475.637879124] [log_localization]:   95.0 s   398.8 m  err 0.018 m (along +0.012 cross -0.013) yaw  -0.46 deg  m->o yaw  -0.65 deg | fit true 0.013 est 0.014 (x1.13)  enc/true 1.021  dr_err 2.12 m[0m
[localization_error-8] [0m[INFO] [1789171477.125277182] [localization_error]: now[200] 0.241 m / 1.55 deg  |  session[n=1870] mean 0.236 p95 0.514 max 0.975 m, heading mean 1.57 max 6.27 deg[0m
[pure_pursuit-11] [0m[INFO] [1789171479.423884791] [pure_pursuit]: lap 15: 6.42 s[0m
[log_localization-9] [0m[INFO] [1789171480.637626724] [log_localization]:  100.0 s   420.6 m  err 0.074 m (along -0.074 cross +0.005) yaw  +0.99 deg  m->o yaw  +0.75 deg | fit true 0.019 est 0.005 (x0.25)  enc/true 1.021  dr_err 2.30 m[0m
[localization_error-8] [0m[INFO] [1789171482.125744777] [localization_error]: now[200] 0.233 m / 1.40 deg  |  session[n=1970] mean 0.236 p95 0.518 max 0.975 m, heading mean 1.55 max 6.27 deg[0m
[log_localization-9] [0m[INFO] [1789171485.637621264] [log_localization]:  104.9 s   440.5 m  err 0.026 m (along +0.020 cross -0.018) yaw  +0.95 deg  m->o yaw  +1.46 deg | fit true 0.006 est 0.001 (x0.15)  enc/true 1.021  dr_err 2.43 m[0m
[pure_pursuit-11] [0m[INFO] [1789171485.886399461] [pure_pursuit]: lap 16: 6.44 s[0m
[localization_error-8] [0m[INFO] [1789171487.125510474] [localization_error]: now[200] 0.241 m / 1.42 deg  |  session[n=2070] mean 0.236 p95 0.514 max 0.975 m, heading mean 1.55 max 6.27 deg[0m
[log_localization-9] [0m[INFO] [1789171490.637645572] [log_localization]:  110.0 s   463.5 m  err 0.025 m (along +0.018 cross +0.018) yaw  +0.01 deg  m->o yaw  +0.00 deg | fit true 0.002 est 0.012 (x5.44)  enc/true 1.021  dr_err 2.42 m[0m
[localization_error-8] [0m[INFO] [1789171492.125297457] [localization_error]: now[200] 0.218 m / 1.72 deg  |  session[n=2170] mean 0.234 p95 0.512 max 0.975 m, heading mean 1.57 max 6.27 deg[0m
[pure_pursuit-11] [0m[INFO] [1789171492.283190770] [pure_pursuit]: lap 17: 6.41 s[0m
[log_localization-9] [0m[INFO] [1789171495.638082450] [log_localization]:  115.0 s   484.1 m  err 0.132 m (along +0.127 cross -0.033) yaw  -1.13 deg  m->o yaw  -0.92 deg | fit true 0.070 est 0.087 (x1.24)  enc/true 1.021  dr_err 2.60 m[0m
[localization_error-8] [0m[INFO] [1789171497.125761600] [localization_error]: now[200] 0.224 m / 1.87 deg  |  session[n=2270] mean 0.235 p95 0.511 max 0.975 m, heading mean 1.58 max 6.27 deg[0m
[pure_pursuit-11] [0m[INFO] [1789171498.708365719] [pure_pursuit]: lap 18: 6.43 s[0m
[log_localization-9] [0m[INFO] [1789171500.638134894] [log_localization]:  120.0 s   507.1 m  err 0.077 m (along -0.076 cross -0.006) yaw  +2.70 deg  m->o yaw  +2.62 deg | fit true 0.043 est 0.025 (x0.57)  enc/true 1.021  dr_err 2.73 m[0m
[localization_error-8] [0m[INFO] [1789171502.125601686] [localization_error]: now[200] 0.245 m / 1.88 deg  |  session[n=2370] mean 0.235 p95 0.511 max 0.975 m, heading mean 1.59 max 6.27 deg[0m
[pure_pursuit-11] [0m[INFO] [1789171505.128602094] [pure_pursuit]: lap 19: 6.42 s[0m
[log_localization-9] [0m[INFO] [1789171505.638036188] [log_localization]:  125.0 s   526.8 m  err 0.167 m (along +0.166 cross -0.011) yaw  +1.71 deg  m->o yaw  +1.67 deg | fit true 0.017 est 0.013 (x0.80)  enc/true 1.021  dr_err 2.89 m[0m
[localization_error-8] [0m[INFO] [1789171507.125469718] [localization_error]: now[200] 0.247 m / 1.74 deg  |  session[n=2470] mean 0.236 p95 0.513 max 0.975 m, heading mean 1.59 max 6.27 deg[0m
[log_localization-9] [0m[INFO] [1789171510.637604714] [log_localization]:  130.0 s   548.9 m  err 0.102 m (along -0.102 cross +0.003) yaw  +4.96 deg  m->o yaw  +5.00 deg | fit true 0.028 est 0.024 (x0.85)  enc/true 1.020  dr_err 2.91 m[0m
[pure_pursuit-11] [0m[INFO] [1789171511.625164290] [pure_pursuit]: lap 20: 6.49 s[0m
[localization_error-8] [0m[INFO] [1789171512.125377580] [localization_error]: now[200] 0.235 m / 1.52 deg  |  session[n=2570] mean 0.235 p95 0.511 max 0.975 m, heading mean 1.59 max 6.27 deg[0m
[log_localization-9] [0m[INFO] [1789171515.637891301] [log_localization]:  135.0 s   570.3 m  err 0.074 m (along +0.074 cross +0.001) yaw  -0.56 deg  m->o yaw  -0.33 deg | fit true 0.020 est 0.025 (x1.28)  enc/true 1.021  dr_err 3.03 m[0m
[localization_error-8] [0m[INFO] [1789171517.125710319] [localization_error]: now[200] 0.220 m / 1.49 deg  |  session[n=2670] mean 0.235 p95 0.513 max 0.975 m, heading mean 1.59 max 6.27 deg[0m
[pure_pursuit-11] [0m[INFO] [1789171518.128887389] [pure_pursuit]: lap 21: 6.50 s[0m
[log_localization-9] [0m[INFO] [1789171520.638104958] [log_localization]:  140.0 s   592.4 m  err 0.019 m (along -0.018 cross -0.007) yaw  +1.36 deg  m->o yaw  +1.31 deg | fit true 0.012 est 0.018 (x1.47)  enc/true 1.020  dr_err 3.15 m[0m
[localization_error-8] [0m[INFO] [1789171522.125259677] [localization_error]: now[200] 0.235 m / 1.47 deg  |  session[n=2770] mean 0.235 p95 0.513 max 0.975 m, heading mean 1.58 max 6.27 deg[0m
[pure_pursuit-11] [0m[INFO] [1789171524.567102790] [pure_pursuit]: lap 22: 6.43 s[0m
[log_localization-9] [0m[INFO] [1789171525.637580188] [log_localization]:  144.9 s   613.7 m  err 0.060 m (along +0.060 cross -0.003) yaw  -0.28 deg  m->o yaw  -0.30 deg | fit true 0.006 est 0.010 (x1.64)  enc/true 1.021  dr_err 3.28 m[0m
[localization_error-8] [0m[INFO] [1789171527.125852140] [localization_error]: now[200] 0.228 m / 1.27 deg  |  session[n=2870] mean 0.235 p95 0.513 max 0.975 m, heading mean 1.57 max 6.27 deg[0m
[log_localization-9] [0m[INFO] [1789171530.637673595] [log_localization]:  150.0 s   634.0 m  err 0.022 m (along +0.012 cross -0.019) yaw  +1.28 deg  m->o yaw  +1.49 deg | fit true 0.009 est 0.001 (x0.11)  enc/true 1.020  dr_err 3.40 m[0m
[pure_pursuit-11] [0m[INFO] [1789171531.025990670] [pure_pursuit]: lap 23: 6.47 s[0m
[localization_error-8] [0m[INFO] [1789171532.125429704] [localization_error]: now[200] 0.243 m / 1.43 deg  |  session[n=2970] mean 0.235 p95 0.513 max 0.975 m, heading mean 1.57 max 6.27 deg[0m
[log_localization-9] [0m[INFO] [1789171535.637931378] [log_localization]:  155.0 s   656.6 m  err 0.091 m (along +0.090 cross +0.014) yaw  +0.73 deg  m->o yaw  +0.51 deg | fit true 0.002 est 0.020 (x9.39)  enc/true 1.020  dr_err 3.42 m[0m
[localization_error-8] [0m[INFO] [1789171537.125785489] [localization_error]: now[200] 0.223 m / 1.59 deg  |  session[n=3070] mean 0.234 p95 0.511 max 0.975 m, heading mean 1.57 max 6.27 deg[0m
[pure_pursuit-11] [0m[INFO] [1789171537.509107520] [pure_pursuit]: lap 24: 6.47 s[0m
[log_localization-9] [0m[INFO] [1789171540.637659915] [log_localization]:  160.0 s   677.1 m  err 0.064 m (along +0.054 cross -0.034) yaw  -2.22 deg  m->o yaw  -1.82 deg | fit true 0.067 est 0.072 (x1.08)  enc/true 1.020  dr_err 3.55 m[0m
[localization_error-8] [0m[INFO] [1789171542.125391075] [localization_error]: now[200] 0.215 m / 1.51 deg  |  session[n=3170] mean 0.234 p95 0.510 max 0.975 m, heading mean 1.57 max 6.27 deg[0m
[pure_pursuit-11] [0m[INFO] [1789171543.971696101] [pure_pursuit]: lap 25: 6.47 s[0m
[log_localization-9] [0m[INFO] [1789171545.637707201] [log_localization]:  164.9 s   700.1 m  err 0.143 m (along -0.143 cross -0.013) yaw  +1.60 deg  m->o yaw  +1.44 deg | fit true 0.041 est 0.026 (x0.62)  enc/true 1.020  dr_err 3.70 m[0m
[localization_error-8] [0m[INFO] [1789171547.125282577] [localization_error]: now[200] 0.231 m / 1.60 deg  |  session[n=3270] mean 0.234 p95 0.512 max 0.975 m, heading mean 1.57 max 6.27 deg[0m
[pure_pursuit-11] [0m[INFO] [1789171550.428488395] [pure_pursuit]: lap 26: 6.45 s[0m
[log_localization-9] [0m[INFO] [1789171550.638076483] [log_localization]:  170.0 s   719.6 m  err 0.114 m (along +0.109 cross -0.034) yaw  -0.01 deg  m->o yaw  +0.02 deg | fit true 0.012 est 0.024 (x1.94)  enc/true 1.020  dr_err 3.89 m[0m
[localization_error-8] [0m[INFO] [1789171552.125352733] [localization_error]: now[200] 0.245 m / 1.53 deg  |  session[n=3370] mean 0.235 p95 0.513 max 0.975 m, heading mean 1.56 max 6.27 deg[0m
[log_localization-9] [0m[INFO] [1789171555.637641153] [log_localization]:  175.0 s   742.4 m  err 0.140 m (along -0.139 cross -0.019) yaw  +3.30 deg  m->o yaw  +3.31 deg | fit true 0.018 est 0.010 (x0.56)  enc/true 1.020  dr_err 3.89 m[0m
[pure_pursuit-11] [0m[INFO] [1789171556.903338063] [pure_pursuit]: lap 27: 6.50 s[0m
[localization_error-8] [0m[INFO] [1789171557.125470452] [localization_error]: now[200] 0.237 m / 1.67 deg  |  session[n=3470] mean 0.234 p95 0.512 max 0.975 m, heading mean 1.57 max 6.27 deg[0m
[log_localization-9] [0m[INFO] [1789171560.637693248] [log_localization]:  180.0 s   763.3 m  err 0.059 m (along +0.059 cross -0.000) yaw  +0.64 deg  m->o yaw  +0.62 deg | fit true 0.032 est 0.029 (x0.88)  enc/true 1.020  dr_err 4.05 m[0m
[localization_error-8] [0m[INFO] [1789171562.125799271] [localization_error]: now[200] 0.231 m / 1.84 deg  |  session[n=3570] mean 0.235 p95 0.512 max 0.975 m, heading mean 1.58 max 6.27 deg[0m
[pure_pursuit-11] [0m[INFO] [1789171563.344261462] [pure_pursuit]: lap 28: 6.43 s[0m
[log_localization-9] [0m[INFO] [1789171565.638143415] [log_localization]:  185.0 s   785.9 m  err 0.001 m (along -0.001 cross +0.000) yaw  +0.14 deg  m->o yaw  +0.34 deg | fit true 0.024 est 0.023 (x1.00)  enc/true 1.020  dr_err 4.15 m[0m
[localization_error-8] [0m[INFO] [1789171567.125341714] [localization_error]: now[200] 0.248 m / 1.67 deg  |  session[n=3670] mean 0.235 p95 0.512 max 0.975 m, heading mean 1.58 max 6.27 deg[0m
[pure_pursuit-11] [0m[INFO] [1789171569.745527150] [pure_pursuit]: lap 29: 6.41 s[0m
[log_localization-9] [0m[INFO] [1789171570.638098171] [log_localization]:  190.0 s   806.6 m  err 0.157 m (along +0.157 cross -0.007) yaw  -0.25 deg  m->o yaw  -0.43 deg | fit true 0.024 est 0.023 (x0.93)  enc/true 1.020  dr_err 4.32 m[0m
[localization_error-8] [0m[INFO] [1789171572.126009944] [localization_error]: now[200] 0.236 m / 1.52 deg  |  session[n=3770] mean 0.235 p95 0.513 max 0.975 m, heading mean 1.58 max 6.27 deg[0m
[log_localization-9] [0m[INFO] [1789171575.637647760] [log_localization]:  195.0 s   827.5 m  err 0.029 m (along +0.018 cross -0.023) yaw  +0.69 deg  m->o yaw  +0.90 deg | fit true 0.023 est 0.017 (x0.76)  enc/true 1.020  dr_err 4.46 m[0m
[pure_pursuit-11] [0m[INFO] [1789171576.133550268] [pure_pursuit]: lap 30: 6.38 s[0m
[localization_error-8] [0m[INFO] [1789171577.125404689] [localization_error]: now[200] 0.245 m / 1.66 deg  |  session[n=3870] mean 0.235 p95 0.513 max 0.975 m, heading mean 1.58 max 6.27 deg[0m
[log_localization-9] [0m[INFO] [1789171580.638704072] [log_localization]:  200.0 s   849.8 m  err 0.089 m (along +0.086 cross +0.025) yaw  +0.41 deg  m->o yaw  +0.24 deg | fit true 0.013 est 0.026 (x1.98)  enc/true 1.020  dr_err 4.51 m[0m
[localization_error-8] [0m[INFO] [1789171582.125395952] [localization_error]: now[200] 0.230 m / 1.67 deg  |  session[n=3970] mean 0.234 p95 0.513 max 0.975 m, heading mean 1.58 max 6.27 deg[0m
[pure_pursuit-11] [0m[INFO] [1789171582.609809302] [pure_pursuit]: lap 31: 6.48 s[0m
[log_localization-9] [0m[INFO] [1789171585.638872396] [log_localization]:  205.0 s   870.8 m  err 0.084 m (along +0.078 cross -0.032) yaw  -1.71 deg  m->o yaw  -1.48 deg | fit true 0.045 est 0.049 (x1.07)  enc/true 1.020  dr_err 4.62 m[0m
[localization_error-8] [0m[INFO] [1789171587.125915840] [localization_error]: now[200] 0.233 m / 1.47 deg  |  session[n=4070] mean 0.235 p95 0.513 max 0.975 m, heading mean 1.58 max 6.27 deg[0m
