[INFO] [launch]: All log files can be found below /root/.ros/log/2026-09-11-23-56-11-978015-theflash-ASUS-TUF-Gaming-F15-FX507ZI4-FX507ZI-26
[INFO] [launch]: Default logging verbosity is set to INFO
[INFO] [launch.user]: [race] mode=dev  localizer=amcl  instruments=ON  bootstrap=truth
[INFO] [autodrive_bridge-1]: process started with pid [27]
[INFO] [dead_reckoning-2]: process started with pid [29]
[INFO] [amcl-5]: process started with pid [35]
[INFO] [localization_bootstrap-7]: process started with pid [39]
[INFO] [localization_error-8]: process started with pid [41]
[INFO] [log_localization-9]: process started with pid [43]
[INFO] [static_transform_publisher-3]: process started with pid [31]
[INFO] [map_server-4]: process started with pid [33]
[INFO] [lifecycle_manager-6]: process started with pid [37]
[INFO] [static_transform_publisher-10]: process started with pid [45]
[static_transform_publisher-3] 1789170972.048152 [0] static_tra: selected interface "lo" is not multicast-capable: disabling multicast
[static_transform_publisher-10] 1789170972.050350 [0] static_tra: selected interface "lo" is not multicast-capable: disabling multicast
[amcl-5] 1789170972.050761 [0]       amcl: selected interface "lo" is not multicast-capable: disabling multicast
[lifecycle_manager-6] 1789170972.051297 [0] lifecycle_: selected interface "lo" is not multicast-capable: disabling multicast
[static_transform_publisher-3] [INFO] [1789170972.053281350] [lidar_tf]: Spinning until stopped - publishing transform
[static_transform_publisher-3] translation: ('0.273300', '0.000000', '0.096000')
[static_transform_publisher-3] rotation: ('0.000000', '0.000000', '0.000000', '1.000000')
[static_transform_publisher-3] from 'roboracer_1' to 'lidar'
[static_transform_publisher-10] [INFO] [1789170972.053657283] [map_world_tf]: Spinning until stopped - publishing transform
[static_transform_publisher-10] translation: ('0.000000', '0.000000', '0.000000')
[static_transform_publisher-10] rotation: ('0.000000', '0.000000', '0.000000', '1.000000')
[static_transform_publisher-10] from 'map' to 'world'
[map_server-4] 1789170972.054436 [0] map_server: selected interface "lo" is not multicast-capable: disabling multicast
[lifecycle_manager-6] [INFO] [1789170972.055662731] [lifecycle_manager_localization]: Creating
[amcl-5] [0m[INFO] [1789170972.056490716] [amcl]: 
[amcl-5] 	amcl lifecycle node launched. 
[amcl-5] 	Waiting on external lifecycle transitions to activate
[amcl-5] 	See https://design.ros2.org/articles/node_lifecycle.html for more information.[0m
[lifecycle_manager-6] [INFO] [1789170972.057544907] [lifecycle_manager_localization]: [34m[1mCreating and initializing lifecycle service clients[0m[0m
[amcl-5] [0m[INFO] [1789170972.058014188] [amcl]: Creating[0m
[map_server-4] [INFO] [1789170972.058124515] [map_server]: 
[map_server-4] 	map_server lifecycle node launched. 
[map_server-4] 	Waiting on external lifecycle transitions to activate
[map_server-4] 	See https://design.ros2.org/articles/node_lifecycle.html for more information.
[map_server-4] [INFO] [1789170972.058218193] [map_server]: Creating
[lifecycle_manager-6] [INFO] [1789170972.066702814] [lifecycle_manager_localization]: [34m[1mStarting managed nodes bringup...[0m[0m
[lifecycle_manager-6] [INFO] [1789170972.066756552] [lifecycle_manager_localization]: [34m[1mConfiguring map_server[0m[0m
[map_server-4] [INFO] [1789170972.077368046] [map_server]: Configuring
[map_server-4] [INFO] [1789170972.077450496] [map_io]: Loading yaml file: /home/autodrive_devkit/install/roboracer_stack/share/roboracer_stack/maps/track_clean.yaml
[map_server-4] [INFO] [1789170972.077803841] [map_io]: resolution: 0.05
[map_server-4] [INFO] [1789170972.077826311] [map_io]: origin[0]: -3.71
[map_server-4] [INFO] [1789170972.077833298] [map_io]: origin[1]: -8.61
[map_server-4] [INFO] [1789170972.077839134] [map_io]: origin[2]: 0
[map_server-4] [INFO] [1789170972.077845494] [map_io]: free_thresh: 0.25
[map_server-4] [INFO] [1789170972.077851396] [map_io]: occupied_thresh: 0.65
[map_server-4] [INFO] [1789170972.077857184] [map_io]: mode: trinary
[map_server-4] [INFO] [1789170972.077864240] [map_io]: negate: 0
[map_server-4] [INFO] [1789170972.078366654] [map_io]: Loading image_file: /home/autodrive_devkit/install/roboracer_stack/share/roboracer_stack/maps/track_clean.pgm
[map_server-4] [INFO] [1789170972.081812497] [map_io]: Read map /home/autodrive_devkit/install/roboracer_stack/share/roboracer_stack/maps/track_clean.pgm: 108 X 316 map @ 0.05 m/cell
[lifecycle_manager-6] [INFO] [1789170972.085087148] [lifecycle_manager_localization]: [34m[1mConfiguring amcl[0m[0m
[amcl-5] [0m[INFO] [1789170972.085492737] [amcl]: Configuring[0m
[amcl-5] [0m[INFO] [1789170972.085723804] [amcl]: initTransforms[0m
[amcl-5] [0m[INFO] [1789170972.094614023] [amcl]: initPubSub[0m
[amcl-5] [0m[INFO] [1789170972.097296204] [amcl]: Subscribed to map topic.[0m
[lifecycle_manager-6] [INFO] [1789170972.100036965] [lifecycle_manager_localization]: [34m[1mActivating map_server[0m[0m
[map_server-4] [INFO] [1789170972.100371810] [map_server]: Activating
[map_server-4] [INFO] [1789170972.100605678] [map_server]: Creating bond (map_server) to lifecycle manager.
[amcl-5] [0m[INFO] [1789170972.104155138] [amcl]: Received a 108 X 316 map @ 0.050 m/pix[0m
[lifecycle_manager-6] [INFO] [1789170972.203760181] [lifecycle_manager_localization]: Server map_server connected with bond.
[lifecycle_manager-6] [INFO] [1789170972.203813064] [lifecycle_manager_localization]: [34m[1mActivating amcl[0m[0m
[amcl-5] [0m[INFO] [1789170972.204021684] [amcl]: Activating[0m
[amcl-5] [0m[INFO] [1789170972.204086239] [amcl]: initialPoseReceived[0m
[amcl-5] [0m[INFO] [1789170972.204225146] [amcl]: Setting pose (1789170972.204225): 0.710 0.020 -1.599[0m
[amcl-5] [0m[INFO] [1789170972.207301131] [amcl]: Creating bond (amcl) to lifecycle manager.[0m
[lifecycle_manager-6] [INFO] [1789170972.316305504] [lifecycle_manager_localization]: Server amcl connected with bond.
[lifecycle_manager-6] [INFO] [1789170972.316349622] [lifecycle_manager_localization]: [34m[1mManaged nodes are active[0m[0m
[lifecycle_manager-6] [INFO] [1789170972.316366974] [lifecycle_manager_localization]: [34m[1mCreating bond timer...[0m[0m
[dead_reckoning-2] 1789170972.330940 [0] dead_recko: selected interface "lo" is not multicast-capable: disabling multicast
[localization_error-8] 1789170972.331735 [0] localizati: selected interface "lo" is not multicast-capable: disabling multicast
[localization_bootstrap-7] 1789170972.332466 [0] localizati: selected interface "lo" is not multicast-capable: disabling multicast
[log_localization-9] 1789170972.340207 [0] log_locali: selected interface "lo" is not multicast-capable: disabling multicast
[dead_reckoning-2] [0m[INFO] [1789170972.374233863] [dead_reckoning]: dead reckoning: odom -> roboracer_1, wheel r=0.0581 m, scale=1.0, 200 Hz, tf +20 ms, extrapolate yaw=True pos=True[0m
[localization_error-8] [31m[ERROR] [1789170972.376832368] [localization_error]: RESTRICTED TOPIC: reading /autodrive/roboracer_1/odom (simulator ground-truth pose and twist) -- continuous comparison against TF map -> roboracer_1. This run is NOT race-legal; any lap time from it is a development number. See common/restricted.py.[0m
[localization_error-8] [0m[INFO] [1789170972.377211455] [localization_error]: sampling starts 1.0 s after /localization_ready; bootstrap is excluded (require_ready:=false to include it)[0m
[localization_bootstrap-7] [0m[INFO] [1789170972.385934590] [localization_bootstrap]: WARMUP SEED: reading /autodrive/roboracer_1/ips (simulator ground-truth position) ONCE -- initial pose seed. Legal: the first lap is warmup, this is read before the car moves, and it is released immediately after. Nothing reads ground truth afterwards.[0m
[localization_bootstrap-7] [0m[INFO] [1789170972.386308488] [localization_bootstrap]: mode=truth: seeding the initial pose from /ips + /imu before the car moves, then releasing /ips. Tracking is lidar + map + dead reckoning from there on.[0m
[localization_bootstrap-7] [0m[INFO] [1789170972.386524336] [localization_bootstrap]: waiting for amcl to reach the active state before sending anything[0m
[localization_error-8] [0m[INFO] [1789170972.409585646] [localization_error]: waiting for TF map -> roboracer_1: Could not find a connection between 'map' and 'roboracer_1' because they are not part of the same tree.Tf has two or more unconnected trees.[0m
[log_localization-9] [31m[ERROR] [1789170972.417556679] [log_localization]: RESTRICTED TOPIC: reading /autodrive/roboracer_1/ips (simulator ground-truth position) -- continuous logging against the estimate. This run is NOT race-legal; any lap time from it is a development number. See common/restricted.py.[0m
[log_localization-9] [31m[ERROR] [1789170972.417888168] [log_localization]: RESTRICTED TOPIC: reading /autodrive/roboracer_1/odom (simulator ground-truth pose and twist) -- continuous logging against the estimate. This run is NOT race-legal; any lap time from it is a development number. See common/restricted.py.[0m
[log_localization-9] [0m[INFO] [1789170972.418260662] [log_localization]: logging to /home/autodrive_devkit/log/run_cap45.csv at 20 Hz until Ctrl-C[0m
[localization_bootstrap-7] [0m[INFO] [1789170972.437812787] [localization_bootstrap]: amcl is ACTIVE -- an initial pose will now be accepted[0m
[autodrive_bridge-1] 1789170972.545079 [0] autodrive_: selected interface "lo" is not multicast-capable: disabling multicast
[pure_pursuit] launch overrides: {'control_hz': 40.0}
[INFO] [pure_pursuit-11]: process started with pid [238]
[pure_pursuit-11] 1789170974.222597 [0] pure_pursu: selected interface "lo" is not multicast-capable: disabling multicast
[pure_pursuit-11] [0m[INFO] [1789170974.262041621] [pure_pursuit]: path: 400 points, 27.82 m lap, from /home/autodrive_devkit/install/roboracer_stack/share/roboracer_stack/raceline/raceline_a7.0.csv[0m
[pure_pursuit-11] [0m[INFO] [1789170974.264800593] [pure_pursuit]: pose from TF map -> roboracer_1 (continuous); /amcl_pose kept as a fallback[0m
[pure_pursuit-11] [0m[INFO] [1789170974.265394235] [pure_pursuit]: steering on /amcl_pose[0m
[pure_pursuit-11] [0m[INFO] [1789170974.266956519] [pure_pursuit]: speed_source=tire  throttle_mode=slip  slip band [-0.08, +0.08]  u_launch 0.4 m/s  lookahead 0.8-2.2 m (k 0.55)  latency_comp 0.05 s[0m
[pure_pursuit-11] [33m[WARN] [1789170974.267458445] [pure_pursuit]: dev_lap_telemetry ON: subscribing to RESTRICTED lap topics[0m
[pure_pursuit-11] [0m[INFO] [1789170974.268692934] [pure_pursuit]: holding until /localization_ready[0m
[localization_bootstrap-7] [0m[INFO] [1789170974.387554207] [localization_bootstrap]: waiting for ground truth: ips=-- imu=--[0m
[autodrive_bridge-1] Connected!
[pure_pursuit-11] [0m[INFO] [1789170975.482131597] [pure_pursuit]: lap 0: inf s[0m
[amcl-5] [0m[INFO] [1789170975.486995519] [amcl]: initialPoseReceived[0m
[amcl-5] [0m[INFO] [1789170975.487064204] [amcl]: Setting pose (1789170975.487064): 0.843 3.158 -1.571[0m
[localization_bootstrap-7] [0m[INFO] [1789170975.487476993] [localization_bootstrap]: seed 1/5: x=+0.843 y=+3.158 yaw=-90.0 deg -- awaiting confirmation[0m
[localization_bootstrap-7] [33m[WARN] [1789170975.488022103] [localization_bootstrap]: MEASURED SPAWN is 3.141 m / 1.6 deg from roboracer_stack.common.frames.SPAWN_* -- OUTSIDE slam_toolbox's +-0.5 m seed search, so any run that falls back to it CANNOT recover and the offset is frozen for the whole run. This run is seeded and therefore fine; the FALLBACK is what is wrong.
[localization_bootstrap-7]     Paste into common/frames.py so bootstrap:=false and bootstrap_mode:=global start somewhere real:
[localization_bootstrap-7]         SPAWN_X = '0.843'
[localization_bootstrap-7]         SPAWN_Y = '3.158'
[localization_bootstrap-7]         SPAWN_YAW = '-1.5707'[0m
[log_localization-9] [0m[INFO] [1789170975.518949020] [log_localization]: waiting for TF map -> roboracer_1 ...[0m
[amcl-5] [0m[INFO] [1789170975.528515035] [amcl]: createLaserObject[0m
[amcl-5] [0m[INFO] [1789170975.536974340] [amcl]: Requesting no-motion update[0m
[amcl-5] [0m[INFO] [1789170975.981674945] [amcl]: Message Filter dropping message: frame 'lidar' at time 1789170975.481 for reason 'the timestamp on the message is earlier than all the data in the transform cache'[0m
[amcl-5] [0m[INFO] [1789170975.986954514] [amcl]: Requesting no-motion update[0m
[localization_bootstrap-7] [0m[INFO] [1789170976.387349180] [localization_bootstrap]: seed 1/5 sent, awaiting a fresh /amcl_pose to confirm it[0m
[amcl-5] [0m[INFO] [1789170976.436992169] [amcl]: Requesting no-motion update[0m
[amcl-5] [0m[INFO] [1789170976.886893026] [amcl]: Requesting no-motion update[0m
[amcl-5] [0m[INFO] [1789170977.286973411] [amcl]: Requesting no-motion update[0m
[localization_error-8] [0m[INFO] [1789170977.359762039] [localization_error]: holding: waiting for /localization_ready (27 samples discarded so far). Pass require_ready:=false when localization_bootstrap is not running.[0m
[localization_bootstrap-7] [0m[INFO] [1789170977.537688105] [localization_bootstrap]: localization_bootstrap: released /autodrive/roboracer_1/ips -- no restricted topic is read from here on; the timed laps are clean.[0m
[localization_bootstrap-7] [0m[INFO] [1789170977.538261996] [localization_bootstrap]: seed CONFIRMED on attempt 1: the estimate is 0.1 cm / 0.1 deg from truth (pos std 0.053 m). Tracking is now lidar + map + dead reckoning only.[0m
[pure_pursuit-11] [0m[INFO] [1789170977.538283099] [pure_pursuit]: localization converged, taking over[0m
[localization_error-8] [0m[INFO] [1789170977.538562570] [localization_error]: /localization_ready latched -- sampling opens in 1.0 s (30 bootstrap samples discarded)[0m
[localization_bootstrap-7] [0m[INFO] [1789170977.538732495] [localization_bootstrap]: /localization_ready = true, follower may take over[0m
[log_localization-9] [0m[INFO] [1789170980.568955648] [log_localization]:    5.0 s    11.4 m  err 0.011 m (along -0.007 cross -0.009) yaw  +0.73 deg  m->o yaw  +0.99 deg | fit true 0.012 est 0.017 (x1.37)  enc/true 1.049  dr_err 0.49 m[0m
[localization_error-8] [0m[INFO] [1789170982.360183754] [localization_error]: now[ 77] 0.305 m / 1.43 deg  |  session[n=77] mean 0.305 p95 0.779 max 0.851 m, heading mean 1.43 max 4.11 deg[0m
[pure_pursuit-11] [0m[INFO] [1789170984.551724932] [pure_pursuit]: lap 1: 1120.30 s[0m
[log_localization-9] [0m[INFO] [1789170985.569094360] [log_localization]:   10.0 s    32.6 m  err 0.202 m (along +0.202 cross -0.001) yaw  +0.00 deg  m->o yaw  -0.05 deg | fit true 0.004 est 0.010 (x2.53)  enc/true 1.039  dr_err 0.68 m[0m
[localization_error-8] [0m[INFO] [1789170987.360001525] [localization_error]: now[177] 0.259 m / 1.23 deg  |  session[n=177] mean 0.259 p95 0.688 max 0.851 m, heading mean 1.23 max 4.11 deg[0m
[log_localization-9] [0m[INFO] [1789170990.568866223] [log_localization]:   14.9 s    52.8 m  err 0.040 m (along -0.034 cross -0.020) yaw  +2.93 deg  m->o yaw  +2.65 deg | fit true 0.012 est 0.005 (x0.39)  enc/true 1.026  dr_err 0.32 m[0m
[pure_pursuit-11] [0m[INFO] [1789170991.042293432] [pure_pursuit]: lap 2: 6.51 s[0m
[localization_error-8] [0m[INFO] [1789170992.360846250] [localization_error]: now[200] 0.234 m / 1.33 deg  |  session[n=277] mean 0.254 p95 0.632 max 0.851 m, heading mean 1.36 max 4.77 deg[0m
[log_localization-9] [0m[INFO] [1789170995.568832243] [log_localization]:   19.9 s    74.7 m  err 0.113 m (along +0.113 cross +0.011) yaw  +0.46 deg  m->o yaw  +0.38 deg | fit true 0.001 est 0.012 (x8.68)  enc/true 1.025  dr_err 0.22 m[0m
[localization_error-8] [0m[INFO] [1789170997.360256189] [localization_error]: now[200] 0.206 m / 1.54 deg  |  session[n=377] mean 0.231 p95 0.596 max 0.851 m, heading mean 1.39 max 4.77 deg[0m
[pure_pursuit-11] [0m[INFO] [1789170997.591934064] [pure_pursuit]: lap 3: 6.54 s[0m
[log_localization-9] [0m[INFO] [1789171000.568815220] [log_localization]:   24.9 s    95.9 m  err 0.058 m (along +0.053 cross -0.023) yaw  -0.64 deg  m->o yaw  -0.84 deg | fit true 0.034 est 0.039 (x1.14)  enc/true 1.022  dr_err 0.46 m[0m
[localization_error-8] [0m[INFO] [1789171002.360151226] [localization_error]: now[200] 0.218 m / 1.47 deg  |  session[n=477] mean 0.239 p95 0.600 max 0.851 m, heading mean 1.40 max 4.77 deg[0m
[pure_pursuit-11] [0m[INFO] [1789171004.126438548] [pure_pursuit]: lap 4: 6.54 s[0m
[log_localization-9] [0m[INFO] [1789171005.569269866] [log_localization]:   30.0 s   117.9 m  err 0.102 m (along -0.101 cross +0.007) yaw  +0.72 deg  m->o yaw  +0.62 deg | fit true 0.011 est 0.013 (x1.24)  enc/true 1.023  dr_err 0.70 m[0m
[localization_error-8] [0m[INFO] [1789171007.360691534] [localization_error]: now[200] 0.231 m / 1.40 deg  |  session[n=577] mean 0.231 p95 0.585 max 0.851 m, heading mean 1.39 max 4.99 deg[0m
[log_localization-9] [0m[INFO] [1789171010.568805555] [log_localization]:   34.9 s   137.3 m  err 0.092 m (along +0.087 cross -0.032) yaw  -1.18 deg  m->o yaw  -0.83 deg | fit true 0.008 est 0.011 (x1.41)  enc/true 1.021  dr_err 0.68 m[0m
[pure_pursuit-11] [0m[INFO] [1789171010.711827691] [pure_pursuit]: lap 5: 6.57 s[0m
[localization_error-8] [0m[INFO] [1789171012.360460769] [localization_error]: now[200] 0.221 m / 1.46 deg  |  session[n=677] mean 0.234 p95 0.558 max 0.851 m, heading mean 1.42 max 4.99 deg[0m
[log_localization-9] [0m[INFO] [1789171015.568812584] [log_localization]:   39.9 s   159.7 m  err 0.034 m (along +0.031 cross +0.014) yaw  -0.64 deg  m->o yaw  -0.68 deg | fit true 0.004 est 0.010 (x2.43)  enc/true 1.021  dr_err 0.55 m[0m
[pure_pursuit-11] [0m[INFO] [1789171017.284256528] [pure_pursuit]: lap 6: 6.58 s[0m
[localization_error-8] [0m[INFO] [1789171017.360048063] [localization_error]: now[200] 0.213 m / 1.54 deg  |  session[n=777] mean 0.226 p95 0.539 max 0.851 m, heading mean 1.43 max 5.02 deg[0m
[log_localization-9] [0m[INFO] [1789171020.569655049] [log_localization]:   45.0 s   180.2 m  err 0.097 m (along +0.095 cross -0.019) yaw  -1.87 deg  m->o yaw  -1.71 deg | fit true 0.056 est 0.065 (x1.17)  enc/true 1.021  dr_err 0.70 m[0m
[localization_error-8] [0m[INFO] [1789171022.360754303] [localization_error]: now[200] 0.214 m / 1.63 deg  |  session[n=877] mean 0.229 p95 0.529 max 0.851 m, heading mean 1.47 max 6.13 deg[0m
[pure_pursuit-11] [0m[INFO] [1789171023.860684984] [pure_pursuit]: lap 7: 6.56 s[0m
[log_localization-9] [0m[INFO] [1789171025.569068132] [log_localization]:   50.0 s   202.9 m  err 0.133 m (along -0.133 cross -0.010) yaw  +1.43 deg  m->o yaw  +1.51 deg | fit true 0.026 est 0.029 (x1.11)  enc/true 1.020  dr_err 0.88 m[0m
[localization_error-8] [0m[INFO] [1789171027.360534576] [localization_error]: now[200] 0.222 m / 1.47 deg  |  session[n=977] mean 0.225 p95 0.522 max 0.851 m, heading mean 1.44 max 6.13 deg[0m
[pure_pursuit-11] [0m[INFO] [1789171030.398774772] [pure_pursuit]: lap 8: 6.55 s[0m
[log_localization-9] [0m[INFO] [1789171030.569361126] [log_localization]:   55.0 s   221.8 m  err 0.130 m (along +0.122 cross -0.043) yaw  -1.42 deg  m->o yaw  -1.13 deg | fit true 0.010 est 0.032 (x3.06)  enc/true 1.020  dr_err 0.99 m[0m
[localization_error-8] [0m[INFO] [1789171032.360110939] [localization_error]: now[200] 0.210 m / 1.16 deg  |  session[n=1077] mean 0.226 p95 0.505 max 0.851 m, heading mean 1.41 max 6.13 deg[0m
[log_localization-9] [0m[INFO] [1789171035.569000724] [log_localization]:   59.9 s   244.3 m  err 0.049 m (along -0.049 cross -0.000) yaw  +0.38 deg  m->o yaw  +0.34 deg | fit true 0.006 est 0.004 (x0.77)  enc/true 1.020  dr_err 0.93 m[0m
[pure_pursuit-11] [0m[INFO] [1789171037.061159248] [pure_pursuit]: lap 9: 6.65 s[0m
[localization_error-8] [0m[INFO] [1789171037.360157362] [localization_error]: now[200] 0.205 m / 1.31 deg  |  session[n=1177] mean 0.222 p95 0.496 max 0.851 m, heading mean 1.42 max 6.13 deg[0m
[log_localization-9] [0m[INFO] [1789171040.568835974] [log_localization]:   64.9 s   264.5 m  err 0.182 m (along +0.180 cross -0.029) yaw  -1.08 deg  m->o yaw  -0.92 deg | fit true 0.053 est 0.064 (x1.22)  enc/true 1.020  dr_err 1.09 m[0m
[localization_error-8] [0m[INFO] [1789171042.360026542] [localization_error]: now[200] 0.214 m / 1.43 deg  |  session[n=1277] mean 0.224 p95 0.486 max 0.851 m, heading mean 1.41 max 6.13 deg[0m
[pure_pursuit-11] [0m[INFO] [1789171043.662296925] [pure_pursuit]: lap 10: 6.61 s[0m
[log_localization-9] [0m[INFO] [1789171045.569281542] [log_localization]:   70.0 s   287.0 m  err 0.101 m (along -0.100 cross -0.018) yaw  +2.06 deg  m->o yaw  +2.12 deg | fit true 0.029 est 0.030 (x1.04)  enc/true 1.019  dr_err 1.19 m[0m
[localization_error-8] [0m[INFO] [1789171047.360133609] [localization_error]: now[200] 0.223 m / 1.45 deg  |  session[n=1377] mean 0.222 p95 0.481 max 0.851 m, heading mean 1.42 max 6.13 deg[0m
[pure_pursuit-11] [0m[INFO] [1789171050.285023397] [pure_pursuit]: lap 11: 6.63 s[0m
[log_localization-9] [0m[INFO] [1789171050.569208032] [log_localization]:   75.0 s   305.9 m  err 0.208 m (along +0.204 cross -0.040) yaw  +0.01 deg  m->o yaw  +0.09 deg | fit true 0.011 est 0.015 (x1.38)  enc/true 1.020  dr_err 1.34 m[0m
[localization_error-8] [0m[INFO] [1789171052.360594932] [localization_error]: now[200] 0.223 m / 1.33 deg  |  session[n=1477] mean 0.224 p95 0.490 max 0.851 m, heading mean 1.40 max 6.13 deg[0m
[log_localization-9] [0m[INFO] [1789171055.568865855] [log_localization]:   79.9 s   328.4 m  err 0.091 m (along -0.091 cross -0.002) yaw  +1.99 deg  m->o yaw  +2.12 deg | fit true 0.015 est 0.006 (x0.38)  enc/true 1.019  dr_err 1.31 m[0m
[pure_pursuit-11] [0m[INFO] [1789171056.844821126] [pure_pursuit]: lap 12: 6.56 s[0m
[localization_error-8] [0m[INFO] [1789171057.360085480] [localization_error]: now[200] 0.215 m / 1.19 deg  |  session[n=1577] mean 0.221 p95 0.481 max 0.851 m, heading mean 1.39 max 6.13 deg[0m
[log_localization-9] [0m[INFO] [1789171060.569065630] [log_localization]:   85.0 s   348.7 m  err 0.093 m (along +0.093 cross -0.001) yaw  +0.84 deg  m->o yaw  +0.81 deg | fit true 0.040 est 0.039 (x0.99)  enc/true 1.019  dr_err 1.47 m[0m
[localization_error-8] [0m[INFO] [1789171062.360399723] [localization_error]: now[200] 0.200 m / 1.29 deg  |  session[n=1677] mean 0.221 p95 0.474 max 0.851 m, heading mean 1.39 max 6.13 deg[0m
[pure_pursuit-11] [0m[INFO] [1789171063.460211693] [pure_pursuit]: lap 13: 6.62 s[0m
[log_localization-9] [0m[INFO] [1789171065.569059740] [log_localization]:   90.0 s   371.2 m  err 0.079 m (along -0.078 cross +0.010) yaw  +2.94 deg  m->o yaw  +3.00 deg | fit true 0.030 est 0.018 (x0.60)  enc/true 1.019  dr_err 1.55 m[0m
[localization_error-8] [0m[INFO] [1789171067.360541471] [localization_error]: now[200] 0.211 m / 1.32 deg  |  session[n=1777] mean 0.220 p95 0.471 max 0.851 m, heading mean 1.39 max 6.13 deg[0m
[pure_pursuit-11] [0m[INFO] [1789171070.080138262] [pure_pursuit]: lap 14: 6.62 s[0m
[log_localization-9] [0m[INFO] [1789171070.569318881] [log_localization]:   95.0 s   390.4 m  err 0.190 m (along +0.189 cross -0.012) yaw  +1.15 deg  m->o yaw  +1.23 deg | fit true 0.009 est 0.011 (x1.29)  enc/true 1.019  dr_err 1.68 m[0m
[localization_error-8] [0m[INFO] [1789171072.360640098] [localization_error]: now[200] 0.215 m / 1.28 deg  |  session[n=1877] mean 0.220 p95 0.474 max 0.851 m, heading mean 1.38 max 6.13 deg[0m
[log_localization-9] [0m[INFO] [1789171075.569355976] [log_localization]:  100.0 s   412.6 m  err 0.068 m (along -0.068 cross -0.006) yaw  +2.46 deg  m->o yaw  +2.64 deg | fit true 0.019 est 0.013 (x0.68)  enc/true 1.019  dr_err 1.69 m[0m
[pure_pursuit-11] [0m[INFO] [1789171076.663544229] [pure_pursuit]: lap 15: 6.57 s[0m
[localization_error-8] [0m[INFO] [1789171077.360088167] [localization_error]: now[200] 0.214 m / 1.58 deg  |  session[n=1977] mean 0.219 p95 0.465 max 0.851 m, heading mean 1.41 max 6.13 deg[0m
[log_localization-9] [0m[INFO] [1789171080.568974939] [log_localization]:  105.0 s   433.1 m  err 0.120 m (along +0.120 cross -0.003) yaw  +0.98 deg  m->o yaw  +0.92 deg | fit true 0.029 est 0.024 (x0.85)  enc/true 1.019  dr_err 1.82 m[0m
[localization_error-8] [0m[INFO] [1789171082.360219802] [localization_error]: now[200] 0.220 m / 1.75 deg  |  session[n=2077] mean 0.220 p95 0.466 max 0.851 m, heading mean 1.41 max 6.13 deg[0m
[pure_pursuit-11] [0m[INFO] [1789171083.305335560] [pure_pursuit]: lap 16: 6.65 s[0m
[log_localization-9] [0m[INFO] [1789171085.569284848] [log_localization]:  110.0 s   455.3 m  err 0.044 m (along -0.040 cross +0.016) yaw  +2.10 deg  m->o yaw  +2.11 deg | fit true 0.026 est 0.019 (x0.74)  enc/true 1.019  dr_err 1.90 m[0m
[localization_error-8] [0m[INFO] [1789171087.360910162] [localization_error]: now[200] 0.233 m / 1.54 deg  |  session[n=2177] mean 0.221 p95 0.471 max 0.851 m, heading mean 1.42 max 6.13 deg[0m
[pure_pursuit-11] [0m[INFO] [1789171089.930226899] [pure_pursuit]: lap 17: 6.61 s[0m
[log_localization-9] [0m[INFO] [1789171090.568839325] [log_localization]:  114.9 s   475.0 m  err 0.271 m (along +0.271 cross +0.006) yaw  +0.52 deg  m->o yaw  +0.64 deg | fit true 0.003 est 0.011 (x3.44)  enc/true 1.019  dr_err 2.02 m[0m
[localization_error-8] [0m[INFO] [1789171092.360149646] [localization_error]: now[200] 0.222 m / 1.36 deg  |  session[n=2277] mean 0.220 p95 0.476 max 0.851 m, heading mean 1.41 max 6.13 deg[0m
[log_localization-9] [0m[INFO] [1789171095.568897035] [log_localization]:  119.9 s   496.8 m  err 0.087 m (along -0.087 cross -0.003) yaw  +4.32 deg  m->o yaw  +4.35 deg | fit true 0.019 est 0.018 (x0.96)  enc/true 1.019  dr_err 2.05 m[0m
[pure_pursuit-11] [0m[INFO] [1789171096.421973743] [pure_pursuit]: lap 18: 6.51 s[0m
[localization_error-8] [0m[INFO] [1789171097.360304580] [localization_error]: now[200] 0.209 m / 1.37 deg  |  session[n=2377] mean 0.220 p95 0.471 max 0.851 m, heading mean 1.41 max 6.13 deg[0m
[log_localization-9] [0m[INFO] [1789171100.569447515] [log_localization]:  125.0 s   517.8 m  err 0.094 m (along +0.093 cross -0.014) yaw  -0.22 deg  m->o yaw  -0.24 deg | fit true 0.008 est 0.018 (x2.18)  enc/true 1.019  dr_err 2.15 m[0m
[localization_error-8] [0m[INFO] [1789171102.360588259] [localization_error]: now[200] 0.211 m / 1.54 deg  |  session[n=2477] mean 0.220 p95 0.468 max 0.851 m, heading mean 1.42 max 6.13 deg[0m
[pure_pursuit-11] [0m[INFO] [1789171102.996644118] [pure_pursuit]: lap 19: 6.57 s[0m
[log_localization-9] [0m[INFO] [1789171105.569307059] [log_localization]:  130.0 s   539.9 m  err 0.015 m (along +0.014 cross -0.007) yaw  -0.08 deg  m->o yaw  -0.05 deg | fit true 0.012 est 0.015 (x1.25)  enc/true 1.018  dr_err 2.25 m[0m
[localization_error-8] [0m[INFO] [1789171107.360182248] [localization_error]: now[200] 0.228 m / 1.65 deg  |  session[n=2577] mean 0.220 p95 0.468 max 0.851 m, heading mean 1.43 max 6.13 deg[0m
[pure_pursuit-11] [0m[INFO] [1789171109.506249871] [pure_pursuit]: lap 20: 6.51 s[0m
[log_localization-9] [0m[INFO] [1789171110.569135442] [log_localization]:  135.0 s   560.8 m  err 0.046 m (along +0.046 cross +0.002) yaw  +0.87 deg  m->o yaw  +0.63 deg | fit true 0.004 est 0.002 (x0.51)  enc/true 1.019  dr_err 2.37 m[0m
[localization_error-8] [0m[INFO] [1789171112.360232215] [localization_error]: now[200] 0.218 m / 1.48 deg  |  session[n=2677] mean 0.220 p95 0.471 max 0.851 m, heading mean 1.42 max 6.13 deg[0m
[log_localization-9] [0m[INFO] [1789171115.568941357] [log_localization]:  139.9 s   581.1 m  err 0.022 m (along -0.020 cross -0.011) yaw  +2.33 deg  m->o yaw  +2.44 deg | fit true 0.013 est 0.009 (x0.71)  enc/true 1.019  dr_err 2.45 m[0m
[pure_pursuit-11] [0m[INFO] [1789171116.130637816] [pure_pursuit]: lap 21: 6.61 s[0m
[localization_error-8] [0m[INFO] [1789171117.360185617] [localization_error]: now[200] 0.213 m / 1.31 deg  |  session[n=2777] mean 0.220 p95 0.471 max 0.851 m, heading mean 1.42 max 6.13 deg[0m
[log_localization-9] [0m[INFO] [1789171120.569386875] [log_localization]:  145.0 s   602.2 m  err 0.019 m (along +0.015 cross -0.011) yaw  -0.15 deg  m->o yaw  -0.11 deg | fit true 0.003 est 0.003 (x0.80)  enc/true 1.019  dr_err 2.48 m[0m
[localization_error-8] [0m[INFO] [1789171122.360775006] [localization_error]: now[200] 0.202 m / 1.46 deg  |  session[n=2877] mean 0.218 p95 0.468 max 0.851 m, heading mean 1.43 max 6.13 deg[0m
[pure_pursuit-11] [0m[INFO] [1789171122.801323118] [pure_pursuit]: lap 22: 6.68 s[0m
[log_localization-9] [0m[INFO] [1789171125.568918112] [log_localization]:  149.9 s   623.5 m  err 0.038 m (along +0.034 cross -0.018) yaw  -0.41 deg  m->o yaw  -0.03 deg | fit true 0.015 est 0.021 (x1.39)  enc/true 1.018  dr_err 2.54 m[0m
[localization_error-8] [0m[INFO] [1789171127.360300967] [localization_error]: now[200] 0.206 m / 1.40 deg  |  session[n=2977] mean 0.219 p95 0.468 max 0.851 m, heading mean 1.42 max 6.13 deg[0m
[pure_pursuit-11] [0m[INFO] [1789171129.402347586] [pure_pursuit]: lap 23: 6.59 s[0m
[log_localization-9] [0m[INFO] [1789171130.568858266] [log_localization]:  154.9 s   644.4 m  err 0.238 m (along +0.237 cross -0.010) yaw  +0.55 deg  m->o yaw  +0.52 deg | fit true 0.003 est 0.019 (x6.80)  enc/true 1.019  dr_err 2.69 m[0m
[localization_error-8] [0m[INFO] [1789171132.360667460] [localization_error]: now[200] 0.225 m / 1.42 deg  |  session[n=3077] mean 0.219 p95 0.469 max 0.851 m, heading mean 1.43 max 6.13 deg[0m
[log_localization-9] [0m[INFO] [1789171135.569183359] [log_localization]:  160.0 s   664.6 m  err 0.017 m (along +0.015 cross -0.009) yaw  +0.84 deg  m->o yaw  +1.23 deg | fit true 0.011 est 0.011 (x1.00)  enc/true 1.018  dr_err 2.82 m[0m
[localization_error-8] [0m[INFO] [1789171137.360185962] [localization_error]: now[200] 0.248 m / 2.72 deg  |  session[n=3177] mean 0.221 p95 0.485 max 0.851 m, heading mean 1.50 max 10.49 deg[0m
