[INFO] [launch]: All log files can be found below /root/.ros/log/2026-09-12-00-10-19-637725-theflash-ASUS-TUF-Gaming-F15-FX507ZI4-FX507ZI-26
[INFO] [launch]: Default logging verbosity is set to INFO
[INFO] [launch.user]: [race] mode=dev  localizer=amcl  instruments=ON  bootstrap=truth
[INFO] [autodrive_bridge-1]: process started with pid [27]
[INFO] [dead_reckoning-2]: process started with pid [29]
[INFO] [amcl-5]: process started with pid [35]
[INFO] [localization_bootstrap-7]: process started with pid [39]
[INFO] [localization_error-8]: process started with pid [41]
[INFO] [log_localization-9]: process started with pid [43]
[INFO] [static_transform_publisher-3]: process started with pid [31]
[INFO] [map_server-4]: process started with pid [33]
[INFO] [lifecycle_manager-6]: process started with pid [37]
[INFO] [static_transform_publisher-10]: process started with pid [45]
[static_transform_publisher-3] 1789171819.689927 [0] static_tra: selected interface "lo" is not multicast-capable: disabling multicast
[lifecycle_manager-6] 1789171819.691651 [0] lifecycle_: selected interface "lo" is not multicast-capable: disabling multicast
[static_transform_publisher-10] 1789171819.692834 [0] static_tra: selected interface "lo" is not multicast-capable: disabling multicast
[static_transform_publisher-3] [INFO] [1789171819.693301155] [lidar_tf]: Spinning until stopped - publishing transform
[static_transform_publisher-3] translation: ('0.273300', '0.000000', '0.096000')
[static_transform_publisher-3] rotation: ('0.000000', '0.000000', '0.000000', '1.000000')
[static_transform_publisher-3] from 'roboracer_1' to 'lidar'
[static_transform_publisher-10] [INFO] [1789171819.695888983] [map_world_tf]: Spinning until stopped - publishing transform
[static_transform_publisher-10] translation: ('0.000000', '0.000000', '0.000000')
[static_transform_publisher-10] rotation: ('0.000000', '0.000000', '0.000000', '1.000000')
[static_transform_publisher-10] from 'map' to 'world'
[lifecycle_manager-6] [INFO] [1789171819.696362524] [lifecycle_manager_localization]: Creating
[amcl-5] 1789171819.697231 [0]       amcl: selected interface "lo" is not multicast-capable: disabling multicast
[lifecycle_manager-6] [INFO] [1789171819.698540471] [lifecycle_manager_localization]: [34m[1mCreating and initializing lifecycle service clients[0m[0m
[amcl-5] [0m[INFO] [1789171819.701204999] [amcl]: 
[amcl-5] 	amcl lifecycle node launched. 
[amcl-5] 	Waiting on external lifecycle transitions to activate
[amcl-5] 	See https://design.ros2.org/articles/node_lifecycle.html for more information.[0m
[amcl-5] [0m[INFO] [1789171819.701550759] [amcl]: Creating[0m
[map_server-4] 1789171819.701748 [0] map_server: selected interface "lo" is not multicast-capable: disabling multicast
[map_server-4] [INFO] [1789171819.707619006] [map_server]: 
[map_server-4] 	map_server lifecycle node launched. 
[map_server-4] 	Waiting on external lifecycle transitions to activate
[map_server-4] 	See https://design.ros2.org/articles/node_lifecycle.html for more information.
[map_server-4] [INFO] [1789171819.707714381] [map_server]: Creating
[lifecycle_manager-6] [INFO] [1789171819.708040169] [lifecycle_manager_localization]: [34m[1mStarting managed nodes bringup...[0m[0m
[lifecycle_manager-6] [INFO] [1789171819.708077100] [lifecycle_manager_localization]: [34m[1mConfiguring map_server[0m[0m
[map_server-4] [INFO] [1789171819.724763612] [map_server]: Configuring
[map_server-4] [INFO] [1789171819.724826365] [map_io]: Loading yaml file: /home/autodrive_devkit/install/roboracer_stack/share/roboracer_stack/maps/track_clean.yaml
[map_server-4] [INFO] [1789171819.725017763] [map_io]: resolution: 0.05
[map_server-4] [INFO] [1789171819.725022692] [map_io]: origin[0]: -3.71
[map_server-4] [INFO] [1789171819.725025173] [map_io]: origin[1]: -8.61
[map_server-4] [INFO] [1789171819.725027385] [map_io]: origin[2]: 0
[map_server-4] [INFO] [1789171819.725029762] [map_io]: free_thresh: 0.25
[map_server-4] [INFO] [1789171819.725032007] [map_io]: occupied_thresh: 0.65
[map_server-4] [INFO] [1789171819.725034601] [map_io]: mode: trinary
[map_server-4] [INFO] [1789171819.725038011] [map_io]: negate: 0
[map_server-4] [INFO] [1789171819.725185646] [map_io]: Loading image_file: /home/autodrive_devkit/install/roboracer_stack/share/roboracer_stack/maps/track_clean.pgm
[map_server-4] [INFO] [1789171819.727597790] [map_io]: Read map /home/autodrive_devkit/install/roboracer_stack/share/roboracer_stack/maps/track_clean.pgm: 108 X 316 map @ 0.05 m/cell
[lifecycle_manager-6] [INFO] [1789171819.731309692] [lifecycle_manager_localization]: [34m[1mConfiguring amcl[0m[0m
[amcl-5] [0m[INFO] [1789171819.731570037] [amcl]: Configuring[0m
[amcl-5] [0m[INFO] [1789171819.731675400] [amcl]: initTransforms[0m
[amcl-5] [0m[INFO] [1789171819.822473837] [amcl]: initPubSub[0m
[amcl-5] [0m[INFO] [1789171819.842598216] [amcl]: Subscribed to map topic.[0m
[lifecycle_manager-6] [INFO] [1789171819.845533907] [lifecycle_manager_localization]: [34m[1mActivating map_server[0m[0m
[map_server-4] [INFO] [1789171819.845736424] [map_server]: Activating
[map_server-4] [INFO] [1789171819.845912674] [map_server]: Creating bond (map_server) to lifecycle manager.
[amcl-5] [0m[INFO] [1789171819.850976591] [amcl]: Received a 108 X 316 map @ 0.050 m/pix[0m
[lifecycle_manager-6] [INFO] [1789171819.949314320] [lifecycle_manager_localization]: Server map_server connected with bond.
[lifecycle_manager-6] [INFO] [1789171819.949384030] [lifecycle_manager_localization]: [34m[1mActivating amcl[0m[0m
[amcl-5] [0m[INFO] [1789171819.949635708] [amcl]: Activating[0m
[amcl-5] [0m[INFO] [1789171819.949695548] [amcl]: initialPoseReceived[0m
[amcl-5] [0m[INFO] [1789171819.949786029] [amcl]: Setting pose (1789171819.949786): 0.710 0.020 -1.599[0m
[amcl-5] [0m[INFO] [1789171819.950892275] [amcl]: Creating bond (amcl) to lifecycle manager.[0m
[dead_reckoning-2] 1789171819.987493 [0] dead_recko: selected interface "lo" is not multicast-capable: disabling multicast
[localization_bootstrap-7] 1789171819.987582 [0] localizati: selected interface "lo" is not multicast-capable: disabling multicast
[localization_error-8] 1789171819.988252 [0] localizati: selected interface "lo" is not multicast-capable: disabling multicast
[log_localization-9] 1789171819.994806 [0] log_locali: selected interface "lo" is not multicast-capable: disabling multicast
[dead_reckoning-2] [0m[INFO] [1789171820.046678897] [dead_reckoning]: dead reckoning: odom -> roboracer_1, wheel r=0.0581 m, scale=1.0, 200 Hz, tf +20 ms, extrapolate yaw=True pos=True[0m
[localization_bootstrap-7] [0m[INFO] [1789171820.046760187] [localization_bootstrap]: WARMUP SEED: reading /autodrive/roboracer_1/ips (simulator ground-truth position) ONCE -- initial pose seed. Legal: the first lap is warmup, this is read before the car moves, and it is released immediately after. Nothing reads ground truth afterwards.[0m
[localization_bootstrap-7] [0m[INFO] [1789171820.047585894] [localization_bootstrap]: mode=truth: seeding the initial pose from /ips + /imu before the car moves, then releasing /ips. Tracking is lidar + map + dead reckoning from there on.[0m
[localization_bootstrap-7] [0m[INFO] [1789171820.048138739] [localization_bootstrap]: waiting for amcl to reach the active state before sending anything[0m
[localization_error-8] [31m[ERROR] [1789171820.048362561] [localization_error]: RESTRICTED TOPIC: reading /autodrive/roboracer_1/odom (simulator ground-truth pose and twist) -- continuous comparison against TF map -> roboracer_1. This run is NOT race-legal; any lap time from it is a development number. See common/restricted.py.[0m
[localization_error-8] [0m[INFO] [1789171820.049165017] [localization_error]: sampling starts 1.0 s after /localization_ready; bootstrap is excluded (require_ready:=false to include it)[0m
[lifecycle_manager-6] [INFO] [1789171820.052265471] [lifecycle_manager_localization]: Server amcl connected with bond.
[lifecycle_manager-6] [INFO] [1789171820.052330318] [lifecycle_manager_localization]: [34m[1mManaged nodes are active[0m[0m
[lifecycle_manager-6] [INFO] [1789171820.052343140] [lifecycle_manager_localization]: [34m[1mCreating bond timer...[0m[0m
[localization_error-8] [0m[INFO] [1789171820.071798192] [localization_error]: waiting for TF map -> roboracer_1: Could not find a connection between 'map' and 'roboracer_1' because they are not part of the same tree.Tf has two or more unconnected trees.[0m
[log_localization-9] [31m[ERROR] [1789171820.094354845] [log_localization]: RESTRICTED TOPIC: reading /autodrive/roboracer_1/ips (simulator ground-truth position) -- continuous logging against the estimate. This run is NOT race-legal; any lap time from it is a development number. See common/restricted.py.[0m
[log_localization-9] [31m[ERROR] [1789171820.094764101] [log_localization]: RESTRICTED TOPIC: reading /autodrive/roboracer_1/odom (simulator ground-truth pose and twist) -- continuous logging against the estimate. This run is NOT race-legal; any lap time from it is a development number. See common/restricted.py.[0m
[log_localization-9] [0m[INFO] [1789171820.095143080] [log_localization]: logging to /home/autodrive_devkit/log/run_cap70.csv at 20 Hz until Ctrl-C[0m
[localization_bootstrap-7] [0m[INFO] [1789171820.099940948] [localization_bootstrap]: amcl is ACTIVE -- an initial pose will now be accepted[0m
[autodrive_bridge-1] 1789171820.202141 [0] autodrive_: selected interface "lo" is not multicast-capable: disabling multicast
[pure_pursuit] launch overrides: {'control_hz': 40.0}
[INFO] [pure_pursuit-11]: process started with pid [238]
[pure_pursuit-11] 1789171821.876063 [0] pure_pursu: selected interface "lo" is not multicast-capable: disabling multicast
[pure_pursuit-11] [0m[INFO] [1789171821.917037738] [pure_pursuit]: path: 400 points, 27.57 m lap, from /home/autodrive_devkit/install/roboracer_stack/share/roboracer_stack/raceline/raceline_a7.0_rec_6.36.csv[0m
[pure_pursuit-11] [0m[INFO] [1789171821.921495810] [pure_pursuit]: pose from TF map -> roboracer_1 (continuous); /amcl_pose kept as a fallback[0m
[pure_pursuit-11] [0m[INFO] [1789171821.922210533] [pure_pursuit]: steering on /amcl_pose[0m
[pure_pursuit-11] [0m[INFO] [1789171821.924137010] [pure_pursuit]: speed_source=tire  throttle_mode=slip  slip band [-0.08, +0.08]  u_launch 0.4 m/s  lookahead 0.8-2.2 m (k 0.55)  latency_comp 0.05 s[0m
[pure_pursuit-11] [33m[WARN] [1789171821.924402218] [pure_pursuit]: dev_lap_telemetry ON: subscribing to RESTRICTED lap topics[0m
[pure_pursuit-11] [0m[INFO] [1789171821.925324256] [pure_pursuit]: holding until /localization_ready[0m
[localization_bootstrap-7] [0m[INFO] [1789171822.048958199] [localization_bootstrap]: waiting for ground truth: ips=-- imu=--[0m
[localization_bootstrap-7] [0m[INFO] [1789171824.048860949] [localization_bootstrap]: waiting for ground truth: ips=-- imu=--[0m
[autodrive_bridge-1] Connected!
[pure_pursuit-11] [0m[INFO] [1789171824.302611092] [pure_pursuit]: lap 0: inf s[0m
[amcl-5] [0m[INFO] [1789171824.335280453] [amcl]: createLaserObject[0m
[log_localization-9] [0m[INFO] [1789171824.345435165] [log_localization]: waiting for TF map -> roboracer_1 ...[0m
[localization_bootstrap-7] [0m[INFO] [1789171824.348890818] [localization_bootstrap]: seed 1/5: x=+0.800 y=+3.158 yaw=-90.0 deg -- awaiting confirmation[0m
[localization_bootstrap-7] [33m[WARN] [1789171824.349188411] [localization_bootstrap]: MEASURED SPAWN is 3.140 m / 1.6 deg from roboracer_stack.common.frames.SPAWN_* -- OUTSIDE slam_toolbox's +-0.5 m seed search, so any run that falls back to it CANNOT recover and the offset is frozen for the whole run. This run is seeded and therefore fine; the FALLBACK is what is wrong.
[localization_bootstrap-7]     Paste into common/frames.py so bootstrap:=false and bootstrap_mode:=global start somewhere real:
[localization_bootstrap-7]         SPAWN_X = '0.800'
[localization_bootstrap-7]         SPAWN_Y = '3.158'
[localization_bootstrap-7]         SPAWN_YAW = '-1.5707'[0m
[amcl-5] [0m[INFO] [1789171824.400551768] [amcl]: initialPoseReceived[0m
[amcl-5] [0m[INFO] [1789171824.400620162] [amcl]: Setting pose (1789171824.400620): 0.800 3.158 -1.571[0m
[amcl-5] [0m[INFO] [1789171824.401964421] [amcl]: Requesting no-motion update[0m
[amcl-5] [0m[INFO] [1789171824.801689555] [amcl]: Message Filter dropping message: frame 'lidar' at time 1789171824.301 for reason 'the timestamp on the message is earlier than all the data in the transform cache'[0m
[amcl-5] [0m[INFO] [1789171824.848608968] [amcl]: Requesting no-motion update[0m
[localization_error-8] [0m[INFO] [1789171825.022150863] [localization_error]: holding: waiting for /localization_ready (5 samples discarded so far). Pass require_ready:=false when localization_bootstrap is not running.[0m
[amcl-5] [0m[INFO] [1789171825.248622592] [amcl]: Requesting no-motion update[0m
[amcl-5] [0m[INFO] [1789171825.698573116] [amcl]: Requesting no-motion update[0m
[localization_bootstrap-7] [0m[INFO] [1789171826.048791385] [localization_bootstrap]: seed 1/5 sent, awaiting a fresh /amcl_pose to confirm it[0m
[amcl-5] [0m[INFO] [1789171826.148644297] [amcl]: Requesting no-motion update[0m
[localization_bootstrap-7] [0m[INFO] [1789171826.399320271] [localization_bootstrap]: localization_bootstrap: released /autodrive/roboracer_1/ips -- no restricted topic is read from here on; the timed laps are clean.[0m
[localization_bootstrap-7] [0m[INFO] [1789171826.399872719] [localization_bootstrap]: seed CONFIRMED on attempt 1: the estimate is 0.5 cm / 0.0 deg from truth (pos std 0.050 m). Tracking is now lidar + map + dead reckoning only.[0m
[localization_error-8] [0m[INFO] [1789171826.400062935] [localization_error]: /localization_ready latched -- sampling opens in 1.0 s (32 bootstrap samples discarded)[0m
[pure_pursuit-11] [0m[INFO] [1789171826.400102775] [pure_pursuit]: localization converged, taking over[0m
[localization_bootstrap-7] [0m[INFO] [1789171826.400317219] [localization_bootstrap]: /localization_ready = true, follower may take over[0m
[log_localization-9] [0m[INFO] [1789171829.396124373] [log_localization]:    4.9 s    11.2 m  err 0.001 m (along +0.001 cross +0.000) yaw  +1.76 deg  m->o yaw  +2.01 deg | fit true 0.012 est 0.019 (x1.55)  enc/true 1.057  dr_err 0.59 m[0m
[localization_error-8] [0m[INFO] [1789171830.022264473] [localization_error]: now[ 53] 0.330 m / 1.04 deg  |  session[n=53] mean 0.330 p95 0.894 max 0.978 m, heading mean 1.04 max 2.57 deg[0m
[pure_pursuit-11] [0m[INFO] [1789171833.337729208] [pure_pursuit]: lap 1: 20.57 s[0m
[log_localization-9] [0m[INFO] [1789171834.395708067] [log_localization]:    9.9 s    32.8 m  err 0.037 m (along -0.037 cross +0.004) yaw  +0.49 deg  m->o yaw  +0.49 deg | fit true 0.005 est 0.003 (x0.59)  enc/true 1.043  dr_err 0.77 m[0m
[localization_error-8] [0m[INFO] [1789171835.022487050] [localization_error]: now[153] 0.276 m / 1.35 deg  |  session[n=153] mean 0.276 p95 0.788 max 0.978 m, heading mean 1.35 max 3.83 deg[0m
[log_localization-9] [0m[INFO] [1789171839.396527966] [log_localization]:   14.9 s    53.1 m  err 0.067 m (along +0.061 cross -0.028) yaw  +0.10 deg  m->o yaw  -0.20 deg | fit true 0.020 est 0.016 (x0.83)  enc/true 1.030  dr_err 0.46 m[0m
[pure_pursuit-11] [0m[INFO] [1789171839.737288534] [pure_pursuit]: lap 2: 6.41 s[0m
[localization_error-8] [0m[INFO] [1789171840.022181119] [localization_error]: now[200] 0.217 m / 1.55 deg  |  session[n=253] mean 0.240 p95 0.693 max 0.978 m, heading mean 1.44 max 4.34 deg[0m
[log_localization-9] [0m[INFO] [1789171844.395875010] [log_localization]:   19.9 s    75.8 m  err 0.126 m (along +0.123 cross +0.029) yaw  +0.07 deg  m->o yaw  -0.07 deg | fit true 0.009 est 0.039 (x4.59)  enc/true 1.028  dr_err 0.32 m[0m
[localization_error-8] [0m[INFO] [1789171845.022370227] [localization_error]: now[200] 0.206 m / 1.38 deg  |  session[n=353] mean 0.236 p95 0.563 max 0.978 m, heading mean 1.37 max 4.34 deg[0m
[pure_pursuit-11] [0m[INFO] [1789171846.190733582] [pure_pursuit]: lap 3: 6.45 s[0m
[log_localization-9] [0m[INFO] [1789171849.396293606] [log_localization]:   24.9 s    96.5 m  err 0.065 m (along +0.062 cross -0.021) yaw  -0.24 deg  m->o yaw  -0.17 deg | fit true 0.062 est 0.069 (x1.11)  enc/true 1.025  dr_err 0.55 m[0m
[localization_error-8] [0m[INFO] [1789171850.022919357] [localization_error]: now[200] 0.219 m / 1.23 deg  |  session[n=453] mean 0.231 p95 0.539 max 0.978 m, heading mean 1.35 max 4.34 deg[0m
[pure_pursuit-11] [0m[INFO] [1789171852.678312075] [pure_pursuit]: lap 4: 6.48 s[0m
[log_localization-9] [0m[INFO] [1789171854.396433537] [log_localization]:   29.9 s   119.5 m  err 0.176 m (along -0.175 cross -0.007) yaw  +2.57 deg  m->o yaw  +2.18 deg | fit true 0.035 est 0.025 (x0.71)  enc/true 1.024  dr_err 0.79 m[0m
[localization_error-8] [0m[INFO] [1789171855.022206875] [localization_error]: now[200] 0.213 m / 1.19 deg  |  session[n=553] mean 0.228 p95 0.526 max 0.978 m, heading mean 1.30 max 4.34 deg[0m
[pure_pursuit-11] [0m[INFO] [1789171859.177910725] [pure_pursuit]: lap 5: 6.49 s[0m
[log_localization-9] [0m[INFO] [1789171859.396993946] [log_localization]:   35.0 s   138.5 m  err 0.119 m (along +0.113 cross -0.037) yaw  -0.79 deg  m->o yaw  -0.79 deg | fit true 0.019 est 0.029 (x1.56)  enc/true 1.024  dr_err 0.86 m[0m
[localization_error-8] [0m[INFO] [1789171860.022564031] [localization_error]: now[200] 0.212 m / 1.36 deg  |  session[n=653] mean 0.225 p95 0.512 max 0.978 m, heading mean 1.35 max 4.77 deg[0m
[log_localization-9] [0m[INFO] [1789171864.396157325] [log_localization]:   39.9 s   161.2 m  err 0.192 m (along -0.191 cross -0.008) yaw  +3.13 deg  m->o yaw  +3.45 deg | fit true 0.033 est 0.003 (x0.08)  enc/true 1.022  dr_err 0.79 m[0m
[localization_error-8] [0m[INFO] [1789171865.022541628] [localization_error]: now[200] 0.204 m / 1.52 deg  |  session[n=753] mean 0.221 p95 0.508 max 0.978 m, heading mean 1.36 max 4.77 deg[0m
[pure_pursuit-11] [0m[INFO] [1789171865.736805154] [pure_pursuit]: lap 6: 6.56 s[0m
[log_localization-9] [0m[INFO] [1789171869.395748326] [log_localization]:   44.9 s   181.8 m  err 0.066 m (along +0.065 cross -0.012) yaw  +0.24 deg  m->o yaw  +0.25 deg | fit true 0.040 est 0.034 (x0.85)  enc/true 1.022  dr_err 0.96 m[0m
[localization_error-8] [0m[INFO] [1789171870.022662287] [localization_error]: now[200] 0.213 m / 1.58 deg  |  session[n=853] mean 0.222 p95 0.507 max 0.978 m, heading mean 1.41 max 5.63 deg[0m
[pure_pursuit-11] [0m[INFO] [1789171872.228581256] [pure_pursuit]: lap 7: 6.50 s[0m
[log_localization-9] [0m[INFO] [1789171874.396472822] [log_localization]:   49.9 s   204.2 m  err 0.076 m (along -0.076 cross -0.002) yaw  +3.66 deg  m->o yaw  +3.41 deg | fit true 0.031 est 0.027 (x0.87)  enc/true 1.021  dr_err 1.13 m[0m
[localization_error-8] [0m[INFO] [1789171875.022553484] [localization_error]: now[200] 0.204 m / 1.36 deg  |  session[n=953] mean 0.218 p95 0.489 max 0.978 m, heading mean 1.36 max 5.63 deg[0m
[pure_pursuit-11] [0m[INFO] [1789171878.812460892] [pure_pursuit]: lap 8: 6.58 s[0m
[log_localization-9] [0m[INFO] [1789171879.395659749] [log_localization]:   54.9 s   223.8 m  err 0.182 m (along +0.182 cross +0.006) yaw  +0.97 deg  m->o yaw  +1.01 deg | fit true 0.002 est 0.012 (x5.21)  enc/true 1.022  dr_err 1.30 m[0m
[localization_error-8] [0m[INFO] [1789171880.022371205] [localization_error]: now[200] 0.202 m / 1.17 deg  |  session[n=1053] mean 0.218 p95 0.487 max 0.978 m, heading mean 1.36 max 5.63 deg[0m
[log_localization-9] [0m[INFO] [1789171884.395745921] [log_localization]:   59.9 s   245.8 m  err 0.072 m (along -0.072 cross +0.006) yaw  +3.76 deg  m->o yaw  +3.85 deg | fit true 0.021 est 0.024 (x1.16)  enc/true 1.021  dr_err 1.24 m[0m
[localization_error-8] [0m[INFO] [1789171885.022176633] [localization_error]: now[200] 0.194 m / 1.41 deg  |  session[n=1153] mean 0.214 p95 0.478 max 0.978 m, heading mean 1.37 max 5.63 deg[0m
[pure_pursuit-11] [0m[INFO] [1789171885.361678229] [pure_pursuit]: lap 9: 6.55 s[0m
[log_localization-9] [0m[INFO] [1789171889.395889859] [log_localization]:   64.9 s   266.7 m  err 0.093 m (along +0.093 cross -0.009) yaw  -0.23 deg  m->o yaw  -0.18 deg | fit true 0.016 est 0.020 (x1.24)  enc/true 1.021  dr_err 1.38 m[0m
[localization_error-8] [0m[INFO] [1789171890.022954494] [localization_error]: now[200] 0.203 m / 1.40 deg  |  session[n=1253] mean 0.216 p95 0.479 max 0.978 m, heading mean 1.37 max 5.63 deg[0m
[pure_pursuit-11] [0m[INFO] [1789171891.894679879] [pure_pursuit]: lap 10: 6.54 s[0m
[log_localization-9] [0m[INFO] [1789171894.396396298] [log_localization]:   69.9 s   288.9 m  err 0.014 m (along -0.014 cross -0.000) yaw  +0.83 deg  m->o yaw  +0.63 deg | fit true 0.013 est 0.014 (x1.04)  enc/true 1.020  dr_err 1.56 m[0m
[localization_error-8] [0m[INFO] [1789171895.022669423] [localization_error]: now[200] 0.218 m / 1.31 deg  |  session[n=1353] mean 0.214 p95 0.477 max 0.978 m, heading mean 1.36 max 5.63 deg[0m
[pure_pursuit-11] [0m[INFO] [1789171898.398829587] [pure_pursuit]: lap 11: 6.51 s[0m
[log_localization-9] [0m[INFO] [1789171899.396300665] [log_localization]:   74.9 s   309.8 m  err 0.099 m (along +0.099 cross -0.009) yaw  +0.41 deg  m->o yaw  +0.39 deg | fit true 0.010 est 0.012 (x1.21)  enc/true 1.021  dr_err 1.72 m[0m
[localization_error-8] [0m[INFO] [1789171900.023099830] [localization_error]: now[200] 0.217 m / 1.29 deg  |  session[n=1453] mean 0.216 p95 0.474 max 0.978 m, heading mean 1.36 max 5.63 deg[0m
[log_localization-9] [0m[INFO] [1789171904.395713438] [log_localization]:   79.9 s   330.3 m  err 0.021 m (along +0.020 cross -0.008) yaw  +1.72 deg  m->o yaw  +1.80 deg | fit true 0.016 est 0.022 (x1.40)  enc/true 1.020  dr_err 1.76 m[0m
[pure_pursuit-11] [0m[INFO] [1789171904.950117573] [pure_pursuit]: lap 12: 6.54 s[0m
[localization_error-8] [0m[INFO] [1789171905.022439812] [localization_error]: now[200] 0.202 m / 1.29 deg  |  session[n=1553] mean 0.213 p95 0.463 max 0.978 m, heading mean 1.35 max 5.63 deg[0m
[log_localization-9] [0m[INFO] [1789171909.396423985] [log_localization]:   84.9 s   352.4 m  err 0.069 m (along +0.068 cross +0.009) yaw  +0.29 deg  m->o yaw  +0.09 deg | fit true 0.006 est 0.013 (x2.19)  enc/true 1.021  dr_err 1.77 m[0m
[localization_error-8] [0m[INFO] [1789171910.022625693] [localization_error]: now[200] 0.201 m / 1.39 deg  |  session[n=1653] mean 0.214 p95 0.469 max 0.978 m, heading mean 1.36 max 5.63 deg[0m
[pure_pursuit-11] [0m[INFO] [1789171911.406136520] [pure_pursuit]: lap 13: 6.47 s[0m
[log_localization-9] [0m[INFO] [1789171914.395735513] [log_localization]:   89.9 s   373.2 m  err 0.037 m (along +0.032 cross -0.018) yaw  -1.02 deg  m->o yaw  -0.98 deg | fit true 0.031 est 0.033 (x1.04)  enc/true 1.020  dr_err 1.91 m[0m
[localization_error-8] [0m[INFO] [1789171915.022309308] [localization_error]: now[200] 0.214 m / 1.41 deg  |  session[n=1753] mean 0.213 p95 0.465 max 0.978 m, heading mean 1.36 max 5.63 deg[0m
[pure_pursuit-11] [0m[INFO] [1789171917.964819579] [pure_pursuit]: lap 14: 6.55 s[0m
[log_localization-9] [0m[INFO] [1789171919.396326345] [log_localization]:   94.9 s   395.8 m  err 0.127 m (along -0.127 cross +0.009) yaw  +1.39 deg  m->o yaw  +1.23 deg | fit true 0.015 est 0.008 (x0.50)  enc/true 1.020  dr_err 2.10 m[0m
[localization_error-8] [0m[INFO] [1789171920.022309080] [localization_error]: now[200] 0.215 m / 1.30 deg  |  session[n=1853] mean 0.214 p95 0.471 max 0.978 m, heading mean 1.35 max 5.63 deg[0m
[log_localization-9] [0m[INFO] [1789171924.395716998] [log_localization]:   99.9 s   415.2 m  err 0.091 m (along +0.081 cross -0.041) yaw  -0.70 deg  m->o yaw  -0.69 deg | fit true 0.010 est 0.016 (x1.64)  enc/true 1.020  dr_err 2.24 m[0m
[pure_pursuit-11] [0m[INFO] [1789171924.401699169] [pure_pursuit]: lap 15: 6.44 s[0m
[localization_error-8] [0m[INFO] [1789171925.022638602] [localization_error]: now[200] 0.210 m / 1.36 deg  |  session[n=1953] mean 0.213 p95 0.465 max 0.978 m, heading mean 1.36 max 5.63 deg[0m
[log_localization-9] [0m[INFO] [1789171929.396366519] [log_localization]:  104.9 s   438.1 m  err 0.092 m (along -0.091 cross +0.008) yaw  +1.31 deg  m->o yaw  +1.34 deg | fit true 0.007 est 0.009 (x1.34)  enc/true 1.020  dr_err 2.23 m[0m
[localization_error-8] [0m[INFO] [1789171930.022554143] [localization_error]: now[200] 0.206 m / 1.56 deg  |  session[n=2053] mean 0.213 p95 0.468 max 0.978 m, heading mean 1.37 max 5.63 deg[0m
[pure_pursuit-11] [0m[INFO] [1789171930.896030301] [pure_pursuit]: lap 16: 6.49 s[0m
[log_localization-9] [0m[INFO] [1789171934.396254810] [log_localization]:  109.9 s   459.0 m  err 0.125 m (along +0.124 cross -0.008) yaw  -0.20 deg  m->o yaw  -0.18 deg | fit true 0.044 est 0.050 (x1.14)  enc/true 1.020  dr_err 2.42 m[0m
[localization_error-8] [0m[INFO] [1789171935.023161908] [localization_error]: now[200] 0.233 m / 1.59 deg  |  session[n=2153] mean 0.215 p95 0.475 max 0.978 m, heading mean 1.38 max 5.63 deg[0m
[pure_pursuit-11] [0m[INFO] [1789171937.296803690] [pure_pursuit]: lap 17: 6.41 s[0m
[log_localization-9] [0m[INFO] [1789171939.395666687] [log_localization]:  114.9 s   481.6 m  err 0.086 m (along -0.086 cross +0.003) yaw  +3.05 deg  m->o yaw  +2.81 deg | fit true 0.032 est 0.022 (x0.67)  enc/true 1.020  dr_err 2.56 m[0m
[localization_error-8] [0m[INFO] [1789171940.022476771] [localization_error]: now[200] 0.225 m / 1.45 deg  |  session[n=2253] mean 0.214 p95 0.474 max 0.978 m, heading mean 1.38 max 5.63 deg[0m
[pure_pursuit-11] [0m[INFO] [1789171943.953547174] [pure_pursuit]: lap 18: 6.65 s[0m
[log_localization-9] [0m[INFO] [1789171944.395813737] [log_localization]:  119.9 s   500.9 m  err 0.200 m (along +0.200 cross -0.012) yaw  -0.24 deg  m->o yaw  -0.17 deg | fit true 0.009 est 0.025 (x2.71)  enc/true 1.020  dr_err 2.68 m[0m
[localization_error-8] [0m[INFO] [1789171945.022692137] [localization_error]: now[200] 0.221 m / 1.39 deg  |  session[n=2353] mean 0.215 p95 0.472 max 0.978 m, heading mean 1.38 max 5.63 deg[0m
[log_localization-9] [0m[INFO] [1789171949.396358323] [log_localization]:  124.9 s   523.3 m  err 0.097 m (along -0.097 cross -0.003) yaw  +2.93 deg  m->o yaw  +3.09 deg | fit true 0.018 est 0.017 (x0.94)  enc/true 1.020  dr_err 2.70 m[0m
[localization_error-8] [0m[INFO] [1789171950.023171981] [localization_error]: now[200] 0.210 m / 1.40 deg  |  session[n=2453] mean 0.214 p95 0.470 max 0.978 m, heading mean 1.38 max 5.63 deg[0m
[pure_pursuit-11] [0m[INFO] [1789171950.492334352] [pure_pursuit]: lap 19: 6.55 s[0m
[log_localization-9] [0m[INFO] [1789171954.396409194] [log_localization]:  129.9 s   544.0 m  err 0.053 m (along +0.051 cross -0.015) yaw  -0.05 deg  m->o yaw  +0.09 deg | fit true 0.024 est 0.017 (x0.68)  enc/true 1.020  dr_err 2.83 m[0m
[localization_error-8] [0m[INFO] [1789171955.024046588] [localization_error]: now[200] 0.214 m / 1.31 deg  |  session[n=2553] mean 0.215 p95 0.470 max 0.978 m, heading mean 1.38 max 5.63 deg[0m
[pure_pursuit-11] [0m[INFO] [1789171957.036457940] [pure_pursuit]: lap 20: 6.54 s[0m
[log_localization-9] [0m[INFO] [1789171959.395723198] [log_localization]:  134.9 s   566.4 m  err 0.010 m (along -0.010 cross +0.004) yaw  +0.84 deg  m->o yaw  +1.17 deg | fit true 0.021 est 0.021 (x1.00)  enc/true 1.020  dr_err 2.96 m[0m
[localization_error-8] [0m[INFO] [1789171960.022912573] [localization_error]: now[200] 0.219 m / 1.29 deg  |  session[n=2653] mean 0.214 p95 0.470 max 0.978 m, heading mean 1.37 max 5.63 deg[0m
[pure_pursuit-11] [0m[INFO] [1789171963.556047555] [pure_pursuit]: lap 21: 6.50 s[0m
[log_localization-9] [0m[INFO] [1789171964.396255440] [log_localization]:  139.9 s   586.9 m  err 0.261 m (along +0.261 cross -0.004) yaw  -0.42 deg  m->o yaw  -0.35 deg | fit true 0.018 est 0.028 (x1.55)  enc/true 1.020  dr_err 3.12 m[0m
[localization_error-8] [0m[INFO] [1789171965.022291729] [localization_error]: now[200] 0.230 m / 1.33 deg  |  session[n=2753] mean 0.216 p95 0.474 max 0.978 m, heading mean 1.37 max 5.63 deg[0m
[log_localization-9] [0m[INFO] [1789171969.396073665] [log_localization]:  145.0 s   608.1 m  err 0.041 m (along -0.041 cross -0.006) yaw  +1.72 deg  m->o yaw  +1.14 deg | fit true 0.017 est 0.006 (x0.38)  enc/true 1.020  dr_err 3.13 m[0m
[pure_pursuit-11] [0m[INFO] [1789171970.005141934] [pure_pursuit]: lap 22: 6.47 s[0m
[localization_error-8] [0m[INFO] [1789171970.022252140] [localization_error]: now[200] 0.216 m / 1.48 deg  |  session[n=2853] mean 0.215 p95 0.471 max 0.978 m, heading mean 1.38 max 5.63 deg[0m
[log_localization-9] [0m[INFO] [1789171974.396707247] [log_localization]:  150.0 s   629.8 m  err 0.158 m (along +0.156 cross +0.023) yaw  +1.87 deg  m->o yaw  +1.58 deg | fit true 0.001 est 0.026 (x22.38)  enc/true 1.020  dr_err 3.26 m[0m
[localization_error-8] [0m[INFO] [1789171975.022217153] [localization_error]: now[200] 0.213 m / 1.65 deg  |  session[n=2953] mean 0.216 p95 0.470 max 0.978 m, heading mean 1.39 max 5.63 deg[0m
[pure_pursuit-11] [0m[INFO] [1789171976.510687650] [pure_pursuit]: lap 23: 6.49 s[0m
[log_localization-9] [0m[INFO] [1789171979.395812434] [log_localization]:  154.9 s   651.3 m  err 0.105 m (along +0.101 cross -0.029) yaw  -2.94 deg  m->o yaw  -2.60 deg | fit true 0.025 est 0.038 (x1.52)  enc/true 1.020  dr_err 3.39 m[0m
[localization_error-8] [0m[INFO] [1789171980.023341776] [localization_error]: now[200] 0.224 m / 1.67 deg  |  session[n=3053] mean 0.215 p95 0.469 max 0.978 m, heading mean 1.40 max 5.63 deg[0m
[pure_pursuit-11] [0m[INFO] [1789171983.294738582] [pure_pursuit]: lap 24: 6.79 s[0m
[log_localization-9] [0m[INFO] [1789171984.396135688] [log_localization]:  159.9 s   673.5 m  err 0.028 m (along +0.027 cross -0.008) yaw  +0.27 deg  m->o yaw  +0.23 deg | fit true 0.008 est 0.011 (x1.31)  enc/true 1.020  dr_err 3.52 m[0m
[localization_error-8] [0m[INFO] [1789171985.022595578] [localization_error]: now[200] 0.216 m / 1.48 deg  |  session[n=3153] mean 0.216 p95 0.469 max 0.978 m, heading mean 1.40 max 5.63 deg[0m
[log_localization-9] [0m[INFO] [1789171989.395749985] [log_localization]:  164.9 s   693.8 m  err 0.033 m (along +0.027 cross -0.019) yaw  +0.22 deg  m->o yaw  +0.42 deg | fit true 0.018 est 0.010 (x0.56)  enc/true 1.019  dr_err 3.65 m[0m
[pure_pursuit-11] [0m[INFO] [1789171989.778953711] [pure_pursuit]: lap 25: 6.48 s[0m
[localization_error-8] [0m[INFO] [1789171990.022256100] [localization_error]: now[200] 0.206 m / 1.27 deg  |  session[n=3253] mean 0.215 p95 0.467 max 0.978 m, heading mean 1.39 max 5.63 deg[0m
[log_localization-9] [0m[INFO] [1789171994.396529833] [log_localization]:  170.0 s   716.2 m  err 0.041 m (along +0.033 cross +0.024) yaw  -0.30 deg  m->o yaw  -0.23 deg | fit true 0.009 est 0.015 (x1.74)  enc/true 1.020  dr_err 3.66 m[0m
[localization_error-8] [0m[INFO] [1789171995.022618584] [localization_error]: now[200] 0.204 m / 1.50 deg  |  session[n=3353] mean 0.215 p95 0.464 max 0.978 m, heading mean 1.40 max 5.63 deg[0m
[pure_pursuit-11] [0m[INFO] [1789171996.205751863] [pure_pursuit]: lap 26: 6.44 s[0m
[log_localization-9] [0m[INFO] [1789171999.396157901] [log_localization]:  174.9 s   736.8 m  err 0.098 m (along +0.093 cross -0.032) yaw  -1.61 deg  m->o yaw  -1.58 deg | fit true 0.058 est 0.075 (x1.30)  enc/true 1.019  dr_err 3.78 m[0m
[localization_error-8] [0m[INFO] [1789172000.022781039] [localization_error]: now[200] 0.218 m / 1.59 deg  |  session[n=3453] mean 0.215 p95 0.462 max 0.978 m, heading mean 1.41 max 5.63 deg[0m
[pure_pursuit-11] [0m[INFO] [1789172002.791918572] [pure_pursuit]: lap 27: 6.57 s[0m
[log_localization-9] [0m[INFO] [1789172004.395746781] [log_localization]:  179.9 s   759.6 m  err 0.134 m (along -0.133 cross -0.006) yaw  +1.93 deg  m->o yaw  +1.82 deg | fit true 0.041 est 0.017 (x0.40)  enc/true 1.019  dr_err 3.94 m[0m
[localization_error-8] [0m[INFO] [1789172005.022258064] [localization_error]: now[200] 0.209 m / 1.42 deg  |  session[n=3553] mean 0.215 p95 0.460 max 0.978 m, heading mean 1.40 max 5.63 deg[0m
[pure_pursuit-11] [0m[INFO] [1789172009.379526433] [pure_pursuit]: lap 28: 6.59 s[0m
[log_localization-9] [0m[INFO] [1789172009.395671427] [log_localization]:  184.9 s   778.9 m  err 0.032 m (along +0.017 cross -0.027) yaw  +0.40 deg  m->o yaw  +0.20 deg | fit true 0.011 est 0.019 (x1.76)  enc/true 1.019  dr_err 4.12 m[0m
[localization_error-8] [0m[INFO] [1789172010.022928172] [localization_error]: now[200] 0.202 m / 1.38 deg  |  session[n=3653] mean 0.214 p95 0.459 max 0.978 m, heading mean 1.40 max 5.63 deg[0m
[log_localization-9] [0m[INFO] [1789172014.396456255] [log_localization]:  189.9 s   801.7 m  err 0.106 m (along -0.106 cross +0.002) yaw  +1.34 deg  m->o yaw  +1.01 deg | fit true 0.008 est 0.004 (x0.53)  enc/true 1.019  dr_err 4.13 m[0m
[localization_error-8] [0m[INFO] [1789172015.022345870] [localization_error]: now[200] 0.189 m / 1.41 deg  |  session[n=3753] mean 0.213 p95 0.458 max 0.978 m, heading mean 1.40 max 5.63 deg[0m
[pure_pursuit-11] [0m[INFO] [1789172015.882519774] [pure_pursuit]: lap 29: 6.51 s[0m
[log_localization-9] [0m[INFO] [1789172019.396173628] [log_localization]:  194.9 s   822.6 m  err 0.111 m (along +0.110 cross -0.015) yaw  -0.42 deg  m->o yaw  -0.27 deg | fit true 0.045 est 0.042 (x0.93)  enc/true 1.019  dr_err 4.32 m[0m
[localization_error-8] [0m[INFO] [1789172020.022514558] [localization_error]: now[200] 0.211 m / 1.50 deg  |  session[n=3853] mean 0.214 p95 0.460 max 0.978 m, heading mean 1.41 max 5.63 deg[0m
[pure_pursuit-11] [0m[INFO] [1789172022.308529138] [pure_pursuit]: lap 30: 6.41 s[0m
[log_localization-9] [0m[INFO] [1789172024.395990586] [log_localization]:  199.9 s   845.5 m  err 0.053 m (along -0.046 cross +0.025) yaw  +2.08 deg  m->o yaw  +2.15 deg | fit true 0.031 est 0.011 (x0.36)  enc/true 1.019  dr_err 4.41 m[0m
[localization_error-8] [0m[INFO] [1789172025.022840580] [localization_error]: now[200] 0.209 m / 1.26 deg  |  session[n=3953] mean 0.213 p95 0.460 max 0.978 m, heading mean 1.40 max 5.63 deg[0m
[pure_pursuit-11] [0m[INFO] [1789172028.749546753] [pure_pursuit]: lap 31: 6.45 s[0m
[log_localization-9] [0m[INFO] [1789172029.395737564] [log_localization]:  204.9 s   865.1 m  err 0.078 m (along +0.078 cross +0.000) yaw  +0.31 deg  m->o yaw  +0.33 deg | fit true 0.002 est 0.004 (x1.69)  enc/true 1.019  dr_err 4.56 m[0m
[localization_error-8] [0m[INFO] [1789172030.022267929] [localization_error]: now[200] 0.205 m / 1.17 deg  |  session[n=4053] mean 0.214 p95 0.460 max 0.978 m, heading mean 1.40 max 5.63 deg[0m
[log_localization-9] [0m[INFO] [1789172034.396065810] [log_localization]:  209.9 s   886.9 m  err 0.091 m (along -0.091 cross -0.003) yaw  +4.72 deg  m->o yaw  +4.57 deg | fit true 0.022 est 0.020 (x0.89)  enc/true 1.019  dr_err 4.57 m[0m
[localization_error-8] [0m[INFO] [1789172035.022642534] [localization_error]: now[200] 0.197 m / 1.46 deg  |  session[n=4153] mean 0.212 p95 0.458 max 0.978 m, heading mean 1.40 max 5.63 deg[0m
[pure_pursuit-11] [0m[INFO] [1789172035.323187443] [pure_pursuit]: lap 32: 6.57 s[0m
