[INFO] [launch]: All log files can be found below /root/.ros/log/2026-09-17-16-35-27-050642-adil-laptop-159
[INFO] [launch]: Default logging verbosity is set to INFO
[INFO] [launch.user]: [race] mode=dev  localizer=amcl  instruments=ON  bootstrap=truth
[INFO] [dead_reckoning-1]: process started with pid [185]
[INFO] [amcl-4]: process started with pid [191]
[INFO] [localization_bootstrap-6]: process started with pid [195]
[INFO] [localization_error-7]: process started with pid [197]
[INFO] [log_localization-8]: process started with pid [199]
[INFO] [static_transform_publisher-2]: process started with pid [187]
[INFO] [map_server-3]: process started with pid [189]
[INFO] [lifecycle_manager-5]: process started with pid [193]
[INFO] [static_transform_publisher-9]: process started with pid [201]
[static_transform_publisher-2] 1789662927.167846 [0] static_tra: selected interface "lo" is not multicast-capable: disabling multicast
[lifecycle_manager-5] 1789662927.173477 [0] lifecycle_: selected interface "lo" is not multicast-capable: disabling multicast
[static_transform_publisher-9] 1789662927.177781 [0] static_tra: selected interface "lo" is not multicast-capable: disabling multicast
[amcl-4] 1789662927.178613 [0]       amcl: selected interface "lo" is not multicast-capable: disabling multicast
[static_transform_publisher-2] [INFO] [1789662927.180279918] [lidar_tf]: Spinning until stopped - publishing transform
[static_transform_publisher-2] translation: ('0.273300', '0.000000', '0.096000')
[static_transform_publisher-2] rotation: ('0.000000', '0.000000', '0.000000', '1.000000')
[static_transform_publisher-2] from 'roboracer_1' to 'lidar'
[lifecycle_manager-5] [INFO] [1789662927.185575492] [lifecycle_manager_localization]: Creating
[map_server-3] 1789662927.187463 [0] map_server: selected interface "lo" is not multicast-capable: disabling multicast
[static_transform_publisher-9] [INFO] [1789662927.189522663] [map_world_tf]: Spinning until stopped - publishing transform
[static_transform_publisher-9] translation: ('0.000000', '0.000000', '0.000000')
[static_transform_publisher-9] rotation: ('0.000000', '0.000000', '0.000000', '1.000000')
[static_transform_publisher-9] from 'map' to 'world'
[lifecycle_manager-5] [INFO] [1789662927.190855336] [lifecycle_manager_localization]: [34m[1mCreating and initializing lifecycle service clients[0m[0m
[amcl-4] [0m[INFO] [1789662927.194474231] [amcl]: 
[amcl-4] 	amcl lifecycle node launched. 
[amcl-4] 	Waiting on external lifecycle transitions to activate
[amcl-4] 	See https://design.ros2.org/articles/node_lifecycle.html for more information.[0m
[amcl-4] [0m[INFO] [1789662927.195652368] [amcl]: Creating[0m
[map_server-3] [INFO] [1789662927.207918682] [map_server]: 
[map_server-3] 	map_server lifecycle node launched. 
[map_server-3] 	Waiting on external lifecycle transitions to activate
[map_server-3] 	See https://design.ros2.org/articles/node_lifecycle.html for more information.
[map_server-3] [INFO] [1789662927.208108384] [map_server]: Creating
[lifecycle_manager-5] [INFO] [1789662927.214255343] [lifecycle_manager_localization]: [34m[1mStarting managed nodes bringup...[0m[0m
[lifecycle_manager-5] [INFO] [1789662927.214342028] [lifecycle_manager_localization]: [34m[1mConfiguring map_server[0m[0m
[map_server-3] [INFO] [1789662927.215076399] [map_server]: Configuring
[map_server-3] [INFO] [1789662927.215206127] [map_io]: Loading yaml file: /root/Documents/roboracer/devkit_ws/src/racer_mapping/maps/iros2026/track_clean.yaml
[map_server-3] [INFO] [1789662927.215668118] [map_io]: resolution: 0.025
[map_server-3] [INFO] [1789662927.215723063] [map_io]: origin[0]: 0.00427
[map_server-3] [INFO] [1789662927.215736358] [map_io]: origin[1]: -16.8
[map_server-3] [INFO] [1789662927.215745145] [map_io]: origin[2]: 0
[map_server-3] [INFO] [1789662927.215753912] [map_io]: free_thresh: 0.25
[map_server-3] [INFO] [1789662927.215762088] [map_io]: occupied_thresh: 0.65
[map_server-3] [INFO] [1789662927.215774341] [map_io]: mode: trinary
[map_server-3] [INFO] [1789662927.215784330] [map_io]: negate: 0
[map_server-3] [INFO] [1789662927.216205373] [map_io]: Loading image_file: /root/Documents/roboracer/devkit_ws/src/racer_mapping/maps/iros2026/track_clean.pgm
[map_server-3] [INFO] [1789662927.260675341] [map_io]: Read map /root/Documents/roboracer/devkit_ws/src/racer_mapping/maps/iros2026/track_clean.pgm: 241 X 901 map @ 0.025 m/cell
[lifecycle_manager-5] [INFO] [1789662927.266301957] [lifecycle_manager_localization]: [34m[1mConfiguring amcl[0m[0m
[amcl-4] [0m[INFO] [1789662927.266550120] [amcl]: Configuring[0m
[amcl-4] [0m[INFO] [1789662927.266679778] [amcl]: initTransforms[0m
[amcl-4] [0m[INFO] [1789662927.280097038] [amcl]: initPubSub[0m
[amcl-4] [0m[INFO] [1789662927.288242860] [amcl]: Subscribed to map topic.[0m
[lifecycle_manager-5] [INFO] [1789662927.300161500] [lifecycle_manager_localization]: [34m[1mActivating map_server[0m[0m
[map_server-3] [INFO] [1789662927.300426716] [map_server]: Activating
[map_server-3] [INFO] [1789662927.301140568] [map_server]: Creating bond (map_server) to lifecycle manager.
[amcl-4] [0m[INFO] [1789662927.306405113] [amcl]: Received a 241 X 901 map @ 0.025 m/pix[0m
[lifecycle_manager-5] [INFO] [1789662927.413745958] [lifecycle_manager_localization]: Server map_server connected with bond.
[lifecycle_manager-5] [INFO] [1789662927.414859853] [lifecycle_manager_localization]: [34m[1mActivating amcl[0m[0m
[amcl-4] [0m[INFO] [1789662927.415090373] [amcl]: Activating[0m
[amcl-4] [0m[INFO] [1789662927.415147983] [amcl]: initialPoseReceived[0m
[amcl-4] [0m[INFO] [1789662927.415279063] [amcl]: Setting pose (1789662927.415279): 0.818 3.158 -1.571[0m
[amcl-4] [0m[INFO] [1789662927.418860235] [amcl]: Creating bond (amcl) to lifecycle manager.[0m
[lifecycle_manager-5] [INFO] [1789662927.522337328] [lifecycle_manager_localization]: Server amcl connected with bond.
[lifecycle_manager-5] [INFO] [1789662927.522421318] [lifecycle_manager_localization]: [34m[1mManaged nodes are active[0m[0m
[lifecycle_manager-5] [INFO] [1789662927.522444482] [lifecycle_manager_localization]: [34m[1mCreating bond timer...[0m[0m
[dead_reckoning-1] 1789662927.677741 [0] dead_recko: selected interface "lo" is not multicast-capable: disabling multicast
[localization_error-7] 1789662927.681399 [0] localizati: selected interface "lo" is not multicast-capable: disabling multicast
[localization_bootstrap-6] 1789662927.683700 [0] localizati: selected interface "lo" is not multicast-capable: disabling multicast
[amcl-4] [0m[INFO] [1789662927.760265481] [amcl]: Message Filter dropping message: frame 'lidar' at time 1789662927.294 for reason 'discarding message because the queue is full'[0m
[log_localization-8] 1789662927.789772 [0] log_locali: selected interface "lo" is not multicast-capable: disabling multicast
[dead_reckoning-1] [0m[INFO] [1789662927.801486340] [dead_reckoning]: dead reckoning: odom -> roboracer_1, wheel r=0.0581 m, scale=1.0, 200 Hz, tf +20 ms, extrapolate yaw=True pos=True[0m
[localization_error-7] [31m[ERROR] [1789662927.807106854] [localization_error]: RESTRICTED TOPIC: reading /autodrive/roboracer_1/odom (simulator ground-truth pose and twist) -- continuous comparison against TF map -> roboracer_1. This run is NOT race-legal; any lap time from it is a development number. See racer_common/restricted.py.[0m
[localization_error-7] [0m[INFO] [1789662927.808348843] [localization_error]: sampling starts 1.0 s after /localization_ready; bootstrap is excluded (require_ready:=false to include it)[0m
[localization_error-7] [0m[INFO] [1789662927.809827525] [localization_error]: waiting for TF map -> roboracer_1: "map" passed to lookupTransform argument target_frame does not exist. [0m
[localization_bootstrap-6] [0m[INFO] [1789662927.816945215] [localization_bootstrap]: centreline runs against the lap; arc length reversed for checkpoint ordering[0m
[localization_bootstrap-6] [0m[INFO] [1789662927.834086801] [localization_bootstrap]: WARMUP SEED: reading /autodrive/roboracer_1/ips (simulator ground-truth position) ONCE -- initial pose seed. Legal: the first lap is warmup, this is read before the car moves, and it is released immediately after. Nothing reads ground truth afterwards.[0m
[localization_bootstrap-6] [0m[INFO] [1789662927.834963333] [localization_bootstrap]: mode=truth: seeding the initial pose from /ips + /imu before the car moves, then releasing /ips. Tracking is lidar + map + dead reckoning from there on.[0m
[localization_bootstrap-6] [0m[INFO] [1789662927.835796703] [localization_bootstrap]: waiting for amcl to reach the active state before sending anything[0m
[amcl-4] [0m[INFO] [1789662927.854205808] [amcl]: createLaserObject[0m
[localization_bootstrap-6] [0m[INFO] [1789662927.889070382] [localization_bootstrap]: amcl is ACTIVE -- an initial pose will now be accepted[0m
[localization_bootstrap-6] [0m[INFO] [1789662927.937428563] [localization_bootstrap]: seed 1/5: x=+0.800 y=+3.158 yaw=-90.0 deg -- awaiting confirmation[0m
[localization_bootstrap-6] [0m[INFO] [1789662927.938355115] [localization_bootstrap]: MEASURED SPAWN x=+0.800 y=+3.158 yaw=-90.0 deg -- within 2 cm of racer_common.frames.SPAWN_*, so the fallback is sound too. Nothing to change.[0m
[log_localization-8] [31m[ERROR] [1789662927.953018814] [log_localization]: RESTRICTED TOPIC: reading /autodrive/roboracer_1/ips (simulator ground-truth position) -- continuous logging against the estimate. This run is NOT race-legal; any lap time from it is a development number. See racer_common/restricted.py.[0m
[log_localization-8] [31m[ERROR] [1789662927.953847463] [log_localization]: RESTRICTED TOPIC: reading /autodrive/roboracer_1/odom (simulator ground-truth pose and twist) -- continuous logging against the estimate. This run is NOT race-legal; any lap time from it is a development number. See racer_common/restricted.py.[0m
[log_localization-8] [0m[INFO] [1789662927.955034382] [log_localization]: logging to /root/Documents/roboracer/experiments/iros2026/L3_h70b_amcl_beams360/run.csv at 20 Hz until Ctrl-C[0m
[log_localization-8] [0m[INFO] [1789662928.006104642] [log_localization]: waiting for TF map -> roboracer_1 ...[0m
[amcl-4] [0m[INFO] [1789662928.138618197] [amcl]: initialPoseReceived[0m
[amcl-4] [0m[INFO] [1789662928.138827068] [amcl]: Setting pose (1789662928.138827): 0.800 3.158 -1.571[0m
[amcl-4] [0m[INFO] [1789662928.142362286] [amcl]: Requesting no-motion update[0m
[amcl-4] [0m[INFO] [1789662928.436516279] [amcl]: Requesting no-motion update[0m
[amcl-4] [0m[INFO] [1789662928.836729909] [amcl]: Requesting no-motion update[0m
[pure_pursuit] launch overrides: {'v_max': 8.5, 'warmup_v_max': 2.0, 'warmup_dist_m': 21.0, 'target_lead_s': 0.0, 'slip_circle': 0.12, 'accel_ff': 1.0, 'control_hz': 45.0}
[INFO] [pure_pursuit-10]: process started with pid [348]
[amcl-4] [0m[INFO] [1789662929.286766489] [amcl]: Requesting no-motion update[0m
[pure_pursuit-10] 1789662929.509415 [0] pure_pursu: selected interface "lo" is not multicast-capable: disabling multicast
[pure_pursuit-10] [0m[INFO] [1789662929.632441907] [pure_pursuit]: path: 435 points, 43.41 m lap, from /root/Documents/roboracer/raceline/iros2026/raceline_tum_iqp_h7.0_a7.0b.csv[0m
[pure_pursuit-10] [0m[INFO] [1789662929.639230345] [pure_pursuit]: pose from TF map -> roboracer_1 (continuous); /amcl_pose kept as a fallback[0m
[pure_pursuit-10] [0m[INFO] [1789662929.641455936] [pure_pursuit]: steering on /amcl_pose[0m
[pure_pursuit-10] [0m[INFO] [1789662929.642258476] [pure_pursuit]: warmup cap: speed target held at 2.00 m/s for the first 21.0 m of driving, then released[0m
[pure_pursuit-10] [0m[INFO] [1789662929.646665493] [pure_pursuit]: speed_source=tire  throttle_mode=slip  slip band [-0.08, +0.08]  u_launch 0.4 m/s  lookahead 0.8-2.2 m (k 0.55)  latency_comp 0.05 s[0m
[pure_pursuit-10] [0m[INFO] [1789662929.647648130] [pure_pursuit]: slip band: circle 0.12 x sqrt(1 - (a_lat/7)^2), replacing the fixed band above  |  plan-acceleration feedforward ON[0m
[pure_pursuit-10] [33m[WARN] [1789662929.648919717] [pure_pursuit]: dev_lap_telemetry ON: subscribing to RESTRICTED lap topics[0m
[pure_pursuit-10] [0m[INFO] [1789662929.652485993] [pure_pursuit]: holding until /localization_ready[0m
[pure_pursuit-10] [0m[INFO] [1789662929.663695386] [pure_pursuit]: lap 0: inf s[0m
[amcl-4] [0m[INFO] [1789662929.686602464] [amcl]: Requesting no-motion update[0m
[localization_bootstrap-6] [0m[INFO] [1789662929.837174283] [localization_bootstrap]: seed 1/5 sent, awaiting a fresh /amcl_pose to confirm it[0m
[localization_bootstrap-6] [0m[INFO] [1789662929.988661213] [localization_bootstrap]: localization_bootstrap: released /autodrive/roboracer_1/ips -- no restricted topic is read from here on; the timed laps are clean.[0m
[pure_pursuit-10] [0m[INFO] [1789662929.990107967] [pure_pursuit]: localization converged, taking over[0m
[localization_bootstrap-6] [0m[INFO] [1789662929.990793047] [localization_bootstrap]: seed CONFIRMED on attempt 1: the estimate is 1.1 cm / 0.1 deg from truth (pos std 0.052 m). Tracking is now lidar + map + dead reckoning only.[0m
[localization_error-7] [0m[INFO] [1789662929.991096986] [localization_error]: /localization_ready latched -- sampling opens in 1.0 s (33 bootstrap samples discarded)[0m
[localization_bootstrap-6] [0m[INFO] [1789662929.992569458] [localization_bootstrap]: /localization_ready = true, follower may take over[0m
[localization_bootstrap-6] [0m[INFO] [1789662929.994076254] [localization_bootstrap]: recovery armed: watching encoders + IMU for a reset; 15 checkpoint(s) known for this track[0m
[localization_error-7] [0m[INFO] [1789662932.751662683] [localization_error]: now[ 36] 0.269 m / 0.23 deg  |  session[n=36] mean 0.269 p95 0.343 max 0.351 m, heading mean 0.23 max 0.60 deg[0m
[log_localization-8] [0m[INFO] [1789662933.106167835] [log_localization]:    4.9 s     5.9 m  err 0.016 m (along -0.001 cross +0.016) yaw  +0.45 deg  m->o yaw  +0.44 deg | fit true 0.013 est 0.009 (x0.73)  enc/true 1.040  dr_err 0.22 m[0m
[localization_error-7] [0m[INFO] [1789662937.751845408] [localization_error]: now[136] 0.132 m / 0.21 deg  |  session[n=136] mean 0.132 p95 0.315 max 0.351 m, heading mean 0.21 max 0.99 deg[0m
[log_localization-8] [0m[INFO] [1789662938.108753321] [log_localization]:   10.0 s    15.9 m  err 0.007 m (along -0.006 cross -0.003) yaw  +0.12 deg  m->o yaw  +0.12 deg | fit true 0.001 est 0.001 (x0.68)  enc/true 1.009  dr_err 0.15 m[0m
[pure_pursuit-10] [0m[INFO] [1789662940.840412486] [pure_pursuit]: warmup cap released after 21.0 m; v_max back to 8.50 m/s[0m
[localization_error-7] [0m[INFO] [1789662942.751921013] [localization_error]: now[200] 0.111 m / 0.89 deg  |  session[n=236] mean 0.135 p95 0.325 max 0.423 m, heading mean 0.79 max 5.72 deg[0m
[log_localization-8] [0m[INFO] [1789662943.105812468] [log_localization]:   14.9 s    31.0 m  err 0.240 m (along +0.239 cross +0.021) yaw  +0.84 deg  m->o yaw  +0.98 deg | fit true 0.013 est 0.038 (x2.92)  enc/true 1.022  dr_err 0.30 m[0m
[pure_pursuit-10] [0m[INFO] [1789662946.010916186] [pure_pursuit]: lap 1: 22.14 s[0m
[localization_error-7] [0m[INFO] [1789662947.751464063] [localization_error]: now[200] 0.236 m / 1.62 deg  |  session[n=336] mean 0.194 p95 0.508 max 1.086 m, heading mean 1.05 max 6.32 deg[0m
[log_localization-8] [0m[INFO] [1789662948.105582402] [log_localization]:   19.9 s    54.9 m  err 0.741 m (along +0.741 cross +0.018) yaw  -0.35 deg  m->o yaw  -0.32 deg | fit true 0.011 est 0.017 (x1.52)  enc/true 1.025  dr_err 0.63 m[0m
[localization_error-7] [0m[INFO] [1789662952.752115665] [localization_error]: now[200] 0.355 m / 1.67 deg  |  session[n=436] mean 0.236 p95 0.756 max 1.086 m, heading mean 1.20 max 6.32 deg[0m
[log_localization-8] [0m[INFO] [1789662953.106019383] [log_localization]:   24.9 s    76.8 m  err 0.032 m (along -0.029 cross -0.013) yaw  -0.38 deg  m->o yaw  -0.14 deg | fit true 0.000 est 0.013 (x27.85)  enc/true 1.020  dr_err 0.28 m[0m
[pure_pursuit-10] [0m[INFO] [1789662955.602127104] [pure_pursuit]: lap 2: 9.58 s[0m
[localization_error-7] [0m[INFO] [1789662957.752817621] [localization_error]: now[200] 0.362 m / 1.52 deg  |  session[n=536] mean 0.257 p95 0.811 max 1.086 m, heading mean 1.23 max 6.32 deg[0m
[log_localization-8] [0m[INFO] [1789662958.106040576] [log_localization]:   29.9 s   101.1 m  err 0.275 m (along +0.275 cross +0.005) yaw  +0.21 deg  m->o yaw  +0.21 deg | fit true 0.005 est 0.006 (x1.26)  enc/true 1.020  dr_err 0.56 m[0m
[localization_error-7] [0m[INFO] [1789662962.753457341] [localization_error]: now[200] 0.314 m / 1.57 deg  |  session[n=636] mean 0.261 p95 0.790 max 1.086 m, heading mean 1.31 max 6.46 deg[0m
[log_localization-8] [0m[INFO] [1789662963.106810489] [log_localization]:   35.0 s   122.3 m  err 0.252 m (along -0.251 cross +0.020) yaw  -0.46 deg  m->o yaw  +0.44 deg | fit true 0.016 est 0.058 (x3.62)  enc/true 1.019  dr_err 0.28 m[0m
[pure_pursuit-10] [0m[INFO] [1789662965.227516840] [pure_pursuit]: lap 3: 9.63 s[0m
[localization_error-7] [0m[INFO] [1789662967.751693598] [localization_error]: now[200] 0.331 m / 1.62 deg  |  session[n=736] mean 0.277 p95 0.829 max 1.086 m, heading mean 1.33 max 6.46 deg[0m
[log_localization-8] [0m[INFO] [1789662968.105551230] [log_localization]:   39.9 s   146.8 m  err 0.010 m (along -0.006 cross -0.008) yaw  -0.80 deg  m->o yaw  -0.49 deg | fit true 0.004 est 0.007 (x1.98)  enc/true 1.019  dr_err 0.48 m[0m
[localization_error-7] [0m[INFO] [1789662972.753198535] [localization_error]: now[200] 0.319 m / 1.65 deg  |  session[n=836] mean 0.275 p95 0.811 max 1.086 m, heading mean 1.39 max 6.46 deg[0m
[log_localization-8] [0m[INFO] [1789662973.106111290] [log_localization]:   45.0 s   167.3 m  err 0.041 m (along -0.039 cross +0.012) yaw  -1.50 deg  m->o yaw  -1.67 deg | fit true 0.013 est 0.024 (x1.82)  enc/true 1.018  dr_err 0.37 m[0m
[pure_pursuit-10] [0m[INFO] [1789662974.722781144] [pure_pursuit]: lap 4: 9.50 s[0m
[localization_error-7] [0m[INFO] [1789662977.751456112] [localization_error]: now[200] 0.288 m / 1.54 deg  |  session[n=936] mean 0.279 p95 0.796 max 1.086 m, heading mean 1.38 max 6.46 deg[0m
[log_localization-8] [0m[INFO] [1789662978.106005797] [log_localization]:   49.9 s   191.9 m  err 0.280 m (along -0.228 cross +0.163) yaw  +0.17 deg  m->o yaw  -0.51 deg | fit true 0.007 est 0.105 (x15.63)  enc/true 1.018  dr_err 0.55 m[0m
[localization_error-7] [0m[INFO] [1789662982.751341051] [localization_error]: now[200] 0.297 m / 1.69 deg  |  session[n=1036] mean 0.279 p95 0.781 max 1.086 m, heading mean 1.45 max 6.52 deg[0m
[log_localization-8] [0m[INFO] [1789662983.106508701] [log_localization]:   55.0 s   212.6 m  err 0.054 m (along +0.049 cross +0.022) yaw  -0.17 deg  m->o yaw  -0.25 deg | fit true 0.007 est 0.012 (x1.81)  enc/true 1.019  dr_err 0.55 m[0m
[pure_pursuit-10] [0m[INFO] [1789662984.422546953] [pure_pursuit]: lap 5: 9.69 s[0m
[localization_error-7] [0m[INFO] [1789662987.751218756] [localization_error]: now[200] 0.296 m / 1.63 deg  |  session[n=1136] mean 0.282 p95 0.766 max 1.086 m, heading mean 1.42 max 6.52 deg[0m
[log_localization-8] [0m[INFO] [1789662988.105582534] [log_localization]:   59.9 s   236.7 m  err 0.034 m (along -0.010 cross +0.032) yaw  -2.14 deg  m->o yaw  -2.34 deg | fit true 0.009 est 0.016 (x1.87)  enc/true 1.019  dr_err 0.59 m[0m
[localization_error-7] [0m[INFO] [1789662992.753310640] [localization_error]: now[200] 0.281 m / 1.66 deg  |  session[n=1236] mean 0.279 p95 0.749 max 1.086 m, heading mean 1.48 max 6.52 deg[0m
[log_localization-8] [0m[INFO] [1789662993.105659091] [log_localization]:   64.9 s   258.0 m  err 0.021 m (along +0.010 cross -0.019) yaw  -1.78 deg  m->o yaw  -1.73 deg | fit true 0.014 est 0.004 (x0.29)  enc/true 1.019  dr_err 0.68 m[0m
[pure_pursuit-10] [0m[INFO] [1789662994.127264398] [pure_pursuit]: lap 6: 9.70 s[0m
[localization_error-7] [0m[INFO] [1789662997.751271573] [localization_error]: now[200] 0.316 m / 1.78 deg  |  session[n=1336] mean 0.287 p95 0.787 max 1.086 m, heading mean 1.47 max 7.05 deg[0m
[log_localization-8] [0m[INFO] [1789662998.105846054] [log_localization]:   70.0 s   281.2 m  err 0.019 m (along +0.006 cross +0.018) yaw  -3.06 deg  m->o yaw  -1.49 deg | fit true 0.034 est 0.005 (x0.15)  enc/true 1.019  dr_err 0.68 m[0m
[localization_error-7] [0m[INFO] [1789663002.751504913] [localization_error]: now[200] 0.317 m / 1.73 deg  |  session[n=1436] mean 0.285 p95 0.773 max 1.086 m, heading mean 1.52 max 7.05 deg[0m
[log_localization-8] [0m[INFO] [1789663003.105516482] [log_localization]:   74.9 s   303.0 m  err 0.146 m (along -0.145 cross +0.015) yaw  -0.57 deg  m->o yaw  -0.25 deg | fit true 0.013 est 0.053 (x3.99)  enc/true 1.019  dr_err 0.70 m[0m
[pure_pursuit-10] [0m[INFO] [1789663003.724872995] [pure_pursuit]: lap 7: 9.60 s[0m
[localization_error-7] [0m[INFO] [1789663007.751323628] [localization_error]: now[200] 0.335 m / 1.78 deg  |  session[n=1536] mean 0.293 p95 0.799 max 1.119 m, heading mean 1.51 max 7.05 deg[0m
[log_localization-8] [0m[INFO] [1789663008.105593760] [log_localization]:   79.9 s   326.1 m  err 0.132 m (along +0.131 cross -0.005) yaw  -0.30 deg  m->o yaw  -0.35 deg | fit true 0.001 est 0.019 (x34.40)  enc/true 1.019  dr_err 0.63 m[0m
[localization_error-7] [0m[INFO] [1789663012.753661983] [localization_error]: now[200] 0.334 m / 1.57 deg  |  session[n=1636] mean 0.291 p95 0.789 max 1.119 m, heading mean 1.53 max 7.05 deg[0m
[log_localization-8] [0m[INFO] [1789663013.106120890] [log_localization]:   84.9 s   347.6 m  err 0.058 m (along -0.034 cross +0.047) yaw  -1.63 deg  m->o yaw  -1.75 deg | fit true 0.021 est 0.023 (x1.08)  enc/true 1.019  dr_err 0.87 m[0m
[pure_pursuit-10] [0m[INFO] [1789663013.392940183] [pure_pursuit]: lap 8: 9.67 s[0m
[localization_error-7] [0m[INFO] [1789663017.751477183] [localization_error]: now[200] 0.306 m / 1.69 deg  |  session[n=1736] mean 0.295 p95 0.787 max 1.119 m, heading mean 1.54 max 7.05 deg[0m
[log_localization-8] [0m[INFO] [1789663018.106540949] [log_localization]:   90.0 s   371.5 m  err 0.139 m (along +0.137 cross -0.024) yaw  -0.27 deg  m->o yaw  -0.06 deg | fit true 0.000 est 0.015 (x167.55)  enc/true 1.020  dr_err 0.67 m[0m
[localization_error-7] [0m[INFO] [1789663022.751588044] [localization_error]: now[200] 0.299 m / 1.77 deg  |  session[n=1836] mean 0.291 p95 0.773 max 1.119 m, heading mean 1.55 max 7.05 deg[0m
[pure_pursuit-10] [0m[INFO] [1789663023.017453570] [pure_pursuit]: lap 9: 9.63 s[0m
[log_localization-8] [0m[INFO] [1789663023.105700091] [log_localization]:   94.9 s   392.5 m  err 0.073 m (along +0.058 cross +0.045) yaw  -1.14 deg  m->o yaw  -1.41 deg | fit true 0.018 est 0.016 (x0.89)  enc/true 1.019  dr_err 0.98 m[0m
[localization_error-7] [0m[INFO] [1789663027.751218918] [localization_error]: now[200] 0.314 m / 1.75 deg  |  session[n=1936] mean 0.297 p95 0.788 max 1.119 m, heading mean 1.56 max 7.05 deg[0m
[log_localization-8] [0m[INFO] [1789663028.106110773] [log_localization]:  100.0 s   416.8 m  err 0.028 m (along +0.000 cross +0.028) yaw  +0.75 deg  m->o yaw  +0.24 deg | fit true 0.007 est 0.033 (x5.01)  enc/true 1.019  dr_err 0.81 m[0m
[pure_pursuit-10] [0m[INFO] [1789663032.580276576] [pure_pursuit]: lap 10: 9.57 s[0m
[localization_error-7] [0m[INFO] [1789663032.752137619] [localization_error]: now[200] 0.302 m / 1.83 deg  |  session[n=2036] mean 0.292 p95 0.780 max 1.119 m, heading mean 1.58 max 7.05 deg[0m
[log_localization-8] [0m[INFO] [1789663033.106028092] [log_localization]:  104.9 s   437.4 m  err 0.209 m (along +0.209 cross -0.001) yaw  -0.18 deg  m->o yaw  -0.27 deg | fit true 0.021 est 0.011 (x0.52)  enc/true 1.020  dr_err 1.10 m[0m
[localization_error-7] [0m[INFO] [1789663037.751814238] [localization_error]: now[200] 0.328 m / 1.66 deg  |  session[n=2136] mean 0.300 p95 0.795 max 1.119 m, heading mean 1.57 max 7.05 deg[0m
[log_localization-8] [0m[INFO] [1789663038.105851295] [log_localization]:  110.0 s   461.4 m  err 0.028 m (along +0.026 cross +0.011) yaw  -0.99 deg  m->o yaw  -0.79 deg | fit true 0.015 est 0.009 (x0.62)  enc/true 1.019  dr_err 0.97 m[0m
[pure_pursuit-10] [0m[INFO] [1789663042.081533331] [pure_pursuit]: lap 11: 9.49 s[0m
[localization_error-7] [0m[INFO] [1789663042.751181499] [localization_error]: now[200] 0.337 m / 1.64 deg  |  session[n=2236] mean 0.296 p95 0.787 max 1.119 m, heading mean 1.58 max 7.05 deg[0m
[log_localization-8] [0m[INFO] [1789663043.106453395] [log_localization]:  114.9 s   483.1 m  err 0.114 m (along +0.114 cross -0.001) yaw  -0.18 deg  m->o yaw  +0.06 deg | fit true 0.012 est 0.013 (x1.07)  enc/true 1.020  dr_err 1.21 m[0m
[localization_error-7] [0m[INFO] [1789663047.752483908] [localization_error]: now[200] 0.321 m / 1.77 deg  |  session[n=2336] mean 0.302 p95 0.790 max 1.119 m, heading mean 1.58 max 7.05 deg[0m
[log_localization-8] [0m[INFO] [1789663048.106154630] [log_localization]:  120.0 s   507.1 m  err 0.095 m (along +0.090 cross -0.029) yaw  -1.07 deg  m->o yaw  -1.40 deg | fit true 0.057 est 0.065 (x1.14)  enc/true 1.020  dr_err 1.14 m[0m
[pure_pursuit-10] [0m[INFO] [1789663051.543079470] [pure_pursuit]: lap 12: 9.48 s[0m
[localization_error-7] [0m[INFO] [1789663052.752901192] [localization_error]: now[200] 0.334 m / 1.64 deg  |  session[n=2436] mean 0.300 p95 0.784 max 1.119 m, heading mean 1.59 max 7.05 deg[0m
[log_localization-8] [0m[INFO] [1789663053.105998793] [log_localization]:  124.9 s   529.7 m  err 0.546 m (along +0.544 cross +0.051) yaw  +0.07 deg  m->o yaw  +0.27 deg | fit true 0.022 est 0.005 (x0.24)  enc/true 1.020  dr_err 1.43 m[0m
[localization_error-7] [0m[INFO] [1789663057.752045567] [localization_error]: now[200] 0.332 m / 1.72 deg  |  session[n=2536] mean 0.304 p95 0.797 max 1.212 m, heading mean 1.59 max 7.05 deg[0m
[log_localization-8] [0m[INFO] [1789663058.105624777] [log_localization]:  129.9 s   552.5 m  err 0.096 m (along +0.091 cross -0.031) yaw  +0.12 deg  m->o yaw  +0.22 deg | fit true 0.008 est 0.007 (x0.83)  enc/true 1.020  dr_err 1.27 m[0m
[pure_pursuit-10] [0m[INFO] [1789663061.330369603] [pure_pursuit]: lap 13: 9.79 s[0m
[localization_error-7] [0m[INFO] [1789663062.751669587] [localization_error]: now[200] 0.350 m / 1.79 deg  |  session[n=2636] mean 0.303 p95 0.790 max 1.212 m, heading mean 1.60 max 7.05 deg[0m
[log_localization-8] [0m[INFO] [1789663063.105981926] [log_localization]:  135.0 s   575.9 m  err 0.259 m (along +0.258 cross +0.030) yaw  +0.24 deg  m->o yaw  +0.01 deg | fit true 0.012 est 0.010 (x0.83)  enc/true 1.020  dr_err 1.53 m[0m
[localization_error-7] [0m[INFO] [1789663067.751521483] [localization_error]: now[200] 0.305 m / 1.70 deg  |  session[n=2736] mean 0.304 p95 0.793 max 1.212 m, heading mean 1.60 max 7.05 deg[0m
[log_localization-8] [0m[INFO] [1789663068.105688391] [log_localization]:  139.9 s   598.6 m  err 0.064 m (along +0.062 cross +0.015) yaw  +1.24 deg  m->o yaw  +1.25 deg | fit true 0.001 est 0.027 (x19.25)  enc/true 1.020  dr_err 1.33 m[0m
[pure_pursuit-10] [0m[INFO] [1789663070.936148705] [pure_pursuit]: lap 14: 9.60 s[0m
[localization_error-7] [0m[INFO] [1789663072.751666516] [localization_error]: now[200] 0.323 m / 1.62 deg  |  session[n=2836] mean 0.305 p95 0.799 max 1.212 m, heading mean 1.61 max 7.44 deg[0m
[log_localization-8] [0m[INFO] [1789663073.107028334] [log_localization]:  145.0 s   622.8 m  err 0.615 m (along +0.614 cross +0.026) yaw  +0.44 deg  m->o yaw  +0.26 deg | fit true 0.014 est 0.003 (x0.24)  enc/true 1.020  dr_err 1.72 m[0m
[localization_error-7] [0m[INFO] [1789663077.751886239] [localization_error]: now[200] 0.330 m / 1.69 deg  |  session[n=2936] mean 0.306 p95 0.801 max 1.212 m, heading mean 1.61 max 7.44 deg[0m
[log_localization-8] [0m[INFO] [1789663078.106085446] [log_localization]:  150.0 s   644.6 m  err 0.058 m (along -0.058 cross -0.006) yaw  -0.48 deg  m->o yaw  -0.47 deg | fit true 0.005 est 0.008 (x1.58)  enc/true 1.020  dr_err 1.40 m[0m
[pure_pursuit-10] [0m[INFO] [1789663080.523098048] [pure_pursuit]: lap 15: 9.59 s[0m
[localization_error-7] [0m[INFO] [1789663082.753535148] [localization_error]: now[200] 0.338 m / 1.43 deg  |  session[n=3036] mean 0.307 p95 0.803 max 1.212 m, heading mean 1.59 max 7.44 deg[0m
[log_localization-8] [0m[INFO] [1789663083.107268627] [log_localization]:  155.0 s   669.4 m  err 0.074 m (along +0.074 cross -0.001) yaw  -0.23 deg  m->o yaw  -0.46 deg | fit true 0.005 est 0.007 (x1.42)  enc/true 1.020  dr_err 1.69 m[0m
[localization_error-7] [0m[INFO] [1789663087.751797859] [localization_error]: now[200] 0.303 m / 1.39 deg  |  session[n=3136] mean 0.306 p95 0.797 max 1.212 m, heading mean 1.59 max 7.44 deg[0m
[log_localization-8] [0m[INFO] [1789663088.105606107] [log_localization]:  159.9 s   690.0 m  err 0.138 m (along -0.138 cross -0.000) yaw  -0.64 deg  m->o yaw  -0.20 deg | fit true 0.022 est 0.014 (x0.62)  enc/true 1.019  dr_err 1.55 m[0m
[pure_pursuit-10] [0m[INFO] [1789663090.276996839] [pure_pursuit]: lap 16: 9.74 s[0m
[localization_error-7] [0m[INFO] [1789663092.751800496] [localization_error]: now[200] 0.326 m / 1.52 deg  |  session[n=3236] mean 0.308 p95 0.810 max 1.212 m, heading mean 1.59 max 7.44 deg[0m
[log_localization-8] [0m[INFO] [1789663093.105844213] [log_localization]:  164.9 s   714.6 m  err 0.141 m (along +0.141 cross -0.004) yaw  +0.12 deg  m->o yaw  +0.04 deg | fit true 0.001 est 0.005 (x3.67)  enc/true 1.019  dr_err 1.77 m[0m
[localization_error-7] [0m[INFO] [1789663097.752800274] [localization_error]: now[200] 0.311 m / 1.61 deg  |  session[n=3336] mean 0.306 p95 0.803 max 1.212 m, heading mean 1.60 max 7.44 deg[0m
[log_localization-8] [0m[INFO] [1789663098.105744410] [log_localization]:  169.9 s   735.2 m  err 0.036 m (along -0.035 cross +0.010) yaw  -1.79 deg  m->o yaw  -2.19 deg | fit true 0.014 est 0.022 (x1.63)  enc/true 1.019  dr_err 1.69 m[0m
[pure_pursuit-10] [0m[INFO] [1789663099.752536809] [pure_pursuit]: lap 17: 9.47 s[0m
[localization_error-7] [0m[INFO] [1789663102.753441513] [localization_error]: now[200] 0.275 m / 1.49 deg  |  session[n=3436] mean 0.306 p95 0.798 max 1.212 m, heading mean 1.58 max 7.44 deg[0m
[log_localization-8] [0m[INFO] [1789663103.105596095] [log_localization]:  174.9 s   759.7 m  err 0.172 m (along -0.142 cross +0.097) yaw  -0.35 deg  m->o yaw  -0.45 deg | fit true 0.001 est 0.058 (x59.47)  enc/true 1.019  dr_err 1.84 m[0m
[localization_error-7] [0m[INFO] [1789663107.751604658] [localization_error]: now[200] 0.275 m / 1.60 deg  |  session[n=3536] mean 0.304 p95 0.794 max 1.212 m, heading mean 1.60 max 7.44 deg[0m
[log_localization-8] [0m[INFO] [1789663108.106333994] [log_localization]:  180.0 s   780.5 m  err 0.139 m (along +0.138 cross +0.015) yaw  -0.49 deg  m->o yaw  -0.48 deg | fit true 0.011 est 0.010 (x0.88)  enc/true 1.019  dr_err 1.86 m[0m
[pure_pursuit-10] [0m[INFO] [1789663109.253331899] [pure_pursuit]: lap 18: 9.52 s[0m
[localization_error-7] [0m[INFO] [1789663112.751676554] [localization_error]: now[200] 0.314 m / 1.55 deg  |  session[n=3636] mean 0.307 p95 0.798 max 1.212 m, heading mean 1.58 max 7.44 deg[0m
[log_localization-8] [0m[INFO] [1789663113.106128013] [log_localization]:  185.0 s   804.1 m  err 0.083 m (along +0.074 cross +0.037) yaw  -0.76 deg  m->o yaw  -1.54 deg | fit true 0.004 est 0.033 (x8.94)  enc/true 1.019  dr_err 1.85 m[0m
[localization_error-7] [0m[INFO] [1789663117.751232728] [localization_error]: now[200] 0.328 m / 1.61 deg  |  session[n=3736] mean 0.306 p95 0.794 max 1.212 m, heading mean 1.60 max 7.44 deg[0m
[log_localization-8] [0m[INFO] [1789663118.105653109] [log_localization]:  189.9 s   825.7 m  err 0.111 m (along -0.110 cross +0.007) yaw  +0.15 deg  m->o yaw  +0.45 deg | fit true 0.012 est 0.023 (x1.99)  enc/true 1.019  dr_err 1.92 m[0m
[pure_pursuit-10] [0m[INFO] [1789663118.966687070] [pure_pursuit]: lap 19: 9.71 s[0m
[localization_error-7] [0m[INFO] [1789663122.751280830] [localization_error]: now[200] 0.348 m / 1.76 deg  |  session[n=3836] mean 0.309 p95 0.807 max 1.227 m, heading mean 1.59 max 7.44 deg[0m
[log_localization-8] [0m[INFO] [1789663123.105987545] [log_localization]:  195.0 s   848.8 m  err 0.113 m (along +0.113 cross +0.013) yaw  +0.52 deg  m->o yaw  +0.08 deg | fit true 0.002 est 0.010 (x5.01)  enc/true 1.019  dr_err 1.86 m[0m
[localization_error-7] [0m[INFO] [1789663127.751830979] [localization_error]: now[200] 0.332 m / 1.63 deg  |  session[n=3936] mean 0.307 p95 0.803 max 1.227 m, heading mean 1.60 max 7.44 deg[0m
[log_localization-8] [0m[INFO] [1789663128.105907739] [log_localization]:  200.0 s   870.5 m  err 0.067 m (along -0.056 cross +0.036) yaw  +0.16 deg  m->o yaw  -0.49 deg | fit true 0.013 est 0.033 (x2.50)  enc/true 1.019  dr_err 2.00 m[0m
[pure_pursuit-10] [0m[INFO] [1789663128.496227051] [pure_pursuit]: lap 20: 9.54 s[0m
[localization_error-7] [0m[INFO] [1789663132.751383727] [localization_error]: now[200] 0.284 m / 1.66 deg  |  session[n=4036] mean 0.307 p95 0.799 max 1.227 m, heading mean 1.60 max 7.44 deg[0m
[log_localization-8] [0m[INFO] [1789663133.105877675] [log_localization]:  204.9 s   894.1 m  err 0.154 m (along +0.153 cross -0.022) yaw  -0.23 deg  m->o yaw  -0.06 deg | fit true 0.003 est 0.026 (x7.58)  enc/true 1.020  dr_err 1.88 m[0m
[localization_error-7] [0m[INFO] [1789663137.752363037] [localization_error]: now[200] 0.277 m / 1.57 deg  |  session[n=4136] mean 0.305 p95 0.795 max 1.227 m, heading mean 1.60 max 7.44 deg[0m
[pure_pursuit-10] [0m[INFO] [1789663138.078172216] [pure_pursuit]: lap 21: 9.58 s[0m
[log_localization-8] [0m[INFO] [1789663138.105972104] [log_localization]:  209.9 s   915.1 m  err 0.043 m (along +0.017 cross +0.040) yaw  -0.30 deg  m->o yaw  -0.26 deg | fit true 0.016 est 0.010 (x0.60)  enc/true 1.019  dr_err 2.14 m[0m
[pure_pursuit-10] [33m[WARN] [1789663141.693349375] [pure_pursuit]: heading jumped +46 deg in one tick: respawn. Speed estimate 2.28 -> 0, pose history cleared.[0m
[localization_bootstrap-6] [33m[WARN] [1789663141.695207502] [localization_bootstrap]: RESET detected: heading stepped +49 deg in one tick[0m
[localization_bootstrap-6] [33m[WARN] [1789663141.737696732] [localization_bootstrap]: recovery #1: follower held; prior (+0.72, -15.57, +16 deg) -- checkpoint -0.7 m behind the last pose along the track[0m
[pure_pursuit-10] [33m[WARN] [1789663141.740183132] [pure_pursuit]: localization lost after a reset: holding until it is re-confirmed[0m
[amcl-4] [0m[INFO] [1789663141.786642150] [amcl]: initialPoseReceived[0m
[amcl-4] [0m[INFO] [1789663141.786782832] [amcl]: Setting pose (1789663141.786783): 0.718 -15.575 0.276[0m
[localization_bootstrap-6] [0m[INFO] [1789663141.787349580] [localization_bootstrap]: seed 1/3: x=+0.718 y=-15.575 yaw=+15.8 deg -- awaiting confirmation[0m
[localization_bootstrap-6] [0m[INFO] [1789663141.788191922] [localization_bootstrap]: not reporting a spawn constant: the car is moving at 0.3 m/s, so this pose is not the spawn[0m
[amcl-4] [0m[INFO] [1789663141.836680497] [amcl]: Requesting no-motion update[0m
[localization_bootstrap-6] [0m[INFO] [1789663141.838472732] [localization_bootstrap]: recovery #1: seed, attempt 1[0m
[amcl-4] [0m[INFO] [1789663142.236932725] [amcl]: Requesting no-motion update[0m
[amcl-4] [0m[INFO] [1789663142.686544314] [amcl]: Requesting no-motion update[0m
[localization_error-7] [0m[INFO] [1789663142.751580740] [localization_error]: now[200] 0.465 m / 1.33 deg  |  session[n=4236] mean 0.315 p95 0.828 max 1.227 m, heading mean 1.58 max 7.44 deg[0m
[localization_bootstrap-6] [0m[INFO] [1789663142.836865681] [localization_bootstrap]: recovery: seed CONFIRMED on attempt 1: the estimate is 14.6 cm / 1.4 deg from truth (pos std 0.228 m). Tracking is now lidar + map + dead reckoning only.[0m
[localization_bootstrap-6] [0m[INFO] [1789663142.837778845] [localization_bootstrap]: CHECKPOINT CANDIDATE (converged after reset): ('0.663', '-15.710', '0.299')[0m
[log_localization-8] [0m[INFO] [1789663143.105628875] [log_localization]:  214.9 s   935.2 m  err 0.982 m (along -0.930 cross +0.315) yaw  +1.40 deg  m->o yaw  +1.43 deg | fit true 0.001 est 0.518 (x355.87)  enc/true 1.019  dr_err 2.29 m[0m
[pure_pursuit-10] [0m[INFO] [1789663143.837531262] [pure_pursuit]: localization converged, taking over[0m
[localization_bootstrap-6] [0m[INFO] [1789663143.838111184] [localization_bootstrap]: recovery #1 complete in 2.1 s; follower resumes[0m
[localization_error-7] [0m[INFO] [1789663147.753129582] [localization_error]: now[200] 0.615 m / 1.76 deg  |  session[n=4336] mean 0.320 p95 0.841 max 1.227 m, heading mean 1.60 max 16.72 deg[0m
[log_localization-8] [0m[INFO] [1789663148.105609802] [log_localization]:  219.9 s   952.3 m  err 0.136 m (along -0.136 cross +0.015) yaw  +2.08 deg  m->o yaw  +2.23 deg | fit true 0.002 est 0.029 (x13.73)  enc/true 1.019  dr_err 1.75 m[0m
[pure_pursuit-10] [0m[INFO] [1789663150.317618863] [pure_pursuit]: lap 22: 12.23 s[0m
[localization_error-7] [0m[INFO] [1789663152.752125771] [localization_error]: now[200] 0.434 m / 1.98 deg  |  session[n=4436] mean 0.320 p95 0.843 max 1.227 m, heading mean 1.60 max 16.72 deg[0m
[log_localization-8] [0m[INFO] [1789663153.106547735] [log_localization]:  225.0 s   977.1 m  err 0.285 m (along -0.285 cross -0.010) yaw  +0.12 deg  m->o yaw  +0.15 deg | fit true 0.003 est 0.023 (x8.68)  enc/true 1.019  dr_err 1.69 m[0m
