[INFO] [launch]: All log files can be found below /root/.ros/log/2026-09-17-15-29-24-930633-adil-laptop-159
[INFO] [launch]: Default logging verbosity is set to INFO
[INFO] [launch.user]: [race] mode=dev  localizer=amcl  instruments=ON  bootstrap=truth
[INFO] [dead_reckoning-1]: process started with pid [185]
[INFO] [amcl-4]: process started with pid [191]
[INFO] [localization_bootstrap-6]: process started with pid [195]
[INFO] [localization_error-7]: process started with pid [197]
[INFO] [log_localization-8]: process started with pid [199]
[INFO] [static_transform_publisher-2]: process started with pid [187]
[INFO] [map_server-3]: process started with pid [189]
[INFO] [lifecycle_manager-5]: process started with pid [193]
[INFO] [static_transform_publisher-9]: process started with pid [201]
[static_transform_publisher-2] 1789658965.040664 [0] static_tra: selected interface "lo" is not multicast-capable: disabling multicast
[lifecycle_manager-5] 1789658965.044521 [0] lifecycle_: selected interface "lo" is not multicast-capable: disabling multicast
[amcl-4] 1789658965.048000 [0]       amcl: selected interface "lo" is not multicast-capable: disabling multicast
[static_transform_publisher-9] 1789658965.049862 [0] static_tra: selected interface "lo" is not multicast-capable: disabling multicast
[lifecycle_manager-5] [INFO] [1789658965.052614200] [lifecycle_manager_localization]: Creating
[static_transform_publisher-2] [INFO] [1789658965.054131376] [lidar_tf]: Spinning until stopped - publishing transform
[static_transform_publisher-2] translation: ('0.273300', '0.000000', '0.096000')
[static_transform_publisher-2] rotation: ('0.000000', '0.000000', '0.000000', '1.000000')
[static_transform_publisher-2] from 'roboracer_1' to 'lidar'
[lifecycle_manager-5] [INFO] [1789658965.055427598] [lifecycle_manager_localization]: [34m[1mCreating and initializing lifecycle service clients[0m[0m
[map_server-3] 1789658965.059904 [0] map_server: selected interface "lo" is not multicast-capable: disabling multicast
[static_transform_publisher-9] [INFO] [1789658965.066621787] [map_world_tf]: Spinning until stopped - publishing transform
[static_transform_publisher-9] translation: ('0.000000', '0.000000', '0.000000')
[static_transform_publisher-9] rotation: ('0.000000', '0.000000', '0.000000', '1.000000')
[static_transform_publisher-9] from 'map' to 'world'
[amcl-4] [0m[INFO] [1789658965.067531046] [amcl]: 
[amcl-4] 	amcl lifecycle node launched. 
[amcl-4] 	Waiting on external lifecycle transitions to activate
[amcl-4] 	See https://design.ros2.org/articles/node_lifecycle.html for more information.[0m
[amcl-4] [0m[INFO] [1789658965.068838770] [amcl]: Creating[0m
[map_server-3] [INFO] [1789658965.082392238] [map_server]: 
[map_server-3] 	map_server lifecycle node launched. 
[map_server-3] 	Waiting on external lifecycle transitions to activate
[map_server-3] 	See https://design.ros2.org/articles/node_lifecycle.html for more information.
[map_server-3] [INFO] [1789658965.082552267] [map_server]: Creating
[lifecycle_manager-5] [INFO] [1789658965.083142811] [lifecycle_manager_localization]: [34m[1mStarting managed nodes bringup...[0m[0m
[lifecycle_manager-5] [INFO] [1789658965.083227700] [lifecycle_manager_localization]: [34m[1mConfiguring map_server[0m[0m
[map_server-3] [INFO] [1789658965.083672321] [map_server]: Configuring
[map_server-3] [INFO] [1789658965.083751018] [map_io]: Loading yaml file: /root/Documents/roboracer/devkit_ws/src/racer_mapping/maps/iros2026/track_clean.yaml
[map_server-3] [INFO] [1789658965.084071747] [map_io]: resolution: 0.025
[map_server-3] [INFO] [1789658965.084088829] [map_io]: origin[0]: 0.00427
[map_server-3] [INFO] [1789658965.084096353] [map_io]: origin[1]: -16.8
[map_server-3] [INFO] [1789658965.084102414] [map_io]: origin[2]: 0
[map_server-3] [INFO] [1789658965.084108596] [map_io]: free_thresh: 0.25
[map_server-3] [INFO] [1789658965.084114517] [map_io]: occupied_thresh: 0.65
[map_server-3] [INFO] [1789658965.084121159] [map_io]: mode: trinary
[map_server-3] [INFO] [1789658965.084127812] [map_io]: negate: 0
[map_server-3] [INFO] [1789658965.084457358] [map_io]: Loading image_file: /root/Documents/roboracer/devkit_ws/src/racer_mapping/maps/iros2026/track_clean.pgm
[map_server-3] [INFO] [1789658965.118158848] [map_io]: Read map /root/Documents/roboracer/devkit_ws/src/racer_mapping/maps/iros2026/track_clean.pgm: 241 X 901 map @ 0.025 m/cell
[lifecycle_manager-5] [INFO] [1789658965.123413046] [lifecycle_manager_localization]: [34m[1mConfiguring amcl[0m[0m
[amcl-4] [0m[INFO] [1789658965.123641213] [amcl]: Configuring[0m
[amcl-4] [0m[INFO] [1789658965.123751238] [amcl]: initTransforms[0m
[amcl-4] [0m[INFO] [1789658965.136138377] [amcl]: initPubSub[0m
[amcl-4] [0m[INFO] [1789658965.140330802] [amcl]: Subscribed to map topic.[0m
[lifecycle_manager-5] [INFO] [1789658965.144976173] [lifecycle_manager_localization]: [34m[1mActivating map_server[0m[0m
[map_server-3] [INFO] [1789658965.145271304] [map_server]: Activating
[map_server-3] [INFO] [1789658965.147787126] [map_server]: Creating bond (map_server) to lifecycle manager.
[amcl-4] [0m[INFO] [1789658965.149080032] [amcl]: Received a 241 X 901 map @ 0.025 m/pix[0m
[lifecycle_manager-5] [INFO] [1789658965.258284920] [lifecycle_manager_localization]: Server map_server connected with bond.
[lifecycle_manager-5] [INFO] [1789658965.258367334] [lifecycle_manager_localization]: [34m[1mActivating amcl[0m[0m
[amcl-4] [0m[INFO] [1789658965.258837061] [amcl]: Activating[0m
[amcl-4] [0m[INFO] [1789658965.258988625] [amcl]: initialPoseReceived[0m
[amcl-4] [0m[INFO] [1789658965.259298544] [amcl]: Setting pose (1789658965.259298): 0.818 3.158 -1.571[0m
[amcl-4] [0m[INFO] [1789658965.262653373] [amcl]: Creating bond (amcl) to lifecycle manager.[0m
[lifecycle_manager-5] [INFO] [1789658965.366018688] [lifecycle_manager_localization]: Server amcl connected with bond.
[lifecycle_manager-5] [INFO] [1789658965.366110310] [lifecycle_manager_localization]: [34m[1mManaged nodes are active[0m[0m
[lifecycle_manager-5] [INFO] [1789658965.366131679] [lifecycle_manager_localization]: [34m[1mCreating bond timer...[0m[0m
[localization_bootstrap-6] 1789658965.459005 [0] localizati: selected interface "lo" is not multicast-capable: disabling multicast
[dead_reckoning-1] 1789658965.459030 [0] dead_recko: selected interface "lo" is not multicast-capable: disabling multicast
[localization_error-7] 1789658965.460679 [0] localizati: selected interface "lo" is not multicast-capable: disabling multicast
[log_localization-8] 1789658965.538917 [0] log_locali: selected interface "lo" is not multicast-capable: disabling multicast
[localization_error-7] [31m[ERROR] [1789658965.555350283] [localization_error]: RESTRICTED TOPIC: reading /autodrive/roboracer_1/odom (simulator ground-truth pose and twist) -- continuous comparison against TF map -> roboracer_1. This run is NOT race-legal; any lap time from it is a development number. See racer_common/restricted.py.[0m
[localization_error-7] [0m[INFO] [1789658965.556476438] [localization_error]: sampling starts 1.0 s after /localization_ready; bootstrap is excluded (require_ready:=false to include it)[0m
[localization_error-7] [0m[INFO] [1789658965.559958124] [localization_error]: waiting for TF map -> roboracer_1: Could not find a connection between 'map' and 'roboracer_1' because they are not part of the same tree.Tf has two or more unconnected trees.[0m
[amcl-4] [0m[INFO] [1789658965.562485337] [amcl]: Message Filter dropping message: frame 'lidar' at time 1789658965.161 for reason 'discarding message because the queue is full'[0m
[dead_reckoning-1] [0m[INFO] [1789658965.563393444] [dead_reckoning]: dead reckoning: odom -> roboracer_1, wheel r=0.0581 m, scale=1.0, 200 Hz, tf +20 ms, extrapolate yaw=True pos=True[0m
[localization_bootstrap-6] [0m[INFO] [1789658965.571829780] [localization_bootstrap]: centreline runs against the lap; arc length reversed for checkpoint ordering[0m
[localization_bootstrap-6] [0m[INFO] [1789658965.586999148] [localization_bootstrap]: WARMUP SEED: reading /autodrive/roboracer_1/ips (simulator ground-truth position) ONCE -- initial pose seed. Legal: the first lap is warmup, this is read before the car moves, and it is released immediately after. Nothing reads ground truth afterwards.[0m
[localization_bootstrap-6] [0m[INFO] [1789658965.587987154] [localization_bootstrap]: mode=truth: seeding the initial pose from /ips + /imu before the car moves, then releasing /ips. Tracking is lidar + map + dead reckoning from there on.[0m
[localization_bootstrap-6] [0m[INFO] [1789658965.588884851] [localization_bootstrap]: waiting for amcl to reach the active state before sending anything[0m
[amcl-4] [0m[INFO] [1789658965.597938340] [amcl]: createLaserObject[0m
[localization_bootstrap-6] [0m[INFO] [1789658965.640873055] [localization_bootstrap]: amcl is ACTIVE -- an initial pose will now be accepted[0m
[log_localization-8] [31m[ERROR] [1789658965.686406917] [log_localization]: RESTRICTED TOPIC: reading /autodrive/roboracer_1/ips (simulator ground-truth position) -- continuous logging against the estimate. This run is NOT race-legal; any lap time from it is a development number. See racer_common/restricted.py.[0m
[log_localization-8] [31m[ERROR] [1789658965.687160625] [log_localization]: RESTRICTED TOPIC: reading /autodrive/roboracer_1/odom (simulator ground-truth pose and twist) -- continuous logging against the estimate. This run is NOT race-legal; any lap time from it is a development number. See racer_common/restricted.py.[0m
[log_localization-8] [0m[INFO] [1789658965.688079452] [log_localization]: logging to /root/Documents/roboracer/experiments/iros2026/T16_kb11c2c3_hp45/run.csv at 20 Hz until Ctrl-C[0m
[localization_bootstrap-6] [0m[INFO] [1789658965.690230182] [localization_bootstrap]: seed 1/5: x=+0.800 y=+3.158 yaw=-90.0 deg -- awaiting confirmation[0m
[localization_bootstrap-6] [0m[INFO] [1789658965.690937634] [localization_bootstrap]: MEASURED SPAWN x=+0.800 y=+3.158 yaw=-90.0 deg -- within 2 cm of racer_common.frames.SPAWN_*, so the fallback is sound too. Nothing to change.[0m
[log_localization-8] [0m[INFO] [1789658965.739168936] [log_localization]: waiting for TF map -> roboracer_1 ...[0m
[amcl-4] [0m[INFO] [1789658965.779261800] [amcl]: initialPoseReceived[0m
[amcl-4] [0m[INFO] [1789658965.779433151] [amcl]: Setting pose (1789658965.779433): 0.800 3.158 -1.571[0m
[amcl-4] [0m[INFO] [1789658965.786437660] [amcl]: Requesting no-motion update[0m
[amcl-4] [0m[INFO] [1789658966.139900819] [amcl]: Requesting no-motion update[0m
[amcl-4] [0m[INFO] [1789658966.589582917] [amcl]: Requesting no-motion update[0m
[amcl-4] [0m[INFO] [1789658966.989790799] [amcl]: Requesting no-motion update[0m
[pure_pursuit] launch overrides: {'v_max': 8.5, 'warmup_v_max': 2.0, 'warmup_dist_m': 21.0, 'target_lead_s': 0.0, 'slip_circle': 0.12, 'accel_ff': 1.0, 'control_hz': 45.0}
[INFO] [pure_pursuit-10]: process started with pid [348]
[pure_pursuit-10] 1789658967.375064 [0] pure_pursu: selected interface "lo" is not multicast-capable: disabling multicast
[amcl-4] [0m[INFO] [1789658967.439937847] [amcl]: Requesting no-motion update[0m
[pure_pursuit-10] [0m[INFO] [1789658967.487059305] [pure_pursuit]: path: 437 points, 43.69 m lap, from /root/Documents/roboracer/raceline/iros2026/raceline_kb11c2c3_hp45_a50_b55_v85.csv[0m
[pure_pursuit-10] [0m[INFO] [1789658967.493933782] [pure_pursuit]: pose from TF map -> roboracer_1 (continuous); /amcl_pose kept as a fallback[0m
[pure_pursuit-10] [0m[INFO] [1789658967.495492665] [pure_pursuit]: steering on /amcl_pose[0m
[pure_pursuit-10] [0m[INFO] [1789658967.496166284] [pure_pursuit]: warmup cap: speed target held at 2.00 m/s for the first 21.0 m of driving, then released[0m
[pure_pursuit-10] [0m[INFO] [1789658967.499917134] [pure_pursuit]: speed_source=tire  throttle_mode=slip  slip band [-0.08, +0.08]  u_launch 0.4 m/s  lookahead 0.8-2.2 m (k 0.55)  latency_comp 0.05 s[0m
[pure_pursuit-10] [0m[INFO] [1789658967.500614126] [pure_pursuit]: slip band: circle 0.12 x sqrt(1 - (a_lat/7)^2), replacing the fixed band above  |  plan-acceleration feedforward ON[0m
[pure_pursuit-10] [33m[WARN] [1789658967.501388253] [pure_pursuit]: dev_lap_telemetry ON: subscribing to RESTRICTED lap topics[0m
[pure_pursuit-10] [0m[INFO] [1789658967.504122352] [pure_pursuit]: holding until /localization_ready[0m
[pure_pursuit-10] [0m[INFO] [1789658967.525342758] [pure_pursuit]: lap 0: inf s[0m
[localization_bootstrap-6] [0m[INFO] [1789658967.590121364] [localization_bootstrap]: seed 1/5 sent, awaiting a fresh /amcl_pose to confirm it[0m
[localization_bootstrap-6] [0m[INFO] [1789658967.741808691] [localization_bootstrap]: localization_bootstrap: released /autodrive/roboracer_1/ips -- no restricted topic is read from here on; the timed laps are clean.[0m
[localization_bootstrap-6] [0m[INFO] [1789658967.743605950] [localization_bootstrap]: seed CONFIRMED on attempt 1: the estimate is 1.0 cm / 0.3 deg from truth (pos std 0.050 m). Tracking is now lidar + map + dead reckoning only.[0m
[localization_error-7] [0m[INFO] [1789658967.743695377] [localization_error]: /localization_ready latched -- sampling opens in 1.0 s (33 bootstrap samples discarded)[0m
[pure_pursuit-10] [0m[INFO] [1789658967.743703702] [pure_pursuit]: localization converged, taking over[0m
[localization_bootstrap-6] [0m[INFO] [1789658967.745087108] [localization_bootstrap]: /localization_ready = true, follower may take over[0m
[localization_bootstrap-6] [0m[INFO] [1789658967.746485281] [localization_bootstrap]: recovery armed: watching encoders + IMU for a reset; 15 checkpoint(s) known for this track[0m
[localization_error-7] [0m[INFO] [1789658970.513077880] [localization_error]: now[ 36] 0.228 m / 0.66 deg  |  session[n=36] mean 0.228 p95 0.284 max 0.306 m, heading mean 0.66 max 2.53 deg[0m
[log_localization-8] [0m[INFO] [1789658970.741109707] [log_localization]:    5.0 s     5.6 m  err 0.019 m (along -0.017 cross +0.007) yaw  +0.67 deg  m->o yaw  +0.65 deg | fit true 0.013 est 0.010 (x0.82)  enc/true 1.019  dr_err 0.10 m[0m
[localization_error-7] [0m[INFO] [1789658975.513129670] [localization_error]: now[136] 0.121 m / 0.37 deg  |  session[n=136] mean 0.121 p95 0.262 max 0.306 m, heading mean 0.37 max 2.53 deg[0m
[log_localization-8] [0m[INFO] [1789658975.740180484] [log_localization]:   10.0 s    15.5 m  err 0.197 m (along -0.197 cross -0.008) yaw  +0.19 deg  m->o yaw  +0.19 deg | fit true 0.003 est 0.016 (x4.94)  enc/true 1.003  dr_err 0.06 m[0m
[pure_pursuit-10] [0m[INFO] [1789658978.623839452] [pure_pursuit]: warmup cap released after 21.0 m; v_max back to 8.50 m/s[0m
[localization_error-7] [0m[INFO] [1789658980.512749423] [localization_error]: now[200] 0.124 m / 0.95 deg  |  session[n=236] mean 0.140 p95 0.291 max 0.502 m, heading mean 0.90 max 5.50 deg[0m
[log_localization-8] [0m[INFO] [1789658980.739047880] [log_localization]:   14.9 s    29.6 m  err 0.116 m (along +0.113 cross -0.024) yaw  +1.68 deg  m->o yaw  +1.76 deg | fit true 0.008 est 0.028 (x3.36)  enc/true 1.015  dr_err 0.29 m[0m
[localization_bootstrap-6] [33m[WARN] [1789658983.780027374] [localization_bootstrap]: RESET detected: heading stepped -24 deg in one tick[0m
[pure_pursuit-10] [33m[WARN] [1789658983.781979973] [pure_pursuit]: heading jumped -28 deg in one tick: respawn. Speed estimate 2.15 -> 0, pose history cleared.[0m
[pure_pursuit-10] [33m[WARN] [1789658983.791069820] [pure_pursuit]: localization lost after a reset: holding until it is re-confirmed[0m
[localization_bootstrap-6] [33m[WARN] [1789658983.791769617] [localization_bootstrap]: recovery #1: follower held; prior (+5.07, +0.12, +135 deg) -- checkpoint 4.6 m behind the last pose along the track[0m
[amcl-4] [0m[INFO] [1789658983.839837395] [amcl]: initialPoseReceived[0m
[amcl-4] [0m[INFO] [1789658983.839937341] [amcl]: Setting pose (1789658983.839937): 5.069 0.122 2.363[0m
[localization_bootstrap-6] [0m[INFO] [1789658983.841123939] [localization_bootstrap]: seed 1/3: x=+5.070 y=+0.121 yaw=+135.4 deg -- awaiting confirmation[0m
[localization_bootstrap-6] [0m[INFO] [1789658983.842575081] [localization_bootstrap]: not reporting a spawn constant: the car is moving at 2.1 m/s, so this pose is not the spawn[0m
[amcl-4] [0m[INFO] [1789658983.939438886] [amcl]: Requesting no-motion update[0m
[amcl-4] [0m[INFO] [1789658984.339700619] [amcl]: Requesting no-motion update[0m
[amcl-4] [0m[INFO] [1789658984.740271370] [amcl]: Requesting no-motion update[0m
[localization_bootstrap-6] [0m[INFO] [1789658984.890880553] [localization_bootstrap]: recovery: seed CONFIRMED on attempt 1: the estimate is 12.8 cm / 1.0 deg from truth (pos std 0.178 m). Tracking is now lidar + map + dead reckoning only.[0m
[localization_bootstrap-6] [0m[INFO] [1789658984.892353886] [localization_bootstrap]: CHECKPOINT CANDIDATE (converged after reset): ('5.166', '0.205', '2.386')[0m
[localization_error-7] [0m[INFO] [1789658985.512519617] [localization_error]: now[200] 0.676 m / 2.02 deg  |  session[n=336] mean 0.451 p95 2.638 max 2.720 m, heading mean 1.35 max 13.18 deg[0m
[localization_bootstrap-6] [0m[INFO] [1789658985.591239987] [localization_bootstrap]: recovery #1: creep, attempt 1[0m
[log_localization-8] [0m[INFO] [1789658985.740613019] [log_localization]:   20.0 s    43.7 m  err 2.297 m (along -2.272 cross +0.336) yaw  +8.68 deg  m->o yaw  +8.86 deg | fit true 0.010 est 0.108 (x11.07)  enc/true 0.999  dr_err 3.22 m[0m
[localization_bootstrap-6] [0m[INFO] [1789658985.940550174] [localization_bootstrap]: recovery #1 complete in 2.1 s; follower resumes[0m
[pure_pursuit-10] [0m[INFO] [1789658985.940892975] [pure_pursuit]: localization converged, taking over[0m
[localization_bootstrap-6] [33m[WARN] [1789658985.981519225] [localization_bootstrap]: RESET detected: heading stepped -15 deg in one tick[0m
[pure_pursuit-10] [33m[WARN] [1789658985.990635622] [pure_pursuit]: localization lost after a reset: holding until it is re-confirmed[0m
[localization_bootstrap-6] [33m[WARN] [1789658985.990648386] [localization_bootstrap]: recovery #2: follower held; prior (+5.07, +0.12, +135 deg) -- checkpoint 0.0 m behind the last pose along the track[0m
[amcl-4] [0m[INFO] [1789658986.039791272] [amcl]: initialPoseReceived[0m
[amcl-4] [0m[INFO] [1789658986.039884206] [amcl]: Setting pose (1789658986.039884): 5.069 0.122 2.367[0m
[localization_bootstrap-6] [0m[INFO] [1789658986.041001453] [localization_bootstrap]: seed 1/3: x=+5.070 y=+0.121 yaw=+135.6 deg -- awaiting confirmation[0m
[localization_bootstrap-6] [0m[INFO] [1789658986.042352879] [localization_bootstrap]: not reporting a spawn constant: the car is moving at 0.7 m/s, so this pose is not the spawn[0m
[amcl-4] [0m[INFO] [1789658986.089739563] [amcl]: Requesting no-motion update[0m
[amcl-4] [0m[INFO] [1789658986.489796003] [amcl]: Requesting no-motion update[0m
[amcl-4] [0m[INFO] [1789658986.939960072] [amcl]: Requesting no-motion update[0m
[localization_bootstrap-6] [0m[INFO] [1789658987.090739362] [localization_bootstrap]: recovery: seed CONFIRMED on attempt 1: the estimate is 12.7 cm / 1.4 deg from truth (pos std 0.188 m). Tracking is now lidar + map + dead reckoning only.[0m
[localization_bootstrap-6] [0m[INFO] [1789658987.091986333] [localization_bootstrap]: CHECKPOINT CANDIDATE (converged after reset): ('5.161', '0.210', '2.393')[0m
[localization_bootstrap-6] [0m[INFO] [1789658987.591381943] [localization_bootstrap]: recovery #2: creep, attempt 1[0m
[pure_pursuit-10] [0m[INFO] [1789658988.140421447] [pure_pursuit]: localization converged, taking over[0m
[localization_bootstrap-6] [0m[INFO] [1789658988.140899179] [localization_bootstrap]: recovery #2 complete in 2.2 s; follower resumes[0m
[localization_bootstrap-6] [33m[WARN] [1789658988.146412853] [localization_bootstrap]: RESET detected: heading stepped -12 deg in one tick[0m
[localization_bootstrap-6] [33m[WARN] [1789658988.191544834] [localization_bootstrap]: recovery #3: follower held; prior (+5.07, +0.12, +135 deg) -- checkpoint 0.0 m behind the last pose along the track[0m
[pure_pursuit-10] [33m[WARN] [1789658988.191908403] [pure_pursuit]: localization lost after a reset: holding until it is re-confirmed[0m
[amcl-4] [0m[INFO] [1789658988.239590129] [amcl]: initialPoseReceived[0m
[amcl-4] [0m[INFO] [1789658988.239700085] [amcl]: Setting pose (1789658988.239700): 5.070 0.121 2.368[0m
[localization_bootstrap-6] [0m[INFO] [1789658988.240097898] [localization_bootstrap]: seed 1/3: x=+5.070 y=+0.121 yaw=+135.7 deg -- awaiting confirmation[0m
[localization_bootstrap-6] [0m[INFO] [1789658988.240709551] [localization_bootstrap]: not reporting a spawn constant: the car is moving at 0.6 m/s, so this pose is not the spawn[0m
[amcl-4] [0m[INFO] [1789658988.290280868] [amcl]: Requesting no-motion update[0m
[amcl-4] [0m[INFO] [1789658988.739720273] [amcl]: Requesting no-motion update[0m
[amcl-4] [0m[INFO] [1789658989.189694838] [amcl]: Requesting no-motion update[0m
[localization_bootstrap-6] [0m[INFO] [1789658989.291167616] [localization_bootstrap]: recovery: seed CONFIRMED on attempt 1: the estimate is 12.3 cm / 1.6 deg from truth (pos std 0.175 m). Tracking is now lidar + map + dead reckoning only.[0m
[localization_bootstrap-6] [0m[INFO] [1789658989.292540902] [localization_bootstrap]: CHECKPOINT CANDIDATE (converged after reset): ('5.116', '0.235', '2.399')[0m
[localization_bootstrap-6] [0m[INFO] [1789658989.591208521] [localization_bootstrap]: recovery #3: creep, attempt 1[0m
[pure_pursuit-10] [0m[INFO] [1789658990.291287571] [pure_pursuit]: localization converged, taking over[0m
[localization_bootstrap-6] [0m[INFO] [1789658990.291488707] [localization_bootstrap]: recovery #3 complete in 2.1 s; follower resumes[0m
[localization_bootstrap-6] [33m[WARN] [1789658990.350877720] [localization_bootstrap]: RESET detected: heading stepped -13 deg in one tick[0m
[pure_pursuit-10] [33m[WARN] [1789658990.391987585] [pure_pursuit]: localization lost after a reset: holding until it is re-confirmed[0m
[localization_bootstrap-6] [33m[WARN] [1789658990.392929906] [localization_bootstrap]: recovery #4: follower held; prior (+5.07, +0.12, +135 deg) -- checkpoint 1.6 m behind the last pose along the track[0m
[amcl-4] [0m[INFO] [1789658990.439799394] [amcl]: initialPoseReceived[0m
[amcl-4] [0m[INFO] [1789658990.439863964] [amcl]: Setting pose (1789658990.439864): 5.070 0.121 2.363[0m
[localization_bootstrap-6] [0m[INFO] [1789658990.441073845] [localization_bootstrap]: seed 1/3: x=+5.070 y=+0.121 yaw=+135.4 deg -- awaiting confirmation[0m
[localization_bootstrap-6] [0m[INFO] [1789658990.442602703] [localization_bootstrap]: not reporting a spawn constant: the car is moving at 1.4 m/s, so this pose is not the spawn[0m
[localization_error-7] [0m[INFO] [1789658990.511893270] [localization_error]: now[200] 1.596 m / 3.01 deg  |  session[n=436] mean 0.808 p95 2.666 max 2.720 m, heading mean 1.87 max 13.27 deg[0m
[amcl-4] [0m[INFO] [1789658990.539669728] [amcl]: Requesting no-motion update[0m
[log_localization-8] [0m[INFO] [1789658990.741814047] [log_localization]:   25.0 s    51.5 m  err 2.727 m (along -2.725 cross +0.124) yaw  +1.31 deg  m->o yaw  +1.31 deg | fit true 0.010 est 0.229 (x23.87)  enc/true 0.927  dr_err 8.30 m[0m
[amcl-4] [0m[INFO] [1789658990.939792120] [amcl]: Requesting no-motion update[0m
[amcl-4] [0m[INFO] [1789658991.389655778] [amcl]: Requesting no-motion update[0m
[localization_bootstrap-6] [0m[INFO] [1789658991.491055409] [localization_bootstrap]: recovery: seed CONFIRMED on attempt 1: the estimate is 13.1 cm / 2.0 deg from truth (pos std 0.152 m). Tracking is now lidar + map + dead reckoning only.[0m
[localization_bootstrap-6] [0m[INFO] [1789658991.492686858] [localization_bootstrap]: CHECKPOINT CANDIDATE (converged after reset): ('5.154', '0.222', '2.395')[0m
[localization_bootstrap-6] [0m[INFO] [1789658991.591180549] [localization_bootstrap]: recovery #4: creep, attempt 1[0m
[pure_pursuit-10] [0m[INFO] [1789658992.540579308] [pure_pursuit]: localization converged, taking over[0m
[localization_bootstrap-6] [0m[INFO] [1789658992.540842260] [localization_bootstrap]: recovery #4 complete in 2.1 s; follower resumes[0m
[localization_bootstrap-6] [33m[WARN] [1789658992.574058774] [localization_bootstrap]: RESET detected: heading stepped -13 deg in one tick[0m
[pure_pursuit-10] [33m[WARN] [1789658992.591678521] [pure_pursuit]: localization lost after a reset: holding until it is re-confirmed[0m
[localization_bootstrap-6] [33m[WARN] [1789658992.591707976] [localization_bootstrap]: recovery #5: follower held; prior (+5.07, +0.12, +135 deg) -- checkpoint 0.0 m behind the last pose along the track[0m
[amcl-4] [0m[INFO] [1789658992.640109015] [amcl]: initialPoseReceived[0m
[amcl-4] [0m[INFO] [1789658992.640197641] [amcl]: Setting pose (1789658992.640198): 5.070 0.121 2.363[0m
[localization_bootstrap-6] [0m[INFO] [1789658992.642088505] [localization_bootstrap]: seed 1/3: x=+5.070 y=+0.121 yaw=+135.4 deg -- awaiting confirmation[0m
[localization_bootstrap-6] [0m[INFO] [1789658992.644345683] [localization_bootstrap]: not reporting a spawn constant: the car is moving at 0.7 m/s, so this pose is not the spawn[0m
[amcl-4] [0m[INFO] [1789658992.689563735] [amcl]: Requesting no-motion update[0m
[amcl-4] [0m[INFO] [1789658993.089771978] [amcl]: Requesting no-motion update[0m
[amcl-4] [0m[INFO] [1789658993.489756163] [amcl]: Requesting no-motion update[0m
[localization_bootstrap-6] [0m[INFO] [1789658993.591108636] [localization_bootstrap]: recovery #5: seed, attempt 1[0m
[localization_bootstrap-6] [0m[INFO] [1789658993.690771322] [localization_bootstrap]: recovery: seed CONFIRMED on attempt 1: the estimate is 12.4 cm / 1.8 deg from truth (pos std 0.163 m). Tracking is now lidar + map + dead reckoning only.[0m
[localization_bootstrap-6] [0m[INFO] [1789658993.692067594] [localization_bootstrap]: CHECKPOINT CANDIDATE (converged after reset): ('5.141', '0.222', '2.397')[0m
[localization_bootstrap-6] [0m[INFO] [1789658994.740752916] [localization_bootstrap]: recovery #5 complete in 2.1 s; follower resumes[0m
[pure_pursuit-10] [0m[INFO] [1789658994.741031747] [pure_pursuit]: localization converged, taking over[0m
[localization_bootstrap-6] [33m[WARN] [1789658994.780749741] [localization_bootstrap]: RESET detected: heading stepped -14 deg in one tick[0m
[pure_pursuit-10] [33m[WARN] [1789658994.791030182] [pure_pursuit]: localization lost after a reset: holding until it is re-confirmed[0m
[localization_bootstrap-6] [33m[WARN] [1789658994.791799951] [localization_bootstrap]: recovery #6: follower held; prior (+5.07, +0.12, +135 deg) -- checkpoint 0.0 m behind the last pose along the track[0m
[amcl-4] [0m[INFO] [1789658994.839918252] [amcl]: initialPoseReceived[0m
[amcl-4] [0m[INFO] [1789658994.840034329] [amcl]: Setting pose (1789658994.840034): 5.070 0.121 2.364[0m
[localization_bootstrap-6] [0m[INFO] [1789658994.841380635] [localization_bootstrap]: seed 1/3: x=+5.070 y=+0.121 yaw=+135.4 deg -- awaiting confirmation[0m
[localization_bootstrap-6] [0m[INFO] [1789658994.843020380] [localization_bootstrap]: not reporting a spawn constant: the car is moving at 0.6 m/s, so this pose is not the spawn[0m
[amcl-4] [0m[INFO] [1789658994.889690595] [amcl]: Requesting no-motion update[0m
[amcl-4] [0m[INFO] [1789658995.339525479] [amcl]: Requesting no-motion update[0m
[localization_error-7] [0m[INFO] [1789658995.512618017] [localization_error]: now[200] 1.992 m / 3.87 deg  |  session[n=536] mean 1.026 p95 2.669 max 2.727 m, heading mean 2.29 max 13.59 deg[0m
[localization_bootstrap-6] [0m[INFO] [1789658995.590863379] [localization_bootstrap]: recovery #6: seed, attempt 1[0m
[amcl-4] [0m[INFO] [1789658995.739491169] [amcl]: Requesting no-motion update[0m
[log_localization-8] [0m[INFO] [1789658995.740810905] [log_localization]:   30.0 s    57.6 m  err 2.587 m (along -2.584 cross +0.105) yaw  +0.55 deg  m->o yaw  +0.55 deg | fit true 0.010 est 0.222 (x22.96)  enc/true 0.893  dr_err 12.02 m[0m
[localization_bootstrap-6] [0m[INFO] [1789658995.842712244] [localization_bootstrap]: recovery: seed CONFIRMED on attempt 1: the estimate is 14.5 cm / 1.4 deg from truth (pos std 0.170 m). Tracking is now lidar + map + dead reckoning only.[0m
[localization_bootstrap-6] [0m[INFO] [1789658995.844492121] [localization_bootstrap]: CHECKPOINT CANDIDATE (converged after reset): ('5.120', '0.257', '2.392')[0m
