[INFO] [launch]: All log files can be found below /root/.ros/log/2026-09-17-15-07-04-186151-adil-laptop-160
[INFO] [launch]: Default logging verbosity is set to INFO
[INFO] [launch.user]: [race] mode=dev  localizer=amcl  instruments=ON  bootstrap=truth
[INFO] [dead_reckoning-1]: process started with pid [186]
[INFO] [amcl-4]: process started with pid [192]
[INFO] [localization_bootstrap-6]: process started with pid [196]
[INFO] [localization_error-7]: process started with pid [198]
[INFO] [log_localization-8]: process started with pid [200]
[INFO] [static_transform_publisher-2]: process started with pid [188]
[INFO] [map_server-3]: process started with pid [190]
[INFO] [lifecycle_manager-5]: process started with pid [194]
[INFO] [static_transform_publisher-9]: process started with pid [202]
[static_transform_publisher-2] 1789657624.302303 [0] static_tra: selected interface "lo" is not multicast-capable: disabling multicast
[lifecycle_manager-5] 1789657624.305956 [0] lifecycle_: selected interface "lo" is not multicast-capable: disabling multicast
[amcl-4] 1789657624.307657 [0]       amcl: selected interface "lo" is not multicast-capable: disabling multicast
[static_transform_publisher-9] 1789657624.314971 [0] static_tra: selected interface "lo" is not multicast-capable: disabling multicast
[static_transform_publisher-2] [INFO] [1789657624.315257822] [lidar_tf]: Spinning until stopped - publishing transform
[static_transform_publisher-2] translation: ('0.273300', '0.000000', '0.096000')
[static_transform_publisher-2] rotation: ('0.000000', '0.000000', '0.000000', '1.000000')
[static_transform_publisher-2] from 'roboracer_1' to 'lidar'
[lifecycle_manager-5] [INFO] [1789657624.315331169] [lifecycle_manager_localization]: Creating
[lifecycle_manager-5] [INFO] [1789657624.320070948] [lifecycle_manager_localization]: [34m[1mCreating and initializing lifecycle service clients[0m[0m
[map_server-3] 1789657624.320135 [0] map_server: selected interface "lo" is not multicast-capable: disabling multicast
[amcl-4] [0m[INFO] [1789657624.322547292] [amcl]: 
[amcl-4] 	amcl lifecycle node launched. 
[amcl-4] 	Waiting on external lifecycle transitions to activate
[amcl-4] 	See https://design.ros2.org/articles/node_lifecycle.html for more information.[0m
[amcl-4] [0m[INFO] [1789657624.324141288] [amcl]: Creating[0m
[static_transform_publisher-9] [INFO] [1789657624.334183517] [map_world_tf]: Spinning until stopped - publishing transform
[static_transform_publisher-9] translation: ('0.000000', '0.000000', '0.000000')
[static_transform_publisher-9] rotation: ('0.000000', '0.000000', '0.000000', '1.000000')
[static_transform_publisher-9] from 'map' to 'world'
[map_server-3] [INFO] [1789657624.336104904] [map_server]: 
[map_server-3] 	map_server lifecycle node launched. 
[map_server-3] 	Waiting on external lifecycle transitions to activate
[map_server-3] 	See https://design.ros2.org/articles/node_lifecycle.html for more information.
[map_server-3] [INFO] [1789657624.336289278] [map_server]: Creating
[lifecycle_manager-5] [INFO] [1789657624.337450867] [lifecycle_manager_localization]: [34m[1mStarting managed nodes bringup...[0m[0m
[lifecycle_manager-5] [INFO] [1789657624.337532279] [lifecycle_manager_localization]: [34m[1mConfiguring map_server[0m[0m
[map_server-3] [INFO] [1789657624.348969823] [map_server]: Configuring
[map_server-3] [INFO] [1789657624.349127508] [map_io]: Loading yaml file: /root/Documents/roboracer/devkit_ws/src/racer_mapping/maps/iros2026/track_clean.yaml
[map_server-3] [INFO] [1789657624.349741604] [map_io]: resolution: 0.025
[map_server-3] [INFO] [1789657624.349772632] [map_io]: origin[0]: 0.00427
[map_server-3] [INFO] [1789657624.349786578] [map_io]: origin[1]: -16.8
[map_server-3] [INFO] [1789657624.349798410] [map_io]: origin[2]: 0
[map_server-3] [INFO] [1789657624.349810833] [map_io]: free_thresh: 0.25
[map_server-3] [INFO] [1789657624.349822736] [map_io]: occupied_thresh: 0.65
[map_server-3] [INFO] [1789657624.349839287] [map_io]: mode: trinary
[map_server-3] [INFO] [1789657624.349854184] [map_io]: negate: 0
[map_server-3] [INFO] [1789657624.350452692] [map_io]: Loading image_file: /root/Documents/roboracer/devkit_ws/src/racer_mapping/maps/iros2026/track_clean.pgm
[map_server-3] [INFO] [1789657624.390435261] [map_io]: Read map /root/Documents/roboracer/devkit_ws/src/racer_mapping/maps/iros2026/track_clean.pgm: 241 X 901 map @ 0.025 m/cell
[lifecycle_manager-5] [INFO] [1789657624.400831721] [lifecycle_manager_localization]: [34m[1mConfiguring amcl[0m[0m
[amcl-4] [0m[INFO] [1789657624.401242768] [amcl]: Configuring[0m
[amcl-4] [0m[INFO] [1789657624.401402697] [amcl]: initTransforms[0m
[amcl-4] [0m[INFO] [1789657624.419579183] [amcl]: initPubSub[0m
[amcl-4] [0m[INFO] [1789657624.425917637] [amcl]: Subscribed to map topic.[0m
[amcl-4] [0m[INFO] [1789657624.436548305] [amcl]: Received a 241 X 901 map @ 0.025 m/pix[0m
[lifecycle_manager-5] [INFO] [1789657624.432161906] [lifecycle_manager_localization]: [34m[1mActivating map_server[0m[0m
[map_server-3] [INFO] [1789657624.432599743] [map_server]: Activating
[map_server-3] [INFO] [1789657624.433326390] [map_server]: Creating bond (map_server) to lifecycle manager.
[lifecycle_manager-5] [INFO] [1789657624.543351821] [lifecycle_manager_localization]: Server map_server connected with bond.
[amcl-4] [0m[INFO] [1789657624.543908691] [amcl]: Activating[0m
[amcl-4] [0m[INFO] [1789657624.543977720] [amcl]: initialPoseReceived[0m
[lifecycle_manager-5] [INFO] [1789657624.543631633] [lifecycle_manager_localization]: [34m[1mActivating amcl[0m[0m
[amcl-4] [0m[INFO] [1789657624.544115938] [amcl]: Setting pose (1789657624.544116): 0.818 3.158 -1.571[0m
[amcl-4] [0m[INFO] [1789657624.546537378] [amcl]: Creating bond (amcl) to lifecycle manager.[0m
[lifecycle_manager-5] [INFO] [1789657624.648879385] [lifecycle_manager_localization]: Server amcl connected with bond.
[lifecycle_manager-5] [INFO] [1789657624.648937693] [lifecycle_manager_localization]: [34m[1mManaged nodes are active[0m[0m
[lifecycle_manager-5] [INFO] [1789657624.648956519] [lifecycle_manager_localization]: [34m[1mCreating bond timer...[0m[0m
[localization_bootstrap-6] 1789657624.717159 [0] localizati: selected interface "lo" is not multicast-capable: disabling multicast
[dead_reckoning-1] 1789657624.718709 [0] dead_recko: selected interface "lo" is not multicast-capable: disabling multicast
[localization_error-7] 1789657624.719788 [0] localizati: selected interface "lo" is not multicast-capable: disabling multicast
[log_localization-8] 1789657624.794583 [0] log_locali: selected interface "lo" is not multicast-capable: disabling multicast
[amcl-4] [0m[INFO] [1789657624.811594729] [amcl]: Message Filter dropping message: frame 'lidar' at time 1789657624.445 for reason 'discarding message because the queue is full'[0m
[localization_bootstrap-6] [0m[INFO] [1789657624.818143366] [localization_bootstrap]: centreline runs against the lap; arc length reversed for checkpoint ordering[0m
[localization_bootstrap-6] [0m[INFO] [1789657624.832958186] [localization_bootstrap]: WARMUP SEED: reading /autodrive/roboracer_1/ips (simulator ground-truth position) ONCE -- initial pose seed. Legal: the first lap is warmup, this is read before the car moves, and it is released immediately after. Nothing reads ground truth afterwards.[0m
[localization_bootstrap-6] [0m[INFO] [1789657624.833771334] [localization_bootstrap]: mode=truth: seeding the initial pose from /ips + /imu before the car moves, then releasing /ips. Tracking is lidar + map + dead reckoning from there on.[0m
[localization_bootstrap-6] [0m[INFO] [1789657624.834512528] [localization_bootstrap]: waiting for amcl to reach the active state before sending anything[0m
[dead_reckoning-1] [0m[INFO] [1789657624.835732415] [dead_reckoning]: dead reckoning: odom -> roboracer_1, wheel r=0.0581 m, scale=1.0, 200 Hz, tf +20 ms, extrapolate yaw=True pos=True[0m
[localization_error-7] [31m[ERROR] [1789657624.836773990] [localization_error]: RESTRICTED TOPIC: reading /autodrive/roboracer_1/odom (simulator ground-truth pose and twist) -- continuous comparison against TF map -> roboracer_1. This run is NOT race-legal; any lap time from it is a development number. See racer_common/restricted.py.[0m
[localization_error-7] [0m[INFO] [1789657624.837899030] [localization_error]: sampling starts 1.0 s after /localization_ready; bootstrap is excluded (require_ready:=false to include it)[0m
[localization_error-7] [0m[INFO] [1789657624.839727614] [localization_error]: waiting for TF map -> roboracer_1: "map" passed to lookupTransform argument target_frame does not exist. [0m
[amcl-4] [0m[INFO] [1789657624.884200818] [amcl]: createLaserObject[0m
[localization_bootstrap-6] [0m[INFO] [1789657624.886923421] [localization_bootstrap]: amcl is ACTIVE -- an initial pose will now be accepted[0m
[localization_bootstrap-6] [0m[INFO] [1789657624.936209489] [localization_bootstrap]: seed 1/5: x=+0.800 y=+3.158 yaw=-90.0 deg -- awaiting confirmation[0m
[localization_bootstrap-6] [0m[INFO] [1789657624.937130359] [localization_bootstrap]: MEASURED SPAWN x=+0.800 y=+3.158 yaw=-90.0 deg -- within 2 cm of racer_common.frames.SPAWN_*, so the fallback is sound too. Nothing to change.[0m
[log_localization-8] [31m[ERROR] [1789657624.937686788] [log_localization]: RESTRICTED TOPIC: reading /autodrive/roboracer_1/ips (simulator ground-truth position) -- continuous logging against the estimate. This run is NOT race-legal; any lap time from it is a development number. See racer_common/restricted.py.[0m
[log_localization-8] [31m[ERROR] [1789657624.938459731] [log_localization]: RESTRICTED TOPIC: reading /autodrive/roboracer_1/odom (simulator ground-truth pose and twist) -- continuous logging against the estimate. This run is NOT race-legal; any lap time from it is a development number. See racer_common/restricted.py.[0m
[log_localization-8] [0m[INFO] [1789657624.939429461] [log_localization]: logging to /root/Documents/roboracer/experiments/iros2026/T08a_h70b_warm20/run.csv at 20 Hz until Ctrl-C[0m
[log_localization-8] [0m[INFO] [1789657624.989886246] [log_localization]: waiting for TF map -> roboracer_1 ...[0m
[amcl-4] [0m[INFO] [1789657625.059392977] [amcl]: initialPoseReceived[0m
[amcl-4] [0m[INFO] [1789657625.059696554] [amcl]: Setting pose (1789657625.059696): 0.800 3.158 -1.571[0m
[amcl-4] [0m[INFO] [1789657625.062856013] [amcl]: Requesting no-motion update[0m
[amcl-4] [0m[INFO] [1789657625.385400554] [amcl]: Requesting no-motion update[0m
[amcl-4] [0m[INFO] [1789657625.785417249] [amcl]: Requesting no-motion update[0m
[amcl-4] [0m[INFO] [1789657626.235575269] [amcl]: Requesting no-motion update[0m
[pure_pursuit] launch overrides: {'v_max': 8.5, 'warmup_v_max': 2.0, 'warmup_dist_m': 21.0, 'target_lead_s': 0.0, 'slip_circle': 0.12, 'accel_ff': 1.0, 'control_hz': 45.0}
[INFO] [pure_pursuit-10]: process started with pid [349]
[pure_pursuit-10] 1789657626.644720 [0] pure_pursu: selected interface "lo" is not multicast-capable: disabling multicast
[amcl-4] [0m[INFO] [1789657626.685467744] [amcl]: Requesting no-motion update[0m
[pure_pursuit-10] [0m[INFO] [1789657626.758597980] [pure_pursuit]: path: 435 points, 43.41 m lap, from /root/Documents/roboracer/raceline/iros2026/raceline_tum_iqp_h7.0_a7.0b.csv[0m
[pure_pursuit-10] [0m[INFO] [1789657626.765464049] [pure_pursuit]: pose from TF map -> roboracer_1 (continuous); /amcl_pose kept as a fallback[0m
[pure_pursuit-10] [0m[INFO] [1789657626.767860433] [pure_pursuit]: steering on /amcl_pose[0m
[pure_pursuit-10] [0m[INFO] [1789657626.768898742] [pure_pursuit]: warmup cap: speed target held at 2.00 m/s for the first 21.0 m of driving, then released[0m
[pure_pursuit-10] [0m[INFO] [1789657626.773910078] [pure_pursuit]: speed_source=tire  throttle_mode=slip  slip band [-0.08, +0.08]  u_launch 0.4 m/s  lookahead 0.8-2.2 m (k 0.55)  latency_comp 0.05 s[0m
[pure_pursuit-10] [0m[INFO] [1789657626.774947425] [pure_pursuit]: slip band: circle 0.12 x sqrt(1 - (a_lat/7)^2), replacing the fixed band above  |  plan-acceleration feedforward ON[0m
[pure_pursuit-10] [33m[WARN] [1789657626.776130103] [pure_pursuit]: dev_lap_telemetry ON: subscribing to RESTRICTED lap topics[0m
[pure_pursuit-10] [0m[INFO] [1789657626.778876030] [pure_pursuit]: holding until /localization_ready[0m
[pure_pursuit-10] [0m[INFO] [1789657626.812253767] [pure_pursuit]: lap 0: inf s[0m
[localization_bootstrap-6] [0m[INFO] [1789657626.835895207] [localization_bootstrap]: seed 1/5 sent, awaiting a fresh /amcl_pose to confirm it[0m
[localization_bootstrap-6] [0m[INFO] [1789657626.938058499] [localization_bootstrap]: localization_bootstrap: released /autodrive/roboracer_1/ips -- no restricted topic is read from here on; the timed laps are clean.[0m
[localization_error-7] [0m[INFO] [1789657626.939272796] [localization_error]: /localization_ready latched -- sampling opens in 1.0 s (32 bootstrap samples discarded)[0m
[localization_bootstrap-6] [0m[INFO] [1789657626.939856867] [localization_bootstrap]: seed CONFIRMED on attempt 1: the estimate is 0.5 cm / 0.2 deg from truth (pos std 0.055 m). Tracking is now lidar + map + dead reckoning only.[0m
[pure_pursuit-10] [0m[INFO] [1789657626.940214745] [pure_pursuit]: localization converged, taking over[0m
[localization_bootstrap-6] [0m[INFO] [1789657626.941197169] [localization_bootstrap]: /localization_ready = true, follower may take over[0m
[localization_bootstrap-6] [0m[INFO] [1789657626.942645854] [localization_bootstrap]: recovery armed: watching encoders + IMU for a reset; 15 checkpoint(s) known for this track[0m
[localization_error-7] [0m[INFO] [1789657629.779521085] [localization_error]: now[ 37] 0.274 m / 0.32 deg  |  session[n=37] mean 0.274 p95 0.342 max 0.359 m, heading mean 0.32 max 1.04 deg[0m
[log_localization-8] [0m[INFO] [1789657630.040239165] [log_localization]:    4.9 s     5.8 m  err 0.195 m (along +0.193 cross +0.022) yaw  +0.26 deg  m->o yaw  +0.24 deg | fit true 0.013 est 0.008 (x0.65)  enc/true 1.040  dr_err 0.25 m[0m
[localization_error-7] [0m[INFO] [1789657634.781380505] [localization_error]: now[137] 0.283 m / 0.28 deg  |  session[n=137] mean 0.283 p95 0.382 max 0.418 m, heading mean 0.28 max 1.04 deg[0m
[log_localization-8] [0m[INFO] [1789657635.040721674] [log_localization]:    9.9 s    15.8 m  err 0.171 m (along +0.171 cross +0.002) yaw  +0.35 deg  m->o yaw  +0.35 deg | fit true 0.001 est 0.003 (x3.28)  enc/true 1.009  dr_err 0.17 m[0m
[pure_pursuit-10] [0m[INFO] [1789657637.766749059] [pure_pursuit]: warmup cap released after 21.0 m; v_max back to 8.50 m/s[0m
[localization_error-7] [0m[INFO] [1789657639.780493778] [localization_error]: now[200] 0.237 m / 0.97 deg  |  session[n=237] mean 0.243 p95 0.374 max 0.535 m, heading mean 0.87 max 5.22 deg[0m
[log_localization-8] [0m[INFO] [1789657640.042574701] [log_localization]:   15.0 s    30.1 m  err 0.340 m (along +0.340 cross +0.010) yaw  +1.88 deg  m->o yaw  +2.59 deg | fit true 0.006 est 0.065 (x11.84)  enc/true 1.021  dr_err 0.40 m[0m
[pure_pursuit-10] [0m[INFO] [1789657643.085994308] [pure_pursuit]: lap 1: 21.99 s[0m
[localization_error-7] [0m[INFO] [1789657644.779721624] [localization_error]: now[200] 0.281 m / 1.94 deg  |  session[n=337] mean 0.282 p95 0.595 max 1.212 m, heading mean 1.27 max 8.45 deg[0m
[log_localization-8] [0m[INFO] [1789657645.040181672] [log_localization]:   19.9 s    53.5 m  err 0.725 m (along +0.724 cross +0.034) yaw  +0.60 deg  m->o yaw  +0.44 deg | fit true 0.012 est 0.018 (x1.46)  enc/true 1.025  dr_err 0.58 m[0m
[localization_error-7] [0m[INFO] [1789657649.779344048] [localization_error]: now[200] 0.402 m / 2.25 deg  |  session[n=437] mean 0.316 p95 0.810 max 1.276 m, heading mean 1.50 max 8.45 deg[0m
[log_localization-8] [0m[INFO] [1789657650.040007846] [log_localization]:   24.9 s    75.5 m  err 0.125 m (along -0.125 cross -0.002) yaw  +2.76 deg  m->o yaw  +2.34 deg | fit true 0.018 est 0.033 (x1.84)  enc/true 1.020  dr_err 0.26 m[0m
[pure_pursuit-10] [0m[INFO] [1789657652.742574769] [pure_pursuit]: lap 2: 9.65 s[0m
[localization_error-7] [0m[INFO] [1789657654.780488893] [localization_error]: now[200] 0.395 m / 2.43 deg  |  session[n=537] mean 0.324 p95 0.839 max 1.276 m, heading mean 1.70 max 8.45 deg[0m
[log_localization-8] [0m[INFO] [1789657655.041237680] [log_localization]:   30.0 s    98.8 m  err 0.725 m (along +0.725 cross +0.020) yaw  +0.57 deg  m->o yaw  +0.62 deg | fit true 0.012 est 0.016 (x1.36)  enc/true 1.021  dr_err 0.53 m[0m
[localization_error-7] [0m[INFO] [1789657659.779336239] [localization_error]: now[200] 0.372 m / 2.55 deg  |  session[n=637] mean 0.333 p95 0.853 max 1.276 m, heading mean 1.83 max 8.45 deg[0m
[log_localization-8] [0m[INFO] [1789657660.041364325] [log_localization]:   35.0 s   119.9 m  err 0.086 m (along +0.058 cross +0.064) yaw  +2.79 deg  m->o yaw  +2.70 deg | fit true 0.022 est 0.047 (x2.13)  enc/true 1.020  dr_err 0.42 m[0m
[pure_pursuit-10] [0m[INFO] [1789657662.744285390] [pure_pursuit]: lap 3: 10.01 s[0m
[localization_error-7] [0m[INFO] [1789657664.780517223] [localization_error]: now[200] 0.395 m / 2.34 deg  |  session[n=737] mean 0.343 p95 0.883 max 1.276 m, heading mean 1.87 max 8.45 deg[0m
[log_localization-8] [0m[INFO] [1789657665.040109019] [log_localization]:   39.9 s   144.0 m  err 0.600 m (along +0.600 cross -0.016) yaw  -0.24 deg  m->o yaw  -1.32 deg | fit true 0.010 est 0.015 (x1.54)  enc/true 1.021  dr_err 0.52 m[0m
[pure_pursuit-10] [33m[WARN] [1789657666.928244993] [pure_pursuit]: heading jumped -24 deg in one tick: respawn. Speed estimate 2.99 -> 0, pose history cleared.[0m
[localization_bootstrap-6] [33m[WARN] [1789657666.928403819] [localization_bootstrap]: RESET detected: heading stepped -18 deg in one tick[0m
[localization_bootstrap-6] [33m[WARN] [1789657666.936187512] [localization_bootstrap]: recovery #1: follower held; prior (+1.71, -15.77, +15 deg) -- checkpoint 0.8 m behind the last pose along the track[0m
[pure_pursuit-10] [33m[WARN] [1789657666.936576538] [pure_pursuit]: localization lost after a reset: holding until it is re-confirmed[0m
[amcl-4] [0m[INFO] [1789657666.985518324] [amcl]: initialPoseReceived[0m
[amcl-4] [0m[INFO] [1789657666.985621016] [amcl]: Setting pose (1789657666.985621): 1.714 -15.770 0.279[0m
[localization_bootstrap-6] [0m[INFO] [1789657666.986849249] [localization_bootstrap]: seed 1/3: x=+1.713 y=-15.770 yaw=+16.0 deg -- awaiting confirmation[0m
[localization_bootstrap-6] [0m[INFO] [1789657666.988272967] [localization_bootstrap]: not reporting a spawn constant: the car is moving at 3.6 m/s, so this pose is not the spawn[0m
[amcl-4] [0m[INFO] [1789657667.085206525] [amcl]: Requesting no-motion update[0m
[amcl-4] [0m[INFO] [1789657667.485470452] [amcl]: Requesting no-motion update[0m
[amcl-4] [0m[INFO] [1789657667.935191797] [amcl]: Requesting no-motion update[0m
[localization_bootstrap-6] [0m[INFO] [1789657668.036547741] [localization_bootstrap]: recovery: seed CONFIRMED on attempt 1: the estimate is 2.6 cm / 0.8 deg from truth (pos std 0.123 m). Tracking is now lidar + map + dead reckoning only.[0m
[localization_bootstrap-6] [0m[INFO] [1789657668.038173667] [localization_bootstrap]: CHECKPOINT CANDIDATE (converged after reset): ('1.687', '-15.769', '0.275')[0m
[localization_bootstrap-6] [0m[INFO] [1789657668.837828890] [localization_bootstrap]: recovery #1: creep, attempt 1[0m
[pure_pursuit-10] [0m[INFO] [1789657669.086964625] [pure_pursuit]: localization converged, taking over[0m
[localization_bootstrap-6] [0m[INFO] [1789657669.087115407] [localization_bootstrap]: recovery #1 complete in 2.2 s; follower resumes[0m
[localization_error-7] [0m[INFO] [1789657669.781441347] [localization_error]: now[200] 0.399 m / 2.06 deg  |  session[n=837] mean 0.349 p95 0.972 max 1.389 m, heading mean 1.88 max 25.29 deg[0m
[log_localization-8] [0m[INFO] [1789657670.040584906] [log_localization]:   44.9 s   153.6 m  err 0.227 m (along +0.216 cross -0.072) yaw  -2.62 deg  m->o yaw  -2.97 deg | fit true 0.003 est 0.029 (x11.25)  enc/true 1.016  dr_err 1.42 m[0m
