[INFO] [launch]: All log files can be found below /root/.ros/log/2026-09-18-10-58-05-986558-adil-laptop-232
[INFO] [launch]: Default logging verbosity is set to INFO
[INFO] [launch.user]: [race] mode=dev  localizer=amcl  instruments=ON  bootstrap=truth
[INFO] [dead_reckoning-1]: process started with pid [249]
[INFO] [amcl-4]: process started with pid [255]
[INFO] [localization_bootstrap-6]: process started with pid [259]
[INFO] [localization_error-7]: process started with pid [261]
[INFO] [log_localization-8]: process started with pid [263]
[INFO] [static_transform_publisher-2]: process started with pid [251]
[INFO] [map_server-3]: process started with pid [253]
[INFO] [lifecycle_manager-5]: process started with pid [257]
[INFO] [static_transform_publisher-9]: process started with pid [265]
[static_transform_publisher-2] 1789729086.062008 [0] static_tra: selected interface "lo" is not multicast-capable: disabling multicast
[lifecycle_manager-5] 1789729086.070309 [0] lifecycle_: selected interface "lo" is not multicast-capable: disabling multicast
[static_transform_publisher-2] [INFO] [1789729086.070813036] [lidar_tf]: Spinning until stopped - publishing transform
[static_transform_publisher-2] translation: ('0.273300', '0.000000', '0.096000')
[static_transform_publisher-2] rotation: ('0.000000', '0.000000', '0.000000', '1.000000')
[static_transform_publisher-2] from 'roboracer_1' to 'lidar'
[amcl-4] 1789729086.071924 [0]       amcl: selected interface "lo" is not multicast-capable: disabling multicast
[static_transform_publisher-9] 1789729086.074851 [0] static_tra: selected interface "lo" is not multicast-capable: disabling multicast
[map_server-3] 1789729086.080144 [0] map_server: selected interface "lo" is not multicast-capable: disabling multicast
[static_transform_publisher-9] [INFO] [1789729086.084354608] [map_world_tf]: Spinning until stopped - publishing transform
[static_transform_publisher-9] translation: ('0.000000', '0.000000', '0.000000')
[static_transform_publisher-9] rotation: ('0.000000', '0.000000', '0.000000', '1.000000')
[static_transform_publisher-9] from 'map' to 'world'
[lifecycle_manager-5] [INFO] [1789729086.084819755] [lifecycle_manager_localization]: Creating
[amcl-4] [0m[INFO] [1789729086.085518168] [amcl]: 
[amcl-4] 	amcl lifecycle node launched. 
[amcl-4] 	Waiting on external lifecycle transitions to activate
[amcl-4] 	See https://design.ros2.org/articles/node_lifecycle.html for more information.[0m
[amcl-4] [0m[INFO] [1789729086.086718077] [amcl]: Creating[0m
[lifecycle_manager-5] [INFO] [1789729086.090521071] [lifecycle_manager_localization]: [34m[1mCreating and initializing lifecycle service clients[0m[0m
[map_server-3] [INFO] [1789729086.093239432] [map_server]: 
[map_server-3] 	map_server lifecycle node launched. 
[map_server-3] 	Waiting on external lifecycle transitions to activate
[map_server-3] 	See https://design.ros2.org/articles/node_lifecycle.html for more information.
[map_server-3] [INFO] [1789729086.093400603] [map_server]: Creating
[lifecycle_manager-5] [INFO] [1789729086.094737046] [lifecycle_manager_localization]: [34m[1mStarting managed nodes bringup...[0m[0m
[lifecycle_manager-5] [INFO] [1789729086.094827795] [lifecycle_manager_localization]: [34m[1mConfiguring map_server[0m[0m
[map_server-3] [INFO] [1789729086.107731186] [map_server]: Configuring
[map_server-3] [INFO] [1789729086.107822056] [map_io]: Loading yaml file: /root/Documents/roboracer/devkit_ws/src/racer_mapping/maps/iros2026/track_clean.yaml
[map_server-3] [INFO] [1789729086.108109883] [map_io]: resolution: 0.025
[map_server-3] [INFO] [1789729086.108121013] [map_io]: origin[0]: 0.00427
[map_server-3] [INFO] [1789729086.108128528] [map_io]: origin[1]: -16.8
[map_server-3] [INFO] [1789729086.108134819] [map_io]: origin[2]: 0
[map_server-3] [INFO] [1789729086.108141291] [map_io]: free_thresh: 0.25
[map_server-3] [INFO] [1789729086.108152492] [map_io]: occupied_thresh: 0.65
[map_server-3] [INFO] [1789729086.108159074] [map_io]: mode: trinary
[map_server-3] [INFO] [1789729086.108165837] [map_io]: negate: 0
[map_server-3] [INFO] [1789729086.108484371] [map_io]: Loading image_file: /root/Documents/roboracer/devkit_ws/src/racer_mapping/maps/iros2026/track_clean.pgm
[map_server-3] [INFO] [1789729086.143926648] [map_io]: Read map /root/Documents/roboracer/devkit_ws/src/racer_mapping/maps/iros2026/track_clean.pgm: 241 X 901 map @ 0.025 m/cell
[lifecycle_manager-5] [INFO] [1789729086.149103546] [lifecycle_manager_localization]: [34m[1mConfiguring amcl[0m[0m
[amcl-4] [0m[INFO] [1789729086.149469178] [amcl]: Configuring[0m
[amcl-4] [0m[INFO] [1789729086.149609209] [amcl]: initTransforms[0m
[amcl-4] [0m[INFO] [1789729086.165126506] [amcl]: initPubSub[0m
[amcl-4] [0m[INFO] [1789729086.169575616] [amcl]: Subscribed to map topic.[0m
[lifecycle_manager-5] [INFO] [1789729086.174423430] [lifecycle_manager_localization]: [34m[1mActivating map_server[0m[0m
[map_server-3] [INFO] [1789729086.175392668] [map_server]: Activating
[map_server-3] [INFO] [1789729086.176122820] [map_server]: Creating bond (map_server) to lifecycle manager.
[amcl-4] [0m[INFO] [1789729086.178938512] [amcl]: Received a 241 X 901 map @ 0.025 m/pix[0m
[lifecycle_manager-5] [INFO] [1789729086.278593197] [lifecycle_manager_localization]: Server map_server connected with bond.
[lifecycle_manager-5] [INFO] [1789729086.278646957] [lifecycle_manager_localization]: [34m[1mActivating amcl[0m[0m
[amcl-4] [0m[INFO] [1789729086.278865184] [amcl]: Activating[0m
[amcl-4] [0m[INFO] [1789729086.278950784] [amcl]: initialPoseReceived[0m
[amcl-4] [0m[INFO] [1789729086.279102226] [amcl]: Setting pose (1789729086.279102): 0.818 3.158 -1.571[0m
[amcl-4] [0m[INFO] [1789729086.282819170] [amcl]: Creating bond (amcl) to lifecycle manager.[0m
[localization_error-7] 1789729086.358812 [0] localizati: selected interface "lo" is not multicast-capable: disabling multicast
[dead_reckoning-1] 1789729086.383533 [0] dead_recko: selected interface "lo" is not multicast-capable: disabling multicast
[lifecycle_manager-5] [INFO] [1789729086.386388638] [lifecycle_manager_localization]: Server amcl connected with bond.
[lifecycle_manager-5] [INFO] [1789729086.386447958] [lifecycle_manager_localization]: [34m[1mManaged nodes are active[0m[0m
[lifecycle_manager-5] [INFO] [1789729086.386466803] [lifecycle_manager_localization]: [34m[1mCreating bond timer...[0m[0m
[localization_bootstrap-6] 1789729086.401233 [0] localizati: selected interface "lo" is not multicast-capable: disabling multicast
[localization_error-7] [31m[ERROR] [1789729086.453378546] [localization_error]: RESTRICTED TOPIC: reading /autodrive/roboracer_1/odom (simulator ground-truth pose and twist) -- continuous comparison against TF map -> roboracer_1. This run is NOT race-legal; any lap time from it is a development number. See racer_common/restricted.py.[0m
[localization_error-7] [0m[INFO] [1789729086.454685194] [localization_error]: sampling starts 1.0 s after /localization_ready; bootstrap is excluded (require_ready:=false to include it)[0m
[localization_error-7] [0m[INFO] [1789729086.456544813] [localization_error]: waiting for TF map -> roboracer_1: "map" passed to lookupTransform argument target_frame does not exist. [0m
[dead_reckoning-1] [0m[INFO] [1789729086.487176045] [dead_reckoning]: dead reckoning: odom -> roboracer_1, wheel r=0.0581 m, scale=1.0, 200 Hz, tf +20 ms, extrapolate yaw=True pos=True, distance from slip (k=0.27, k_brake=1.1, yaw gate 0.5 rad/s)[0m
[log_localization-8] 1789729086.493470 [0] log_locali: selected interface "lo" is not multicast-capable: disabling multicast
[localization_bootstrap-6] [0m[INFO] [1789729086.500418929] [localization_bootstrap]: centreline runs against the lap; arc length reversed for checkpoint ordering[0m
[localization_bootstrap-6] [0m[INFO] [1789729086.517855778] [localization_bootstrap]: WARMUP SEED: reading /autodrive/roboracer_1/ips (simulator ground-truth position) ONCE -- initial pose seed. Legal: the first lap is warmup, this is read before the car moves, and it is released immediately after. Nothing reads ground truth afterwards.[0m
[localization_bootstrap-6] [0m[INFO] [1789729086.518555783] [localization_bootstrap]: mode=truth: seeding the initial pose from /ips + /imu before the car moves, then releasing /ips. Tracking is lidar + map + dead reckoning from there on.[0m
[localization_bootstrap-6] [0m[INFO] [1789729086.519230642] [localization_bootstrap]: waiting for amcl to reach the active state before sending anything[0m
[amcl-4] [0m[INFO] [1789729086.521748489] [amcl]: createLaserObject[0m
[localization_bootstrap-6] [0m[INFO] [1789729086.571311609] [localization_bootstrap]: amcl is ACTIVE -- an initial pose will now be accepted[0m
[localization_bootstrap-6] [0m[INFO] [1789729086.621438950] [localization_bootstrap]: seed 1/5: x=+0.801 y=+3.158 yaw=-90.0 deg -- awaiting confirmation[0m
[localization_bootstrap-6] [0m[INFO] [1789729086.623411530] [localization_bootstrap]: MEASURED SPAWN x=+0.801 y=+3.158 yaw=-90.0 deg -- within 2 cm of racer_common.frames.SPAWN_*, so the fallback is sound too. Nothing to change.[0m
[log_localization-8] [31m[ERROR] [1789729086.652574724] [log_localization]: RESTRICTED TOPIC: reading /autodrive/roboracer_1/ips (simulator ground-truth position) -- continuous logging against the estimate. This run is NOT race-legal; any lap time from it is a development number. See racer_common/restricted.py.[0m
[log_localization-8] [31m[ERROR] [1789729086.653474582] [log_localization]: RESTRICTED TOPIC: reading /autodrive/roboracer_1/odom (simulator ground-truth pose and twist) -- continuous logging against the estimate. This run is NOT race-legal; any lap time from it is a development number. See racer_common/restricted.py.[0m
[log_localization-8] [0m[INFO] [1789729086.654470470] [log_localization]: logging to /root/Documents/roboracer/logs/mt_m05.csv at 20 Hz until Ctrl-C[0m
[log_localization-8] [0m[INFO] [1789729086.704747301] [log_localization]: waiting for TF map -> roboracer_1 ...[0m
[amcl-4] [0m[INFO] [1789729086.782733824] [amcl]: initialPoseReceived[0m
[amcl-4] [0m[INFO] [1789729086.782832678] [amcl]: Message Filter dropping message: frame 'lidar' at time 1789729086.196 for reason 'the timestamp on the message is earlier than all the data in the transform cache'[0m
[amcl-4] [0m[INFO] [1789729086.782998758] [amcl]: Setting pose (1789729086.782998): 0.801 3.158 -1.571[0m
[amcl-4] [0m[INFO] [1789729086.790476758] [amcl]: Requesting no-motion update[0m
[amcl-4] [0m[INFO] [1789729087.070335230] [amcl]: Requesting no-motion update[0m
[amcl-4] [0m[INFO] [1789729087.470564942] [amcl]: Requesting no-motion update[0m
[amcl-4] [0m[INFO] [1789729087.919639053] [amcl]: Requesting no-motion update[0m
[pure_pursuit] launch overrides: {'steer_a_lat_max': 7.5, 'exit_guard_from': 0.0, 'exit_guard_full': 0.0, 'lqr_k_lat': 0.03, 'lqr_k_head': 0.05, 'lqr_k_yaw': 0.0, 'lqr_max_correction_rad': 0.02, 'v_max': 8.5, 'warmup_v_max': 2.0, 'warmup_dist_m': 21.0, 'target_lead_s': 0.0, 'slip_circle': 0.12, 'accel_ff': 1.0, 'drag_ff': 1.0, 'control_hz': 45.0, 'controller_mode': 'hybrid_lqr'}
[INFO] [pure_pursuit-10]: process started with pid [411]
[amcl-4] [0m[INFO] [1789729088.319969744] [amcl]: Requesting no-motion update[0m
[pure_pursuit-10] 1789729088.334996 [0] pure_pursu: selected interface "lo" is not multicast-capable: disabling multicast
[pure_pursuit-10] [0m[INFO] [1789729088.451808898] [pure_pursuit]: path: 435 points, 43.50 m lap, from /root/Documents/roboracer/raceline/iros2026/rl_mt_b0.15_L65_a7.0b.csv[0m
[pure_pursuit-10] [0m[INFO] [1789729088.457764067] [pure_pursuit]: pose from TF map -> roboracer_1 (continuous); /amcl_pose kept as a fallback[0m
[pure_pursuit-10] [0m[INFO] [1789729088.459274114] [pure_pursuit]: steering on /amcl_pose[0m
[pure_pursuit-10] [0m[INFO] [1789729088.459953912] [pure_pursuit]: warmup cap: speed target held at 2.00 m/s for the first 21.0 m of driving, then released[0m
[pure_pursuit-10] [0m[INFO] [1789729088.464421456] [pure_pursuit]: speed_source=tire  throttle_mode=slip  slip band [-0.08, +0.08]  u_launch 0.4 m/s  lookahead 0.8-2.2 m (k 0.55)  latency_comp 0.05 s[0m
[pure_pursuit-10] [0m[INFO] [1789729088.465083722] [pure_pursuit]: slip band: circle 0.12 x sqrt(1 - (a_lat/7.5)^2), replacing the fixed band above  |  plan-acceleration feedforward ON[0m
[pure_pursuit-10] [33m[WARN] [1789729088.465847717] [pure_pursuit]: dev_lap_telemetry ON: subscribing to RESTRICTED lap topics[0m
[pure_pursuit-10] [0m[INFO] [1789729088.469447532] [pure_pursuit]: holding until /localization_ready[0m
[pure_pursuit-10] [0m[INFO] [1789729088.496234212] [pure_pursuit]: lap 0: inf s[0m
[localization_bootstrap-6] [0m[INFO] [1789729088.520286842] [localization_bootstrap]: seed 1/5 sent, awaiting a fresh /amcl_pose to confirm it[0m
[localization_bootstrap-6] [0m[INFO] [1789729088.672030798] [localization_bootstrap]: localization_bootstrap: released /autodrive/roboracer_1/ips -- no restricted topic is read from here on; the timed laps are clean.[0m
[localization_error-7] [0m[INFO] [1789729088.673495260] [localization_error]: /localization_ready latched -- sampling opens in 1.0 s (34 bootstrap samples discarded)[0m
[pure_pursuit-10] [0m[INFO] [1789729088.673816259] [pure_pursuit]: localization converged, taking over[0m
[localization_bootstrap-6] [0m[INFO] [1789729088.673891990] [localization_bootstrap]: 100% of beams on a wall within 10 cm (min 50%). seed CONFIRMED on attempt 1: the estimate is 1.8 cm / 0.0 deg from truth (pos std 0.055 m). Tracking is now lidar + map + dead reckoning only.[0m
[localization_bootstrap-6] [0m[INFO] [1789729088.675264931] [localization_bootstrap]: /localization_ready = true, follower may take over[0m
[localization_bootstrap-6] [0m[INFO] [1789729088.676741256] [localization_bootstrap]: recovery armed: watching encoders + IMU for a reset; 15 checkpoint(s) known for this track[0m
[localization_error-7] [0m[INFO] [1789729091.407590894] [localization_error]: now[ 35] 0.332 m / 0.40 deg  |  session[n=35] mean 0.332 p95 0.358 max 0.401 m, heading mean 0.40 max 1.10 deg[0m
[log_localization-8] [0m[INFO] [1789729091.756519746] [log_localization]:    5.0 s     5.9 m  err 0.379 m (along +0.379 cross +0.011) yaw  +0.54 deg  m->o yaw  +0.55 deg | fit true 0.013 est 0.008 (x0.66)  enc/true 1.050  dr_err 0.36 m[0m
[localization_error-7] [0m[INFO] [1789729096.407188949] [localization_error]: now[135] 0.439 m / 0.26 deg  |  session[n=135] mean 0.439 p95 0.558 max 0.581 m, heading mean 0.26 max 1.10 deg[0m
[log_localization-8] [0m[INFO] [1789729096.755699149] [log_localization]:    9.9 s    15.7 m  err 0.303 m (along +0.303 cross -0.008) yaw  +0.08 deg  m->o yaw  +0.12 deg | fit true 0.002 est 0.004 (x1.68)  enc/true 1.015  dr_err 0.41 m[0m
[pure_pursuit-10] [0m[INFO] [1789729099.589883477] [pure_pursuit]: warmup cap released after 21.0 m; v_max back to 8.50 m/s[0m
[localization_error-7] [0m[INFO] [1789729101.408737842] [localization_error]: now[200] 0.352 m / 0.84 deg  |  session[n=235] mean 0.349 p95 0.551 max 0.581 m, heading mean 0.78 max 5.46 deg[0m
[log_localization-8] [0m[INFO] [1789729101.756333627] [log_localization]:   15.0 s    30.7 m  err 0.010 m (along -0.005 cross +0.008) yaw  +2.37 deg  m->o yaw  +1.20 deg | fit true 0.016 est 0.026 (x1.64)  enc/true 1.026  dr_err 0.13 m[0m
[pure_pursuit-10] [0m[INFO] [1789729104.541079618] [pure_pursuit]: lap 1: 38.29 s[0m
[localization_error-7] [0m[INFO] [1789729106.407552204] [localization_error]: now[200] 0.248 m / 1.48 deg  |  session[n=335] mean 0.325 p95 0.555 max 0.636 m, heading mean 0.99 max 5.46 deg[0m
[log_localization-8] [0m[INFO] [1789729106.755871879] [log_localization]:   19.9 s    56.6 m  err 0.020 m (along +0.019 cross +0.003) yaw  +0.51 deg  m->o yaw  +0.73 deg | fit true 0.007 est 0.011 (x1.50)  enc/true 1.026  dr_err 0.57 m[0m
[pure_pursuit-10] [33m[WARN] [1789729109.644286012] [pure_pursuit]: heading jumped -43 deg in one tick: respawn. Speed estimate 3.64 -> 0, pose history cleared.[0m
[localization_bootstrap-6] [33m[WARN] [1789729109.644921047] [localization_bootstrap]: RESET detected: heading stepped -42 deg in one tick[0m
[localization_bootstrap-6] [33m[WARN] [1789729109.671179581] [localization_bootstrap]: recovery #1: follower held; prior (+5.05, -11.48, +71 deg) -- checkpoint -0.8 m behind the last pose along the track[0m
[pure_pursuit-10] [33m[WARN] [1789729109.673459264] [pure_pursuit]: localization lost after a reset: holding until it is re-confirmed[0m
[localization_bootstrap-6] [0m[INFO] [1789729109.721584181] [localization_bootstrap]: seed 1/3: x=+5.047 y=-11.480 yaw=+71.8 deg -- awaiting confirmation[0m
[localization_bootstrap-6] [0m[INFO] [1789729109.723060194] [localization_bootstrap]: not reporting a spawn constant: the car is moving at 0.1 m/s, so this pose is not the spawn[0m
[amcl-4] [0m[INFO] [1789729109.730612803] [amcl]: initialPoseReceived[0m
[amcl-4] [0m[INFO] [1789729109.730714523] [amcl]: Setting pose (1789729109.730715): 5.064 -11.430 1.256[0m
[amcl-4] [0m[INFO] [1789729109.769766534] [amcl]: Requesting no-motion update[0m
[amcl-4] [0m[INFO] [1789729110.170860849] [amcl]: Requesting no-motion update[0m
[localization_bootstrap-6] [0m[INFO] [1789729110.521632208] [localization_bootstrap]: recovery #1: seed, attempt 1[0m
[amcl-4] [0m[INFO] [1789729110.619943717] [amcl]: Requesting no-motion update[0m
[amcl-4] [0m[INFO] [1789729111.070179705] [amcl]: Requesting no-motion update[0m
[localization_error-7] [0m[INFO] [1789729111.408818731] [localization_error]: now[200] 1.088 m / 2.48 deg  |  session[n=435] mean 0.689 p95 3.685 max 3.870 m, heading mean 1.56 max 16.14 deg[0m
[amcl-4] [0m[INFO] [1789729111.519898068] [amcl]: Requesting no-motion update[0m
[log_localization-8] [0m[INFO] [1789729111.755162360] [log_localization]:   24.9 s    67.1 m  err 3.646 m (along +3.435 cross -1.223) yaw  -2.74 deg  m->o yaw  -2.74 deg | fit true 0.002 est 0.386 (x165.44)  enc/true 1.032  dr_err 3.61 m[0m
[localization_bootstrap-6] [33m[WARN] [1789729111.770801043] [localization_bootstrap]: seed 1 not adopted -- the estimate is 0.80 m / 2.7 deg from the seed, tolerance 0.40 m / 15.0 deg (speed 0.0 m/s); failed: position, 19% of beams on a wall within 10 cm (min 50%); re-seeding[0m
[amcl-4] [0m[INFO] [1789729111.771313259] [amcl]: initialPoseReceived[0m
[amcl-4] [0m[INFO] [1789729111.771399149] [amcl]: Setting pose (1789729111.771399): 5.047 -11.480 1.251[0m
[localization_bootstrap-6] [0m[INFO] [1789729111.771954716] [localization_bootstrap]: seed 2/3: x=+5.047 y=-11.480 yaw=+71.7 deg -- awaiting confirmation[0m
[amcl-4] [0m[INFO] [1789729111.969831642] [amcl]: Requesting no-motion update[0m
[amcl-4] [0m[INFO] [1789729112.369951039] [amcl]: Requesting no-motion update[0m
[localization_bootstrap-6] [0m[INFO] [1789729112.521016519] [localization_bootstrap]: recovery #1: seed, attempt 2[0m
[amcl-4] [0m[INFO] [1789729112.770170983] [amcl]: Requesting no-motion update[0m
[amcl-4] [0m[INFO] [1789729113.170572958] [amcl]: Requesting no-motion update[0m
[amcl-4] [0m[INFO] [1789729113.571062505] [amcl]: Requesting no-motion update[0m
[localization_bootstrap-6] [33m[WARN] [1789729113.822472476] [localization_bootstrap]: seed 2 not adopted -- the estimate is 0.11 m / 1.6 deg from the seed, tolerance 0.40 m / 15.0 deg (speed 0.0 m/s); failed: 39% of beams on a wall within 10 cm (min 50%); re-seeding[0m
[amcl-4] [0m[INFO] [1789729113.823145442] [amcl]: initialPoseReceived[0m
[amcl-4] [0m[INFO] [1789729113.823289030] [amcl]: Setting pose (1789729113.823289): 5.047 -11.480 1.251[0m
[localization_bootstrap-6] [0m[INFO] [1789729113.824443794] [localization_bootstrap]: seed 3/3: x=+5.047 y=-11.480 yaw=+71.7 deg -- awaiting confirmation[0m
[amcl-4] [0m[INFO] [1789729114.020147426] [amcl]: Requesting no-motion update[0m
[amcl-4] [0m[INFO] [1789729114.470257690] [amcl]: Requesting no-motion update[0m
[localization_bootstrap-6] [0m[INFO] [1789729114.520232006] [localization_bootstrap]: recovery #1: seed, attempt 3[0m
[amcl-4] [0m[INFO] [1789729114.920382050] [amcl]: Requesting no-motion update[0m
[amcl-4] [0m[INFO] [1789729115.369947528] [amcl]: Requesting no-motion update[0m
[amcl-4] [0m[INFO] [1789729115.769984991] [amcl]: Requesting no-motion update[0m
[localization_bootstrap-6] [33m[WARN] [1789729115.871388208] [localization_bootstrap]: recovery: accepting the seed on agreement -- the estimate is 0.14 m / 1.9 deg from the seed, tolerance 0.40 m / 15.0 deg (speed 0.0 m/s); failed: 38% of beams on a wall within 10 cm (min 50%)[0m
[localization_bootstrap-6] [0m[INFO] [1789729115.872638300] [localization_bootstrap]: recovery: seed ACCEPTED on agreement after 3 attempts: 13.8 cm / 1.9 deg from the prior[0m
[localization_bootstrap-6] [0m[INFO] [1789729115.873731008] [localization_bootstrap]: CHECKPOINT CANDIDATE (converged after reset): ('4.967', '-11.592', '1.219')[0m
[localization_error-7] [0m[INFO] [1789729116.407469599] [localization_error]: now[200] 2.450 m / 2.41 deg  |  session[n=535] mean 1.119 p95 3.679 max 3.870 m, heading mean 1.52 max 16.14 deg[0m
[localization_bootstrap-6] [0m[INFO] [1789729116.521636165] [localization_bootstrap]: recovery #1: creep, attempt 3[0m
[log_localization-8] [0m[INFO] [1789729116.755189886] [log_localization]:   29.9 s    68.4 m  err 2.621 m (along +2.601 cross -0.325) yaw  -1.41 deg  m->o yaw  -1.44 deg | fit true 0.000 est 0.345 (x3726.87)  enc/true 1.036  dr_err 3.80 m[0m
[localization_bootstrap-6] [0m[INFO] [1789729118.521466328] [localization_bootstrap]: recovery #1: creep, attempt 3[0m
[localization_bootstrap-6] [0m[INFO] [1789729118.921484045] [localization_bootstrap]: recovery #1 complete in 9.3 s; follower resumes[0m
[pure_pursuit-10] [0m[INFO] [1789729118.924074487] [pure_pursuit]: localization converged, taking over[0m
[pure_pursuit-10] [33m[WARN] [1789729120.365522016] [pure_pursuit]: heading jumped +33 deg in one tick: respawn. Speed estimate 4.96 -> 0, pose history cleared.[0m
[localization_bootstrap-6] [33m[WARN] [1789729120.366280411] [localization_bootstrap]: RESET detected: heading stepped +31 deg in one tick[0m
[pure_pursuit-10] [33m[WARN] [1789729120.370983144] [pure_pursuit]: localization lost after a reset: holding until it is re-confirmed[0m
[localization_bootstrap-6] [33m[WARN] [1789729120.371086576] [localization_bootstrap]: recovery #2: follower held; prior (+2.50, -4.65, +90 deg) -- checkpoint 1.8 m behind the last pose along the track[0m
[localization_bootstrap-6] [0m[INFO] [1789729120.421509239] [localization_bootstrap]: seed 1/3: x=+2.500 y=-4.653 yaw=+90.0 deg -- awaiting confirmation[0m
[localization_bootstrap-6] [0m[INFO] [1789729120.423040155] [localization_bootstrap]: not reporting a spawn constant: the car is moving at 3.3 m/s, so this pose is not the spawn[0m
[amcl-4] [0m[INFO] [1789729120.445643461] [amcl]: initialPoseReceived[0m
[amcl-4] [0m[INFO] [1789729120.445749188] [amcl]: Setting pose (1789729120.445749): 2.500 -4.599 1.571[0m
[amcl-4] [0m[INFO] [1789729120.470189010] [amcl]: Requesting no-motion update[0m
[localization_bootstrap-6] [0m[INFO] [1789729120.521333951] [localization_bootstrap]: recovery #2: seed, attempt 1[0m
[amcl-4] [0m[INFO] [1789729120.920007330] [amcl]: Requesting no-motion update[0m
[amcl-4] [0m[INFO] [1789729121.319934578] [amcl]: Requesting no-motion update[0m
[localization_error-7] [0m[INFO] [1789729121.408571338] [localization_error]: now[200] 2.541 m / 6.15 deg  |  session[n=635] mean 1.272 p95 3.685 max 4.524 m, heading mean 3.01 max 34.96 deg[0m
[amcl-4] [0m[INFO] [1789729121.720729465] [amcl]: Requesting no-motion update[0m
[log_localization-8] [0m[INFO] [1789729121.755164142] [log_localization]:   34.9 s    77.8 m  err 1.919 m (along +1.919 cross -0.029) yaw  -3.13 deg  m->o yaw  -3.13 deg | fit true 0.019 est 0.267 (x13.93)  enc/true 1.036  dr_err 7.27 m[0m
[amcl-4] [0m[INFO] [1789729122.169844602] [amcl]: Requesting no-motion update[0m
[localization_bootstrap-6] [33m[WARN] [1789729122.471460723] [localization_bootstrap]: seed 1 not adopted -- the estimate is 1.93 m / 3.1 deg from the seed, tolerance 0.40 m / 15.0 deg (speed 0.0 m/s); failed: position, 47% of beams on a wall within 10 cm (min 50%); re-seeding[0m
[amcl-4] [0m[INFO] [1789729122.471908858] [amcl]: initialPoseReceived[0m
[amcl-4] [0m[INFO] [1789729122.471976755] [amcl]: Setting pose (1789729122.471977): 2.500 -4.653 1.572[0m
[localization_bootstrap-6] [0m[INFO] [1789729122.473411902] [localization_bootstrap]: seed 2/3: x=+2.500 y=-4.653 yaw=+90.0 deg -- awaiting confirmation[0m
[localization_bootstrap-6] [0m[INFO] [1789729122.521133627] [localization_bootstrap]: recovery #2: seed, attempt 2[0m
[amcl-4] [0m[INFO] [1789729122.619867814] [amcl]: Requesting no-motion update[0m
[amcl-4] [0m[INFO] [1789729123.020266231] [amcl]: Requesting no-motion update[0m
[amcl-4] [0m[INFO] [1789729123.420374527] [amcl]: Requesting no-motion update[0m
[amcl-4] [0m[INFO] [1789729123.869951255] [amcl]: Requesting no-motion update[0m
[amcl-4] [0m[INFO] [1789729124.270329445] [amcl]: Requesting no-motion update[0m
[localization_bootstrap-6] [0m[INFO] [1789729124.521728696] [localization_bootstrap]: recovery: 100% of beams on a wall within 10 cm (min 50%). seed CONFIRMED on attempt 2: the estimate is 1.3 cm / 0.4 deg from truth (pos std 0.169 m). Tracking is now lidar + map + dead reckoning only.[0m
[localization_bootstrap-6] [0m[INFO] [1789729124.523232602] [localization_bootstrap]: CHECKPOINT CANDIDATE (converged after reset): ('2.512', '-4.648', '1.578')[0m
[localization_bootstrap-6] [0m[INFO] [1789729124.524704978] [localization_bootstrap]: recovery #2: creep, attempt 2[0m
[localization_error-7] [0m[INFO] [1789729126.407663319] [localization_error]: now[200] 1.389 m / 6.03 deg  |  session[n=735] mean 1.193 p95 3.662 max 4.524 m, heading mean 2.75 max 34.96 deg[0m
[localization_bootstrap-6] [0m[INFO] [1789729126.521862575] [localization_bootstrap]: recovery #2: creep, attempt 2[0m
[log_localization-8] [0m[INFO] [1789729126.755423630] [log_localization]:   39.9 s    81.7 m  err 0.029 m (along -0.029 cross +0.001) yaw  +0.48 deg  m->o yaw  +0.40 deg | fit true 0.000 est 0.005 (x17.70)  enc/true 1.038  dr_err 7.46 m[0m
[localization_bootstrap-6] [0m[INFO] [1789729127.570888948] [localization_bootstrap]: recovery #2 complete in 7.2 s; follower resumes[0m
[pure_pursuit-10] [0m[INFO] [1789729127.572309779] [pure_pursuit]: localization converged, taking over[0m
[pure_pursuit-10] [0m[INFO] [1789729129.545907886] [pure_pursuit]: lap 2: 25.00 s[0m
[localization_error-7] [0m[INFO] [1789729131.407523933] [localization_error]: now[200] 0.446 m / 1.17 deg  |  session[n=835] mean 1.074 p95 3.661 max 4.524 m, heading mean 2.56 max 34.96 deg[0m
[log_localization-8] [0m[INFO] [1789729131.755760813] [log_localization]:   44.9 s   102.4 m  err 0.202 m (along -0.201 cross -0.017) yaw  -0.09 deg  m->o yaw  +0.08 deg | fit true 0.011 est 0.028 (x2.70)  enc/true 1.038  dr_err 7.01 m[0m
[localization_error-7] [0m[INFO] [1789729136.408042551] [localization_error]: now[200] 0.222 m / 1.52 deg  |  session[n=935] mean 0.985 p95 3.628 max 4.524 m, heading mean 2.48 max 34.96 deg[0m
[log_localization-8] [0m[INFO] [1789729136.755815965] [log_localization]:   50.0 s   125.2 m  err 0.100 m (along -0.099 cross +0.013) yaw  +0.26 deg  m->o yaw  +0.42 deg | fit true 0.003 est 0.016 (x5.42)  enc/true 1.032  dr_err 7.47 m[0m
[pure_pursuit-10] [0m[INFO] [1789729138.762074776] [pure_pursuit]: lap 3: 9.20 s[0m
[localization_error-7] [0m[INFO] [1789729141.407818011] [localization_error]: now[200] 0.304 m / 1.51 deg  |  session[n=1035] mean 0.925 p95 3.398 max 4.524 m, heading mean 2.36 max 34.96 deg[0m
[log_localization-8] [0m[INFO] [1789729141.755330419] [log_localization]:   54.9 s   150.8 m  err 0.072 m (along -0.071 cross +0.011) yaw  -1.11 deg  m->o yaw  -0.58 deg | fit true 0.015 est 0.006 (x0.42)  enc/true 1.030  dr_err 6.92 m[0m
[localization_error-7] [0m[INFO] [1789729146.407556794] [localization_error]: now[200] 0.306 m / 1.52 deg  |  session[n=1135] mean 0.865 p95 3.124 max 4.524 m, heading mean 2.31 max 34.96 deg[0m
[log_localization-8] [0m[INFO] [1789729146.756228524] [log_localization]:   60.0 s   172.0 m  err 0.123 m (along +0.122 cross +0.008) yaw  -1.58 deg  m->o yaw  -1.74 deg | fit true 0.015 est 0.007 (x0.47)  enc/true 1.029  dr_err 7.41 m[0m
[pure_pursuit-10] [0m[INFO] [1789729147.894733551] [pure_pursuit]: lap 4: 9.15 s[0m
[localization_bootstrap-6] [33m[WARN] [1789729148.061860960] [localization_bootstrap]: RESET detected: heading stepped +43 deg in one tick[0m
[pure_pursuit-10] [33m[WARN] [1789729148.061857253] [pure_pursuit]: heading jumped +39 deg in one tick: respawn. Speed estimate 3.00 -> 0, pose history cleared.[0m
[localization_bootstrap-6] [33m[WARN] [1789729148.070874874] [localization_bootstrap]: recovery #3: follower held; prior (+0.80, +3.65, -90 deg) -- checkpoint 0.0 m behind the last pose along the track[0m
[pure_pursuit-10] [33m[WARN] [1789729148.072554898] [pure_pursuit]: localization lost after a reset: holding until it is re-confirmed[0m
[localization_bootstrap-6] [0m[INFO] [1789729148.120836720] [localization_bootstrap]: seed 1/3: x=+0.800 y=+3.653 yaw=-88.6 deg -- awaiting confirmation[0m
[localization_bootstrap-6] [0m[INFO] [1789729148.121778066] [localization_bootstrap]: not reporting a spawn constant: the car is moving at 2.5 m/s, so this pose is not the spawn[0m
[amcl-4] [0m[INFO] [1789729148.124488201] [amcl]: initialPoseReceived[0m
[amcl-4] [0m[INFO] [1789729148.124605700] [amcl]: Setting pose (1789729148.124606): 0.801 3.633 -1.544[0m
[amcl-4] [0m[INFO] [1789729148.170048266] [amcl]: Requesting no-motion update[0m
[localization_bootstrap-6] [0m[INFO] [1789729148.521433718] [localization_bootstrap]: recovery #3: seed, attempt 1[0m
[amcl-4] [0m[INFO] [1789729148.572349874] [amcl]: Requesting no-motion update[0m
[amcl-4] [0m[INFO] [1789729149.020092426] [amcl]: Requesting no-motion update[0m
[amcl-4] [0m[INFO] [1789729149.470374454] [amcl]: Requesting no-motion update[0m
[amcl-4] [0m[INFO] [1789729149.920494449] [amcl]: Requesting no-motion update[0m
[localization_bootstrap-6] [33m[WARN] [1789729150.174173286] [localization_bootstrap]: seed 1 not adopted -- the estimate is 1.09 m / 0.5 deg from the seed, tolerance 0.40 m / 15.0 deg (speed 0.0 m/s); failed: position; re-seeding[0m
[amcl-4] [0m[INFO] [1789729150.174908257] [amcl]: initialPoseReceived[0m
[amcl-4] [0m[INFO] [1789729150.175004898] [amcl]: Setting pose (1789729150.175005): 0.800 3.653 -1.543[0m
[localization_bootstrap-6] [0m[INFO] [1789729150.176692856] [localization_bootstrap]: seed 2/3: x=+0.800 y=+3.653 yaw=-88.4 deg -- awaiting confirmation[0m
[amcl-4] [0m[INFO] [1789729150.369924949] [amcl]: Requesting no-motion update[0m
[localization_bootstrap-6] [0m[INFO] [1789729150.520992271] [localization_bootstrap]: recovery #3: seed, attempt 2[0m
[amcl-4] [0m[INFO] [1789729150.770249730] [amcl]: Requesting no-motion update[0m
[amcl-4] [0m[INFO] [1789729151.220004525] [amcl]: Requesting no-motion update[0m
[localization_error-7] [0m[INFO] [1789729151.407999920] [localization_error]: now[200] 0.435 m / 1.40 deg  |  session[n=1235] mean 0.846 p95 3.045 max 4.524 m, heading mean 2.21 max 34.96 deg[0m
[amcl-4] [0m[INFO] [1789729151.670329643] [amcl]: Requesting no-motion update[0m
[log_localization-8] [0m[INFO] [1789729151.756978052] [log_localization]:   64.9 s   176.7 m  err 0.021 m (along -0.017 cross +0.011) yaw  -0.15 deg  m->o yaw  -0.15 deg | fit true 0.022 est 0.016 (x0.76)  enc/true 1.028  dr_err 5.67 m[0m
[amcl-4] [0m[INFO] [1789729152.120161422] [amcl]: Requesting no-motion update[0m
[localization_bootstrap-6] [0m[INFO] [1789729152.221292385] [localization_bootstrap]: recovery: 100% of beams on a wall within 10 cm (min 50%). seed CONFIRMED on attempt 2: the estimate is 3.3 cm / 0.1 deg from truth (pos std 0.162 m). Tracking is now lidar + map + dead reckoning only.[0m
[localization_bootstrap-6] [0m[INFO] [1789729152.222253067] [localization_bootstrap]: CHECKPOINT CANDIDATE (converged after reset): ('0.814', '3.623', '-1.545')[0m
[localization_bootstrap-6] [0m[INFO] [1789729152.521754599] [localization_bootstrap]: recovery #3: creep, attempt 2[0m
