[INFO] [launch]: All log files can be found below /root/.ros/log/2026-09-17-16-34-00-724965-adil-laptop-159
[INFO] [launch]: Default logging verbosity is set to INFO
[INFO] [launch.user]: [race] mode=dev  localizer=amcl  instruments=ON  bootstrap=truth
[INFO] [dead_reckoning-1]: process started with pid [185]
[INFO] [amcl-4]: process started with pid [191]
[INFO] [localization_bootstrap-6]: process started with pid [195]
[INFO] [localization_error-7]: process started with pid [197]
[INFO] [log_localization-8]: process started with pid [199]
[INFO] [static_transform_publisher-2]: process started with pid [187]
[INFO] [map_server-3]: process started with pid [189]
[INFO] [lifecycle_manager-5]: process started with pid [193]
[INFO] [static_transform_publisher-9]: process started with pid [201]
[static_transform_publisher-2] 1789662840.850090 [0] static_tra: selected interface "lo" is not multicast-capable: disabling multicast
[lifecycle_manager-5] 1789662840.851484 [0] lifecycle_: selected interface "lo" is not multicast-capable: disabling multicast
[amcl-4] 1789662840.854796 [0]       amcl: selected interface "lo" is not multicast-capable: disabling multicast
[lifecycle_manager-5] [INFO] [1789662840.859721448] [lifecycle_manager_localization]: Creating
[static_transform_publisher-9] 1789662840.860429 [0] static_tra: selected interface "lo" is not multicast-capable: disabling multicast
[static_transform_publisher-2] [INFO] [1789662840.861889024] [lidar_tf]: Spinning until stopped - publishing transform
[static_transform_publisher-2] translation: ('0.273300', '0.000000', '0.096000')
[static_transform_publisher-2] rotation: ('0.000000', '0.000000', '0.000000', '1.000000')
[static_transform_publisher-2] from 'roboracer_1' to 'lidar'
[lifecycle_manager-5] [INFO] [1789662840.864136722] [lifecycle_manager_localization]: [34m[1mCreating and initializing lifecycle service clients[0m[0m
[map_server-3] 1789662840.865947 [0] map_server: selected interface "lo" is not multicast-capable: disabling multicast
[amcl-4] [0m[INFO] [1789662840.869530463] [amcl]: 
[amcl-4] 	amcl lifecycle node launched. 
[amcl-4] 	Waiting on external lifecycle transitions to activate
[amcl-4] 	See https://design.ros2.org/articles/node_lifecycle.html for more information.[0m
[amcl-4] [0m[INFO] [1789662840.870828149] [amcl]: Creating[0m
[static_transform_publisher-9] [INFO] [1789662840.872265231] [map_world_tf]: Spinning until stopped - publishing transform
[static_transform_publisher-9] translation: ('0.000000', '0.000000', '0.000000')
[static_transform_publisher-9] rotation: ('0.000000', '0.000000', '0.000000', '1.000000')
[static_transform_publisher-9] from 'map' to 'world'
[map_server-3] [INFO] [1789662840.877944397] [map_server]: 
[map_server-3] 	map_server lifecycle node launched. 
[map_server-3] 	Waiting on external lifecycle transitions to activate
[map_server-3] 	See https://design.ros2.org/articles/node_lifecycle.html for more information.
[map_server-3] [INFO] [1789662840.878106597] [map_server]: Creating
[lifecycle_manager-5] [INFO] [1789662840.881206160] [lifecycle_manager_localization]: [34m[1mStarting managed nodes bringup...[0m[0m
[lifecycle_manager-5] [INFO] [1789662840.881289980] [lifecycle_manager_localization]: [34m[1mConfiguring map_server[0m[0m
[map_server-3] [INFO] [1789662840.894717209] [map_server]: Configuring
[map_server-3] [INFO] [1789662840.894828411] [map_io]: Loading yaml file: /root/Documents/roboracer/devkit_ws/src/racer_mapping/maps/iros2026/track_clean.yaml
[map_server-3] [INFO] [1789662840.895193097] [map_io]: resolution: 0.025
[map_server-3] [INFO] [1789662840.895208617] [map_io]: origin[0]: 0.00427
[map_server-3] [INFO] [1789662840.895217444] [map_io]: origin[1]: -16.8
[map_server-3] [INFO] [1789662840.895224868] [map_io]: origin[2]: 0
[map_server-3] [INFO] [1789662840.895232543] [map_io]: free_thresh: 0.25
[map_server-3] [INFO] [1789662840.895239786] [map_io]: occupied_thresh: 0.65
[map_server-3] [INFO] [1789662840.895247752] [map_io]: mode: trinary
[map_server-3] [INFO] [1789662840.895256178] [map_io]: negate: 0
[map_server-3] [INFO] [1789662840.895631063] [map_io]: Loading image_file: /root/Documents/roboracer/devkit_ws/src/racer_mapping/maps/iros2026/track_clean.pgm
[map_server-3] [INFO] [1789662840.941813909] [map_io]: Read map /root/Documents/roboracer/devkit_ws/src/racer_mapping/maps/iros2026/track_clean.pgm: 241 X 901 map @ 0.025 m/cell
[lifecycle_manager-5] [INFO] [1789662840.948002106] [lifecycle_manager_localization]: [34m[1mConfiguring amcl[0m[0m
[amcl-4] [0m[INFO] [1789662840.948262663] [amcl]: Configuring[0m
[amcl-4] [0m[INFO] [1789662840.948394765] [amcl]: initTransforms[0m
[amcl-4] [0m[INFO] [1789662840.965663494] [amcl]: initPubSub[0m
[amcl-4] [0m[INFO] [1789662840.973989059] [amcl]: Subscribed to map topic.[0m
[lifecycle_manager-5] [INFO] [1789662840.981007340] [lifecycle_manager_localization]: [34m[1mActivating map_server[0m[0m
[map_server-3] [INFO] [1789662840.981287214] [map_server]: Activating
[map_server-3] [INFO] [1789662840.982212359] [map_server]: Creating bond (map_server) to lifecycle manager.
[amcl-4] [0m[INFO] [1789662840.984270395] [amcl]: Received a 241 X 901 map @ 0.025 m/pix[0m
[lifecycle_manager-5] [INFO] [1789662841.090670685] [lifecycle_manager_localization]: Server map_server connected with bond.
[lifecycle_manager-5] [INFO] [1789662841.090764965] [lifecycle_manager_localization]: [34m[1mActivating amcl[0m[0m
[amcl-4] [0m[INFO] [1789662841.091068494] [amcl]: Activating[0m
[amcl-4] [0m[INFO] [1789662841.091147255] [amcl]: initialPoseReceived[0m
[amcl-4] [0m[INFO] [1789662841.091301629] [amcl]: Setting pose (1789662841.091301): 0.818 3.158 -1.571[0m
[amcl-4] [0m[INFO] [1789662841.095075099] [amcl]: Creating bond (amcl) to lifecycle manager.[0m
[lifecycle_manager-5] [INFO] [1789662841.199499559] [lifecycle_manager_localization]: Server amcl connected with bond.
[lifecycle_manager-5] [INFO] [1789662841.199599670] [lifecycle_manager_localization]: [34m[1mManaged nodes are active[0m[0m
[lifecycle_manager-5] [INFO] [1789662841.199635248] [lifecycle_manager_localization]: [34m[1mCreating bond timer...[0m[0m
[dead_reckoning-1] 1789662841.411932 [0] dead_recko: selected interface "lo" is not multicast-capable: disabling multicast
[localization_bootstrap-6] 1789662841.412749 [0] localizati: selected interface "lo" is not multicast-capable: disabling multicast
[localization_error-7] 1789662841.413222 [0] localizati: selected interface "lo" is not multicast-capable: disabling multicast
[amcl-4] [0m[INFO] [1789662841.467865467] [amcl]: Message Filter dropping message: frame 'lidar' at time 1789662841.005 for reason 'discarding message because the queue is full'[0m
[log_localization-8] 1789662841.512111 [0] log_locali: selected interface "lo" is not multicast-capable: disabling multicast
[localization_bootstrap-6] [0m[INFO] [1789662841.546579903] [localization_bootstrap]: centreline runs against the lap; arc length reversed for checkpoint ordering[0m
[localization_error-7] [31m[ERROR] [1789662841.546785515] [localization_error]: RESTRICTED TOPIC: reading /autodrive/roboracer_1/odom (simulator ground-truth pose and twist) -- continuous comparison against TF map -> roboracer_1. This run is NOT race-legal; any lap time from it is a development number. See racer_common/restricted.py.[0m
[localization_error-7] [0m[INFO] [1789662841.548287892] [localization_error]: sampling starts 1.0 s after /localization_ready; bootstrap is excluded (require_ready:=false to include it)[0m
[localization_error-7] [0m[INFO] [1789662841.550370906] [localization_error]: waiting for TF map -> roboracer_1: "map" passed to lookupTransform argument target_frame does not exist. [0m
[dead_reckoning-1] [0m[INFO] [1789662841.551553342] [dead_reckoning]: dead reckoning: odom -> roboracer_1, wheel r=0.0581 m, scale=1.0, 200 Hz, tf +20 ms, extrapolate yaw=True pos=True[0m
[localization_bootstrap-6] [0m[INFO] [1789662841.564111312] [localization_bootstrap]: WARMUP SEED: reading /autodrive/roboracer_1/ips (simulator ground-truth position) ONCE -- initial pose seed. Legal: the first lap is warmup, this is read before the car moves, and it is released immediately after. Nothing reads ground truth afterwards.[0m
[localization_bootstrap-6] [0m[INFO] [1789662841.565077396] [localization_bootstrap]: mode=truth: seeding the initial pose from /ips + /imu before the car moves, then releasing /ips. Tracking is lidar + map + dead reckoning from there on.[0m
[localization_bootstrap-6] [0m[INFO] [1789662841.565982202] [localization_bootstrap]: waiting for amcl to reach the active state before sending anything[0m
[amcl-4] [0m[INFO] [1789662841.583550081] [amcl]: createLaserObject[0m
[localization_bootstrap-6] [0m[INFO] [1789662841.618352804] [localization_bootstrap]: amcl is ACTIVE -- an initial pose will now be accepted[0m
[localization_bootstrap-6] [0m[INFO] [1789662841.668326804] [localization_bootstrap]: seed 1/5: x=+0.800 y=+3.158 yaw=-90.0 deg -- awaiting confirmation[0m
[localization_bootstrap-6] [0m[INFO] [1789662841.669830262] [localization_bootstrap]: MEASURED SPAWN x=+0.800 y=+3.158 yaw=-90.0 deg -- within 2 cm of racer_common.frames.SPAWN_*, so the fallback is sound too. Nothing to change.[0m
[log_localization-8] [31m[ERROR] [1789662841.677697343] [log_localization]: RESTRICTED TOPIC: reading /autodrive/roboracer_1/ips (simulator ground-truth position) -- continuous logging against the estimate. This run is NOT race-legal; any lap time from it is a development number. See racer_common/restricted.py.[0m
[log_localization-8] [31m[ERROR] [1789662841.678967276] [log_localization]: RESTRICTED TOPIC: reading /autodrive/roboracer_1/odom (simulator ground-truth pose and twist) -- continuous logging against the estimate. This run is NOT race-legal; any lap time from it is a development number. See racer_common/restricted.py.[0m
[log_localization-8] [0m[INFO] [1789662841.680441438] [log_localization]: logging to /root/Documents/roboracer/experiments/iros2026/L2c_h70b_latcomp009/run.csv at 20 Hz until Ctrl-C[0m
[log_localization-8] [0m[INFO] [1789662841.731120513] [log_localization]: waiting for TF map -> roboracer_1 ...[0m
[amcl-4] [0m[INFO] [1789662841.789745088] [amcl]: initialPoseReceived[0m
[amcl-4] [0m[INFO] [1789662841.789858154] [amcl]: Setting pose (1789662841.789858): 0.800 3.158 -1.571[0m
[amcl-4] [0m[INFO] [1789662841.793603500] [amcl]: Requesting no-motion update[0m
[amcl-4] [0m[INFO] [1789662842.116635700] [amcl]: Requesting no-motion update[0m
[amcl-4] [0m[INFO] [1789662842.567328414] [amcl]: Requesting no-motion update[0m
[pure_pursuit] launch overrides: {'v_max': 8.5, 'warmup_v_max': 2.0, 'warmup_dist_m': 21.0, 'target_lead_s': 0.0, 'slip_circle': 0.12, 'accel_ff': 1.0, 'control_hz': 45.0, 'latency_comp_s': 0.09}
[INFO] [pure_pursuit-10]: process started with pid [348]
[amcl-4] [0m[INFO] [1789662843.016731528] [amcl]: Requesting no-motion update[0m
[pure_pursuit-10] 1789662843.240126 [0] pure_pursu: selected interface "lo" is not multicast-capable: disabling multicast
[pure_pursuit-10] [0m[INFO] [1789662843.357678128] [pure_pursuit]: path: 435 points, 43.41 m lap, from /root/Documents/roboracer/raceline/iros2026/raceline_tum_iqp_h7.0_a7.0b.csv[0m
[pure_pursuit-10] [0m[INFO] [1789662843.363402180] [pure_pursuit]: pose from TF map -> roboracer_1 (continuous); /amcl_pose kept as a fallback[0m
[pure_pursuit-10] [0m[INFO] [1789662843.365411904] [pure_pursuit]: steering on /amcl_pose[0m
[pure_pursuit-10] [0m[INFO] [1789662843.366142037] [pure_pursuit]: warmup cap: speed target held at 2.00 m/s for the first 21.0 m of driving, then released[0m
[pure_pursuit-10] [0m[INFO] [1789662843.370564045] [pure_pursuit]: speed_source=tire  throttle_mode=slip  slip band [-0.08, +0.08]  u_launch 0.4 m/s  lookahead 0.8-2.2 m (k 0.55)  latency_comp 0.09 s[0m
[pure_pursuit-10] [0m[INFO] [1789662843.371411451] [pure_pursuit]: slip band: circle 0.12 x sqrt(1 - (a_lat/7)^2), replacing the fixed band above  |  plan-acceleration feedforward ON[0m
[pure_pursuit-10] [33m[WARN] [1789662843.372451285] [pure_pursuit]: dev_lap_telemetry ON: subscribing to RESTRICTED lap topics[0m
[pure_pursuit-10] [0m[INFO] [1789662843.375220810] [pure_pursuit]: holding until /localization_ready[0m
[pure_pursuit-10] [0m[INFO] [1789662843.401539826] [pure_pursuit]: lap 0: inf s[0m
[amcl-4] [0m[INFO] [1789662843.466868572] [amcl]: Requesting no-motion update[0m
[localization_bootstrap-6] [0m[INFO] [1789662843.568413959] [localization_bootstrap]: seed 1/5 sent, awaiting a fresh /amcl_pose to confirm it[0m
[localization_bootstrap-6] [0m[INFO] [1789662843.669383667] [localization_bootstrap]: localization_bootstrap: released /autodrive/roboracer_1/ips -- no restricted topic is read from here on; the timed laps are clean.[0m
[localization_bootstrap-6] [0m[INFO] [1789662843.670962610] [localization_bootstrap]: seed CONFIRMED on attempt 1: the estimate is 1.3 cm / 0.1 deg from truth (pos std 0.054 m). Tracking is now lidar + map + dead reckoning only.[0m
[pure_pursuit-10] [0m[INFO] [1789662843.671215112] [pure_pursuit]: localization converged, taking over[0m
[localization_error-7] [0m[INFO] [1789662843.671599004] [localization_error]: /localization_ready latched -- sampling opens in 1.0 s (32 bootstrap samples discarded)[0m
[localization_bootstrap-6] [0m[INFO] [1789662843.672415322] [localization_bootstrap]: /localization_ready = true, follower may take over[0m
[localization_bootstrap-6] [0m[INFO] [1789662843.673834890] [localization_bootstrap]: recovery armed: watching encoders + IMU for a reset; 15 checkpoint(s) known for this track[0m
[localization_error-7] [0m[INFO] [1789662846.483766354] [localization_error]: now[ 37] 0.324 m / 0.35 deg  |  session[n=37] mean 0.324 p95 0.350 max 0.354 m, heading mean 0.35 max 0.71 deg[0m
[log_localization-8] [0m[INFO] [1789662846.781404522] [log_localization]:    4.9 s     5.9 m  err 0.128 m (along +0.126 cross +0.023) yaw  +0.56 deg  m->o yaw  +0.55 deg | fit true 0.013 est 0.011 (x0.91)  enc/true 1.044  dr_err 0.23 m[0m
[localization_error-7] [0m[INFO] [1789662851.484899273] [localization_error]: now[137] 0.188 m / 0.27 deg  |  session[n=137] mean 0.188 p95 0.343 max 0.354 m, heading mean 0.27 max 0.82 deg[0m
[log_localization-8] [0m[INFO] [1789662851.780858438] [log_localization]:    9.9 s    15.9 m  err 0.251 m (along -0.251 cross -0.008) yaw  +0.12 deg  m->o yaw  +0.13 deg | fit true 0.002 est 0.017 (x7.10)  enc/true 1.011  dr_err 0.16 m[0m
[pure_pursuit-10] [0m[INFO] [1789662854.516838834] [pure_pursuit]: warmup cap released after 21.0 m; v_max back to 8.50 m/s[0m
[localization_bootstrap-6] [33m[WARN] [1789662855.980692874] [localization_bootstrap]: RESET detected: heading stepped +12 deg in one tick[0m
[pure_pursuit-10] [33m[WARN] [1789662856.017807428] [pure_pursuit]: localization lost after a reset: holding until it is re-confirmed[0m
[localization_bootstrap-6] [33m[WARN] [1789662856.017788020] [localization_bootstrap]: recovery #1: follower held; prior (+3.73, -9.94, +135 deg) -- checkpoint 0.7 m behind the last pose along the track[0m
[amcl-4] [0m[INFO] [1789662856.066967184] [amcl]: initialPoseReceived[0m
[amcl-4] [0m[INFO] [1789662856.067072114] [amcl]: Setting pose (1789662856.067072): 3.723 -9.937 2.356[0m
[localization_bootstrap-6] [0m[INFO] [1789662856.068532029] [localization_bootstrap]: seed 1/3: x=+3.728 y=-9.942 yaw=+135.0 deg -- awaiting confirmation[0m
[localization_bootstrap-6] [0m[INFO] [1789662856.070227484] [localization_bootstrap]: not reporting a spawn constant: the car is moving at 4.8 m/s, so this pose is not the spawn[0m
[amcl-4] [0m[INFO] [1789662856.116816245] [amcl]: Requesting no-motion update[0m
[localization_error-7] [0m[INFO] [1789662856.484694460] [localization_error]: now[200] 0.198 m / 0.86 deg  |  session[n=237] mean 0.218 p95 0.386 max 1.304 m, heading mean 0.78 max 12.04 deg[0m
[amcl-4] [0m[INFO] [1789662856.566622959] [amcl]: Requesting no-motion update[0m
[log_localization-8] [0m[INFO] [1789662856.781554615] [log_localization]:   15.0 s    26.5 m  err 0.109 m (along -0.109 cross -0.004) yaw  +0.76 deg  m->o yaw  +0.76 deg | fit true 0.006 est 0.010 (x1.58)  enc/true 1.023  dr_err 1.21 m[0m
[amcl-4] [0m[INFO] [1789662856.967136803] [amcl]: Requesting no-motion update[0m
[localization_bootstrap-6] [0m[INFO] [1789662857.118005447] [localization_bootstrap]: recovery: seed CONFIRMED on attempt 1: the estimate is 5.1 cm / 0.3 deg from truth (pos std 0.157 m). Tracking is now lidar + map + dead reckoning only.[0m
[localization_bootstrap-6] [0m[INFO] [1789662857.119598277] [localization_bootstrap]: CHECKPOINT CANDIDATE (converged after reset): ('3.763', '-9.979', '2.361')[0m
[localization_bootstrap-6] [0m[INFO] [1789662857.568100461] [localization_bootstrap]: recovery #1: creep, attempt 1[0m
[pure_pursuit-10] [0m[INFO] [1789662858.167891513] [pure_pursuit]: localization converged, taking over[0m
[localization_bootstrap-6] [0m[INFO] [1789662858.168995539] [localization_bootstrap]: recovery #1 complete in 2.2 s; follower resumes[0m
[localization_bootstrap-6] [33m[WARN] [1789662861.356632759] [localization_bootstrap]: RESET detected: heading stepped +12 deg in one tick[0m
[localization_bootstrap-6] [33m[WARN] [1789662861.367661592] [localization_bootstrap]: recovery #2: follower held; prior (+5.07, +0.12, +135 deg) -- checkpoint 2.5 m behind the last pose along the track[0m
[pure_pursuit-10] [33m[WARN] [1789662861.367947467] [pure_pursuit]: localization lost after a reset: holding until it is re-confirmed[0m
[amcl-4] [0m[INFO] [1789662861.416749911] [amcl]: initialPoseReceived[0m
[amcl-4] [0m[INFO] [1789662861.416836887] [amcl]: Setting pose (1789662861.416837): 5.069 0.122 2.365[0m
[localization_bootstrap-6] [0m[INFO] [1789662861.417427474] [localization_bootstrap]: seed 1/3: x=+5.070 y=+0.121 yaw=+135.5 deg -- awaiting confirmation[0m
[localization_bootstrap-6] [0m[INFO] [1789662861.418187715] [localization_bootstrap]: not reporting a spawn constant: the car is moving at 4.1 m/s, so this pose is not the spawn[0m
[amcl-4] [0m[INFO] [1789662861.466589715] [amcl]: Requesting no-motion update[0m
[localization_error-7] [0m[INFO] [1789662861.484999821] [localization_error]: now[200] 0.250 m / 1.45 deg  |  session[n=337] mean 0.225 p95 0.475 max 1.304 m, heading mean 0.97 max 12.04 deg[0m
[localization_bootstrap-6] [0m[INFO] [1789662861.568212059] [localization_bootstrap]: recovery #2: seed, attempt 1[0m
[log_localization-8] [0m[INFO] [1789662861.782036913] [log_localization]:   20.0 s    40.8 m  err 2.726 m (along -2.723 cross +0.143) yaw  +0.68 deg  m->o yaw  +0.69 deg | fit true 0.010 est 0.235 (x23.82)  enc/true 1.029  dr_err 2.44 m[0m
[amcl-4] [0m[INFO] [1789662861.866620076] [amcl]: Requesting no-motion update[0m
[amcl-4] [0m[INFO] [1789662862.266998913] [amcl]: Requesting no-motion update[0m
[localization_bootstrap-6] [0m[INFO] [1789662862.469087344] [localization_bootstrap]: recovery: seed CONFIRMED on attempt 1: the estimate is 12.0 cm / 2.2 deg from truth (pos std 0.163 m). Tracking is now lidar + map + dead reckoning only.[0m
[localization_bootstrap-6] [0m[INFO] [1789662862.471304725] [localization_bootstrap]: CHECKPOINT CANDIDATE (converged after reset): ('5.178', '0.172', '2.403')[0m
[pure_pursuit-10] [0m[INFO] [1789662863.517353939] [pure_pursuit]: localization converged, taking over[0m
[localization_bootstrap-6] [0m[INFO] [1789662863.517428241] [localization_bootstrap]: recovery #2 complete in 2.1 s; follower resumes[0m
[localization_bootstrap-6] [33m[WARN] [1789662863.527766877] [localization_bootstrap]: RESET detected: heading stepped -15 deg in one tick[0m
[localization_bootstrap-6] [33m[WARN] [1789662863.567855415] [localization_bootstrap]: recovery #3: follower held; prior (+5.07, +0.12, +135 deg) -- checkpoint 0.0 m behind the last pose along the track[0m
[pure_pursuit-10] [33m[WARN] [1789662863.568851666] [pure_pursuit]: localization lost after a reset: holding until it is re-confirmed[0m
[localization_bootstrap-6] [0m[INFO] [1789662863.569026620] [localization_bootstrap]: recovery #3: seed, attempt 0[0m
[amcl-4] [0m[INFO] [1789662863.616905372] [amcl]: initialPoseReceived[0m
[amcl-4] [0m[INFO] [1789662863.616984052] [amcl]: Setting pose (1789662863.616984): 5.070 0.121 2.363[0m
[localization_bootstrap-6] [0m[INFO] [1789662863.617651706] [localization_bootstrap]: seed 1/3: x=+5.070 y=+0.121 yaw=+135.4 deg -- awaiting confirmation[0m
[localization_bootstrap-6] [0m[INFO] [1789662863.618545521] [localization_bootstrap]: not reporting a spawn constant: the car is moving at 0.6 m/s, so this pose is not the spawn[0m
[amcl-4] [0m[INFO] [1789662863.666799369] [amcl]: Requesting no-motion update[0m
[amcl-4] [0m[INFO] [1789662864.116605431] [amcl]: Requesting no-motion update[0m
[amcl-4] [0m[INFO] [1789662864.567739037] [amcl]: Requesting no-motion update[0m
[localization_bootstrap-6] [0m[INFO] [1789662864.669022344] [localization_bootstrap]: recovery: seed CONFIRMED on attempt 1: the estimate is 13.0 cm / 1.5 deg from truth (pos std 0.153 m). Tracking is now lidar + map + dead reckoning only.[0m
[localization_bootstrap-6] [0m[INFO] [1789662864.670658305] [localization_bootstrap]: CHECKPOINT CANDIDATE (converged after reset): ('5.150', '0.224', '2.389')[0m
[localization_bootstrap-6] [0m[INFO] [1789662865.567543578] [localization_bootstrap]: recovery #3: creep, attempt 1[0m
[localization_bootstrap-6] [0m[INFO] [1789662865.717403398] [localization_bootstrap]: recovery #3 complete in 2.2 s; follower resumes[0m
[pure_pursuit-10] [0m[INFO] [1789662865.717613268] [pure_pursuit]: localization converged, taking over[0m
[localization_bootstrap-6] [33m[WARN] [1789662865.752567250] [localization_bootstrap]: RESET detected: heading stepped -14 deg in one tick[0m
[pure_pursuit-10] [33m[WARN] [1789662865.767767281] [pure_pursuit]: localization lost after a reset: holding until it is re-confirmed[0m
[localization_bootstrap-6] [33m[WARN] [1789662865.768417151] [localization_bootstrap]: recovery #4: follower held; prior (+5.07, +0.12, +135 deg) -- checkpoint 1.7 m behind the last pose along the track[0m
[amcl-4] [0m[INFO] [1789662865.816716025] [amcl]: initialPoseReceived[0m
[amcl-4] [0m[INFO] [1789662865.816800726] [amcl]: Setting pose (1789662865.816801): 5.070 0.121 2.361[0m
[localization_bootstrap-6] [0m[INFO] [1789662865.817452039] [localization_bootstrap]: seed 1/3: x=+5.070 y=+0.121 yaw=+135.3 deg -- awaiting confirmation[0m
[localization_bootstrap-6] [0m[INFO] [1789662865.818245443] [localization_bootstrap]: not reporting a spawn constant: the car is moving at 0.3 m/s, so this pose is not the spawn[0m
[amcl-4] [0m[INFO] [1789662865.866663013] [amcl]: Requesting no-motion update[0m
[amcl-4] [0m[INFO] [1789662866.266830906] [amcl]: Requesting no-motion update[0m
[localization_error-7] [0m[INFO] [1789662866.483606070] [localization_error]: now[200] 1.096 m / 2.49 deg  |  session[n=437] mean 0.620 p95 2.617 max 2.729 m, heading mean 1.56 max 14.51 deg[0m
[amcl-4] [0m[INFO] [1789662866.716796784] [amcl]: Requesting no-motion update[0m
[log_localization-8] [0m[INFO] [1789662866.781595329] [log_localization]:   24.9 s    46.7 m  err 2.564 m (along -2.563 cross +0.046) yaw  +1.83 deg  m->o yaw  +1.83 deg | fit true 0.010 est 0.210 (x21.67)  enc/true 0.975  dr_err 5.84 m[0m
[localization_bootstrap-6] [0m[INFO] [1789662866.867077838] [localization_bootstrap]: recovery: seed CONFIRMED on attempt 1: the estimate is 15.7 cm / 1.8 deg from truth (pos std 0.158 m). Tracking is now lidar + map + dead reckoning only.[0m
[localization_bootstrap-6] [0m[INFO] [1789662866.867763686] [localization_bootstrap]: CHECKPOINT CANDIDATE (converged after reset): ('5.139', '0.263', '2.393')[0m
[localization_bootstrap-6] [0m[INFO] [1789662867.569093552] [localization_bootstrap]: recovery #4: creep, attempt 1[0m
[pure_pursuit-10] [0m[INFO] [1789662867.918056828] [pure_pursuit]: localization converged, taking over[0m
[localization_bootstrap-6] [0m[INFO] [1789662867.918370146] [localization_bootstrap]: recovery #4 complete in 2.2 s; follower resumes[0m
[localization_bootstrap-6] [33m[WARN] [1789662867.954946353] [localization_bootstrap]: RESET detected: heading stepped -14 deg in one tick[0m
[pure_pursuit-10] [33m[WARN] [1789662867.967994779] [pure_pursuit]: localization lost after a reset: holding until it is re-confirmed[0m
[localization_bootstrap-6] [33m[WARN] [1789662867.968005920] [localization_bootstrap]: recovery #5: follower held; prior (+5.07, +0.12, +135 deg) -- checkpoint 0.0 m behind the last pose along the track[0m
[amcl-4] [0m[INFO] [1789662868.016971666] [amcl]: initialPoseReceived[0m
[amcl-4] [0m[INFO] [1789662868.017072038] [amcl]: Setting pose (1789662868.017072): 5.070 0.121 2.357[0m
[localization_bootstrap-6] [0m[INFO] [1789662868.018542393] [localization_bootstrap]: seed 1/3: x=+5.070 y=+0.121 yaw=+135.1 deg -- awaiting confirmation[0m
[localization_bootstrap-6] [33m[WARN] [1789662868.020446336] [localization_bootstrap]: MEASURED SPAWN is 5.225 m / 134.9 deg from racer_common.frames.SPAWN_* -- OUTSIDE slam_toolbox's +-0.5 m seed search, so any run that falls back to it CANNOT recover and the offset is frozen for the whole run. This run is seeded and therefore fine; the FALLBACK is what is wrong.
[localization_bootstrap-6]     Paste into racer_common/frames.py so bootstrap:=false and bootstrap_mode:=global start somewhere real:
[localization_bootstrap-6]         SPAWN_X = '5.070'
[localization_bootstrap-6]         SPAWN_Y = '0.121'
[localization_bootstrap-6]         SPAWN_YAW = '2.3575'[0m
[amcl-4] [0m[INFO] [1789662868.066723472] [amcl]: Requesting no-motion update[0m
[amcl-4] [0m[INFO] [1789662868.516990173] [amcl]: Requesting no-motion update[0m
[amcl-4] [0m[INFO] [1789662868.966971771] [amcl]: Requesting no-motion update[0m
[localization_bootstrap-6] [0m[INFO] [1789662869.067673208] [localization_bootstrap]: recovery: seed CONFIRMED on attempt 1: the estimate is 14.3 cm / 1.6 deg from truth (pos std 0.165 m). Tracking is now lidar + map + dead reckoning only.[0m
[localization_bootstrap-6] [0m[INFO] [1789662869.068825055] [localization_bootstrap]: CHECKPOINT CANDIDATE (converged after reset): ('5.148', '0.241', '2.386')[0m
[localization_bootstrap-6] [0m[INFO] [1789662869.568742470] [localization_bootstrap]: recovery #5: creep, attempt 1[0m
[pure_pursuit-10] [0m[INFO] [1789662870.067791808] [pure_pursuit]: localization converged, taking over[0m
[localization_bootstrap-6] [0m[INFO] [1789662870.068787117] [localization_bootstrap]: recovery #5 complete in 2.1 s; follower resumes[0m
[localization_bootstrap-6] [33m[WARN] [1789662870.201404278] [localization_bootstrap]: RESET detected: heading stepped -13 deg in one tick[0m
[localization_bootstrap-6] [33m[WARN] [1789662870.217968312] [localization_bootstrap]: recovery #6: follower held; prior (+5.07, +0.12, +135 deg) -- checkpoint 1.7 m behind the last pose along the track[0m
[pure_pursuit-10] [33m[WARN] [1789662870.218103179] [pure_pursuit]: localization lost after a reset: holding until it is re-confirmed[0m
[amcl-4] [0m[INFO] [1789662870.267438089] [amcl]: initialPoseReceived[0m
[amcl-4] [0m[INFO] [1789662870.267533331] [amcl]: Setting pose (1789662870.267533): 5.070 0.121 2.343[0m
[localization_bootstrap-6] [0m[INFO] [1789662870.268189042] [localization_bootstrap]: seed 1/3: x=+5.070 y=+0.121 yaw=+134.2 deg -- awaiting confirmation[0m
[localization_bootstrap-6] [33m[WARN] [1789662870.269221382] [localization_bootstrap]: MEASURED SPAWN is 5.225 m / 135.8 deg from racer_common.frames.SPAWN_* -- OUTSIDE slam_toolbox's +-0.5 m seed search, so any run that falls back to it CANNOT recover and the offset is frozen for the whole run. This run is seeded and therefore fine; the FALLBACK is what is wrong.
[localization_bootstrap-6]     Paste into racer_common/frames.py so bootstrap:=false and bootstrap_mode:=global start somewhere real:
[localization_bootstrap-6]         SPAWN_X = '5.070'
[localization_bootstrap-6]         SPAWN_Y = '0.121'
[localization_bootstrap-6]         SPAWN_YAW = '2.3431'[0m
[amcl-4] [0m[INFO] [1789662870.317081939] [amcl]: Requesting no-motion update[0m
[amcl-4] [0m[INFO] [1789662870.767004835] [amcl]: Requesting no-motion update[0m
[amcl-4] [0m[INFO] [1789662871.216639700] [amcl]: Requesting no-motion update[0m
[localization_bootstrap-6] [0m[INFO] [1789662871.317968875] [localization_bootstrap]: recovery: seed CONFIRMED on attempt 1: the estimate is 13.8 cm / 1.6 deg from truth (pos std 0.169 m). Tracking is now lidar + map + dead reckoning only.[0m
[localization_bootstrap-6] [0m[INFO] [1789662871.319374106] [localization_bootstrap]: CHECKPOINT CANDIDATE (converged after reset): ('5.151', '0.233', '2.371')[0m
[localization_error-7] [0m[INFO] [1789662871.485097944] [localization_error]: now[200] 1.992 m / 3.57 deg  |  session[n=537] mean 0.883 p95 2.617 max 2.729 m, heading mean 1.94 max 14.73 deg[0m
[localization_bootstrap-6] [0m[INFO] [1789662871.568638849] [localization_bootstrap]: recovery #6: creep, attempt 1[0m
[log_localization-8] [0m[INFO] [1789662871.781204942] [log_localization]:   29.9 s    53.3 m  err 2.182 m (along -2.182 cross -0.004) yaw  +2.22 deg  m->o yaw  +2.22 deg | fit true 0.009 est 0.129 (x13.84)  enc/true 0.939  dr_err 9.88 m[0m
[localization_bootstrap-6] [0m[INFO] [1789662872.367498470] [localization_bootstrap]: recovery #6 complete in 2.2 s; follower resumes[0m
[pure_pursuit-10] [0m[INFO] [1789662872.367886541] [pure_pursuit]: localization converged, taking over[0m
[localization_bootstrap-6] [33m[WARN] [1789662872.462883864] [localization_bootstrap]: RESET detected: heading stepped -14 deg in one tick[0m
[localization_bootstrap-6] [33m[WARN] [1789662872.468080559] [localization_bootstrap]: recovery #7: follower held; prior (+5.07, +0.12, +135 deg) -- checkpoint 0.0 m behind the last pose along the track[0m
[pure_pursuit-10] [33m[WARN] [1789662872.468142988] [pure_pursuit]: localization lost after a reset: holding until it is re-confirmed[0m
[amcl-4] [0m[INFO] [1789662872.517093395] [amcl]: initialPoseReceived[0m
[amcl-4] [0m[INFO] [1789662872.517198365] [amcl]: Setting pose (1789662872.517198): 5.070 0.121 2.355[0m
[localization_bootstrap-6] [0m[INFO] [1789662872.518020965] [localization_bootstrap]: seed 1/3: x=+5.070 y=+0.121 yaw=+134.9 deg -- awaiting confirmation[0m
[localization_bootstrap-6] [0m[INFO] [1789662872.518926282] [localization_bootstrap]: not reporting a spawn constant: the car is moving at 0.8 m/s, so this pose is not the spawn[0m
[amcl-4] [0m[INFO] [1789662872.567011588] [amcl]: Requesting no-motion update[0m
[amcl-4] [0m[INFO] [1789662873.016792162] [amcl]: Requesting no-motion update[0m
[amcl-4] [0m[INFO] [1789662873.416766276] [amcl]: Requesting no-motion update[0m
[localization_bootstrap-6] [0m[INFO] [1789662873.567101903] [localization_bootstrap]: recovery: seed CONFIRMED on attempt 1: the estimate is 14.3 cm / 2.0 deg from truth (pos std 0.161 m). Tracking is now lidar + map + dead reckoning only.[0m
[localization_bootstrap-6] [0m[INFO] [1789662873.567798973] [localization_bootstrap]: CHECKPOINT CANDIDATE (converged after reset): ('5.146', '0.243', '2.387')[0m
[localization_bootstrap-6] [0m[INFO] [1789662873.568538925] [localization_bootstrap]: recovery #7: creep, attempt 1[0m
